
> sdlc-agents-4-enterprise-monorepo@1.38.0 test
> npm run test --workspaces


> sdlc-agent-4-enterprise-server@1.38.0 test
> vitest run


 RUN  v4.1.10 C:/projects/kiro/SDLC-Agents-4-Enterprise/backend

fatal: not a git repository (or any of the parent directories): .git
fatal: not a git repository (or any of the parent directories): .git
{"level":30,"time":1787715933065,"pid":48600,"hostname":"WIN-LK2TQOOAELR","name":"resolve-engine-adapter","msg":"[engine-adapter] Active engine: postgresql — creating adapter"}
fatal: not a git repository (or any of the parent directories): .git
{"level":30,"time":1787715933251,"pid":48600,"hostname":"WIN-LK2TQOOAELR","name":"resolve-engine-adapter","msg":"[engine-adapter] postgresql connected successfully"}
{"level":30,"time":1787715933344,"pid":48600,"hostname":"WIN-LK2TQOOAELR","name":"migration-004","table":"memory_sessions","seq":"public.memory_sessions_id_seq","msg":"migration-004: sequence reset"}
{"level":30,"time":1787715933356,"pid":48600,"hostname":"WIN-LK2TQOOAELR","name":"migration-004","table":"memory_audit","seq":"public.memory_audit_id_seq","msg":"migration-004: sequence reset"}
{"level":30,"time":1787715933368,"pid":48600,"hostname":"WIN-LK2TQOOAELR","name":"migration-004","table":"conversation_turns","seq":"public.conversation_turns_id_seq","msg":"migration-004: sequence reset"}
{"level":30,"time":1787715933377,"pid":48600,"hostname":"WIN-LK2TQOOAELR","name":"migration-004","table":"knowledge_entries","seq":"public.knowledge_entries_id_seq","msg":"migration-004: sequence reset"}
{"level":30,"time":1787715933387,"pid":48600,"hostname":"WIN-LK2TQOOAELR","name":"migration-004","table":"knowledge_vectors","seq":"public.knowledge_vectors_id_seq","msg":"migration-004: sequence reset"}
{"level":30,"time":1787715933397,"pid":48600,"hostname":"WIN-LK2TQOOAELR","name":"migration-004","table":"knowledge_graph_edges","seq":"public.knowledge_graph_edges_id_seq","msg":"migration-004: sequence reset"}
{"level":30,"time":1787715933407,"pid":48600,"hostname":"WIN-LK2TQOOAELR","name":"migration-004","table":"consolidation_log","seq":"public.consolidation_log_id_seq","msg":"migration-004: sequence reset"}
{"level":30,"time":1787715933416,"pid":48600,"hostname":"WIN-LK2TQOOAELR","name":"migration-004","table":"citations","seq":"public.citations_id_seq","msg":"migration-004: sequence reset"}
{"level":30,"time":1787715933427,"pid":48600,"hostname":"WIN-LK2TQOOAELR","name":"migration-004","table":"search_log","seq":"public.search_log_id_seq","msg":"migration-004: sequence reset"}
{"level":30,"time":1787715933436,"pid":48600,"hostname":"WIN-LK2TQOOAELR","name":"migration-004","table":"entry_outcomes","seq":"public.entry_outcomes_id_seq","msg":"migration-004: sequence reset"}
{"level":30,"time":1787715933447,"pid":48600,"hostname":"WIN-LK2TQOOAELR","name":"migration-004","table":"pending_tasks","seq":"public.pending_tasks_id_seq","msg":"migration-004: sequence reset"}
{"level":30,"time":1787715941649,"pid":48600,"hostname":"WIN-LK2TQOOAELR","name":"fts-recreation","msg":"[fts] PostgreSQL tsvector infrastructure created"}
{"level":30,"time":1787715941949,"pid":48600,"hostname":"WIN-LK2TQOOAELR","name":"memory-tool-dispatcher","entryId":604810,"type":"CONTEXT","msg":"[graph] Upserted graph node for KB entry"}
{"level":30,"time":1787715941987,"pid":48600,"hostname":"WIN-LK2TQOOAELR","name":"memory-tool-dispatcher","entryId":604811,"type":"CONTEXT","msg":"[graph] Upserted graph node for KB entry"}
{"level":50,"time":1787715958342,"pid":37508,"hostname":"WIN-LK2TQOOAELR","name":"database-manager","msg":"[db] Using native binding: C:\\Users\\ASUS\\.code-intel\\native-addons\\better-sqlite3\\v12.10.0\\node-v22-win32-x64\\better_sqlite3.node"}
{"level":50,"time":1787715958495,"pid":37508,"hostname":"WIN-LK2TQOOAELR","name":"migrations","msg":"[migrations] Applying v1: Initial schema with FTS5"}
{"level":30,"time":1787715958508,"pid":37508,"hostname":"WIN-LK2TQOOAELR","name":"migration-v5","msg":"[migrations] V5: multi-tenant project_id applied (legacy=default)"}
{"level":50,"time":1787715958485,"pid":37508,"hostname":"WIN-LK2TQOOAELR","name":"database-manager","msg":"[db] Pre-V5 backup written to C:\\Users\\ASUS\\AppData\\Local\\Temp\\sa4e18-ET9frU\\index.db.pre-v5.bak"}
{"level":50,"time":1787715958508,"pid":37508,"hostname":"WIN-LK2TQOOAELR","name":"database-manager","msg":"[db] Initialized at C:\\Users\\ASUS\\AppData\\Local\\Temp\\sa4e18-ET9frU\\index.db"}
{"level":50,"time":1787715958516,"pid":37508,"hostname":"WIN-LK2TQOOAELR","name":"database-manager","msg":"[db] Connection closed"}
{"level":50,"time":1787715958519,"pid":37508,"hostname":"WIN-LK2TQOOAELR","name":"database-manager","msg":"[db] Using native binding: C:\\Users\\ASUS\\.code-intel\\native-addons\\better-sqlite3\\v12.10.0\\node-v22-win32-x64\\better_sqlite3.node"}
{"level":50,"time":1787715958530,"pid":37508,"hostname":"WIN-LK2TQOOAELR","name":"database-manager","msg":"[db] Pre-V5 backup written to C:\\Users\\ASUS\\AppData\\Local\\Temp\\sa4e18-vYdh8S\\index.db.pre-v5.bak"}
{"level":50,"time":1787715958548,"pid":37508,"hostname":"WIN-LK2TQOOAELR","name":"database-manager","msg":"[db] Initialized at C:\\Users\\ASUS\\AppData\\Local\\Temp\\sa4e18-vYdh8S\\index.db"}
{"level":50,"time":1787715958555,"pid":37508,"hostname":"WIN-LK2TQOOAELR","name":"database-manager","msg":"[db] Connection closed"}
{"level":50,"time":1787715958559,"pid":37508,"hostname":"WIN-LK2TQOOAELR","name":"database-manager","msg":"[db] Using native binding: C:\\Users\\ASUS\\.code-intel\\native-addons\\better-sqlite3\\v12.10.0\\node-v22-win32-x64\\better_sqlite3.node"}
{"level":50,"time":1787715958571,"pid":37508,"hostname":"WIN-LK2TQOOAELR","name":"database-manager","msg":"[db] Pre-V5 backup written to C:\\Users\\ASUS\\AppData\\Local\\Temp\\sa4e18-0nlNLr\\index.db.pre-v5.bak"}
{"level":50,"time":1787715958590,"pid":37508,"hostname":"WIN-LK2TQOOAELR","name":"database-manager","msg":"[db] Initialized at C:\\Users\\ASUS\\AppData\\Local\\Temp\\sa4e18-0nlNLr\\index.db"}
{"level":50,"time":1787715958597,"pid":37508,"hostname":"WIN-LK2TQOOAELR","name":"database-manager","msg":"[db] Connection closed"}
{"level":50,"time":1787715958599,"pid":37508,"hostname":"WIN-LK2TQOOAELR","name":"database-manager","msg":"[db] Using native binding: C:\\Users\\ASUS\\.code-intel\\native-addons\\better-sqlite3\\v12.10.0\\node-v22-win32-x64\\better_sqlite3.node"}
{"level":50,"time":1787715958609,"pid":37508,"hostname":"WIN-LK2TQOOAELR","name":"database-manager","msg":"[db] Pre-V5 backup written to C:\\Users\\ASUS\\AppData\\Local\\Temp\\sa4e18-ZossGc\\index.db.pre-v5.bak"}
{"level":50,"time":1787715958624,"pid":37508,"hostname":"WIN-LK2TQOOAELR","name":"database-manager","msg":"[db] Initialized at C:\\Users\\ASUS\\AppData\\Local\\Temp\\sa4e18-ZossGc\\index.db"}
{"level":50,"time":1787715958631,"pid":37508,"hostname":"WIN-LK2TQOOAELR","name":"database-manager","msg":"[db] Connection closed"}
{"level":50,"time":1787715958633,"pid":37508,"hostname":"WIN-LK2TQOOAELR","name":"database-manager","msg":"[db] Using native binding: C:\\Users\\ASUS\\.code-intel\\native-addons\\better-sqlite3\\v12.10.0\\node-v22-win32-x64\\better_sqlite3.node"}
{"level":50,"time":1787715958643,"pid":37508,"hostname":"WIN-LK2TQOOAELR","name":"database-manager","msg":"[db] Pre-V5 backup written to C:\\Users\\ASUS\\AppData\\Local\\Temp\\sa4e18-0NQRWX\\index.db.pre-v5.bak"}
{"level":50,"time":1787715958662,"pid":37508,"hostname":"WIN-LK2TQOOAELR","name":"database-manager","msg":"[db] Initialized at C:\\Users\\ASUS\\AppData\\Local\\Temp\\sa4e18-0NQRWX\\index.db"}
{"level":50,"time":1787715958670,"pid":37508,"hostname":"WIN-LK2TQOOAELR","name":"database-manager","msg":"[db] Connection closed"}
{"level":50,"time":1787715958673,"pid":37508,"hostname":"WIN-LK2TQOOAELR","name":"database-manager","msg":"[db] Using native binding: C:\\Users\\ASUS\\.code-intel\\native-addons\\better-sqlite3\\v12.10.0\\node-v22-win32-x64\\better_sqlite3.node"}
{"level":50,"time":1787715958682,"pid":37508,"hostname":"WIN-LK2TQOOAELR","name":"database-manager","msg":"[db] Pre-V5 backup written to C:\\Users\\ASUS\\AppData\\Local\\Temp\\sa4e18-vIu9HX\\index.db.pre-v5.bak"}
{"level":50,"time":1787715958701,"pid":37508,"hostname":"WIN-LK2TQOOAELR","name":"database-manager","msg":"[db] Initialized at C:\\Users\\ASUS\\AppData\\Local\\Temp\\sa4e18-vIu9HX\\index.db"}
{"level":50,"time":1787715958708,"pid":37508,"hostname":"WIN-LK2TQOOAELR","name":"database-manager","msg":"[db] Connection closed"}
{"level":50,"time":1787715958710,"pid":37508,"hostname":"WIN-LK2TQOOAELR","name":"database-manager","msg":"[db] Using native binding: C:\\Users\\ASUS\\.code-intel\\native-addons\\better-sqlite3\\v12.10.0\\node-v22-win32-x64\\better_sqlite3.node"}
{"level":50,"time":1787715958719,"pid":37508,"hostname":"WIN-LK2TQOOAELR","name":"database-manager","msg":"[db] Pre-V5 backup written to C:\\Users\\ASUS\\AppData\\Local\\Temp\\sa4e18-CmuV7C\\index.db.pre-v5.bak"}
{"level":50,"time":1787715958736,"pid":37508,"hostname":"WIN-LK2TQOOAELR","name":"database-manager","msg":"[db] Initialized at C:\\Users\\ASUS\\AppData\\Local\\Temp\\sa4e18-CmuV7C\\index.db"}
{"level":50,"time":1787715958743,"pid":37508,"hostname":"WIN-LK2TQOOAELR","name":"database-manager","msg":"[db] Connection closed"}
{"level":50,"time":1787715958745,"pid":37508,"hostname":"WIN-LK2TQOOAELR","name":"database-manager","msg":"[db] Using native binding: C:\\Users\\ASUS\\.code-intel\\native-addons\\better-sqlite3\\v12.10.0\\node-v22-win32-x64\\better_sqlite3.node"}
{"level":50,"time":1787715958754,"pid":37508,"hostname":"WIN-LK2TQOOAELR","name":"database-manager","msg":"[db] Pre-V5 backup written to C:\\Users\\ASUS\\AppData\\Local\\Temp\\sa4e18-c528lq\\index.db.pre-v5.bak"}
{"level":50,"time":1787715958768,"pid":37508,"hostname":"WIN-LK2TQOOAELR","name":"database-manager","msg":"[db] Initialized at C:\\Users\\ASUS\\AppData\\Local\\Temp\\sa4e18-c528lq\\index.db"}
{"level":50,"time":1787715958775,"pid":37508,"hostname":"WIN-LK2TQOOAELR","name":"database-manager","msg":"[db] Connection closed"}
{"level":50,"time":1787715958778,"pid":37508,"hostname":"WIN-LK2TQOOAELR","name":"database-manager","msg":"[db] Using native binding: C:\\Users\\ASUS\\.code-intel\\native-addons\\better-sqlite3\\v12.10.0\\node-v22-win32-x64\\better_sqlite3.node"}
{"level":50,"time":1787715958786,"pid":37508,"hostname":"WIN-LK2TQOOAELR","name":"database-manager","msg":"[db] Pre-V5 backup written to C:\\Users\\ASUS\\AppData\\Local\\Temp\\sa4e18-WfamnN\\index.db.pre-v5.bak"}
{"level":50,"time":1787715958807,"pid":37508,"hostname":"WIN-LK2TQOOAELR","name":"database-manager","msg":"[db] Initialized at C:\\Users\\ASUS\\AppData\\Local\\Temp\\sa4e18-WfamnN\\index.db"}
{"level":50,"time":1787715958813,"pid":37508,"hostname":"WIN-LK2TQOOAELR","name":"database-manager","msg":"[db] Connection closed"}
{"level":50,"time":1787715958817,"pid":37508,"hostname":"WIN-LK2TQOOAELR","name":"database-manager","msg":"[db] Using native binding: C:\\Users\\ASUS\\.code-intel\\native-addons\\better-sqlite3\\v12.10.0\\node-v22-win32-x64\\better_sqlite3.node"}
{"level":50,"time":1787715958829,"pid":37508,"hostname":"WIN-LK2TQOOAELR","name":"database-manager","msg":"[db] Pre-V5 backup written to C:\\Users\\ASUS\\AppData\\Local\\Temp\\sa4e18-oa8Z7B\\index.db.pre-v5.bak"}
{"level":50,"time":1787715958847,"pid":37508,"hostname":"WIN-LK2TQOOAELR","name":"database-manager","msg":"[db] Initialized at C:\\Users\\ASUS\\AppData\\Local\\Temp\\sa4e18-oa8Z7B\\index.db"}
{"level":50,"time":1787715958853,"pid":37508,"hostname":"WIN-LK2TQOOAELR","name":"database-manager","msg":"[db] Connection closed"}
{"level":50,"time":1787715958856,"pid":37508,"hostname":"WIN-LK2TQOOAELR","name":"database-manager","msg":"[db] Using native binding: C:\\Users\\ASUS\\.code-intel\\native-addons\\better-sqlite3\\v12.10.0\\node-v22-win32-x64\\better_sqlite3.node"}
{"level":50,"time":1787715958867,"pid":37508,"hostname":"WIN-LK2TQOOAELR","name":"database-manager","msg":"[db] Pre-V5 backup written to C:\\Users\\ASUS\\AppData\\Local\\Temp\\sa4e18-fVCjcd\\index.db.pre-v5.bak"}
{"level":50,"time":1787715958884,"pid":37508,"hostname":"WIN-LK2TQOOAELR","name":"database-manager","msg":"[db] Initialized at C:\\Users\\ASUS\\AppData\\Local\\Temp\\sa4e18-fVCjcd\\index.db"}
{"level":50,"time":1787715958892,"pid":37508,"hostname":"WIN-LK2TQOOAELR","name":"database-manager","msg":"[db] Connection closed"}
{"level":50,"time":1787715958896,"pid":37508,"hostname":"WIN-LK2TQOOAELR","name":"database-manager","msg":"[db] Using native binding: C:\\Users\\ASUS\\.code-intel\\native-addons\\better-sqlite3\\v12.10.0\\node-v22-win32-x64\\better_sqlite3.node"}
{"level":50,"time":1787715958906,"pid":37508,"hostname":"WIN-LK2TQOOAELR","name":"database-manager","msg":"[db] Pre-V5 backup written to C:\\Users\\ASUS\\AppData\\Local\\Temp\\sa4e18-dROsOa\\index.db.pre-v5.bak"}
{"level":50,"time":1787715958923,"pid":37508,"hostname":"WIN-LK2TQOOAELR","name":"database-manager","msg":"[db] Initialized at C:\\Users\\ASUS\\AppData\\Local\\Temp\\sa4e18-dROsOa\\index.db"}
{"level":50,"time":1787715958929,"pid":37508,"hostname":"WIN-LK2TQOOAELR","name":"database-manager","msg":"[db] Connection closed"}
{"level":50,"time":1787715958932,"pid":37508,"hostname":"WIN-LK2TQOOAELR","name":"database-manager","msg":"[db] Using native binding: C:\\Users\\ASUS\\.code-intel\\native-addons\\better-sqlite3\\v12.10.0\\node-v22-win32-x64\\better_sqlite3.node"}
{"level":50,"time":1787715958940,"pid":37508,"hostname":"WIN-LK2TQOOAELR","name":"database-manager","msg":"[db] Pre-V5 backup written to C:\\Users\\ASUS\\AppData\\Local\\Temp\\sa4e18-svtR6f\\index.db.pre-v5.bak"}
{"level":50,"time":1787715958955,"pid":37508,"hostname":"WIN-LK2TQOOAELR","name":"database-manager","msg":"[db] Initialized at C:\\Users\\ASUS\\AppData\\Local\\Temp\\sa4e18-svtR6f\\index.db"}
{"level":50,"time":1787715958962,"pid":37508,"hostname":"WIN-LK2TQOOAELR","name":"database-manager","msg":"[db] Connection closed"}
{"level":50,"time":1787715958963,"pid":37508,"hostname":"WIN-LK2TQOOAELR","name":"database-manager","msg":"[db] Using native binding: C:\\Users\\ASUS\\.code-intel\\native-addons\\better-sqlite3\\v12.10.0\\node-v22-win32-x64\\better_sqlite3.node"}
{"level":50,"time":1787715958975,"pid":37508,"hostname":"WIN-LK2TQOOAELR","name":"database-manager","msg":"[db] Pre-V5 backup written to C:\\Users\\ASUS\\AppData\\Local\\Temp\\sa4e18-aj7uWw\\index.db.pre-v5.bak"}
{"level":50,"time":1787715958993,"pid":37508,"hostname":"WIN-LK2TQOOAELR","name":"database-manager","msg":"[db] Initialized at C:\\Users\\ASUS\\AppData\\Local\\Temp\\sa4e18-aj7uWw\\index.db"}
{"level":50,"time":1787715959000,"pid":37508,"hostname":"WIN-LK2TQOOAELR","name":"database-manager","msg":"[db] Connection closed"}
{"level":50,"time":1787715959004,"pid":37508,"hostname":"WIN-LK2TQOOAELR","name":"database-manager","msg":"[db] Using native binding: C:\\Users\\ASUS\\.code-intel\\native-addons\\better-sqlite3\\v12.10.0\\node-v22-win32-x64\\better_sqlite3.node"}
{"level":50,"time":1787715959015,"pid":37508,"hostname":"WIN-LK2TQOOAELR","name":"database-manager","msg":"[db] Pre-V5 backup written to C:\\Users\\ASUS\\AppData\\Local\\Temp\\sa4e18-VMN5TS\\index.db.pre-v5.bak"}
{"level":50,"time":1787715959030,"pid":37508,"hostname":"WIN-LK2TQOOAELR","name":"database-manager","msg":"[db] Initialized at C:\\Users\\ASUS\\AppData\\Local\\Temp\\sa4e18-VMN5TS\\index.db"}
{"level":50,"time":1787715959115,"pid":37508,"hostname":"WIN-LK2TQOOAELR","name":"database-manager","msg":"[db] Connection closed"}
{"level":50,"time":1787715959118,"pid":37508,"hostname":"WIN-LK2TQOOAELR","name":"database-manager","msg":"[db] Using native binding: C:\\Users\\ASUS\\.code-intel\\native-addons\\better-sqlite3\\v12.10.0\\node-v22-win32-x64\\better_sqlite3.node"}
{"level":50,"time":1787715959165,"pid":37508,"hostname":"WIN-LK2TQOOAELR","name":"database-manager","msg":"[db] Pre-V5 backup written to C:\\Users\\ASUS\\AppData\\Local\\Temp\\sa4e18-ksYtIU\\index.db.pre-v5.bak"}
{"level":50,"time":1787715959186,"pid":37508,"hostname":"WIN-LK2TQOOAELR","name":"database-manager","msg":"[db] Initialized at C:\\Users\\ASUS\\AppData\\Local\\Temp\\sa4e18-ksYtIU\\index.db"}
{"level":50,"time":1787715959222,"pid":37508,"hostname":"WIN-LK2TQOOAELR","name":"database-manager","msg":"[db] Connection closed"}
{"level":50,"time":1787715959224,"pid":37508,"hostname":"WIN-LK2TQOOAELR","name":"database-manager","msg":"[db] Using native binding: C:\\Users\\ASUS\\.code-intel\\native-addons\\better-sqlite3\\v12.10.0\\node-v22-win32-x64\\better_sqlite3.node"}
{"level":50,"time":1787715959240,"pid":37508,"hostname":"WIN-LK2TQOOAELR","name":"database-manager","msg":"[db] Pre-V5 backup written to C:\\Users\\ASUS\\AppData\\Local\\Temp\\sa4e18-zynqPp\\index.db.pre-v5.bak"}
{"level":50,"time":1787715959254,"pid":37508,"hostname":"WIN-LK2TQOOAELR","name":"database-manager","msg":"[db] Initialized at C:\\Users\\ASUS\\AppData\\Local\\Temp\\sa4e18-zynqPp\\index.db"}
{"level":50,"time":1787715959308,"pid":37508,"hostname":"WIN-LK2TQOOAELR","name":"database-manager","msg":"[db] Connection closed"}
{"level":50,"time":1787715959310,"pid":37508,"hostname":"WIN-LK2TQOOAELR","name":"database-manager","msg":"[db] Using native binding: C:\\Users\\ASUS\\.code-intel\\native-addons\\better-sqlite3\\v12.10.0\\node-v22-win32-x64\\better_sqlite3.node"}
{"level":50,"time":1787715959325,"pid":37508,"hostname":"WIN-LK2TQOOAELR","name":"database-manager","msg":"[db] Pre-V5 backup written to C:\\Users\\ASUS\\AppData\\Local\\Temp\\sa4e18-XXPRLn\\index.db.pre-v5.bak"}
{"level":50,"time":1787715959342,"pid":37508,"hostname":"WIN-LK2TQOOAELR","name":"database-manager","msg":"[db] Initialized at C:\\Users\\ASUS\\AppData\\Local\\Temp\\sa4e18-XXPRLn\\index.db"}
{"level":50,"time":1787715959394,"pid":37508,"hostname":"WIN-LK2TQOOAELR","name":"database-manager","msg":"[db] Connection closed"}
{"level":50,"time":1787715959397,"pid":37508,"hostname":"WIN-LK2TQOOAELR","name":"database-manager","msg":"[db] Using native binding: C:\\Users\\ASUS\\.code-intel\\native-addons\\better-sqlite3\\v12.10.0\\node-v22-win32-x64\\better_sqlite3.node"}
{"level":50,"time":1787715959420,"pid":37508,"hostname":"WIN-LK2TQOOAELR","name":"database-manager","msg":"[db] Pre-V5 backup written to C:\\Users\\ASUS\\AppData\\Local\\Temp\\sa4e18-7MI6ud\\index.db.pre-v5.bak"}
{"level":50,"time":1787715959436,"pid":37508,"hostname":"WIN-LK2TQOOAELR","name":"database-manager","msg":"[db] Initialized at C:\\Users\\ASUS\\AppData\\Local\\Temp\\sa4e18-7MI6ud\\index.db"}
{"level":50,"time":1787715959478,"pid":37508,"hostname":"WIN-LK2TQOOAELR","name":"database-manager","msg":"[db] Connection closed"}
{"level":50,"time":1787715959480,"pid":37508,"hostname":"WIN-LK2TQOOAELR","name":"database-manager","msg":"[db] Using native binding: C:\\Users\\ASUS\\.code-intel\\native-addons\\better-sqlite3\\v12.10.0\\node-v22-win32-x64\\better_sqlite3.node"}
{"level":50,"time":1787715959497,"pid":37508,"hostname":"WIN-LK2TQOOAELR","name":"database-manager","msg":"[db] Pre-V5 backup written to C:\\Users\\ASUS\\AppData\\Local\\Temp\\sa4e18-xcESLk\\index.db.pre-v5.bak"}
{"level":50,"time":1787715959521,"pid":37508,"hostname":"WIN-LK2TQOOAELR","name":"database-manager","msg":"[db] Initialized at C:\\Users\\ASUS\\AppData\\Local\\Temp\\sa4e18-xcESLk\\index.db"}
{"level":50,"time":1787715959562,"pid":37508,"hostname":"WIN-LK2TQOOAELR","name":"database-manager","msg":"[db] Connection closed"}
{"level":50,"time":1787715959566,"pid":37508,"hostname":"WIN-LK2TQOOAELR","name":"database-manager","msg":"[db] Using native binding: C:\\Users\\ASUS\\.code-intel\\native-addons\\better-sqlite3\\v12.10.0\\node-v22-win32-x64\\better_sqlite3.node"}
{"level":50,"time":1787715959584,"pid":37508,"hostname":"WIN-LK2TQOOAELR","name":"database-manager","msg":"[db] Pre-V5 backup written to C:\\Users\\ASUS\\AppData\\Local\\Temp\\sa4e18-oaoOce\\index.db.pre-v5.bak"}
{"level":50,"time":1787715959605,"pid":37508,"hostname":"WIN-LK2TQOOAELR","name":"database-manager","msg":"[db] Initialized at C:\\Users\\ASUS\\AppData\\Local\\Temp\\sa4e18-oaoOce\\index.db"}
{"level":50,"time":1787715959673,"pid":37508,"hostname":"WIN-LK2TQOOAELR","name":"database-manager","msg":"[db] Connection closed"}
{"level":30,"time":1787715958548,"pid":37508,"hostname":"WIN-LK2TQOOAELR","name":"migration-v5","msg":"[migrations] V5: multi-tenant project_id applied (legacy=default)"}
{"level":30,"time":1787715958590,"pid":37508,"hostname":"WIN-LK2TQOOAELR","name":"migration-v5","msg":"[migrations] V5: multi-tenant project_id applied (legacy=default)"}
{"level":30,"time":1787715958624,"pid":37508,"hostname":"WIN-LK2TQOOAELR","name":"migration-v5","msg":"[migrations] V5: multi-tenant project_id applied (legacy=default)"}
{"level":30,"time":1787715958662,"pid":37508,"hostname":"WIN-LK2TQOOAELR","name":"migration-v5","msg":"[migrations] V5: multi-tenant project_id applied (legacy=default)"}
{"level":30,"time":1787715958701,"pid":37508,"hostname":"WIN-LK2TQOOAELR","name":"migration-v5","msg":"[migrations] V5: multi-tenant project_id applied (legacy=default)"}
{"level":30,"time":1787715958736,"pid":37508,"hostname":"WIN-LK2TQOOAELR","name":"migration-v5","msg":"[migrations] V5: multi-tenant project_id applied (legacy=default)"}
{"level":30,"time":1787715958768,"pid":37508,"hostname":"WIN-LK2TQOOAELR","name":"migration-v5","msg":"[migrations] V5: multi-tenant project_id applied (legacy=default)"}
{"level":30,"time":1787715958807,"pid":37508,"hostname":"WIN-LK2TQOOAELR","name":"migration-v5","msg":"[migrations] V5: multi-tenant project_id applied (legacy=default)"}
{"level":30,"time":1787715958847,"pid":37508,"hostname":"WIN-LK2TQOOAELR","name":"migration-v5","msg":"[migrations] V5: multi-tenant project_id applied (legacy=default)"}
{"level":30,"time":1787715958884,"pid":37508,"hostname":"WIN-LK2TQOOAELR","name":"migration-v5","msg":"[migrations] V5: multi-tenant project_id applied (legacy=default)"}
{"level":30,"time":1787715958923,"pid":37508,"hostname":"WIN-LK2TQOOAELR","name":"migration-v5","msg":"[migrations] V5: multi-tenant project_id applied (legacy=default)"}
{"level":30,"time":1787715958954,"pid":37508,"hostname":"WIN-LK2TQOOAELR","name":"migration-v5","msg":"[migrations] V5: multi-tenant project_id applied (legacy=default)"}
{"level":30,"time":1787715958993,"pid":37508,"hostname":"WIN-LK2TQOOAELR","name":"migration-v5","msg":"[migrations] V5: multi-tenant project_id applied (legacy=default)"}
{"level":30,"time":1787715959030,"pid":37508,"hostname":"WIN-LK2TQOOAELR","name":"migration-v5","msg":"[migrations] V5: multi-tenant project_id applied (legacy=default)"}
{"level":30,"time":1787715959186,"pid":37508,"hostname":"WIN-LK2TQOOAELR","name":"migration-v5","msg":"[migrations] V5: multi-tenant project_id applied (legacy=default)"}
{"level":30,"time":1787715959254,"pid":37508,"hostname":"WIN-LK2TQOOAELR","name":"migration-v5","msg":"[migrations] V5: multi-tenant project_id applied (legacy=default)"}
{"level":30,"time":1787715959342,"pid":37508,"hostname":"WIN-LK2TQOOAELR","name":"migration-v5","msg":"[migrations] V5: multi-tenant project_id applied (legacy=default)"}
{"level":30,"time":1787715959436,"pid":37508,"hostname":"WIN-LK2TQOOAELR","name":"migration-v5","msg":"[migrations] V5: multi-tenant project_id applied (legacy=default)"}
{"level":30,"time":1787715959521,"pid":37508,"hostname":"WIN-LK2TQOOAELR","name":"migration-v5","msg":"[migrations] V5: multi-tenant project_id applied (legacy=default)"}
{"level":30,"time":1787715959605,"pid":37508,"hostname":"WIN-LK2TQOOAELR","name":"migration-v5","msg":"[migrations] V5: multi-tenant project_id applied (legacy=default)"}
{"level":30,"time":1787715959719,"pid":37508,"hostname":"WIN-LK2TQOOAELR","name":"migration-v5","msg":"[migrations] V5: multi-tenant project_id applied (legacy=default)"}
{"level":30,"time":1787715959950,"pid":37508,"hostname":"WIN-LK2TQOOAELR","name":"migration-v5","msg":"[migrations] V5: multi-tenant project_id applied (legacy=default)"}
{"level":30,"time":1787715960061,"pid":37508,"hostname":"WIN-LK2TQOOAELR","name":"migration-v5","msg":"[migrations] V5: multi-tenant project_id applied (legacy=default)"}
{"level":30,"time":1787715960173,"pid":37508,"hostname":"WIN-LK2TQOOAELR","name":"migration-v5","msg":"[migrations] V5: multi-tenant project_id applied (legacy=default)"}
{"level":30,"time":1787715960277,"pid":37508,"hostname":"WIN-LK2TQOOAELR","name":"migration-v5","msg":"[migrations] V5: multi-tenant project_id applied (legacy=default)"}
{"level":30,"time":1787715960384,"pid":37508,"hostname":"WIN-LK2TQOOAELR","name":"migration-v5","msg":"[migrations] V5: multi-tenant project_id applied (legacy=default)"}
{"level":30,"time":1787715960487,"pid":37508,"hostname":"WIN-LK2TQOOAELR","name":"migration-v5","msg":"[migrations] V5: multi-tenant project_id applied (legacy=default)"}
{"level":30,"time":1787715960594,"pid":37508,"hostname":"WIN-LK2TQOOAELR","name":"migration-v5","msg":"[migrations] V5: multi-tenant project_id applied (legacy=default)"}
{"level":30,"time":1787715960711,"pid":37508,"hostname":"WIN-LK2TQOOAELR","name":"migration-v5","msg":"[migrations] V5: multi-tenant project_id applied (legacy=default)"}
{"level":30,"time":1787715960821,"pid":37508,"hostname":"WIN-LK2TQOOAELR","name":"migration-v5","msg":"[migrations] V5: multi-tenant project_id applied (legacy=default)"}
{"level":30,"time":1787715960932,"pid":37508,"hostname":"WIN-LK2TQOOAELR","name":"migration-v5","msg":"[migrations] V5: multi-tenant project_id applied (legacy=default)"}
{"level":30,"time":1787715961042,"pid":37508,"hostname":"WIN-LK2TQOOAELR","name":"migration-v5","msg":"[migrations] V5: multi-tenant project_id applied (legacy=default)"}
{"level":30,"time":1787715961149,"pid":37508,"hostname":"WIN-LK2TQOOAELR","name":"migration-v5","msg":"[migrations] V5: multi-tenant project_id applied (legacy=default)"}
{"level":30,"time":1787715961252,"pid":37508,"hostname":"WIN-LK2TQOOAELR","name":"migration-v5","msg":"[migrations] V5: multi-tenant project_id applied (legacy=default)"}
{"level":30,"time":1787715961365,"pid":37508,"hostname":"WIN-LK2TQOOAELR","name":"migration-v5","msg":"[migrations] V5: multi-tenant project_id applied (legacy=default)"}
{"level":30,"time":1787715961468,"pid":37508,"hostname":"WIN-LK2TQOOAELR","name":"migration-v5","msg":"[migrations] V5: multi-tenant project_id applied (legacy=default)"}
{"level":30,"time":1787715961599,"pid":37508,"hostname":"WIN-LK2TQOOAELR","name":"migration-v5","msg":"[migrations] V5: multi-tenant project_id applied (legacy=default)"}
{"level":30,"time":1787715961705,"pid":37508,"hostname":"WIN-LK2TQOOAELR","name":"migration-v5","msg":"[migrations] V5: multi-tenant project_id applied (legacy=default)"}
{"level":30,"time":1787715961864,"pid":37508,"hostname":"WIN-LK2TQOOAELR","name":"migration-v5","msg":"[migrations] V5: multi-tenant project_id applied (legacy=default)"}
{"level":30,"time":1787715962083,"pid":37508,"hostname":"WIN-LK2TQOOAELR","name":"migration-v5","msg":"[migrations] V5: multi-tenant project_id applied (legacy=default)"}
{"level":30,"time":1787715962202,"pid":37508,"hostname":"WIN-LK2TQOOAELR","name":"migration-v5","msg":"[migrations] V5: multi-tenant project_id applied (legacy=default)"}
{"level":30,"time":1787715962334,"pid":37508,"hostname":"WIN-LK2TQOOAELR","name":"migration-v5","msg":"[migrations] V5: multi-tenant project_id applied (legacy=default)"}
{"level":30,"time":1787715962454,"pid":37508,"hostname":"WIN-LK2TQOOAELR","name":"migration-v5","msg":"[migrations] V5: multi-tenant project_id applied (legacy=default)"}
{"level":30,"time":1787715962565,"pid":37508,"hostname":"WIN-LK2TQOOAELR","name":"migration-v5","msg":"[migrations] V5: multi-tenant project_id applied (legacy=default)"}
{"level":30,"time":1787715962694,"pid":37508,"hostname":"WIN-LK2TQOOAELR","name":"migration-v5","msg":"[migrations] V5: multi-tenant project_id applied (legacy=default)"}
{"level":30,"time":1787715962798,"pid":37508,"hostname":"WIN-LK2TQOOAELR","name":"migration-v5","msg":"[migrations] V5: multi-tenant project_id applied (legacy=default)"}
{"level":30,"time":1787715962906,"pid":37508,"hostname":"WIN-LK2TQOOAELR","name":"migration-v5","msg":"[migrations] V5: multi-tenant project_id applied (legacy=default)"}
{"level":30,"time":1787715963016,"pid":37508,"hostname":"WIN-LK2TQOOAELR","name":"migration-v5","msg":"[migrations] V5: multi-tenant project_id applied (legacy=default)"}
{"level":30,"time":1787715963144,"pid":37508,"hostname":"WIN-LK2TQOOAELR","name":"migration-v5","msg":"[migrations] V5: multi-tenant project_id applied (legacy=default)"}
{"level":30,"time":1787715963264,"pid":37508,"hostname":"WIN-LK2TQOOAELR","name":"migration-v5","msg":"[migrations] V5: multi-tenant project_id applied (legacy=default)"}
{"level":30,"time":1787715963374,"pid":37508,"hostname":"WIN-LK2TQOOAELR","name":"migration-v5","msg":"[migrations] V5: multi-tenant project_id applied (legacy=default)"}
{"level":30,"time":1787715963479,"pid":37508,"hostname":"WIN-LK2TQOOAELR","name":"migration-v5","msg":"[migrations] V5: multi-tenant project_id applied (legacy=default)"}
{"level":30,"time":1787715963583,"pid":37508,"hostname":"WIN-LK2TQOOAELR","name":"migration-v5","msg":"[migrations] V5: multi-tenant project_id applied (legacy=default)"}
{"level":30,"time":1787715963700,"pid":37508,"hostname":"WIN-LK2TQOOAELR","name":"migration-v5","msg":"[migrations] V5: multi-tenant project_id applied (legacy=default)"}
{"level":30,"time":1787715963797,"pid":37508,"hostname":"WIN-LK2TQOOAELR","name":"migration-v5","msg":"[migrations] V5: multi-tenant project_id applied (legacy=default)"}
{"level":30,"time":1787715963897,"pid":37508,"hostname":"WIN-LK2TQOOAELR","name":"migration-v5","msg":"[migrations] V5: multi-tenant project_id applied (legacy=default)"}
{"level":30,"time":1787715964011,"pid":37508,"hostname":"WIN-LK2TQOOAELR","name":"migration-v5","msg":"[migrations] V5: multi-tenant project_id applied (legacy=default)"}
{"level":30,"time":1787715964113,"pid":37508,"hostname":"WIN-LK2TQOOAELR","name":"migration-v5","msg":"[migrations] V5: multi-tenant project_id applied (legacy=default)"}
{"level":30,"time":1787715964220,"pid":37508,"hostname":"WIN-LK2TQOOAELR","name":"migration-v5","msg":"[migrations] V5: multi-tenant project_id applied (legacy=default)"}
{"level":30,"time":1787715964384,"pid":37508,"hostname":"WIN-LK2TQOOAELR","name":"migration-v5","msg":"[migrations] V5: multi-tenant project_id applied (legacy=default)"}
{"level":30,"time":1787715964507,"pid":37508,"hostname":"WIN-LK2TQOOAELR","name":"migration-v5","msg":"[migrations] V5: multi-tenant project_id applied (legacy=default)"}
{"level":30,"time":1787715964613,"pid":37508,"hostname":"WIN-LK2TQOOAELR","name":"migration-v5","msg":"[migrations] V5: multi-tenant project_id applied (legacy=default)"}
{"level":30,"time":1787715964806,"pid":37508,"hostname":"WIN-LK2TQOOAELR","name":"migration-v5","msg":"[migrations] V5: multi-tenant project_id applied (legacy=default)"}
{"level":30,"time":1787715964921,"pid":37508,"hostname":"WIN-LK2TQOOAELR","name":"migration-v5","msg":"[migrations] V5: multi-tenant project_id applied (legacy=default)"}
{"level":30,"time":1787715965035,"pid":37508,"hostname":"WIN-LK2TQOOAELR","name":"migration-v5","msg":"[migrations] V5: multi-tenant project_id applied (legacy=default)"}
{"level":30,"time":1787715965164,"pid":37508,"hostname":"WIN-LK2TQOOAELR","name":"migration-v5","msg":"[migrations] V5: multi-tenant project_id applied (legacy=default)"}
{"level":30,"time":1787715965268,"pid":37508,"hostname":"WIN-LK2TQOOAELR","name":"migration-v5","msg":"[migrations] V5: multi-tenant project_id applied (legacy=default)"}
{"level":30,"time":1787715965398,"pid":37508,"hostname":"WIN-LK2TQOOAELR","name":"migration-v5","msg":"[migrations] V5: multi-tenant project_id applied (legacy=default)"}
{"level":30,"time":1787715965687,"pid":37508,"hostname":"WIN-LK2TQOOAELR","name":"migration-v5","msg":"[migrations] V5: multi-tenant project_id applied (legacy=default)"}
{"level":30,"time":1787715965790,"pid":37508,"hostname":"WIN-LK2TQOOAELR","name":"migration-v5","msg":"[migrations] V5: multi-tenant project_id applied (legacy=default)"}
{"level":30,"time":1787715965900,"pid":37508,"hostname":"WIN-LK2TQOOAELR","name":"migration-v5","msg":"[migrations] V5: multi-tenant project_id applied (legacy=default)"}
{"level":30,"time":1787715966014,"pid":37508,"hostname":"WIN-LK2TQOOAELR","name":"migration-v5","msg":"[migrations] V5: multi-tenant project_id applied (legacy=default)"}
{"level":30,"time":1787715966119,"pid":37508,"hostname":"WIN-LK2TQOOAELR","name":"migration-v5","msg":"[migrations] V5: multi-tenant project_id applied (legacy=default)"}
{"level":30,"time":1787715966232,"pid":37508,"hostname":"WIN-LK2TQOOAELR","name":"migration-v5","msg":"[migrations] V5: multi-tenant project_id applied (legacy=default)"}
{"level":50,"time":1787715958496,"pid":37508,"hostname":"WIN-LK2TQOOAELR","name":"migrations","msg":"[migrations] v1 applied"}
{"level":50,"time":1787715958496,"pid":37508,"hostname":"WIN-LK2TQOOAELR","name":"migrations","msg":"[migrations] V2: Added 0 pattern columns"}
{"level":50,"time":1787715958496,"pid":37508,"hostname":"WIN-LK2TQOOAELR","name":"migrations","msg":"[migrations] Running graph schema migrations (SQLite sync)..."}
{"level":50,"time":1787715958499,"pid":37508,"hostname":"WIN-LK2TQOOAELR","name":"migrations","msg":"[migrations] Added 9 enhanced symbol columns"}
{"level":50,"time":1787715958500,"pid":37508,"hostname":"WIN-LK2TQOOAELR","name":"migrations","msg":"[migrations] Relationships table ready"}
{"level":50,"time":1787715958500,"pid":37508,"hostname":"WIN-LK2TQOOAELR","name":"migrations","msg":"[migrations] File index table ready"}
{"level":50,"time":1787715958500,"pid":37508,"hostname":"WIN-LK2TQOOAELR","name":"migrations","msg":"[migrations] Graph metadata table ready"}
{"level":50,"time":1787715958501,"pid":37508,"hostname":"WIN-LK2TQOOAELR","name":"migrations","msg":"[migrations] Body embeddings table ready"}
{"level":50,"time":1787715958501,"pid":37508,"hostname":"WIN-LK2TQOOAELR","name":"migrations","msg":"[migrations] Schema version set to 3 (sync)"}
{"level":50,"time":1787715958506,"pid":37508,"hostname":"WIN-LK2TQOOAELR","name":"migrations","msg":"[migrations] V4: Memory tables dropped and recreated"}
{"level":50,"time":1787715958537,"pid":37508,"hostname":"WIN-LK2TQOOAELR","name":"migrations","msg":"[migrations] Applying v1: Initial schema with FTS5"}
{"level":50,"time":1787715958538,"pid":37508,"hostname":"WIN-LK2TQOOAELR","name":"migrations","msg":"[migrations] v1 applied"}
{"level":50,"time":1787715958538,"pid":37508,"hostname":"WIN-LK2TQOOAELR","name":"migrations","msg":"[migrations] V2: Added 0 pattern columns"}
{"level":50,"time":1787715958538,"pid":37508,"hostname":"WIN-LK2TQOOAELR","name":"migrations","msg":"[migrations] Running graph schema migrations (SQLite sync)..."}
{"level":50,"time":1787715958540,"pid":37508,"hostname":"WIN-LK2TQOOAELR","name":"migrations","msg":"[migrations] Added 9 enhanced symbol columns"}
{"level":50,"time":1787715958541,"pid":37508,"hostname":"WIN-LK2TQOOAELR","name":"migrations","msg":"[migrations] Relationships table ready"}
{"level":50,"time":1787715958541,"pid":37508,"hostname":"WIN-LK2TQOOAELR","name":"migrations","msg":"[migrations] File index table ready"}
{"level":50,"time":1787715958541,"pid":37508,"hostname":"WIN-LK2TQOOAELR","name":"migrations","msg":"[migrations] Graph metadata table ready"}
{"level":50,"time":1787715958541,"pid":37508,"hostname":"WIN-LK2TQOOAELR","name":"migrations","msg":"[migrations] Body embeddings table ready"}
{"level":50,"time":1787715958541,"pid":37508,"hostname":"WIN-LK2TQOOAELR","name":"migrations","msg":"[migrations] Schema version set to 3 (sync)"}
{"level":50,"time":1787715958547,"pid":37508,"hostname":"WIN-LK2TQOOAELR","name":"migrations","msg":"[migrations] V4: Memory tables dropped and recreated"}
{"level":50,"time":1787715958580,"pid":37508,"hostname":"WIN-LK2TQOOAELR","name":"migrations","msg":"[migrations] Applying v1: Initial schema with FTS5"}
{"level":50,"time":1787715958580,"pid":37508,"hostname":"WIN-LK2TQOOAELR","name":"migrations","msg":"[migrations] v1 applied"}
{"level":50,"time":1787715958580,"pid":37508,"hostname":"WIN-LK2TQOOAELR","name":"migrations","msg":"[migrations] V2: Added 0 pattern columns"}
{"level":50,"time":1787715958580,"pid":37508,"hostname":"WIN-LK2TQOOAELR","name":"migrations","msg":"[migrations] Running graph schema migrations (SQLite sync)..."}
{"level":50,"time":1787715958582,"pid":37508,"hostname":"WIN-LK2TQOOAELR","name":"migrations","msg":"[migrations] Added 9 enhanced symbol columns"}
{"level":50,"time":1787715958583,"pid":37508,"hostname":"WIN-LK2TQOOAELR","name":"migrations","msg":"[migrations] Relationships table ready"}
{"level":50,"time":1787715958583,"pid":37508,"hostname":"WIN-LK2TQOOAELR","name":"migrations","msg":"[migrations] File index table ready"}
{"level":50,"time":1787715958584,"pid":37508,"hostname":"WIN-LK2TQOOAELR","name":"migrations","msg":"[migrations] Graph metadata table ready"}
{"level":50,"time":1787715958584,"pid":37508,"hostname":"WIN-LK2TQOOAELR","name":"migrations","msg":"[migrations] Body embeddings table ready"}
{"level":50,"time":1787715958584,"pid":37508,"hostname":"WIN-LK2TQOOAELR","name":"migrations","msg":"[migrations] Schema version set to 3 (sync)"}
{"level":50,"time":1787715958589,"pid":37508,"hostname":"WIN-LK2TQOOAELR","name":"migrations","msg":"[migrations] V4: Memory tables dropped and recreated"}
{"level":50,"time":1787715958615,"pid":37508,"hostname":"WIN-LK2TQOOAELR","name":"migrations","msg":"[migrations] Applying v1: Initial schema with FTS5"}
{"level":50,"time":1787715958615,"pid":37508,"hostname":"WIN-LK2TQOOAELR","name":"migrations","msg":"[migrations] v1 applied"}
{"level":50,"time":1787715958615,"pid":37508,"hostname":"WIN-LK2TQOOAELR","name":"migrations","msg":"[migrations] V2: Added 0 pattern columns"}
{"level":50,"time":1787715958615,"pid":37508,"hostname":"WIN-LK2TQOOAELR","name":"migrations","msg":"[migrations] Running graph schema migrations (SQLite sync)..."}
{"level":50,"time":1787715958617,"pid":37508,"hostname":"WIN-LK2TQOOAELR","name":"migrations","msg":"[migrations] Added 9 enhanced symbol columns"}
{"level":50,"time":1787715958618,"pid":37508,"hostname":"WIN-LK2TQOOAELR","name":"migrations","msg":"[migrations] Relationships table ready"}
{"level":50,"time":1787715958618,"pid":37508,"hostname":"WIN-LK2TQOOAELR","name":"migrations","msg":"[migrations] File index table ready"}
{"level":50,"time":1787715958618,"pid":37508,"hostname":"WIN-LK2TQOOAELR","name":"migrations","msg":"[migrations] Graph metadata table ready"}
{"level":50,"time":1787715958618,"pid":37508,"hostname":"WIN-LK2TQOOAELR","name":"migrations","msg":"[migrations] Body embeddings table ready"}
{"level":50,"time":1787715958618,"pid":37508,"hostname":"WIN-LK2TQOOAELR","name":"migrations","msg":"[migrations] Schema version set to 3 (sync)"}
{"level":50,"time":1787715958623,"pid":37508,"hostname":"WIN-LK2TQOOAELR","name":"migrations","msg":"[migrations] V4: Memory tables dropped and recreated"}
{"level":50,"time":1787715958649,"pid":37508,"hostname":"WIN-LK2TQOOAELR","name":"migrations","msg":"[migrations] Applying v1: Initial schema with FTS5"}
{"level":50,"time":1787715958650,"pid":37508,"hostname":"WIN-LK2TQOOAELR","name":"migrations","msg":"[migrations] v1 applied"}
{"level":50,"time":1787715958650,"pid":37508,"hostname":"WIN-LK2TQOOAELR","name":"migrations","msg":"[migrations] V2: Added 0 pattern columns"}
{"level":50,"time":1787715958650,"pid":37508,"hostname":"WIN-LK2TQOOAELR","name":"migrations","msg":"[migrations] Running graph schema migrations (SQLite sync)..."}
{"level":50,"time":1787715958653,"pid":37508,"hostname":"WIN-LK2TQOOAELR","name":"migrations","msg":"[migrations] Added 9 enhanced symbol columns"}
{"level":50,"time":1787715958654,"pid":37508,"hostname":"WIN-LK2TQOOAELR","name":"migrations","msg":"[migrations] Relationships table ready"}
{"level":50,"time":1787715958654,"pid":37508,"hostname":"WIN-LK2TQOOAELR","name":"migrations","msg":"[migrations] File index table ready"}
{"level":50,"time":1787715958654,"pid":37508,"hostname":"WIN-LK2TQOOAELR","name":"migrations","msg":"[migrations] Graph metadata table ready"}
{"level":50,"time":1787715958654,"pid":37508,"hostname":"WIN-LK2TQOOAELR","name":"migrations","msg":"[migrations] Body embeddings table ready"}
{"level":50,"time":1787715958655,"pid":37508,"hostname":"WIN-LK2TQOOAELR","name":"migrations","msg":"[migrations] Schema version set to 3 (sync)"}
{"level":50,"time":1787715958661,"pid":37508,"hostname":"WIN-LK2TQOOAELR","name":"migrations","msg":"[migrations] V4: Memory tables dropped and recreated"}
{"level":50,"time":1787715958690,"pid":37508,"hostname":"WIN-LK2TQOOAELR","name":"migrations","msg":"[migrations] Applying v1: Initial schema with FTS5"}
{"level":50,"time":1787715958690,"pid":37508,"hostname":"WIN-LK2TQOOAELR","name":"migrations","msg":"[migrations] v1 applied"}
{"level":50,"time":1787715958690,"pid":37508,"hostname":"WIN-LK2TQOOAELR","name":"migrations","msg":"[migrations] V2: Added 0 pattern columns"}
{"level":50,"time":1787715958690,"pid":37508,"hostname":"WIN-LK2TQOOAELR","name":"migrations","msg":"[migrations] Running graph schema migrations (SQLite sync)..."}
{"level":50,"time":1787715958693,"pid":37508,"hostname":"WIN-LK2TQOOAELR","name":"migrations","msg":"[migrations] Added 9 enhanced symbol columns"}
{"level":50,"time":1787715958694,"pid":37508,"hostname":"WIN-LK2TQOOAELR","name":"migrations","msg":"[migrations] Relationships table ready"}
{"level":50,"time":1787715958694,"pid":37508,"hostname":"WIN-LK2TQOOAELR","name":"migrations","msg":"[migrations] File index table ready"}
{"level":50,"time":1787715958695,"pid":37508,"hostname":"WIN-LK2TQOOAELR","name":"migrations","msg":"[migrations] Graph metadata table ready"}
{"level":50,"time":1787715958695,"pid":37508,"hostname":"WIN-LK2TQOOAELR","name":"migrations","msg":"[migrations] Body embeddings table ready"}
{"level":50,"time":1787715958695,"pid":37508,"hostname":"WIN-LK2TQOOAELR","name":"migrations","msg":"[migrations] Schema version set to 3 (sync)"}
{"level":50,"time":1787715958700,"pid":37508,"hostname":"WIN-LK2TQOOAELR","name":"migrations","msg":"[migrations] V4: Memory tables dropped and recreated"}
{"level":50,"time":1787715958725,"pid":37508,"hostname":"WIN-LK2TQOOAELR","name":"migrations","msg":"[migrations] Applying v1: Initial schema with FTS5"}
{"level":50,"time":1787715958725,"pid":37508,"hostname":"WIN-LK2TQOOAELR","name":"migrations","msg":"[migrations] v1 applied"}
{"level":50,"time":1787715958725,"pid":37508,"hostname":"WIN-LK2TQOOAELR","name":"migrations","msg":"[migrations] V2: Added 0 pattern columns"}
{"level":50,"time":1787715958725,"pid":37508,"hostname":"WIN-LK2TQOOAELR","name":"migrations","msg":"[migrations] Running graph schema migrations (SQLite sync)..."}
{"level":50,"time":1787715958727,"pid":37508,"hostname":"WIN-LK2TQOOAELR","name":"migrations","msg":"[migrations] Added 9 enhanced symbol columns"}
{"level":50,"time":1787715958728,"pid":37508,"hostname":"WIN-LK2TQOOAELR","name":"migrations","msg":"[migrations] Relationships table ready"}
{"level":50,"time":1787715958728,"pid":37508,"hostname":"WIN-LK2TQOOAELR","name":"migrations","msg":"[migrations] File index table ready"}
{"level":50,"time":1787715958728,"pid":37508,"hostname":"WIN-LK2TQOOAELR","name":"migrations","msg":"[migrations] Graph metadata table ready"}
{"level":50,"time":1787715958728,"pid":37508,"hostname":"WIN-LK2TQOOAELR","name":"migrations","msg":"[migrations] Body embeddings table ready"}
{"level":50,"time":1787715958728,"pid":37508,"hostname":"WIN-LK2TQOOAELR","name":"migrations","msg":"[migrations] Schema version set to 3 (sync)"}
{"level":50,"time":1787715958735,"pid":37508,"hostname":"WIN-LK2TQOOAELR","name":"migrations","msg":"[migrations] V4: Memory tables dropped and recreated"}
{"level":50,"time":1787715958759,"pid":37508,"hostname":"WIN-LK2TQOOAELR","name":"migrations","msg":"[migrations] Applying v1: Initial schema with FTS5"}
{"level":50,"time":1787715958760,"pid":37508,"hostname":"WIN-LK2TQOOAELR","name":"migrations","msg":"[migrations] v1 applied"}
{"level":50,"time":1787715958760,"pid":37508,"hostname":"WIN-LK2TQOOAELR","name":"migrations","msg":"[migrations] V2: Added 0 pattern columns"}
{"level":50,"time":1787715958760,"pid":37508,"hostname":"WIN-LK2TQOOAELR","name":"migrations","msg":"[migrations] Running graph schema migrations (SQLite sync)..."}
{"level":50,"time":1787715958762,"pid":37508,"hostname":"WIN-LK2TQOOAELR","name":"migrations","msg":"[migrations] Added 9 enhanced symbol columns"}
{"level":50,"time":1787715958762,"pid":37508,"hostname":"WIN-LK2TQOOAELR","name":"migrations","msg":"[migrations] Relationships table ready"}
{"level":50,"time":1787715958762,"pid":37508,"hostname":"WIN-LK2TQOOAELR","name":"migrations","msg":"[migrations] File index table ready"}
{"level":50,"time":1787715958763,"pid":37508,"hostname":"WIN-LK2TQOOAELR","name":"migrations","msg":"[migrations] Graph metadata table ready"}
{"level":50,"time":1787715958763,"pid":37508,"hostname":"WIN-LK2TQOOAELR","name":"migrations","msg":"[migrations] Body embeddings table ready"}
{"level":50,"time":1787715958763,"pid":37508,"hostname":"WIN-LK2TQOOAELR","name":"migrations","msg":"[migrations] Schema version set to 3 (sync)"}
{"level":50,"time":1787715958767,"pid":37508,"hostname":"WIN-LK2TQOOAELR","name":"migrations","msg":"[migrations] V4: Memory tables dropped and recreated"}
{"level":50,"time":1787715958795,"pid":37508,"hostname":"WIN-LK2TQOOAELR","name":"migrations","msg":"[migrations] Applying v1: Initial schema with FTS5"}
{"level":50,"time":1787715958795,"pid":37508,"hostname":"WIN-LK2TQOOAELR","name":"migrations","msg":"[migrations] v1 applied"}
{"level":50,"time":1787715958795,"pid":37508,"hostname":"WIN-LK2TQOOAELR","name":"migrations","msg":"[migrations] V2: Added 0 pattern columns"}
{"level":50,"time":1787715958795,"pid":37508,"hostname":"WIN-LK2TQOOAELR","name":"migrations","msg":"[migrations] Running graph schema migrations (SQLite sync)..."}
{"level":50,"time":1787715958798,"pid":37508,"hostname":"WIN-LK2TQOOAELR","name":"migrations","msg":"[migrations] Added 9 enhanced symbol columns"}
{"level":50,"time":1787715958799,"pid":37508,"hostname":"WIN-LK2TQOOAELR","name":"migrations","msg":"[migrations] Relationships table ready"}
{"level":50,"time":1787715958799,"pid":37508,"hostname":"WIN-LK2TQOOAELR","name":"migrations","msg":"[migrations] File index table ready"}
{"level":50,"time":1787715958799,"pid":37508,"hostname":"WIN-LK2TQOOAELR","name":"migrations","msg":"[migrations] Graph metadata table ready"}
{"level":50,"time":1787715958800,"pid":37508,"hostname":"WIN-LK2TQOOAELR","name":"migrations","msg":"[migrations] Body embeddings table ready"}
{"level":50,"time":1787715958800,"pid":37508,"hostname":"WIN-LK2TQOOAELR","name":"migrations","msg":"[migrations] Schema version set to 3 (sync)"}
{"level":50,"time":1787715958806,"pid":37508,"hostname":"WIN-LK2TQOOAELR","name":"migrations","msg":"[migrations] V4: Memory tables dropped and recreated"}
{"level":50,"time":1787715958836,"pid":37508,"hostname":"WIN-LK2TQOOAELR","name":"migrations","msg":"[migrations] Applying v1: Initial schema with FTS5"}
{"level":50,"time":1787715958837,"pid":37508,"hostname":"WIN-LK2TQOOAELR","name":"migrations","msg":"[migrations] v1 applied"}
{"level":50,"time":1787715958837,"pid":37508,"hostname":"WIN-LK2TQOOAELR","name":"migrations","msg":"[migrations] V2: Added 0 pattern columns"}
{"level":50,"time":1787715958837,"pid":37508,"hostname":"WIN-LK2TQOOAELR","name":"migrations","msg":"[migrations] Running graph schema migrations (SQLite sync)..."}
{"level":50,"time":1787715958839,"pid":37508,"hostname":"WIN-LK2TQOOAELR","name":"migrations","msg":"[migrations] Added 9 enhanced symbol columns"}
{"level":50,"time":1787715958839,"pid":37508,"hostname":"WIN-LK2TQOOAELR","name":"migrations","msg":"[migrations] Relationships table ready"}
{"level":50,"time":1787715958839,"pid":37508,"hostname":"WIN-LK2TQOOAELR","name":"migrations","msg":"[migrations] File index table ready"}
{"level":50,"time":1787715958840,"pid":37508,"hostname":"WIN-LK2TQOOAELR","name":"migrations","msg":"[migrations] Graph metadata table ready"}
{"level":50,"time":1787715958840,"pid":37508,"hostname":"WIN-LK2TQOOAELR","name":"migrations","msg":"[migrations] Body embeddings table ready"}
{"level":50,"time":1787715958840,"pid":37508,"hostname":"WIN-LK2TQOOAELR","name":"migrations","msg":"[migrations] Schema version set to 3 (sync)"}
{"level":50,"time":1787715958846,"pid":37508,"hostname":"WIN-LK2TQOOAELR","name":"migrations","msg":"[migrations] V4: Memory tables dropped and recreated"}
{"level":50,"time":1787715958874,"pid":37508,"hostname":"WIN-LK2TQOOAELR","name":"migrations","msg":"[migrations] Applying v1: Initial schema with FTS5"}
{"level":50,"time":1787715958875,"pid":37508,"hostname":"WIN-LK2TQOOAELR","name":"migrations","msg":"[migrations] v1 applied"}
{"level":50,"time":1787715958875,"pid":37508,"hostname":"WIN-LK2TQOOAELR","name":"migrations","msg":"[migrations] V2: Added 0 pattern columns"}
{"level":50,"time":1787715959677,"pid":37508,"hostname":"WIN-LK2TQOOAELR","name":"database-manager","msg":"[db] Using native binding: C:\\Users\\ASUS\\.code-intel\\native-addons\\better-sqlite3\\v12.10.0\\node-v22-win32-x64\\better_sqlite3.node"}
{"level":50,"time":1787715959700,"pid":37508,"hostname":"WIN-LK2TQOOAELR","name":"database-manager","msg":"[db] Pre-V5 backup written to C:\\Users\\ASUS\\AppData\\Local\\Temp\\sa4e18-pSvDi5\\index.db.pre-v5.bak"}
{"level":50,"time":1787715959719,"pid":37508,"hostname":"WIN-LK2TQOOAELR","name":"database-manager","msg":"[db] Initialized at C:\\Users\\ASUS\\AppData\\Local\\Temp\\sa4e18-pSvDi5\\index.db"}
{"level":50,"time":1787715959793,"pid":37508,"hostname":"WIN-LK2TQOOAELR","name":"database-manager","msg":"[db] Connection closed"}
{"level":50,"time":1787715959833,"pid":37508,"hostname":"WIN-LK2TQOOAELR","name":"database-manager","msg":"[db] Using native binding: C:\\Users\\ASUS\\.code-intel\\native-addons\\better-sqlite3\\v12.10.0\\node-v22-win32-x64\\better_sqlite3.node"}
{"level":50,"time":1787715959925,"pid":37508,"hostname":"WIN-LK2TQOOAELR","name":"database-manager","msg":"[db] Pre-V5 backup written to C:\\Users\\ASUS\\AppData\\Local\\Temp\\sa4e18-GUgqZD\\index.db.pre-v5.bak"}
{"level":50,"time":1787715959950,"pid":37508,"hostname":"WIN-LK2TQOOAELR","name":"database-manager","msg":"[db] Initialized at C:\\Users\\ASUS\\AppData\\Local\\Temp\\sa4e18-GUgqZD\\index.db"}
{"level":50,"time":1787715960012,"pid":37508,"hostname":"WIN-LK2TQOOAELR","name":"database-manager","msg":"[db] Connection closed"}
{"level":50,"time":1787715960014,"pid":37508,"hostname":"WIN-LK2TQOOAELR","name":"database-manager","msg":"[db] Using native binding: C:\\Users\\ASUS\\.code-intel\\native-addons\\better-sqlite3\\v12.10.0\\node-v22-win32-x64\\better_sqlite3.node"}
{"level":50,"time":1787715960034,"pid":37508,"hostname":"WIN-LK2TQOOAELR","name":"database-manager","msg":"[db] Pre-V5 backup written to C:\\Users\\ASUS\\AppData\\Local\\Temp\\sa4e18-z10IoT\\index.db.pre-v5.bak"}
{"level":50,"time":1787715960061,"pid":37508,"hostname":"WIN-LK2TQOOAELR","name":"database-manager","msg":"[db] Initialized at C:\\Users\\ASUS\\AppData\\Local\\Temp\\sa4e18-z10IoT\\index.db"}
{"level":50,"time":1787715960121,"pid":37508,"hostname":"WIN-LK2TQOOAELR","name":"database-manager","msg":"[db] Connection closed"}
{"level":50,"time":1787715960124,"pid":37508,"hostname":"WIN-LK2TQOOAELR","name":"database-manager","msg":"[db] Using native binding: C:\\Users\\ASUS\\.code-intel\\native-addons\\better-sqlite3\\v12.10.0\\node-v22-win32-x64\\better_sqlite3.node"}
{"level":50,"time":1787715960145,"pid":37508,"hostname":"WIN-LK2TQOOAELR","name":"database-manager","msg":"[db] Pre-V5 backup written to C:\\Users\\ASUS\\AppData\\Local\\Temp\\sa4e18-TqZlo9\\index.db.pre-v5.bak"}
{"level":50,"time":1787715960173,"pid":37508,"hostname":"WIN-LK2TQOOAELR","name":"database-manager","msg":"[db] Initialized at C:\\Users\\ASUS\\AppData\\Local\\Temp\\sa4e18-TqZlo9\\index.db"}
{"level":50,"time":1787715960238,"pid":37508,"hostname":"WIN-LK2TQOOAELR","name":"database-manager","msg":"[db] Connection closed"}
{"level":50,"time":1787715960240,"pid":37508,"hostname":"WIN-LK2TQOOAELR","name":"database-manager","msg":"[db] Using native binding: C:\\Users\\ASUS\\.code-intel\\native-addons\\better-sqlite3\\v12.10.0\\node-v22-win32-x64\\better_sqlite3.node"}
{"level":50,"time":1787715960259,"pid":37508,"hostname":"WIN-LK2TQOOAELR","name":"database-manager","msg":"[db] Pre-V5 backup written to C:\\Users\\ASUS\\AppData\\Local\\Temp\\sa4e18-ku6vRZ\\index.db.pre-v5.bak"}
{"level":50,"time":1787715960277,"pid":37508,"hostname":"WIN-LK2TQOOAELR","name":"database-manager","msg":"[db] Initialized at C:\\Users\\ASUS\\AppData\\Local\\Temp\\sa4e18-ku6vRZ\\index.db"}
{"level":50,"time":1787715960345,"pid":37508,"hostname":"WIN-LK2TQOOAELR","name":"database-manager","msg":"[db] Connection closed"}
{"level":50,"time":1787715960347,"pid":37508,"hostname":"WIN-LK2TQOOAELR","name":"database-manager","msg":"[db] Using native binding: C:\\Users\\ASUS\\.code-intel\\native-addons\\better-sqlite3\\v12.10.0\\node-v22-win32-x64\\better_sqlite3.node"}
{"level":50,"time":1787715960368,"pid":37508,"hostname":"WIN-LK2TQOOAELR","name":"database-manager","msg":"[db] Pre-V5 backup written to C:\\Users\\ASUS\\AppData\\Local\\Temp\\sa4e18-f1lbT0\\index.db.pre-v5.bak"}
{"level":50,"time":1787715960384,"pid":37508,"hostname":"WIN-LK2TQOOAELR","name":"database-manager","msg":"[db] Initialized at C:\\Users\\ASUS\\AppData\\Local\\Temp\\sa4e18-f1lbT0\\index.db"}
{"level":50,"time":1787715960451,"pid":37508,"hostname":"WIN-LK2TQOOAELR","name":"database-manager","msg":"[db] Connection closed"}
{"level":50,"time":1787715960453,"pid":37508,"hostname":"WIN-LK2TQOOAELR","name":"database-manager","msg":"[db] Using native binding: C:\\Users\\ASUS\\.code-intel\\native-addons\\better-sqlite3\\v12.10.0\\node-v22-win32-x64\\better_sqlite3.node"}
{"level":50,"time":1787715960471,"pid":37508,"hostname":"WIN-LK2TQOOAELR","name":"database-manager","msg":"[db] Pre-V5 backup written to C:\\Users\\ASUS\\AppData\\Local\\Temp\\sa4e18-sFBODJ\\index.db.pre-v5.bak"}
{"level":50,"time":1787715960487,"pid":37508,"hostname":"WIN-LK2TQOOAELR","name":"database-manager","msg":"[db] Initialized at C:\\Users\\ASUS\\AppData\\Local\\Temp\\sa4e18-sFBODJ\\index.db"}
{"level":50,"time":1787715960552,"pid":37508,"hostname":"WIN-LK2TQOOAELR","name":"database-manager","msg":"[db] Connection closed"}
{"level":50,"time":1787715960555,"pid":37508,"hostname":"WIN-LK2TQOOAELR","name":"database-manager","msg":"[db] Using native binding: C:\\Users\\ASUS\\.code-intel\\native-addons\\better-sqlite3\\v12.10.0\\node-v22-win32-x64\\better_sqlite3.node"}
{"level":50,"time":1787715960569,"pid":37508,"hostname":"WIN-LK2TQOOAELR","name":"database-manager","msg":"[db] Pre-V5 backup written to C:\\Users\\ASUS\\AppData\\Local\\Temp\\sa4e18-dcJMrI\\index.db.pre-v5.bak"}
{"level":50,"time":1787715960595,"pid":37508,"hostname":"WIN-LK2TQOOAELR","name":"database-manager","msg":"[db] Initialized at C:\\Users\\ASUS\\AppData\\Local\\Temp\\sa4e18-dcJMrI\\index.db"}
{"level":50,"time":1787715960656,"pid":37508,"hostname":"WIN-LK2TQOOAELR","name":"database-manager","msg":"[db] Connection closed"}
{"level":50,"time":1787715960659,"pid":37508,"hostname":"WIN-LK2TQOOAELR","name":"database-manager","msg":"[db] Using native binding: C:\\Users\\ASUS\\.code-intel\\native-addons\\better-sqlite3\\v12.10.0\\node-v22-win32-x64\\better_sqlite3.node"}
{"level":50,"time":1787715960683,"pid":37508,"hostname":"WIN-LK2TQOOAELR","name":"database-manager","msg":"[db] Pre-V5 backup written to C:\\Users\\ASUS\\AppData\\Local\\Temp\\sa4e18-9VhR6S\\index.db.pre-v5.bak"}
{"level":50,"time":1787715960711,"pid":37508,"hostname":"WIN-LK2TQOOAELR","name":"database-manager","msg":"[db] Initialized at C:\\Users\\ASUS\\AppData\\Local\\Temp\\sa4e18-9VhR6S\\index.db"}
{"level":50,"time":1787715960771,"pid":37508,"hostname":"WIN-LK2TQOOAELR","name":"database-manager","msg":"[db] Connection closed"}
{"level":50,"time":1787715960775,"pid":37508,"hostname":"WIN-LK2TQOOAELR","name":"database-manager","msg":"[db] Using native binding: C:\\Users\\ASUS\\.code-intel\\native-addons\\better-sqlite3\\v12.10.0\\node-v22-win32-x64\\better_sqlite3.node"}
{"level":50,"time":1787715960791,"pid":37508,"hostname":"WIN-LK2TQOOAELR","name":"database-manager","msg":"[db] Pre-V5 backup written to C:\\Users\\ASUS\\AppData\\Local\\Temp\\sa4e18-6XCtsH\\index.db.pre-v5.bak"}
{"level":50,"time":1787715960821,"pid":37508,"hostname":"WIN-LK2TQOOAELR","name":"database-manager","msg":"[db] Initialized at C:\\Users\\ASUS\\AppData\\Local\\Temp\\sa4e18-6XCtsH\\index.db"}
{"level":50,"time":1787715960890,"pid":37508,"hostname":"WIN-LK2TQOOAELR","name":"database-manager","msg":"[db] Connection closed"}
{"level":50,"time":1787715960892,"pid":37508,"hostname":"WIN-LK2TQOOAELR","name":"database-manager","msg":"[db] Using native binding: C:\\Users\\ASUS\\.code-intel\\native-addons\\better-sqlite3\\v12.10.0\\node-v22-win32-x64\\better_sqlite3.node"}
{"level":50,"time":1787715960913,"pid":37508,"hostname":"WIN-LK2TQOOAELR","name":"database-manager","msg":"[db] Pre-V5 backup written to C:\\Users\\ASUS\\AppData\\Local\\Temp\\sa4e18-yW5WRF\\index.db.pre-v5.bak"}
{"level":50,"time":1787715960932,"pid":37508,"hostname":"WIN-LK2TQOOAELR","name":"database-manager","msg":"[db] Initialized at C:\\Users\\ASUS\\AppData\\Local\\Temp\\sa4e18-yW5WRF\\index.db"}
{"level":50,"time":1787715960993,"pid":37508,"hostname":"WIN-LK2TQOOAELR","name":"database-manager","msg":"[db] Connection closed"}
{"level":50,"time":1787715960996,"pid":37508,"hostname":"WIN-LK2TQOOAELR","name":"database-manager","msg":"[db] Using native binding: C:\\Users\\ASUS\\.code-intel\\native-addons\\better-sqlite3\\v12.10.0\\node-v22-win32-x64\\better_sqlite3.node"}
{"level":50,"time":1787715961018,"pid":37508,"hostname":"WIN-LK2TQOOAELR","name":"database-manager","msg":"[db] Pre-V5 backup written to C:\\Users\\ASUS\\AppData\\Local\\Temp\\sa4e18-ufuG4c\\index.db.pre-v5.bak"}
{"level":50,"time":1787715961042,"pid":37508,"hostname":"WIN-LK2TQOOAELR","name":"database-manager","msg":"[db] Initialized at C:\\Users\\ASUS\\AppData\\Local\\Temp\\sa4e18-ufuG4c\\index.db"}
{"level":50,"time":1787715961104,"pid":37508,"hostname":"WIN-LK2TQOOAELR","name":"database-manager","msg":"[db] Connection closed"}
{"level":50,"time":1787715961106,"pid":37508,"hostname":"WIN-LK2TQOOAELR","name":"database-manager","msg":"[db] Using native binding: C:\\Users\\ASUS\\.code-intel\\native-addons\\better-sqlite3\\v12.10.0\\node-v22-win32-x64\\better_sqlite3.node"}
{"level":50,"time":1787715961126,"pid":37508,"hostname":"WIN-LK2TQOOAELR","name":"database-manager","msg":"[db] Pre-V5 backup written to C:\\Users\\ASUS\\AppData\\Local\\Temp\\sa4e18-Lvswku\\index.db.pre-v5.bak"}
{"level":50,"time":1787715961149,"pid":37508,"hostname":"WIN-LK2TQOOAELR","name":"database-manager","msg":"[db] Initialized at C:\\Users\\ASUS\\AppData\\Local\\Temp\\sa4e18-Lvswku\\index.db"}
{"level":50,"time":1787715961216,"pid":37508,"hostname":"WIN-LK2TQOOAELR","name":"database-manager","msg":"[db] Connection closed"}
{"level":50,"time":1787715961218,"pid":37508,"hostname":"WIN-LK2TQOOAELR","name":"database-manager","msg":"[db] Using native binding: C:\\Users\\ASUS\\.code-intel\\native-addons\\better-sqlite3\\v12.10.0\\node-v22-win32-x64\\better_sqlite3.node"}
{"level":50,"time":1787715961235,"pid":37508,"hostname":"WIN-LK2TQOOAELR","name":"database-manager","msg":"[db] Pre-V5 backup written to C:\\Users\\ASUS\\AppData\\Local\\Temp\\sa4e18-DAm84f\\index.db.pre-v5.bak"}
{"level":50,"time":1787715961252,"pid":37508,"hostname":"WIN-LK2TQOOAELR","name":"database-manager","msg":"[db] Initialized at C:\\Users\\ASUS\\AppData\\Local\\Temp\\sa4e18-DAm84f\\index.db"}
{"level":50,"time":1787715961320,"pid":37508,"hostname":"WIN-LK2TQOOAELR","name":"database-manager","msg":"[db] Connection closed"}
{"level":50,"time":1787715961323,"pid":37508,"hostname":"WIN-LK2TQOOAELR","name":"database-manager","msg":"[db] Using native binding: C:\\Users\\ASUS\\.code-intel\\native-addons\\better-sqlite3\\v12.10.0\\node-v22-win32-x64\\better_sqlite3.node"}
{"level":50,"time":1787715961343,"pid":37508,"hostname":"WIN-LK2TQOOAELR","name":"database-manager","msg":"[db] Pre-V5 backup written to C:\\Users\\ASUS\\AppData\\Local\\Temp\\sa4e18-3ngAbM\\index.db.pre-v5.bak"}
{"level":50,"time":1787715961365,"pid":37508,"hostname":"WIN-LK2TQOOAELR","name":"database-manager","msg":"[db] Initialized at C:\\Users\\ASUS\\AppData\\Local\\Temp\\sa4e18-3ngAbM\\index.db"}
{"level":50,"time":1787715961422,"pid":37508,"hostname":"WIN-LK2TQOOAELR","name":"database-manager","msg":"[db] Connection closed"}
{"level":50,"time":1787715961424,"pid":37508,"hostname":"WIN-LK2TQOOAELR","name":"database-manager","msg":"[db] Using native binding: C:\\Users\\ASUS\\.code-intel\\native-addons\\better-sqlite3\\v12.10.0\\node-v22-win32-x64\\better_sqlite3.node"}
{"level":50,"time":1787715961444,"pid":37508,"hostname":"WIN-LK2TQOOAELR","name":"database-manager","msg":"[db] Pre-V5 backup written to C:\\Users\\ASUS\\AppData\\Local\\Temp\\sa4e18-25Grwk\\index.db.pre-v5.bak"}
{"level":50,"time":1787715961468,"pid":37508,"hostname":"WIN-LK2TQOOAELR","name":"database-manager","msg":"[db] Initialized at C:\\Users\\ASUS\\AppData\\Local\\Temp\\sa4e18-25Grwk\\index.db"}
{"level":50,"time":1787715961529,"pid":37508,"hostname":"WIN-LK2TQOOAELR","name":"database-manager","msg":"[db] Connection closed"}
{"level":50,"time":1787715961531,"pid":37508,"hostname":"WIN-LK2TQOOAELR","name":"database-manager","msg":"[db] Using native binding: C:\\Users\\ASUS\\.code-intel\\native-addons\\better-sqlite3\\v12.10.0\\node-v22-win32-x64\\better_sqlite3.node"}
{"level":50,"time":1787715961570,"pid":37508,"hostname":"WIN-LK2TQOOAELR","name":"database-manager","msg":"[db] Pre-V5 backup written to C:\\Users\\ASUS\\AppData\\Local\\Temp\\sa4e18-QY4J8b\\index.db.pre-v5.bak"}
{"level":50,"time":1787715961599,"pid":37508,"hostname":"WIN-LK2TQOOAELR","name":"database-manager","msg":"[db] Initialized at C:\\Users\\ASUS\\AppData\\Local\\Temp\\sa4e18-QY4J8b\\index.db"}
{"level":50,"time":1787715961657,"pid":37508,"hostname":"WIN-LK2TQOOAELR","name":"database-manager","msg":"[db] Connection closed"}
{"level":50,"time":1787715961660,"pid":37508,"hostname":"WIN-LK2TQOOAELR","name":"database-manager","msg":"[db] Using native binding: C:\\Users\\ASUS\\.code-intel\\native-addons\\better-sqlite3\\v12.10.0\\node-v22-win32-x64\\better_sqlite3.node"}
{"level":50,"time":1787715961680,"pid":37508,"hostname":"WIN-LK2TQOOAELR","name":"database-manager","msg":"[db] Pre-V5 backup written to C:\\Users\\ASUS\\AppData\\Local\\Temp\\sa4e18-qPVNcp\\index.db.pre-v5.bak"}
{"level":50,"time":1787715961705,"pid":37508,"hostname":"WIN-LK2TQOOAELR","name":"database-manager","msg":"[db] Initialized at C:\\Users\\ASUS\\AppData\\Local\\Temp\\sa4e18-qPVNcp\\index.db"}
{"level":50,"time":1787715961766,"pid":37508,"hostname":"WIN-LK2TQOOAELR","name":"database-manager","msg":"[db] Connection closed"}
{"level":50,"time":1787715961770,"pid":37508,"hostname":"WIN-LK2TQOOAELR","name":"database-manager","msg":"[db] Using native binding: C:\\Users\\ASUS\\.code-intel\\native-addons\\better-sqlite3\\v12.10.0\\node-v22-win32-x64\\better_sqlite3.node"}
{"level":50,"time":1787715961837,"pid":37508,"hostname":"WIN-LK2TQOOAELR","name":"database-manager","msg":"[db] Pre-V5 backup written to C:\\Users\\ASUS\\AppData\\Local\\Temp\\sa4e18-hI7Nk6\\index.db.pre-v5.bak"}
{"level":50,"time":1787715961864,"pid":37508,"hostname":"WIN-LK2TQOOAELR","name":"database-manager","msg":"[db] Initialized at C:\\Users\\ASUS\\AppData\\Local\\Temp\\sa4e18-hI7Nk6\\index.db"}
{"level":50,"time":1787715962029,"pid":37508,"hostname":"WIN-LK2TQOOAELR","name":"database-manager","msg":"[db] Connection closed"}
{"level":50,"time":1787715962036,"pid":37508,"hostname":"WIN-LK2TQOOAELR","name":"database-manager","msg":"[db] Using native binding: C:\\Users\\ASUS\\.code-intel\\native-addons\\better-sqlite3\\v12.10.0\\node-v22-win32-x64\\better_sqlite3.node"}
{"level":50,"time":1787715962059,"pid":37508,"hostname":"WIN-LK2TQOOAELR","name":"database-manager","msg":"[db] Pre-V5 backup written to C:\\Users\\ASUS\\AppData\\Local\\Temp\\sa4e18-A8gXbM\\index.db.pre-v5.bak"}
{"level":50,"time":1787715962083,"pid":37508,"hostname":"WIN-LK2TQOOAELR","name":"database-manager","msg":"[db] Initialized at C:\\Users\\ASUS\\AppData\\Local\\Temp\\sa4e18-A8gXbM\\index.db"}
{"level":50,"time":1787715962163,"pid":37508,"hostname":"WIN-LK2TQOOAELR","name":"database-manager","msg":"[db] Connection closed"}
{"level":50,"time":1787715962165,"pid":37508,"hostname":"WIN-LK2TQOOAELR","name":"database-manager","msg":"[db] Using native binding: C:\\Users\\ASUS\\.code-intel\\native-addons\\better-sqlite3\\v12.10.0\\node-v22-win32-x64\\better_sqlite3.node"}
{"level":50,"time":1787715962186,"pid":37508,"hostname":"WIN-LK2TQOOAELR","name":"database-manager","msg":"[db] Pre-V5 backup written to C:\\Users\\ASUS\\AppData\\Local\\Temp\\sa4e18-BcpjVP\\index.db.pre-v5.bak"}
{"level":50,"time":1787715962202,"pid":37508,"hostname":"WIN-LK2TQOOAELR","name":"database-manager","msg":"[db] Initialized at C:\\Users\\ASUS\\AppData\\Local\\Temp\\sa4e18-BcpjVP\\index.db"}
{"level":50,"time":1787715958875,"pid":37508,"hostname":"WIN-LK2TQOOAELR","name":"migrations","msg":"[migrations] Running graph schema migrations (SQLite sync)..."}
{"level":50,"time":1787715958877,"pid":37508,"hostname":"WIN-LK2TQOOAELR","name":"migrations","msg":"[migrations] Added 9 enhanced symbol columns"}
{"level":50,"time":1787715958878,"pid":37508,"hostname":"WIN-LK2TQOOAELR","name":"migrations","msg":"[migrations] Relationships table ready"}
{"level":50,"time":1787715958878,"pid":37508,"hostname":"WIN-LK2TQOOAELR","name":"migrations","msg":"[migrations] File index table ready"}
{"level":50,"time":1787715958878,"pid":37508,"hostname":"WIN-LK2TQOOAELR","name":"migrations","msg":"[migrations] Graph metadata table ready"}
{"level":50,"time":1787715958878,"pid":37508,"hostname":"WIN-LK2TQOOAELR","name":"migrations","msg":"[migrations] Body embeddings table ready"}
{"level":50,"time":1787715958878,"pid":37508,"hostname":"WIN-LK2TQOOAELR","name":"migrations","msg":"[migrations] Schema version set to 3 (sync)"}
{"level":50,"time":1787715958883,"pid":37508,"hostname":"WIN-LK2TQOOAELR","name":"migrations","msg":"[migrations] V4: Memory tables dropped and recreated"}
{"level":50,"time":1787715958913,"pid":37508,"hostname":"WIN-LK2TQOOAELR","name":"migrations","msg":"[migrations] Applying v1: Initial schema with FTS5"}
{"level":50,"time":1787715958913,"pid":37508,"hostname":"WIN-LK2TQOOAELR","name":"migrations","msg":"[migrations] v1 applied"}
{"level":50,"time":1787715958913,"pid":37508,"hostname":"WIN-LK2TQOOAELR","name":"migrations","msg":"[migrations] V2: Added 0 pattern columns"}
{"level":50,"time":1787715958913,"pid":37508,"hostname":"WIN-LK2TQOOAELR","name":"migrations","msg":"[migrations] Running graph schema migrations (SQLite sync)..."}
{"level":50,"time":1787715958915,"pid":37508,"hostname":"WIN-LK2TQOOAELR","name":"migrations","msg":"[migrations] Added 9 enhanced symbol columns"}
{"level":50,"time":1787715958916,"pid":37508,"hostname":"WIN-LK2TQOOAELR","name":"migrations","msg":"[migrations] Relationships table ready"}
{"level":50,"time":1787715958916,"pid":37508,"hostname":"WIN-LK2TQOOAELR","name":"migrations","msg":"[migrations] File index table ready"}
{"level":50,"time":1787715958916,"pid":37508,"hostname":"WIN-LK2TQOOAELR","name":"migrations","msg":"[migrations] Graph metadata table ready"}
{"level":50,"time":1787715958916,"pid":37508,"hostname":"WIN-LK2TQOOAELR","name":"migrations","msg":"[migrations] Body embeddings table ready"}
{"level":50,"time":1787715958916,"pid":37508,"hostname":"WIN-LK2TQOOAELR","name":"migrations","msg":"[migrations] Schema version set to 3 (sync)"}
{"level":50,"time":1787715958921,"pid":37508,"hostname":"WIN-LK2TQOOAELR","name":"migrations","msg":"[migrations] V4: Memory tables dropped and recreated"}
{"level":50,"time":1787715958945,"pid":37508,"hostname":"WIN-LK2TQOOAELR","name":"migrations","msg":"[migrations] Applying v1: Initial schema with FTS5"}
{"level":50,"time":1787715958945,"pid":37508,"hostname":"WIN-LK2TQOOAELR","name":"migrations","msg":"[migrations] v1 applied"}
{"level":50,"time":1787715958945,"pid":37508,"hostname":"WIN-LK2TQOOAELR","name":"migrations","msg":"[migrations] V2: Added 0 pattern columns"}
{"level":50,"time":1787715958945,"pid":37508,"hostname":"WIN-LK2TQOOAELR","name":"migrations","msg":"[migrations] Running graph schema migrations (SQLite sync)..."}
{"level":50,"time":1787715958947,"pid":37508,"hostname":"WIN-LK2TQOOAELR","name":"migrations","msg":"[migrations] Added 9 enhanced symbol columns"}
{"level":50,"time":1787715958948,"pid":37508,"hostname":"WIN-LK2TQOOAELR","name":"migrations","msg":"[migrations] Relationships table ready"}
{"level":50,"time":1787715958948,"pid":37508,"hostname":"WIN-LK2TQOOAELR","name":"migrations","msg":"[migrations] File index table ready"}
{"level":50,"time":1787715958948,"pid":37508,"hostname":"WIN-LK2TQOOAELR","name":"migrations","msg":"[migrations] Graph metadata table ready"}
{"level":50,"time":1787715958948,"pid":37508,"hostname":"WIN-LK2TQOOAELR","name":"migrations","msg":"[migrations] Body embeddings table ready"}
{"level":50,"time":1787715958948,"pid":37508,"hostname":"WIN-LK2TQOOAELR","name":"migrations","msg":"[migrations] Schema version set to 3 (sync)"}
{"level":50,"time":1787715958953,"pid":37508,"hostname":"WIN-LK2TQOOAELR","name":"migrations","msg":"[migrations] V4: Memory tables dropped and recreated"}
{"level":50,"time":1787715958984,"pid":37508,"hostname":"WIN-LK2TQOOAELR","name":"migrations","msg":"[migrations] Applying v1: Initial schema with FTS5"}
{"level":50,"time":1787715958984,"pid":37508,"hostname":"WIN-LK2TQOOAELR","name":"migrations","msg":"[migrations] v1 applied"}
{"level":50,"time":1787715958984,"pid":37508,"hostname":"WIN-LK2TQOOAELR","name":"migrations","msg":"[migrations] V2: Added 0 pattern columns"}
{"level":50,"time":1787715958984,"pid":37508,"hostname":"WIN-LK2TQOOAELR","name":"migrations","msg":"[migrations] Running graph schema migrations (SQLite sync)..."}
{"level":50,"time":1787715958986,"pid":37508,"hostname":"WIN-LK2TQOOAELR","name":"migrations","msg":"[migrations] Added 9 enhanced symbol columns"}
{"level":50,"time":1787715958987,"pid":37508,"hostname":"WIN-LK2TQOOAELR","name":"migrations","msg":"[migrations] Relationships table ready"}
{"level":50,"time":1787715958987,"pid":37508,"hostname":"WIN-LK2TQOOAELR","name":"migrations","msg":"[migrations] File index table ready"}
{"level":50,"time":1787715958987,"pid":37508,"hostname":"WIN-LK2TQOOAELR","name":"migrations","msg":"[migrations] Graph metadata table ready"}
{"level":50,"time":1787715958987,"pid":37508,"hostname":"WIN-LK2TQOOAELR","name":"migrations","msg":"[migrations] Body embeddings table ready"}
{"level":50,"time":1787715958987,"pid":37508,"hostname":"WIN-LK2TQOOAELR","name":"migrations","msg":"[migrations] Schema version set to 3 (sync)"}
{"level":50,"time":1787715958992,"pid":37508,"hostname":"WIN-LK2TQOOAELR","name":"migrations","msg":"[migrations] V4: Memory tables dropped and recreated"}
{"level":50,"time":1787715959021,"pid":37508,"hostname":"WIN-LK2TQOOAELR","name":"migrations","msg":"[migrations] Applying v1: Initial schema with FTS5"}
{"level":50,"time":1787715959021,"pid":37508,"hostname":"WIN-LK2TQOOAELR","name":"migrations","msg":"[migrations] v1 applied"}
{"level":50,"time":1787715959022,"pid":37508,"hostname":"WIN-LK2TQOOAELR","name":"migrations","msg":"[migrations] V2: Added 0 pattern columns"}
{"level":50,"time":1787715959022,"pid":37508,"hostname":"WIN-LK2TQOOAELR","name":"migrations","msg":"[migrations] Running graph schema migrations (SQLite sync)..."}
{"level":50,"time":1787715959024,"pid":37508,"hostname":"WIN-LK2TQOOAELR","name":"migrations","msg":"[migrations] Added 9 enhanced symbol columns"}
{"level":50,"time":1787715959024,"pid":37508,"hostname":"WIN-LK2TQOOAELR","name":"migrations","msg":"[migrations] Relationships table ready"}
{"level":50,"time":1787715959024,"pid":37508,"hostname":"WIN-LK2TQOOAELR","name":"migrations","msg":"[migrations] File index table ready"}
{"level":50,"time":1787715959024,"pid":37508,"hostname":"WIN-LK2TQOOAELR","name":"migrations","msg":"[migrations] Graph metadata table ready"}
{"level":50,"time":1787715959024,"pid":37508,"hostname":"WIN-LK2TQOOAELR","name":"migrations","msg":"[migrations] Body embeddings table ready"}
{"level":50,"time":1787715959025,"pid":37508,"hostname":"WIN-LK2TQOOAELR","name":"migrations","msg":"[migrations] Schema version set to 3 (sync)"}
{"level":50,"time":1787715959029,"pid":37508,"hostname":"WIN-LK2TQOOAELR","name":"migrations","msg":"[migrations] V4: Memory tables dropped and recreated"}
{"level":50,"time":1787715959178,"pid":37508,"hostname":"WIN-LK2TQOOAELR","name":"migrations","msg":"[migrations] Applying v1: Initial schema with FTS5"}
{"level":50,"time":1787715959178,"pid":37508,"hostname":"WIN-LK2TQOOAELR","name":"migrations","msg":"[migrations] v1 applied"}
{"level":50,"time":1787715959178,"pid":37508,"hostname":"WIN-LK2TQOOAELR","name":"migrations","msg":"[migrations] V2: Added 0 pattern columns"}
{"level":50,"time":1787715959178,"pid":37508,"hostname":"WIN-LK2TQOOAELR","name":"migrations","msg":"[migrations] Running graph schema migrations (SQLite sync)..."}
{"level":50,"time":1787715959180,"pid":37508,"hostname":"WIN-LK2TQOOAELR","name":"migrations","msg":"[migrations] Added 9 enhanced symbol columns"}
{"level":50,"time":1787715959180,"pid":37508,"hostname":"WIN-LK2TQOOAELR","name":"migrations","msg":"[migrations] Relationships table ready"}
{"level":50,"time":1787715959180,"pid":37508,"hostname":"WIN-LK2TQOOAELR","name":"migrations","msg":"[migrations] File index table ready"}
{"level":50,"time":1787715959181,"pid":37508,"hostname":"WIN-LK2TQOOAELR","name":"migrations","msg":"[migrations] Graph metadata table ready"}
{"level":50,"time":1787715959181,"pid":37508,"hostname":"WIN-LK2TQOOAELR","name":"migrations","msg":"[migrations] Body embeddings table ready"}
{"level":50,"time":1787715959181,"pid":37508,"hostname":"WIN-LK2TQOOAELR","name":"migrations","msg":"[migrations] Schema version set to 3 (sync)"}
{"level":50,"time":1787715959185,"pid":37508,"hostname":"WIN-LK2TQOOAELR","name":"migrations","msg":"[migrations] V4: Memory tables dropped and recreated"}
{"level":50,"time":1787715959246,"pid":37508,"hostname":"WIN-LK2TQOOAELR","name":"migrations","msg":"[migrations] Applying v1: Initial schema with FTS5"}
{"level":50,"time":1787715959246,"pid":37508,"hostname":"WIN-LK2TQOOAELR","name":"migrations","msg":"[migrations] v1 applied"}
{"level":50,"time":1787715959246,"pid":37508,"hostname":"WIN-LK2TQOOAELR","name":"migrations","msg":"[migrations] V2: Added 0 pattern columns"}
{"level":50,"time":1787715959246,"pid":37508,"hostname":"WIN-LK2TQOOAELR","name":"migrations","msg":"[migrations] Running graph schema migrations (SQLite sync)..."}
{"level":50,"time":1787715959248,"pid":37508,"hostname":"WIN-LK2TQOOAELR","name":"migrations","msg":"[migrations] Added 9 enhanced symbol columns"}
{"level":50,"time":1787715959249,"pid":37508,"hostname":"WIN-LK2TQOOAELR","name":"migrations","msg":"[migrations] Relationships table ready"}
{"level":50,"time":1787715959249,"pid":37508,"hostname":"WIN-LK2TQOOAELR","name":"migrations","msg":"[migrations] File index table ready"}
{"level":50,"time":1787715959249,"pid":37508,"hostname":"WIN-LK2TQOOAELR","name":"migrations","msg":"[migrations] Graph metadata table ready"}
{"level":50,"time":1787715959249,"pid":37508,"hostname":"WIN-LK2TQOOAELR","name":"migrations","msg":"[migrations] Body embeddings table ready"}
{"level":50,"time":1787715959249,"pid":37508,"hostname":"WIN-LK2TQOOAELR","name":"migrations","msg":"[migrations] Schema version set to 3 (sync)"}
{"level":50,"time":1787715959254,"pid":37508,"hostname":"WIN-LK2TQOOAELR","name":"migrations","msg":"[migrations] V4: Memory tables dropped and recreated"}
{"level":50,"time":1787715959332,"pid":37508,"hostname":"WIN-LK2TQOOAELR","name":"migrations","msg":"[migrations] Applying v1: Initial schema with FTS5"}
{"level":50,"time":1787715959332,"pid":37508,"hostname":"WIN-LK2TQOOAELR","name":"migrations","msg":"[migrations] v1 applied"}
{"level":50,"time":1787715959333,"pid":37508,"hostname":"WIN-LK2TQOOAELR","name":"migrations","msg":"[migrations] V2: Added 0 pattern columns"}
{"level":50,"time":1787715959333,"pid":37508,"hostname":"WIN-LK2TQOOAELR","name":"migrations","msg":"[migrations] Running graph schema migrations (SQLite sync)..."}
{"level":50,"time":1787715959335,"pid":37508,"hostname":"WIN-LK2TQOOAELR","name":"migrations","msg":"[migrations] Added 9 enhanced symbol columns"}
{"level":50,"time":1787715959335,"pid":37508,"hostname":"WIN-LK2TQOOAELR","name":"migrations","msg":"[migrations] Relationships table ready"}
{"level":50,"time":1787715959335,"pid":37508,"hostname":"WIN-LK2TQOOAELR","name":"migrations","msg":"[migrations] File index table ready"}
{"level":50,"time":1787715959336,"pid":37508,"hostname":"WIN-LK2TQOOAELR","name":"migrations","msg":"[migrations] Graph metadata table ready"}
{"level":50,"time":1787715959336,"pid":37508,"hostname":"WIN-LK2TQOOAELR","name":"migrations","msg":"[migrations] Body embeddings table ready"}
{"level":50,"time":1787715959336,"pid":37508,"hostname":"WIN-LK2TQOOAELR","name":"migrations","msg":"[migrations] Schema version set to 3 (sync)"}
{"level":50,"time":1787715959341,"pid":37508,"hostname":"WIN-LK2TQOOAELR","name":"migrations","msg":"[migrations] V4: Memory tables dropped and recreated"}
{"level":50,"time":1787715959427,"pid":37508,"hostname":"WIN-LK2TQOOAELR","name":"migrations","msg":"[migrations] Applying v1: Initial schema with FTS5"}
{"level":50,"time":1787715959427,"pid":37508,"hostname":"WIN-LK2TQOOAELR","name":"migrations","msg":"[migrations] v1 applied"}
{"level":50,"time":1787715959427,"pid":37508,"hostname":"WIN-LK2TQOOAELR","name":"migrations","msg":"[migrations] V2: Added 0 pattern columns"}
{"level":50,"time":1787715959427,"pid":37508,"hostname":"WIN-LK2TQOOAELR","name":"migrations","msg":"[migrations] Running graph schema migrations (SQLite sync)..."}
{"level":50,"time":1787715959429,"pid":37508,"hostname":"WIN-LK2TQOOAELR","name":"migrations","msg":"[migrations] Added 9 enhanced symbol columns"}
{"level":50,"time":1787715959430,"pid":37508,"hostname":"WIN-LK2TQOOAELR","name":"migrations","msg":"[migrations] Relationships table ready"}
{"level":50,"time":1787715959430,"pid":37508,"hostname":"WIN-LK2TQOOAELR","name":"migrations","msg":"[migrations] File index table ready"}
{"level":50,"time":1787715959430,"pid":37508,"hostname":"WIN-LK2TQOOAELR","name":"migrations","msg":"[migrations] Graph metadata table ready"}
{"level":50,"time":1787715959430,"pid":37508,"hostname":"WIN-LK2TQOOAELR","name":"migrations","msg":"[migrations] Body embeddings table ready"}
{"level":50,"time":1787715959430,"pid":37508,"hostname":"WIN-LK2TQOOAELR","name":"migrations","msg":"[migrations] Schema version set to 3 (sync)"}
{"level":50,"time":1787715959435,"pid":37508,"hostname":"WIN-LK2TQOOAELR","name":"migrations","msg":"[migrations] V4: Memory tables dropped and recreated"}
{"level":50,"time":1787715959506,"pid":37508,"hostname":"WIN-LK2TQOOAELR","name":"migrations","msg":"[migrations] Applying v1: Initial schema with FTS5"}
{"level":50,"time":1787715959507,"pid":37508,"hostname":"WIN-LK2TQOOAELR","name":"migrations","msg":"[migrations] v1 applied"}
{"level":50,"time":1787715959507,"pid":37508,"hostname":"WIN-LK2TQOOAELR","name":"migrations","msg":"[migrations] V2: Added 0 pattern columns"}
{"level":50,"time":1787715959507,"pid":37508,"hostname":"WIN-LK2TQOOAELR","name":"migrations","msg":"[migrations] Running graph schema migrations (SQLite sync)..."}
{"level":50,"time":1787715959511,"pid":37508,"hostname":"WIN-LK2TQOOAELR","name":"migrations","msg":"[migrations] Added 9 enhanced symbol columns"}
{"level":50,"time":1787715959512,"pid":37508,"hostname":"WIN-LK2TQOOAELR","name":"migrations","msg":"[migrations] Relationships table ready"}
{"level":50,"time":1787715959512,"pid":37508,"hostname":"WIN-LK2TQOOAELR","name":"migrations","msg":"[migrations] File index table ready"}
{"level":50,"time":1787715959512,"pid":37508,"hostname":"WIN-LK2TQOOAELR","name":"migrations","msg":"[migrations] Graph metadata table ready"}
{"level":50,"time":1787715959513,"pid":37508,"hostname":"WIN-LK2TQOOAELR","name":"migrations","msg":"[migrations] Body embeddings table ready"}
{"level":50,"time":1787715959513,"pid":37508,"hostname":"WIN-LK2TQOOAELR","name":"migrations","msg":"[migrations] Schema version set to 3 (sync)"}
{"level":50,"time":1787715959519,"pid":37508,"hostname":"WIN-LK2TQOOAELR","name":"migrations","msg":"[migrations] V4: Memory tables dropped and recreated"}
{"level":50,"time":1787715959593,"pid":37508,"hostname":"WIN-LK2TQOOAELR","name":"migrations","msg":"[migrations] Applying v1: Initial schema with FTS5"}
{"level":50,"time":1787715959593,"pid":37508,"hostname":"WIN-LK2TQOOAELR","name":"migrations","msg":"[migrations] v1 applied"}
{"level":50,"time":1787715959593,"pid":37508,"hostname":"WIN-LK2TQOOAELR","name":"migrations","msg":"[migrations] V2: Added 0 pattern columns"}
{"level":50,"time":1787715959593,"pid":37508,"hostname":"WIN-LK2TQOOAELR","name":"migrations","msg":"[migrations] Running graph schema migrations (SQLite sync)..."}
{"level":50,"time":1787715962284,"pid":37508,"hostname":"WIN-LK2TQOOAELR","name":"database-manager","msg":"[db] Connection closed"}
{"level":50,"time":1787715962287,"pid":37508,"hostname":"WIN-LK2TQOOAELR","name":"database-manager","msg":"[db] Using native binding: C:\\Users\\ASUS\\.code-intel\\native-addons\\better-sqlite3\\v12.10.0\\node-v22-win32-x64\\better_sqlite3.node"}
{"level":50,"time":1787715962307,"pid":37508,"hostname":"WIN-LK2TQOOAELR","name":"database-manager","msg":"[db] Pre-V5 backup written to C:\\Users\\ASUS\\AppData\\Local\\Temp\\sa4e18-1vLIoS\\index.db.pre-v5.bak"}
{"level":50,"time":1787715962334,"pid":37508,"hostname":"WIN-LK2TQOOAELR","name":"database-manager","msg":"[db] Initialized at C:\\Users\\ASUS\\AppData\\Local\\Temp\\sa4e18-1vLIoS\\index.db"}
{"level":50,"time":1787715962409,"pid":37508,"hostname":"WIN-LK2TQOOAELR","name":"database-manager","msg":"[db] Connection closed"}
{"level":50,"time":1787715962411,"pid":37508,"hostname":"WIN-LK2TQOOAELR","name":"database-manager","msg":"[db] Using native binding: C:\\Users\\ASUS\\.code-intel\\native-addons\\better-sqlite3\\v12.10.0\\node-v22-win32-x64\\better_sqlite3.node"}
{"level":50,"time":1787715962431,"pid":37508,"hostname":"WIN-LK2TQOOAELR","name":"database-manager","msg":"[db] Pre-V5 backup written to C:\\Users\\ASUS\\AppData\\Local\\Temp\\sa4e18-Ey6I62\\index.db.pre-v5.bak"}
{"level":50,"time":1787715962454,"pid":37508,"hostname":"WIN-LK2TQOOAELR","name":"database-manager","msg":"[db] Initialized at C:\\Users\\ASUS\\AppData\\Local\\Temp\\sa4e18-Ey6I62\\index.db"}
{"level":50,"time":1787715962515,"pid":37508,"hostname":"WIN-LK2TQOOAELR","name":"database-manager","msg":"[db] Connection closed"}
{"level":50,"time":1787715962518,"pid":37508,"hostname":"WIN-LK2TQOOAELR","name":"database-manager","msg":"[db] Using native binding: C:\\Users\\ASUS\\.code-intel\\native-addons\\better-sqlite3\\v12.10.0\\node-v22-win32-x64\\better_sqlite3.node"}
{"level":50,"time":1787715962540,"pid":37508,"hostname":"WIN-LK2TQOOAELR","name":"database-manager","msg":"[db] Pre-V5 backup written to C:\\Users\\ASUS\\AppData\\Local\\Temp\\sa4e18-tDGAYv\\index.db.pre-v5.bak"}
{"level":50,"time":1787715962565,"pid":37508,"hostname":"WIN-LK2TQOOAELR","name":"database-manager","msg":"[db] Initialized at C:\\Users\\ASUS\\AppData\\Local\\Temp\\sa4e18-tDGAYv\\index.db"}
{"level":50,"time":1787715962643,"pid":37508,"hostname":"WIN-LK2TQOOAELR","name":"database-manager","msg":"[db] Connection closed"}
{"level":50,"time":1787715962648,"pid":37508,"hostname":"WIN-LK2TQOOAELR","name":"database-manager","msg":"[db] Using native binding: C:\\Users\\ASUS\\.code-intel\\native-addons\\better-sqlite3\\v12.10.0\\node-v22-win32-x64\\better_sqlite3.node"}
{"level":50,"time":1787715962669,"pid":37508,"hostname":"WIN-LK2TQOOAELR","name":"database-manager","msg":"[db] Pre-V5 backup written to C:\\Users\\ASUS\\AppData\\Local\\Temp\\sa4e18-CQF4nR\\index.db.pre-v5.bak"}
{"level":50,"time":1787715962694,"pid":37508,"hostname":"WIN-LK2TQOOAELR","name":"database-manager","msg":"[db] Initialized at C:\\Users\\ASUS\\AppData\\Local\\Temp\\sa4e18-CQF4nR\\index.db"}
{"level":50,"time":1787715962756,"pid":37508,"hostname":"WIN-LK2TQOOAELR","name":"database-manager","msg":"[db] Connection closed"}
{"level":50,"time":1787715962759,"pid":37508,"hostname":"WIN-LK2TQOOAELR","name":"database-manager","msg":"[db] Using native binding: C:\\Users\\ASUS\\.code-intel\\native-addons\\better-sqlite3\\v12.10.0\\node-v22-win32-x64\\better_sqlite3.node"}
{"level":50,"time":1787715962777,"pid":37508,"hostname":"WIN-LK2TQOOAELR","name":"database-manager","msg":"[db] Pre-V5 backup written to C:\\Users\\ASUS\\AppData\\Local\\Temp\\sa4e18-gU33MY\\index.db.pre-v5.bak"}
{"level":50,"time":1787715962798,"pid":37508,"hostname":"WIN-LK2TQOOAELR","name":"database-manager","msg":"[db] Initialized at C:\\Users\\ASUS\\AppData\\Local\\Temp\\sa4e18-gU33MY\\index.db"}
{"level":50,"time":1787715962858,"pid":37508,"hostname":"WIN-LK2TQOOAELR","name":"database-manager","msg":"[db] Connection closed"}
{"level":50,"time":1787715962860,"pid":37508,"hostname":"WIN-LK2TQOOAELR","name":"database-manager","msg":"[db] Using native binding: C:\\Users\\ASUS\\.code-intel\\native-addons\\better-sqlite3\\v12.10.0\\node-v22-win32-x64\\better_sqlite3.node"}
{"level":50,"time":1787715962881,"pid":37508,"hostname":"WIN-LK2TQOOAELR","name":"database-manager","msg":"[db] Pre-V5 backup written to C:\\Users\\ASUS\\AppData\\Local\\Temp\\sa4e18-nRTOcK\\index.db.pre-v5.bak"}
{"level":50,"time":1787715962906,"pid":37508,"hostname":"WIN-LK2TQOOAELR","name":"database-manager","msg":"[db] Initialized at C:\\Users\\ASUS\\AppData\\Local\\Temp\\sa4e18-nRTOcK\\index.db"}
{"level":50,"time":1787715962976,"pid":37508,"hostname":"WIN-LK2TQOOAELR","name":"database-manager","msg":"[db] Connection closed"}
{"level":50,"time":1787715962978,"pid":37508,"hostname":"WIN-LK2TQOOAELR","name":"database-manager","msg":"[db] Using native binding: C:\\Users\\ASUS\\.code-intel\\native-addons\\better-sqlite3\\v12.10.0\\node-v22-win32-x64\\better_sqlite3.node"}
{"level":50,"time":1787715962997,"pid":37508,"hostname":"WIN-LK2TQOOAELR","name":"database-manager","msg":"[db] Pre-V5 backup written to C:\\Users\\ASUS\\AppData\\Local\\Temp\\sa4e18-6vDl5e\\index.db.pre-v5.bak"}
{"level":50,"time":1787715963016,"pid":37508,"hostname":"WIN-LK2TQOOAELR","name":"database-manager","msg":"[db] Initialized at C:\\Users\\ASUS\\AppData\\Local\\Temp\\sa4e18-6vDl5e\\index.db"}
{"level":50,"time":1787715963094,"pid":37508,"hostname":"WIN-LK2TQOOAELR","name":"database-manager","msg":"[db] Connection closed"}
{"level":50,"time":1787715963096,"pid":37508,"hostname":"WIN-LK2TQOOAELR","name":"database-manager","msg":"[db] Using native binding: C:\\Users\\ASUS\\.code-intel\\native-addons\\better-sqlite3\\v12.10.0\\node-v22-win32-x64\\better_sqlite3.node"}
{"level":50,"time":1787715963117,"pid":37508,"hostname":"WIN-LK2TQOOAELR","name":"database-manager","msg":"[db] Pre-V5 backup written to C:\\Users\\ASUS\\AppData\\Local\\Temp\\sa4e18-WqOIQb\\index.db.pre-v5.bak"}
{"level":50,"time":1787715963144,"pid":37508,"hostname":"WIN-LK2TQOOAELR","name":"database-manager","msg":"[db] Initialized at C:\\Users\\ASUS\\AppData\\Local\\Temp\\sa4e18-WqOIQb\\index.db"}
{"level":50,"time":1787715963212,"pid":37508,"hostname":"WIN-LK2TQOOAELR","name":"database-manager","msg":"[db] Connection closed"}
{"level":50,"time":1787715963216,"pid":37508,"hostname":"WIN-LK2TQOOAELR","name":"database-manager","msg":"[db] Using native binding: C:\\Users\\ASUS\\.code-intel\\native-addons\\better-sqlite3\\v12.10.0\\node-v22-win32-x64\\better_sqlite3.node"}
{"level":50,"time":1787715963237,"pid":37508,"hostname":"WIN-LK2TQOOAELR","name":"database-manager","msg":"[db] Pre-V5 backup written to C:\\Users\\ASUS\\AppData\\Local\\Temp\\sa4e18-4Z4jMX\\index.db.pre-v5.bak"}
{"level":50,"time":1787715963264,"pid":37508,"hostname":"WIN-LK2TQOOAELR","name":"database-manager","msg":"[db] Initialized at C:\\Users\\ASUS\\AppData\\Local\\Temp\\sa4e18-4Z4jMX\\index.db"}
{"level":50,"time":1787715963332,"pid":37508,"hostname":"WIN-LK2TQOOAELR","name":"database-manager","msg":"[db] Connection closed"}
{"level":50,"time":1787715963334,"pid":37508,"hostname":"WIN-LK2TQOOAELR","name":"database-manager","msg":"[db] Using native binding: C:\\Users\\ASUS\\.code-intel\\native-addons\\better-sqlite3\\v12.10.0\\node-v22-win32-x64\\better_sqlite3.node"}
{"level":50,"time":1787715963355,"pid":37508,"hostname":"WIN-LK2TQOOAELR","name":"database-manager","msg":"[db] Pre-V5 backup written to C:\\Users\\ASUS\\AppData\\Local\\Temp\\sa4e18-C8msIQ\\index.db.pre-v5.bak"}
{"level":50,"time":1787715963374,"pid":37508,"hostname":"WIN-LK2TQOOAELR","name":"database-manager","msg":"[db] Initialized at C:\\Users\\ASUS\\AppData\\Local\\Temp\\sa4e18-C8msIQ\\index.db"}
{"level":50,"time":1787715963442,"pid":37508,"hostname":"WIN-LK2TQOOAELR","name":"database-manager","msg":"[db] Connection closed"}
{"level":50,"time":1787715963444,"pid":37508,"hostname":"WIN-LK2TQOOAELR","name":"database-manager","msg":"[db] Using native binding: C:\\Users\\ASUS\\.code-intel\\native-addons\\better-sqlite3\\v12.10.0\\node-v22-win32-x64\\better_sqlite3.node"}
{"level":50,"time":1787715963462,"pid":37508,"hostname":"WIN-LK2TQOOAELR","name":"database-manager","msg":"[db] Pre-V5 backup written to C:\\Users\\ASUS\\AppData\\Local\\Temp\\sa4e18-f3AfGx\\index.db.pre-v5.bak"}
{"level":50,"time":1787715963479,"pid":37508,"hostname":"WIN-LK2TQOOAELR","name":"database-manager","msg":"[db] Initialized at C:\\Users\\ASUS\\AppData\\Local\\Temp\\sa4e18-f3AfGx\\index.db"}
{"level":50,"time":1787715963545,"pid":37508,"hostname":"WIN-LK2TQOOAELR","name":"database-manager","msg":"[db] Connection closed"}
{"level":50,"time":1787715963548,"pid":37508,"hostname":"WIN-LK2TQOOAELR","name":"database-manager","msg":"[db] Using native binding: C:\\Users\\ASUS\\.code-intel\\native-addons\\better-sqlite3\\v12.10.0\\node-v22-win32-x64\\better_sqlite3.node"}
{"level":50,"time":1787715963568,"pid":37508,"hostname":"WIN-LK2TQOOAELR","name":"database-manager","msg":"[db] Pre-V5 backup written to C:\\Users\\ASUS\\AppData\\Local\\Temp\\sa4e18-ABpXlD\\index.db.pre-v5.bak"}
{"level":50,"time":1787715963583,"pid":37508,"hostname":"WIN-LK2TQOOAELR","name":"database-manager","msg":"[db] Initialized at C:\\Users\\ASUS\\AppData\\Local\\Temp\\sa4e18-ABpXlD\\index.db"}
{"level":50,"time":1787715963649,"pid":37508,"hostname":"WIN-LK2TQOOAELR","name":"database-manager","msg":"[db] Connection closed"}
{"level":50,"time":1787715963657,"pid":37508,"hostname":"WIN-LK2TQOOAELR","name":"database-manager","msg":"[db] Using native binding: C:\\Users\\ASUS\\.code-intel\\native-addons\\better-sqlite3\\v12.10.0\\node-v22-win32-x64\\better_sqlite3.node"}
{"level":50,"time":1787715963672,"pid":37508,"hostname":"WIN-LK2TQOOAELR","name":"database-manager","msg":"[db] Pre-V5 backup written to C:\\Users\\ASUS\\AppData\\Local\\Temp\\sa4e18-QcL9pa\\index.db.pre-v5.bak"}
{"level":50,"time":1787715963700,"pid":37508,"hostname":"WIN-LK2TQOOAELR","name":"database-manager","msg":"[db] Initialized at C:\\Users\\ASUS\\AppData\\Local\\Temp\\sa4e18-QcL9pa\\index.db"}
{"level":50,"time":1787715963756,"pid":37508,"hostname":"WIN-LK2TQOOAELR","name":"database-manager","msg":"[db] Connection closed"}
{"level":50,"time":1787715963759,"pid":37508,"hostname":"WIN-LK2TQOOAELR","name":"database-manager","msg":"[db] Using native binding: C:\\Users\\ASUS\\.code-intel\\native-addons\\better-sqlite3\\v12.10.0\\node-v22-win32-x64\\better_sqlite3.node"}
{"level":50,"time":1787715963776,"pid":37508,"hostname":"WIN-LK2TQOOAELR","name":"database-manager","msg":"[db] Pre-V5 backup written to C:\\Users\\ASUS\\AppData\\Local\\Temp\\sa4e18-5czUzt\\index.db.pre-v5.bak"}
{"level":50,"time":1787715963797,"pid":37508,"hostname":"WIN-LK2TQOOAELR","name":"database-manager","msg":"[db] Initialized at C:\\Users\\ASUS\\AppData\\Local\\Temp\\sa4e18-5czUzt\\index.db"}
{"level":50,"time":1787715963855,"pid":37508,"hostname":"WIN-LK2TQOOAELR","name":"database-manager","msg":"[db] Connection closed"}
{"level":50,"time":1787715963862,"pid":37508,"hostname":"WIN-LK2TQOOAELR","name":"database-manager","msg":"[db] Using native binding: C:\\Users\\ASUS\\.code-intel\\native-addons\\better-sqlite3\\v12.10.0\\node-v22-win32-x64\\better_sqlite3.node"}
{"level":50,"time":1787715963873,"pid":37508,"hostname":"WIN-LK2TQOOAELR","name":"database-manager","msg":"[db] Pre-V5 backup written to C:\\Users\\ASUS\\AppData\\Local\\Temp\\sa4e18-sLPTTI\\index.db.pre-v5.bak"}
{"level":50,"time":1787715963897,"pid":37508,"hostname":"WIN-LK2TQOOAELR","name":"database-manager","msg":"[db] Initialized at C:\\Users\\ASUS\\AppData\\Local\\Temp\\sa4e18-sLPTTI\\index.db"}
{"level":50,"time":1787715963963,"pid":37508,"hostname":"WIN-LK2TQOOAELR","name":"database-manager","msg":"[db] Connection closed"}
{"level":50,"time":1787715963965,"pid":37508,"hostname":"WIN-LK2TQOOAELR","name":"database-manager","msg":"[db] Using native binding: C:\\Users\\ASUS\\.code-intel\\native-addons\\better-sqlite3\\v12.10.0\\node-v22-win32-x64\\better_sqlite3.node"}
{"level":50,"time":1787715963985,"pid":37508,"hostname":"WIN-LK2TQOOAELR","name":"database-manager","msg":"[db] Pre-V5 backup written to C:\\Users\\ASUS\\AppData\\Local\\Temp\\sa4e18-ileygJ\\index.db.pre-v5.bak"}
{"level":50,"time":1787715964011,"pid":37508,"hostname":"WIN-LK2TQOOAELR","name":"database-manager","msg":"[db] Initialized at C:\\Users\\ASUS\\AppData\\Local\\Temp\\sa4e18-ileygJ\\index.db"}
{"level":50,"time":1787715964069,"pid":37508,"hostname":"WIN-LK2TQOOAELR","name":"database-manager","msg":"[db] Connection closed"}
{"level":50,"time":1787715964071,"pid":37508,"hostname":"WIN-LK2TQOOAELR","name":"database-manager","msg":"[db] Using native binding: C:\\Users\\ASUS\\.code-intel\\native-addons\\better-sqlite3\\v12.10.0\\node-v22-win32-x64\\better_sqlite3.node"}
{"level":50,"time":1787715964093,"pid":37508,"hostname":"WIN-LK2TQOOAELR","name":"database-manager","msg":"[db] Pre-V5 backup written to C:\\Users\\ASUS\\AppData\\Local\\Temp\\sa4e18-Gymlgu\\index.db.pre-v5.bak"}
{"level":50,"time":1787715964113,"pid":37508,"hostname":"WIN-LK2TQOOAELR","name":"database-manager","msg":"[db] Initialized at C:\\Users\\ASUS\\AppData\\Local\\Temp\\sa4e18-Gymlgu\\index.db"}
{"level":50,"time":1787715964179,"pid":37508,"hostname":"WIN-LK2TQOOAELR","name":"database-manager","msg":"[db] Connection closed"}
{"level":50,"time":1787715964181,"pid":37508,"hostname":"WIN-LK2TQOOAELR","name":"database-manager","msg":"[db] Using native binding: C:\\Users\\ASUS\\.code-intel\\native-addons\\better-sqlite3\\v12.10.0\\node-v22-win32-x64\\better_sqlite3.node"}
{"level":50,"time":1787715964200,"pid":37508,"hostname":"WIN-LK2TQOOAELR","name":"database-manager","msg":"[db] Pre-V5 backup written to C:\\Users\\ASUS\\AppData\\Local\\Temp\\sa4e18-PcMQqG\\index.db.pre-v5.bak"}
{"level":50,"time":1787715964220,"pid":37508,"hostname":"WIN-LK2TQOOAELR","name":"database-manager","msg":"[db] Initialized at C:\\Users\\ASUS\\AppData\\Local\\Temp\\sa4e18-PcMQqG\\index.db"}
{"level":50,"time":1787715964289,"pid":37508,"hostname":"WIN-LK2TQOOAELR","name":"database-manager","msg":"[db] Connection closed"}
{"level":50,"time":1787715964296,"pid":37508,"hostname":"WIN-LK2TQOOAELR","name":"database-manager","msg":"[db] Using native binding: C:\\Users\\ASUS\\.code-intel\\native-addons\\better-sqlite3\\v12.10.0\\node-v22-win32-x64\\better_sqlite3.node"}
{"level":50,"time":1787715964357,"pid":37508,"hostname":"WIN-LK2TQOOAELR","name":"database-manager","msg":"[db] Pre-V5 backup written to C:\\Users\\ASUS\\AppData\\Local\\Temp\\sa4e18-UKUcBR\\index.db.pre-v5.bak"}
{"level":50,"time":1787715964384,"pid":37508,"hostname":"WIN-LK2TQOOAELR","name":"database-manager","msg":"[db] Initialized at C:\\Users\\ASUS\\AppData\\Local\\Temp\\sa4e18-UKUcBR\\index.db"}
{"level":50,"time":1787715964455,"pid":37508,"hostname":"WIN-LK2TQOOAELR","name":"database-manager","msg":"[db] Connection closed"}
{"level":50,"time":1787715964458,"pid":37508,"hostname":"WIN-LK2TQOOAELR","name":"database-manager","msg":"[db] Using native binding: C:\\Users\\ASUS\\.code-intel\\native-addons\\better-sqlite3\\v12.10.0\\node-v22-win32-x64\\better_sqlite3.node"}
{"level":50,"time":1787715964480,"pid":37508,"hostname":"WIN-LK2TQOOAELR","name":"database-manager","msg":"[db] Pre-V5 backup written to C:\\Users\\ASUS\\AppData\\Local\\Temp\\sa4e18-MljKbp\\index.db.pre-v5.bak"}
{"level":50,"time":1787715964507,"pid":37508,"hostname":"WIN-LK2TQOOAELR","name":"database-manager","msg":"[db] Initialized at C:\\Users\\ASUS\\AppData\\Local\\Temp\\sa4e18-MljKbp\\index.db"}
{"level":50,"time":1787715964576,"pid":37508,"hostname":"WIN-LK2TQOOAELR","name":"database-manager","msg":"[db] Connection closed"}
{"level":50,"time":1787715964578,"pid":37508,"hostname":"WIN-LK2TQOOAELR","name":"database-manager","msg":"[db] Using native binding: C:\\Users\\ASUS\\.code-intel\\native-addons\\better-sqlite3\\v12.10.0\\node-v22-win32-x64\\better_sqlite3.node"}
{"level":50,"time":1787715964597,"pid":37508,"hostname":"WIN-LK2TQOOAELR","name":"database-manager","msg":"[db] Pre-V5 backup written to C:\\Users\\ASUS\\AppData\\Local\\Temp\\sa4e18-eD6N7Y\\index.db.pre-v5.bak"}
{"level":50,"time":1787715959596,"pid":37508,"hostname":"WIN-LK2TQOOAELR","name":"migrations","msg":"[migrations] Added 9 enhanced symbol columns"}
{"level":50,"time":1787715959597,"pid":37508,"hostname":"WIN-LK2TQOOAELR","name":"migrations","msg":"[migrations] Relationships table ready"}
{"level":50,"time":1787715959597,"pid":37508,"hostname":"WIN-LK2TQOOAELR","name":"migrations","msg":"[migrations] File index table ready"}
{"level":50,"time":1787715959597,"pid":37508,"hostname":"WIN-LK2TQOOAELR","name":"migrations","msg":"[migrations] Graph metadata table ready"}
{"level":50,"time":1787715959597,"pid":37508,"hostname":"WIN-LK2TQOOAELR","name":"migrations","msg":"[migrations] Body embeddings table ready"}
{"level":50,"time":1787715959597,"pid":37508,"hostname":"WIN-LK2TQOOAELR","name":"migrations","msg":"[migrations] Schema version set to 3 (sync)"}
{"level":50,"time":1787715959603,"pid":37508,"hostname":"WIN-LK2TQOOAELR","name":"migrations","msg":"[migrations] V4: Memory tables dropped and recreated"}
{"level":50,"time":1787715959709,"pid":37508,"hostname":"WIN-LK2TQOOAELR","name":"migrations","msg":"[migrations] Applying v1: Initial schema with FTS5"}
{"level":50,"time":1787715959709,"pid":37508,"hostname":"WIN-LK2TQOOAELR","name":"migrations","msg":"[migrations] v1 applied"}
{"level":50,"time":1787715959709,"pid":37508,"hostname":"WIN-LK2TQOOAELR","name":"migrations","msg":"[migrations] V2: Added 0 pattern columns"}
{"level":50,"time":1787715959709,"pid":37508,"hostname":"WIN-LK2TQOOAELR","name":"migrations","msg":"[migrations] Running graph schema migrations (SQLite sync)..."}
{"level":50,"time":1787715959712,"pid":37508,"hostname":"WIN-LK2TQOOAELR","name":"migrations","msg":"[migrations] Added 9 enhanced symbol columns"}
{"level":50,"time":1787715959712,"pid":37508,"hostname":"WIN-LK2TQOOAELR","name":"migrations","msg":"[migrations] Relationships table ready"}
{"level":50,"time":1787715959713,"pid":37508,"hostname":"WIN-LK2TQOOAELR","name":"migrations","msg":"[migrations] File index table ready"}
{"level":50,"time":1787715959713,"pid":37508,"hostname":"WIN-LK2TQOOAELR","name":"migrations","msg":"[migrations] Graph metadata table ready"}
{"level":50,"time":1787715959713,"pid":37508,"hostname":"WIN-LK2TQOOAELR","name":"migrations","msg":"[migrations] Body embeddings table ready"}
{"level":50,"time":1787715959713,"pid":37508,"hostname":"WIN-LK2TQOOAELR","name":"migrations","msg":"[migrations] Schema version set to 3 (sync)"}
{"level":50,"time":1787715959718,"pid":37508,"hostname":"WIN-LK2TQOOAELR","name":"migrations","msg":"[migrations] V4: Memory tables dropped and recreated"}
{"level":50,"time":1787715959941,"pid":37508,"hostname":"WIN-LK2TQOOAELR","name":"migrations","msg":"[migrations] Applying v1: Initial schema with FTS5"}
{"level":50,"time":1787715959942,"pid":37508,"hostname":"WIN-LK2TQOOAELR","name":"migrations","msg":"[migrations] v1 applied"}
{"level":50,"time":1787715959942,"pid":37508,"hostname":"WIN-LK2TQOOAELR","name":"migrations","msg":"[migrations] V2: Added 0 pattern columns"}
{"level":50,"time":1787715959942,"pid":37508,"hostname":"WIN-LK2TQOOAELR","name":"migrations","msg":"[migrations] Running graph schema migrations (SQLite sync)..."}
{"level":50,"time":1787715959944,"pid":37508,"hostname":"WIN-LK2TQOOAELR","name":"migrations","msg":"[migrations] Added 9 enhanced symbol columns"}
{"level":50,"time":1787715959944,"pid":37508,"hostname":"WIN-LK2TQOOAELR","name":"migrations","msg":"[migrations] Relationships table ready"}
{"level":50,"time":1787715959944,"pid":37508,"hostname":"WIN-LK2TQOOAELR","name":"migrations","msg":"[migrations] File index table ready"}
{"level":50,"time":1787715959945,"pid":37508,"hostname":"WIN-LK2TQOOAELR","name":"migrations","msg":"[migrations] Graph metadata table ready"}
{"level":50,"time":1787715959945,"pid":37508,"hostname":"WIN-LK2TQOOAELR","name":"migrations","msg":"[migrations] Body embeddings table ready"}
{"level":50,"time":1787715959945,"pid":37508,"hostname":"WIN-LK2TQOOAELR","name":"migrations","msg":"[migrations] Schema version set to 3 (sync)"}
{"level":50,"time":1787715959949,"pid":37508,"hostname":"WIN-LK2TQOOAELR","name":"migrations","msg":"[migrations] V4: Memory tables dropped and recreated"}
{"level":50,"time":1787715960051,"pid":37508,"hostname":"WIN-LK2TQOOAELR","name":"migrations","msg":"[migrations] Applying v1: Initial schema with FTS5"}
{"level":50,"time":1787715960051,"pid":37508,"hostname":"WIN-LK2TQOOAELR","name":"migrations","msg":"[migrations] v1 applied"}
{"level":50,"time":1787715960051,"pid":37508,"hostname":"WIN-LK2TQOOAELR","name":"migrations","msg":"[migrations] V2: Added 0 pattern columns"}
{"level":50,"time":1787715960051,"pid":37508,"hostname":"WIN-LK2TQOOAELR","name":"migrations","msg":"[migrations] Running graph schema migrations (SQLite sync)..."}
{"level":50,"time":1787715960053,"pid":37508,"hostname":"WIN-LK2TQOOAELR","name":"migrations","msg":"[migrations] Added 9 enhanced symbol columns"}
{"level":50,"time":1787715960054,"pid":37508,"hostname":"WIN-LK2TQOOAELR","name":"migrations","msg":"[migrations] Relationships table ready"}
{"level":50,"time":1787715960054,"pid":37508,"hostname":"WIN-LK2TQOOAELR","name":"migrations","msg":"[migrations] File index table ready"}
{"level":50,"time":1787715960054,"pid":37508,"hostname":"WIN-LK2TQOOAELR","name":"migrations","msg":"[migrations] Graph metadata table ready"}
{"level":50,"time":1787715960054,"pid":37508,"hostname":"WIN-LK2TQOOAELR","name":"migrations","msg":"[migrations] Body embeddings table ready"}
{"level":50,"time":1787715960054,"pid":37508,"hostname":"WIN-LK2TQOOAELR","name":"migrations","msg":"[migrations] Schema version set to 3 (sync)"}
{"level":50,"time":1787715960060,"pid":37508,"hostname":"WIN-LK2TQOOAELR","name":"migrations","msg":"[migrations] V4: Memory tables dropped and recreated"}
{"level":50,"time":1787715960162,"pid":37508,"hostname":"WIN-LK2TQOOAELR","name":"migrations","msg":"[migrations] Applying v1: Initial schema with FTS5"}
{"level":50,"time":1787715960163,"pid":37508,"hostname":"WIN-LK2TQOOAELR","name":"migrations","msg":"[migrations] v1 applied"}
{"level":50,"time":1787715960163,"pid":37508,"hostname":"WIN-LK2TQOOAELR","name":"migrations","msg":"[migrations] V2: Added 0 pattern columns"}
{"level":50,"time":1787715960163,"pid":37508,"hostname":"WIN-LK2TQOOAELR","name":"migrations","msg":"[migrations] Running graph schema migrations (SQLite sync)..."}
{"level":50,"time":1787715960165,"pid":37508,"hostname":"WIN-LK2TQOOAELR","name":"migrations","msg":"[migrations] Added 9 enhanced symbol columns"}
{"level":50,"time":1787715960166,"pid":37508,"hostname":"WIN-LK2TQOOAELR","name":"migrations","msg":"[migrations] Relationships table ready"}
{"level":50,"time":1787715960166,"pid":37508,"hostname":"WIN-LK2TQOOAELR","name":"migrations","msg":"[migrations] File index table ready"}
{"level":50,"time":1787715960166,"pid":37508,"hostname":"WIN-LK2TQOOAELR","name":"migrations","msg":"[migrations] Graph metadata table ready"}
{"level":50,"time":1787715960166,"pid":37508,"hostname":"WIN-LK2TQOOAELR","name":"migrations","msg":"[migrations] Body embeddings table ready"}
{"level":50,"time":1787715960166,"pid":37508,"hostname":"WIN-LK2TQOOAELR","name":"migrations","msg":"[migrations] Schema version set to 3 (sync)"}
{"level":50,"time":1787715960171,"pid":37508,"hostname":"WIN-LK2TQOOAELR","name":"migrations","msg":"[migrations] V4: Memory tables dropped and recreated"}
{"level":50,"time":1787715960267,"pid":37508,"hostname":"WIN-LK2TQOOAELR","name":"migrations","msg":"[migrations] Applying v1: Initial schema with FTS5"}
{"level":50,"time":1787715960267,"pid":37508,"hostname":"WIN-LK2TQOOAELR","name":"migrations","msg":"[migrations] v1 applied"}
{"level":50,"time":1787715960267,"pid":37508,"hostname":"WIN-LK2TQOOAELR","name":"migrations","msg":"[migrations] V2: Added 0 pattern columns"}
{"level":50,"time":1787715960267,"pid":37508,"hostname":"WIN-LK2TQOOAELR","name":"migrations","msg":"[migrations] Running graph schema migrations (SQLite sync)..."}
{"level":50,"time":1787715960270,"pid":37508,"hostname":"WIN-LK2TQOOAELR","name":"migrations","msg":"[migrations] Added 9 enhanced symbol columns"}
{"level":50,"time":1787715960271,"pid":37508,"hostname":"WIN-LK2TQOOAELR","name":"migrations","msg":"[migrations] Relationships table ready"}
{"level":50,"time":1787715960271,"pid":37508,"hostname":"WIN-LK2TQOOAELR","name":"migrations","msg":"[migrations] File index table ready"}
{"level":50,"time":1787715960271,"pid":37508,"hostname":"WIN-LK2TQOOAELR","name":"migrations","msg":"[migrations] Graph metadata table ready"}
{"level":50,"time":1787715960271,"pid":37508,"hostname":"WIN-LK2TQOOAELR","name":"migrations","msg":"[migrations] Body embeddings table ready"}
{"level":50,"time":1787715960271,"pid":37508,"hostname":"WIN-LK2TQOOAELR","name":"migrations","msg":"[migrations] Schema version set to 3 (sync)"}
{"level":50,"time":1787715960276,"pid":37508,"hostname":"WIN-LK2TQOOAELR","name":"migrations","msg":"[migrations] V4: Memory tables dropped and recreated"}
{"level":50,"time":1787715960375,"pid":37508,"hostname":"WIN-LK2TQOOAELR","name":"migrations","msg":"[migrations] Applying v1: Initial schema with FTS5"}
{"level":50,"time":1787715960375,"pid":37508,"hostname":"WIN-LK2TQOOAELR","name":"migrations","msg":"[migrations] v1 applied"}
{"level":50,"time":1787715960375,"pid":37508,"hostname":"WIN-LK2TQOOAELR","name":"migrations","msg":"[migrations] V2: Added 0 pattern columns"}
{"level":50,"time":1787715960375,"pid":37508,"hostname":"WIN-LK2TQOOAELR","name":"migrations","msg":"[migrations] Running graph schema migrations (SQLite sync)..."}
{"level":50,"time":1787715960377,"pid":37508,"hostname":"WIN-LK2TQOOAELR","name":"migrations","msg":"[migrations] Added 9 enhanced symbol columns"}
{"level":50,"time":1787715960378,"pid":37508,"hostname":"WIN-LK2TQOOAELR","name":"migrations","msg":"[migrations] Relationships table ready"}
{"level":50,"time":1787715960378,"pid":37508,"hostname":"WIN-LK2TQOOAELR","name":"migrations","msg":"[migrations] File index table ready"}
{"level":50,"time":1787715960378,"pid":37508,"hostname":"WIN-LK2TQOOAELR","name":"migrations","msg":"[migrations] Graph metadata table ready"}
{"level":50,"time":1787715960378,"pid":37508,"hostname":"WIN-LK2TQOOAELR","name":"migrations","msg":"[migrations] Body embeddings table ready"}
{"level":50,"time":1787715960378,"pid":37508,"hostname":"WIN-LK2TQOOAELR","name":"migrations","msg":"[migrations] Schema version set to 3 (sync)"}
{"level":50,"time":1787715960383,"pid":37508,"hostname":"WIN-LK2TQOOAELR","name":"migrations","msg":"[migrations] V4: Memory tables dropped and recreated"}
{"level":50,"time":1787715960478,"pid":37508,"hostname":"WIN-LK2TQOOAELR","name":"migrations","msg":"[migrations] Applying v1: Initial schema with FTS5"}
{"level":50,"time":1787715960479,"pid":37508,"hostname":"WIN-LK2TQOOAELR","name":"migrations","msg":"[migrations] v1 applied"}
{"level":50,"time":1787715960479,"pid":37508,"hostname":"WIN-LK2TQOOAELR","name":"migrations","msg":"[migrations] V2: Added 0 pattern columns"}
{"level":50,"time":1787715960479,"pid":37508,"hostname":"WIN-LK2TQOOAELR","name":"migrations","msg":"[migrations] Running graph schema migrations (SQLite sync)..."}
{"level":50,"time":1787715960481,"pid":37508,"hostname":"WIN-LK2TQOOAELR","name":"migrations","msg":"[migrations] Added 9 enhanced symbol columns"}
{"level":50,"time":1787715960481,"pid":37508,"hostname":"WIN-LK2TQOOAELR","name":"migrations","msg":"[migrations] Relationships table ready"}
{"level":50,"time":1787715960481,"pid":37508,"hostname":"WIN-LK2TQOOAELR","name":"migrations","msg":"[migrations] File index table ready"}
{"level":50,"time":1787715960482,"pid":37508,"hostname":"WIN-LK2TQOOAELR","name":"migrations","msg":"[migrations] Graph metadata table ready"}
{"level":50,"time":1787715960482,"pid":37508,"hostname":"WIN-LK2TQOOAELR","name":"migrations","msg":"[migrations] Body embeddings table ready"}
{"level":50,"time":1787715960482,"pid":37508,"hostname":"WIN-LK2TQOOAELR","name":"migrations","msg":"[migrations] Schema version set to 3 (sync)"}
{"level":50,"time":1787715960486,"pid":37508,"hostname":"WIN-LK2TQOOAELR","name":"migrations","msg":"[migrations] V4: Memory tables dropped and recreated"}
{"level":50,"time":1787715960585,"pid":37508,"hostname":"WIN-LK2TQOOAELR","name":"migrations","msg":"[migrations] Applying v1: Initial schema with FTS5"}
{"level":50,"time":1787715960585,"pid":37508,"hostname":"WIN-LK2TQOOAELR","name":"migrations","msg":"[migrations] v1 applied"}
{"level":50,"time":1787715960586,"pid":37508,"hostname":"WIN-LK2TQOOAELR","name":"migrations","msg":"[migrations] V2: Added 0 pattern columns"}
{"level":50,"time":1787715960586,"pid":37508,"hostname":"WIN-LK2TQOOAELR","name":"migrations","msg":"[migrations] Running graph schema migrations (SQLite sync)..."}
{"level":50,"time":1787715960588,"pid":37508,"hostname":"WIN-LK2TQOOAELR","name":"migrations","msg":"[migrations] Added 9 enhanced symbol columns"}
{"level":50,"time":1787715960589,"pid":37508,"hostname":"WIN-LK2TQOOAELR","name":"migrations","msg":"[migrations] Relationships table ready"}
{"level":50,"time":1787715960589,"pid":37508,"hostname":"WIN-LK2TQOOAELR","name":"migrations","msg":"[migrations] File index table ready"}
{"level":50,"time":1787715960589,"pid":37508,"hostname":"WIN-LK2TQOOAELR","name":"migrations","msg":"[migrations] Graph metadata table ready"}
{"level":50,"time":1787715960589,"pid":37508,"hostname":"WIN-LK2TQOOAELR","name":"migrations","msg":"[migrations] Body embeddings table ready"}
{"level":50,"time":1787715960589,"pid":37508,"hostname":"WIN-LK2TQOOAELR","name":"migrations","msg":"[migrations] Schema version set to 3 (sync)"}
{"level":50,"time":1787715960594,"pid":37508,"hostname":"WIN-LK2TQOOAELR","name":"migrations","msg":"[migrations] V4: Memory tables dropped and recreated"}
{"level":50,"time":1787715960699,"pid":37508,"hostname":"WIN-LK2TQOOAELR","name":"migrations","msg":"[migrations] Applying v1: Initial schema with FTS5"}
{"level":50,"time":1787715960700,"pid":37508,"hostname":"WIN-LK2TQOOAELR","name":"migrations","msg":"[migrations] v1 applied"}
{"level":50,"time":1787715960700,"pid":37508,"hostname":"WIN-LK2TQOOAELR","name":"migrations","msg":"[migrations] V2: Added 0 pattern columns"}
{"level":50,"time":1787715960700,"pid":37508,"hostname":"WIN-LK2TQOOAELR","name":"migrations","msg":"[migrations] Running graph schema migrations (SQLite sync)..."}
{"level":50,"time":1787715960702,"pid":37508,"hostname":"WIN-LK2TQOOAELR","name":"migrations","msg":"[migrations] Added 9 enhanced symbol columns"}
{"level":50,"time":1787715960703,"pid":37508,"hostname":"WIN-LK2TQOOAELR","name":"migrations","msg":"[migrations] Relationships table ready"}
{"level":50,"time":1787715960703,"pid":37508,"hostname":"WIN-LK2TQOOAELR","name":"migrations","msg":"[migrations] File index table ready"}
{"level":50,"time":1787715960703,"pid":37508,"hostname":"WIN-LK2TQOOAELR","name":"migrations","msg":"[migrations] Graph metadata table ready"}
{"level":50,"time":1787715960703,"pid":37508,"hostname":"WIN-LK2TQOOAELR","name":"migrations","msg":"[migrations] Body embeddings table ready"}
{"level":50,"time":1787715960703,"pid":37508,"hostname":"WIN-LK2TQOOAELR","name":"migrations","msg":"[migrations] Schema version set to 3 (sync)"}
{"level":50,"time":1787715960710,"pid":37508,"hostname":"WIN-LK2TQOOAELR","name":"migrations","msg":"[migrations] V4: Memory tables dropped and recreated"}
{"level":50,"time":1787715960807,"pid":37508,"hostname":"WIN-LK2TQOOAELR","name":"migrations","msg":"[migrations] Applying v1: Initial schema with FTS5"}
{"level":50,"time":1787715960808,"pid":37508,"hostname":"WIN-LK2TQOOAELR","name":"migrations","msg":"[migrations] v1 applied"}
{"level":50,"time":1787715960808,"pid":37508,"hostname":"WIN-LK2TQOOAELR","name":"migrations","msg":"[migrations] V2: Added 0 pattern columns"}
{"level":50,"time":1787715960808,"pid":37508,"hostname":"WIN-LK2TQOOAELR","name":"migrations","msg":"[migrations] Running graph schema migrations (SQLite sync)..."}
{"level":50,"time":1787715960812,"pid":37508,"hostname":"WIN-LK2TQOOAELR","name":"migrations","msg":"[migrations] Added 9 enhanced symbol columns"}
{"level":50,"time":1787715960812,"pid":37508,"hostname":"WIN-LK2TQOOAELR","name":"migrations","msg":"[migrations] Relationships table ready"}
{"level":50,"time":1787715964613,"pid":37508,"hostname":"WIN-LK2TQOOAELR","name":"database-manager","msg":"[db] Initialized at C:\\Users\\ASUS\\AppData\\Local\\Temp\\sa4e18-eD6N7Y\\index.db"}
{"level":50,"time":1787715964766,"pid":37508,"hostname":"WIN-LK2TQOOAELR","name":"database-manager","msg":"[db] Connection closed"}
{"level":50,"time":1787715964768,"pid":37508,"hostname":"WIN-LK2TQOOAELR","name":"database-manager","msg":"[db] Using native binding: C:\\Users\\ASUS\\.code-intel\\native-addons\\better-sqlite3\\v12.10.0\\node-v22-win32-x64\\better_sqlite3.node"}
{"level":50,"time":1787715964786,"pid":37508,"hostname":"WIN-LK2TQOOAELR","name":"database-manager","msg":"[db] Pre-V5 backup written to C:\\Users\\ASUS\\AppData\\Local\\Temp\\sa4e18-dbW2Dx\\index.db.pre-v5.bak"}
{"level":50,"time":1787715964806,"pid":37508,"hostname":"WIN-LK2TQOOAELR","name":"database-manager","msg":"[db] Initialized at C:\\Users\\ASUS\\AppData\\Local\\Temp\\sa4e18-dbW2Dx\\index.db"}
{"level":50,"time":1787715964868,"pid":37508,"hostname":"WIN-LK2TQOOAELR","name":"database-manager","msg":"[db] Connection closed"}
{"level":50,"time":1787715964870,"pid":37508,"hostname":"WIN-LK2TQOOAELR","name":"database-manager","msg":"[db] Using native binding: C:\\Users\\ASUS\\.code-intel\\native-addons\\better-sqlite3\\v12.10.0\\node-v22-win32-x64\\better_sqlite3.node"}
{"level":50,"time":1787715964892,"pid":37508,"hostname":"WIN-LK2TQOOAELR","name":"database-manager","msg":"[db] Pre-V5 backup written to C:\\Users\\ASUS\\AppData\\Local\\Temp\\sa4e18-X1YJ1n\\index.db.pre-v5.bak"}
{"level":50,"time":1787715964921,"pid":37508,"hostname":"WIN-LK2TQOOAELR","name":"database-manager","msg":"[db] Initialized at C:\\Users\\ASUS\\AppData\\Local\\Temp\\sa4e18-X1YJ1n\\index.db"}
{"level":50,"time":1787715964992,"pid":37508,"hostname":"WIN-LK2TQOOAELR","name":"database-manager","msg":"[db] Connection closed"}
{"level":50,"time":1787715964994,"pid":37508,"hostname":"WIN-LK2TQOOAELR","name":"database-manager","msg":"[db] Using native binding: C:\\Users\\ASUS\\.code-intel\\native-addons\\better-sqlite3\\v12.10.0\\node-v22-win32-x64\\better_sqlite3.node"}
{"level":50,"time":1787715965013,"pid":37508,"hostname":"WIN-LK2TQOOAELR","name":"database-manager","msg":"[db] Pre-V5 backup written to C:\\Users\\ASUS\\AppData\\Local\\Temp\\sa4e18-bE3MjO\\index.db.pre-v5.bak"}
{"level":50,"time":1787715965035,"pid":37508,"hostname":"WIN-LK2TQOOAELR","name":"database-manager","msg":"[db] Initialized at C:\\Users\\ASUS\\AppData\\Local\\Temp\\sa4e18-bE3MjO\\index.db"}
{"level":50,"time":1787715965121,"pid":37508,"hostname":"WIN-LK2TQOOAELR","name":"database-manager","msg":"[db] Connection closed"}
{"level":50,"time":1787715965123,"pid":37508,"hostname":"WIN-LK2TQOOAELR","name":"database-manager","msg":"[db] Using native binding: C:\\Users\\ASUS\\.code-intel\\native-addons\\better-sqlite3\\v12.10.0\\node-v22-win32-x64\\better_sqlite3.node"}
{"level":50,"time":1787715965147,"pid":37508,"hostname":"WIN-LK2TQOOAELR","name":"database-manager","msg":"[db] Pre-V5 backup written to C:\\Users\\ASUS\\AppData\\Local\\Temp\\sa4e18-nGEacy\\index.db.pre-v5.bak"}
{"level":50,"time":1787715965164,"pid":37508,"hostname":"WIN-LK2TQOOAELR","name":"database-manager","msg":"[db] Initialized at C:\\Users\\ASUS\\AppData\\Local\\Temp\\sa4e18-nGEacy\\index.db"}
{"level":50,"time":1787715965232,"pid":37508,"hostname":"WIN-LK2TQOOAELR","name":"database-manager","msg":"[db] Connection closed"}
{"level":50,"time":1787715965234,"pid":37508,"hostname":"WIN-LK2TQOOAELR","name":"database-manager","msg":"[db] Using native binding: C:\\Users\\ASUS\\.code-intel\\native-addons\\better-sqlite3\\v12.10.0\\node-v22-win32-x64\\better_sqlite3.node"}
{"level":50,"time":1787715965252,"pid":37508,"hostname":"WIN-LK2TQOOAELR","name":"database-manager","msg":"[db] Pre-V5 backup written to C:\\Users\\ASUS\\AppData\\Local\\Temp\\sa4e18-xr7PJx\\index.db.pre-v5.bak"}
{"level":50,"time":1787715965268,"pid":37508,"hostname":"WIN-LK2TQOOAELR","name":"database-manager","msg":"[db] Initialized at C:\\Users\\ASUS\\AppData\\Local\\Temp\\sa4e18-xr7PJx\\index.db"}
{"level":50,"time":1787715965341,"pid":37508,"hostname":"WIN-LK2TQOOAELR","name":"database-manager","msg":"[db] Connection closed"}
{"level":50,"time":1787715965344,"pid":37508,"hostname":"WIN-LK2TQOOAELR","name":"database-manager","msg":"[db] Using native binding: C:\\Users\\ASUS\\.code-intel\\native-addons\\better-sqlite3\\v12.10.0\\node-v22-win32-x64\\better_sqlite3.node"}
{"level":50,"time":1787715965365,"pid":37508,"hostname":"WIN-LK2TQOOAELR","name":"database-manager","msg":"[db] Pre-V5 backup written to C:\\Users\\ASUS\\AppData\\Local\\Temp\\sa4e18-dBx7gN\\index.db.pre-v5.bak"}
{"level":50,"time":1787715965398,"pid":37508,"hostname":"WIN-LK2TQOOAELR","name":"database-manager","msg":"[db] Initialized at C:\\Users\\ASUS\\AppData\\Local\\Temp\\sa4e18-dBx7gN\\index.db"}
{"level":50,"time":1787715965553,"pid":37508,"hostname":"WIN-LK2TQOOAELR","name":"database-manager","msg":"[db] Connection closed"}
{"level":50,"time":1787715965556,"pid":37508,"hostname":"WIN-LK2TQOOAELR","name":"database-manager","msg":"[db] Using native binding: C:\\Users\\ASUS\\.code-intel\\native-addons\\better-sqlite3\\v12.10.0\\node-v22-win32-x64\\better_sqlite3.node"}
{"level":50,"time":1787715965664,"pid":37508,"hostname":"WIN-LK2TQOOAELR","name":"database-manager","msg":"[db] Pre-V5 backup written to C:\\Users\\ASUS\\AppData\\Local\\Temp\\sa4e18-q9VMmQ\\index.db.pre-v5.bak"}
{"level":50,"time":1787715965688,"pid":37508,"hostname":"WIN-LK2TQOOAELR","name":"database-manager","msg":"[db] Initialized at C:\\Users\\ASUS\\AppData\\Local\\Temp\\sa4e18-q9VMmQ\\index.db"}
{"level":50,"time":1787715965755,"pid":37508,"hostname":"WIN-LK2TQOOAELR","name":"database-manager","msg":"[db] Connection closed"}
{"level":50,"time":1787715965757,"pid":37508,"hostname":"WIN-LK2TQOOAELR","name":"database-manager","msg":"[db] Using native binding: C:\\Users\\ASUS\\.code-intel\\native-addons\\better-sqlite3\\v12.10.0\\node-v22-win32-x64\\better_sqlite3.node"}
{"level":50,"time":1787715965773,"pid":37508,"hostname":"WIN-LK2TQOOAELR","name":"database-manager","msg":"[db] Pre-V5 backup written to C:\\Users\\ASUS\\AppData\\Local\\Temp\\sa4e18-kEw5kV\\index.db.pre-v5.bak"}
{"level":50,"time":1787715965790,"pid":37508,"hostname":"WIN-LK2TQOOAELR","name":"database-manager","msg":"[db] Initialized at C:\\Users\\ASUS\\AppData\\Local\\Temp\\sa4e18-kEw5kV\\index.db"}
{"level":50,"time":1787715965862,"pid":37508,"hostname":"WIN-LK2TQOOAELR","name":"database-manager","msg":"[db] Connection closed"}
{"level":50,"time":1787715965864,"pid":37508,"hostname":"WIN-LK2TQOOAELR","name":"database-manager","msg":"[db] Using native binding: C:\\Users\\ASUS\\.code-intel\\native-addons\\better-sqlite3\\v12.10.0\\node-v22-win32-x64\\better_sqlite3.node"}
{"level":50,"time":1787715965883,"pid":37508,"hostname":"WIN-LK2TQOOAELR","name":"database-manager","msg":"[db] Pre-V5 backup written to C:\\Users\\ASUS\\AppData\\Local\\Temp\\sa4e18-jURadx\\index.db.pre-v5.bak"}
{"level":50,"time":1787715965900,"pid":37508,"hostname":"WIN-LK2TQOOAELR","name":"database-manager","msg":"[db] Initialized at C:\\Users\\ASUS\\AppData\\Local\\Temp\\sa4e18-jURadx\\index.db"}
{"level":50,"time":1787715965957,"pid":37508,"hostname":"WIN-LK2TQOOAELR","name":"database-manager","msg":"[db] Connection closed"}
{"level":50,"time":1787715965972,"pid":37508,"hostname":"WIN-LK2TQOOAELR","name":"database-manager","msg":"[db] Using native binding: C:\\Users\\ASUS\\.code-intel\\native-addons\\better-sqlite3\\v12.10.0\\node-v22-win32-x64\\better_sqlite3.node"}
{"level":50,"time":1787715965995,"pid":37508,"hostname":"WIN-LK2TQOOAELR","name":"database-manager","msg":"[db] Pre-V5 backup written to C:\\Users\\ASUS\\AppData\\Local\\Temp\\sa4e18-nDaNcl\\index.db.pre-v5.bak"}
{"level":50,"time":1787715966014,"pid":37508,"hostname":"WIN-LK2TQOOAELR","name":"database-manager","msg":"[db] Initialized at C:\\Users\\ASUS\\AppData\\Local\\Temp\\sa4e18-nDaNcl\\index.db"}
{"level":50,"time":1787715966071,"pid":37508,"hostname":"WIN-LK2TQOOAELR","name":"database-manager","msg":"[db] Connection closed"}
{"level":50,"time":1787715966073,"pid":37508,"hostname":"WIN-LK2TQOOAELR","name":"database-manager","msg":"[db] Using native binding: C:\\Users\\ASUS\\.code-intel\\native-addons\\better-sqlite3\\v12.10.0\\node-v22-win32-x64\\better_sqlite3.node"}
{"level":50,"time":1787715966093,"pid":37508,"hostname":"WIN-LK2TQOOAELR","name":"database-manager","msg":"[db] Pre-V5 backup written to C:\\Users\\ASUS\\AppData\\Local\\Temp\\sa4e18-5DEtiL\\index.db.pre-v5.bak"}
{"level":50,"time":1787715966119,"pid":37508,"hostname":"WIN-LK2TQOOAELR","name":"database-manager","msg":"[db] Initialized at C:\\Users\\ASUS\\AppData\\Local\\Temp\\sa4e18-5DEtiL\\index.db"}
{"level":50,"time":1787715966177,"pid":37508,"hostname":"WIN-LK2TQOOAELR","name":"database-manager","msg":"[db] Connection closed"}
{"level":50,"time":1787715966180,"pid":37508,"hostname":"WIN-LK2TQOOAELR","name":"database-manager","msg":"[db] Using native binding: C:\\Users\\ASUS\\.code-intel\\native-addons\\better-sqlite3\\v12.10.0\\node-v22-win32-x64\\better_sqlite3.node"}
{"level":50,"time":1787715966201,"pid":37508,"hostname":"WIN-LK2TQOOAELR","name":"database-manager","msg":"[db] Pre-V5 backup written to C:\\Users\\ASUS\\AppData\\Local\\Temp\\sa4e18-S5nbUP\\index.db.pre-v5.bak"}
{"level":50,"time":1787715966232,"pid":37508,"hostname":"WIN-LK2TQOOAELR","name":"database-manager","msg":"[db] Initialized at C:\\Users\\ASUS\\AppData\\Local\\Temp\\sa4e18-S5nbUP\\index.db"}
{"level":50,"time":1787715966290,"pid":37508,"hostname":"WIN-LK2TQOOAELR","name":"database-manager","msg":"[db] Connection closed"}
{"level":50,"time":1787715960813,"pid":37508,"hostname":"WIN-LK2TQOOAELR","name":"migrations","msg":"[migrations] File index table ready"}
{"level":50,"time":1787715960813,"pid":37508,"hostname":"WIN-LK2TQOOAELR","name":"migrations","msg":"[migrations] Graph metadata table ready"}
{"level":50,"time":1787715960813,"pid":37508,"hostname":"WIN-LK2TQOOAELR","name":"migrations","msg":"[migrations] Body embeddings table ready"}
{"level":50,"time":1787715960813,"pid":37508,"hostname":"WIN-LK2TQOOAELR","name":"migrations","msg":"[migrations] Schema version set to 3 (sync)"}
{"level":50,"time":1787715960820,"pid":37508,"hostname":"WIN-LK2TQOOAELR","name":"migrations","msg":"[migrations] V4: Memory tables dropped and recreated"}
{"level":50,"time":1787715960921,"pid":37508,"hostname":"WIN-LK2TQOOAELR","name":"migrations","msg":"[migrations] Applying v1: Initial schema with FTS5"}
{"level":50,"time":1787715960922,"pid":37508,"hostname":"WIN-LK2TQOOAELR","name":"migrations","msg":"[migrations] v1 applied"}
{"level":50,"time":1787715960922,"pid":37508,"hostname":"WIN-LK2TQOOAELR","name":"migrations","msg":"[migrations] V2: Added 0 pattern columns"}
{"level":50,"time":1787715960922,"pid":37508,"hostname":"WIN-LK2TQOOAELR","name":"migrations","msg":"[migrations] Running graph schema migrations (SQLite sync)..."}
{"level":50,"time":1787715960924,"pid":37508,"hostname":"WIN-LK2TQOOAELR","name":"migrations","msg":"[migrations] Added 9 enhanced symbol columns"}
{"level":50,"time":1787715960925,"pid":37508,"hostname":"WIN-LK2TQOOAELR","name":"migrations","msg":"[migrations] Relationships table ready"}
{"level":50,"time":1787715960925,"pid":37508,"hostname":"WIN-LK2TQOOAELR","name":"migrations","msg":"[migrations] File index table ready"}
{"level":50,"time":1787715960925,"pid":37508,"hostname":"WIN-LK2TQOOAELR","name":"migrations","msg":"[migrations] Graph metadata table ready"}
{"level":50,"time":1787715960925,"pid":37508,"hostname":"WIN-LK2TQOOAELR","name":"migrations","msg":"[migrations] Body embeddings table ready"}
{"level":50,"time":1787715960925,"pid":37508,"hostname":"WIN-LK2TQOOAELR","name":"migrations","msg":"[migrations] Schema version set to 3 (sync)"}
{"level":50,"time":1787715960931,"pid":37508,"hostname":"WIN-LK2TQOOAELR","name":"migrations","msg":"[migrations] V4: Memory tables dropped and recreated"}
{"level":50,"time":1787715961033,"pid":37508,"hostname":"WIN-LK2TQOOAELR","name":"migrations","msg":"[migrations] Applying v1: Initial schema with FTS5"}
{"level":50,"time":1787715961033,"pid":37508,"hostname":"WIN-LK2TQOOAELR","name":"migrations","msg":"[migrations] v1 applied"}
{"level":50,"time":1787715961033,"pid":37508,"hostname":"WIN-LK2TQOOAELR","name":"migrations","msg":"[migrations] V2: Added 0 pattern columns"}
{"level":50,"time":1787715961033,"pid":37508,"hostname":"WIN-LK2TQOOAELR","name":"migrations","msg":"[migrations] Running graph schema migrations (SQLite sync)..."}
{"level":50,"time":1787715961035,"pid":37508,"hostname":"WIN-LK2TQOOAELR","name":"migrations","msg":"[migrations] Added 9 enhanced symbol columns"}
{"level":50,"time":1787715961036,"pid":37508,"hostname":"WIN-LK2TQOOAELR","name":"migrations","msg":"[migrations] Relationships table ready"}
{"level":50,"time":1787715961036,"pid":37508,"hostname":"WIN-LK2TQOOAELR","name":"migrations","msg":"[migrations] File index table ready"}
{"level":50,"time":1787715961036,"pid":37508,"hostname":"WIN-LK2TQOOAELR","name":"migrations","msg":"[migrations] Graph metadata table ready"}
{"level":50,"time":1787715961036,"pid":37508,"hostname":"WIN-LK2TQOOAELR","name":"migrations","msg":"[migrations] Body embeddings table ready"}
{"level":50,"time":1787715961036,"pid":37508,"hostname":"WIN-LK2TQOOAELR","name":"migrations","msg":"[migrations] Schema version set to 3 (sync)"}
{"level":50,"time":1787715961041,"pid":37508,"hostname":"WIN-LK2TQOOAELR","name":"migrations","msg":"[migrations] V4: Memory tables dropped and recreated"}
{"level":50,"time":1787715961140,"pid":37508,"hostname":"WIN-LK2TQOOAELR","name":"migrations","msg":"[migrations] Applying v1: Initial schema with FTS5"}
{"level":50,"time":1787715961140,"pid":37508,"hostname":"WIN-LK2TQOOAELR","name":"migrations","msg":"[migrations] v1 applied"}
{"level":50,"time":1787715961140,"pid":37508,"hostname":"WIN-LK2TQOOAELR","name":"migrations","msg":"[migrations] V2: Added 0 pattern columns"}
{"level":50,"time":1787715961140,"pid":37508,"hostname":"WIN-LK2TQOOAELR","name":"migrations","msg":"[migrations] Running graph schema migrations (SQLite sync)..."}
{"level":50,"time":1787715961143,"pid":37508,"hostname":"WIN-LK2TQOOAELR","name":"migrations","msg":"[migrations] Added 9 enhanced symbol columns"}
{"level":50,"time":1787715961143,"pid":37508,"hostname":"WIN-LK2TQOOAELR","name":"migrations","msg":"[migrations] Relationships table ready"}
{"level":50,"time":1787715961143,"pid":37508,"hostname":"WIN-LK2TQOOAELR","name":"migrations","msg":"[migrations] File index table ready"}
{"level":50,"time":1787715961143,"pid":37508,"hostname":"WIN-LK2TQOOAELR","name":"migrations","msg":"[migrations] Graph metadata table ready"}
{"level":50,"time":1787715961143,"pid":37508,"hostname":"WIN-LK2TQOOAELR","name":"migrations","msg":"[migrations] Body embeddings table ready"}
{"level":50,"time":1787715961144,"pid":37508,"hostname":"WIN-LK2TQOOAELR","name":"migrations","msg":"[migrations] Schema version set to 3 (sync)"}
{"level":50,"time":1787715961148,"pid":37508,"hostname":"WIN-LK2TQOOAELR","name":"migrations","msg":"[migrations] V4: Memory tables dropped and recreated"}
{"level":50,"time":1787715961242,"pid":37508,"hostname":"WIN-LK2TQOOAELR","name":"migrations","msg":"[migrations] Applying v1: Initial schema with FTS5"}
{"level":50,"time":1787715961243,"pid":37508,"hostname":"WIN-LK2TQOOAELR","name":"migrations","msg":"[migrations] v1 applied"}
{"level":50,"time":1787715961243,"pid":37508,"hostname":"WIN-LK2TQOOAELR","name":"migrations","msg":"[migrations] V2: Added 0 pattern columns"}
{"level":50,"time":1787715961243,"pid":37508,"hostname":"WIN-LK2TQOOAELR","name":"migrations","msg":"[migrations] Running graph schema migrations (SQLite sync)..."}
{"level":50,"time":1787715961245,"pid":37508,"hostname":"WIN-LK2TQOOAELR","name":"migrations","msg":"[migrations] Added 9 enhanced symbol columns"}
{"level":50,"time":1787715961245,"pid":37508,"hostname":"WIN-LK2TQOOAELR","name":"migrations","msg":"[migrations] Relationships table ready"}
{"level":50,"time":1787715961246,"pid":37508,"hostname":"WIN-LK2TQOOAELR","name":"migrations","msg":"[migrations] File index table ready"}
{"level":50,"time":1787715961246,"pid":37508,"hostname":"WIN-LK2TQOOAELR","name":"migrations","msg":"[migrations] Graph metadata table ready"}
{"level":50,"time":1787715961246,"pid":37508,"hostname":"WIN-LK2TQOOAELR","name":"migrations","msg":"[migrations] Body embeddings table ready"}
{"level":50,"time":1787715961246,"pid":37508,"hostname":"WIN-LK2TQOOAELR","name":"migrations","msg":"[migrations] Schema version set to 3 (sync)"}
{"level":50,"time":1787715961251,"pid":37508,"hostname":"WIN-LK2TQOOAELR","name":"migrations","msg":"[migrations] V4: Memory tables dropped and recreated"}
{"level":50,"time":1787715961352,"pid":37508,"hostname":"WIN-LK2TQOOAELR","name":"migrations","msg":"[migrations] Applying v1: Initial schema with FTS5"}
{"level":50,"time":1787715961353,"pid":37508,"hostname":"WIN-LK2TQOOAELR","name":"migrations","msg":"[migrations] v1 applied"}
{"level":50,"time":1787715961353,"pid":37508,"hostname":"WIN-LK2TQOOAELR","name":"migrations","msg":"[migrations] V2: Added 0 pattern columns"}
{"level":50,"time":1787715961353,"pid":37508,"hostname":"WIN-LK2TQOOAELR","name":"migrations","msg":"[migrations] Running graph schema migrations (SQLite sync)..."}
{"level":50,"time":1787715961357,"pid":37508,"hostname":"WIN-LK2TQOOAELR","name":"migrations","msg":"[migrations] Added 9 enhanced symbol columns"}
{"level":50,"time":1787715961357,"pid":37508,"hostname":"WIN-LK2TQOOAELR","name":"migrations","msg":"[migrations] Relationships table ready"}
{"level":50,"time":1787715961357,"pid":37508,"hostname":"WIN-LK2TQOOAELR","name":"migrations","msg":"[migrations] File index table ready"}
{"level":50,"time":1787715961358,"pid":37508,"hostname":"WIN-LK2TQOOAELR","name":"migrations","msg":"[migrations] Graph metadata table ready"}
{"level":50,"time":1787715961358,"pid":37508,"hostname":"WIN-LK2TQOOAELR","name":"migrations","msg":"[migrations] Body embeddings table ready"}
{"level":50,"time":1787715961358,"pid":37508,"hostname":"WIN-LK2TQOOAELR","name":"migrations","msg":"[migrations] Schema version set to 3 (sync)"}
{"level":50,"time":1787715961364,"pid":37508,"hostname":"WIN-LK2TQOOAELR","name":"migrations","msg":"[migrations] V4: Memory tables dropped and recreated"}
{"level":50,"time":1787715961458,"pid":37508,"hostname":"WIN-LK2TQOOAELR","name":"migrations","msg":"[migrations] Applying v1: Initial schema with FTS5"}
{"level":50,"time":1787715961459,"pid":37508,"hostname":"WIN-LK2TQOOAELR","name":"migrations","msg":"[migrations] v1 applied"}
{"level":50,"time":1787715961459,"pid":37508,"hostname":"WIN-LK2TQOOAELR","name":"migrations","msg":"[migrations] V2: Added 0 pattern columns"}
{"level":50,"time":1787715961459,"pid":37508,"hostname":"WIN-LK2TQOOAELR","name":"migrations","msg":"[migrations] Running graph schema migrations (SQLite sync)..."}
{"level":50,"time":1787715961461,"pid":37508,"hostname":"WIN-LK2TQOOAELR","name":"migrations","msg":"[migrations] Added 9 enhanced symbol columns"}
{"level":50,"time":1787715961461,"pid":37508,"hostname":"WIN-LK2TQOOAELR","name":"migrations","msg":"[migrations] Relationships table ready"}
{"level":50,"time":1787715961461,"pid":37508,"hostname":"WIN-LK2TQOOAELR","name":"migrations","msg":"[migrations] File index table ready"}
{"level":50,"time":1787715961462,"pid":37508,"hostname":"WIN-LK2TQOOAELR","name":"migrations","msg":"[migrations] Graph metadata table ready"}
{"level":50,"time":1787715961462,"pid":37508,"hostname":"WIN-LK2TQOOAELR","name":"migrations","msg":"[migrations] Body embeddings table ready"}
{"level":50,"time":1787715961462,"pid":37508,"hostname":"WIN-LK2TQOOAELR","name":"migrations","msg":"[migrations] Schema version set to 3 (sync)"}
{"level":50,"time":1787715961467,"pid":37508,"hostname":"WIN-LK2TQOOAELR","name":"migrations","msg":"[migrations] V4: Memory tables dropped and recreated"}
{"level":50,"time":1787715961588,"pid":37508,"hostname":"WIN-LK2TQOOAELR","name":"migrations","msg":"[migrations] Applying v1: Initial schema with FTS5"}
{"level":50,"time":1787715961588,"pid":37508,"hostname":"WIN-LK2TQOOAELR","name":"migrations","msg":"[migrations] v1 applied"}
{"level":50,"time":1787715961588,"pid":37508,"hostname":"WIN-LK2TQOOAELR","name":"migrations","msg":"[migrations] V2: Added 0 pattern columns"}
{"level":50,"time":1787715961588,"pid":37508,"hostname":"WIN-LK2TQOOAELR","name":"migrations","msg":"[migrations] Running graph schema migrations (SQLite sync)..."}
{"level":50,"time":1787715961591,"pid":37508,"hostname":"WIN-LK2TQOOAELR","name":"migrations","msg":"[migrations] Added 9 enhanced symbol columns"}
{"level":50,"time":1787715961591,"pid":37508,"hostname":"WIN-LK2TQOOAELR","name":"migrations","msg":"[migrations] Relationships table ready"}
{"level":50,"time":1787715961591,"pid":37508,"hostname":"WIN-LK2TQOOAELR","name":"migrations","msg":"[migrations] File index table ready"}
{"level":50,"time":1787715961592,"pid":37508,"hostname":"WIN-LK2TQOOAELR","name":"migrations","msg":"[migrations] Graph metadata table ready"}
{"level":50,"time":1787715961592,"pid":37508,"hostname":"WIN-LK2TQOOAELR","name":"migrations","msg":"[migrations] Body embeddings table ready"}
{"level":50,"time":1787715961592,"pid":37508,"hostname":"WIN-LK2TQOOAELR","name":"migrations","msg":"[migrations] Schema version set to 3 (sync)"}
{"level":50,"time":1787715961598,"pid":37508,"hostname":"WIN-LK2TQOOAELR","name":"migrations","msg":"[migrations] V4: Memory tables dropped and recreated"}
{"level":50,"time":1787715961695,"pid":37508,"hostname":"WIN-LK2TQOOAELR","name":"migrations","msg":"[migrations] Applying v1: Initial schema with FTS5"}
{"level":50,"time":1787715961696,"pid":37508,"hostname":"WIN-LK2TQOOAELR","name":"migrations","msg":"[migrations] v1 applied"}
{"level":50,"time":1787715961696,"pid":37508,"hostname":"WIN-LK2TQOOAELR","name":"migrations","msg":"[migrations] V2: Added 0 pattern columns"}
{"level":50,"time":1787715961696,"pid":37508,"hostname":"WIN-LK2TQOOAELR","name":"migrations","msg":"[migrations] Running graph schema migrations (SQLite sync)..."}
{"level":50,"time":1787715961698,"pid":37508,"hostname":"WIN-LK2TQOOAELR","name":"migrations","msg":"[migrations] Added 9 enhanced symbol columns"}
{"level":50,"time":1787715961698,"pid":37508,"hostname":"WIN-LK2TQOOAELR","name":"migrations","msg":"[migrations] Relationships table ready"}
{"level":50,"time":1787715961698,"pid":37508,"hostname":"WIN-LK2TQOOAELR","name":"migrations","msg":"[migrations] File index table ready"}
{"level":50,"time":1787715961699,"pid":37508,"hostname":"WIN-LK2TQOOAELR","name":"migrations","msg":"[migrations] Graph metadata table ready"}
{"level":50,"time":1787715961699,"pid":37508,"hostname":"WIN-LK2TQOOAELR","name":"migrations","msg":"[migrations] Body embeddings table ready"}
{"level":50,"time":1787715961699,"pid":37508,"hostname":"WIN-LK2TQOOAELR","name":"migrations","msg":"[migrations] Schema version set to 3 (sync)"}
{"level":50,"time":1787715961704,"pid":37508,"hostname":"WIN-LK2TQOOAELR","name":"migrations","msg":"[migrations] V4: Memory tables dropped and recreated"}
{"level":50,"time":1787715961853,"pid":37508,"hostname":"WIN-LK2TQOOAELR","name":"migrations","msg":"[migrations] Applying v1: Initial schema with FTS5"}
{"level":50,"time":1787715961854,"pid":37508,"hostname":"WIN-LK2TQOOAELR","name":"migrations","msg":"[migrations] v1 applied"}
{"level":50,"time":1787715961854,"pid":37508,"hostname":"WIN-LK2TQOOAELR","name":"migrations","msg":"[migrations] V2: Added 0 pattern columns"}
{"level":50,"time":1787715961854,"pid":37508,"hostname":"WIN-LK2TQOOAELR","name":"migrations","msg":"[migrations] Running graph schema migrations (SQLite sync)..."}
{"level":50,"time":1787715961856,"pid":37508,"hostname":"WIN-LK2TQOOAELR","name":"migrations","msg":"[migrations] Added 9 enhanced symbol columns"}
{"level":50,"time":1787715961856,"pid":37508,"hostname":"WIN-LK2TQOOAELR","name":"migrations","msg":"[migrations] Relationships table ready"}
{"level":50,"time":1787715961856,"pid":37508,"hostname":"WIN-LK2TQOOAELR","name":"migrations","msg":"[migrations] File index table ready"}
{"level":50,"time":1787715961857,"pid":37508,"hostname":"WIN-LK2TQOOAELR","name":"migrations","msg":"[migrations] Graph metadata table ready"}
{"level":50,"time":1787715961857,"pid":37508,"hostname":"WIN-LK2TQOOAELR","name":"migrations","msg":"[migrations] Body embeddings table ready"}
{"level":50,"time":1787715961857,"pid":37508,"hostname":"WIN-LK2TQOOAELR","name":"migrations","msg":"[migrations] Schema version set to 3 (sync)"}
{"level":50,"time":1787715961862,"pid":37508,"hostname":"WIN-LK2TQOOAELR","name":"migrations","msg":"[migrations] V4: Memory tables dropped and recreated"}
{"level":50,"time":1787715962068,"pid":37508,"hostname":"WIN-LK2TQOOAELR","name":"migrations","msg":"[migrations] Applying v1: Initial schema with FTS5"}
{"level":50,"time":1787715962069,"pid":37508,"hostname":"WIN-LK2TQOOAELR","name":"migrations","msg":"[migrations] v1 applied"}
{"level":50,"time":1787715962069,"pid":37508,"hostname":"WIN-LK2TQOOAELR","name":"migrations","msg":"[migrations] V2: Added 0 pattern columns"}
{"level":50,"time":1787715962069,"pid":37508,"hostname":"WIN-LK2TQOOAELR","name":"migrations","msg":"[migrations] Running graph schema migrations (SQLite sync)..."}
{"level":50,"time":1787715962072,"pid":37508,"hostname":"WIN-LK2TQOOAELR","name":"migrations","msg":"[migrations] Added 9 enhanced symbol columns"}
{"level":50,"time":1787715962073,"pid":37508,"hostname":"WIN-LK2TQOOAELR","name":"migrations","msg":"[migrations] Relationships table ready"}
{"level":50,"time":1787715962073,"pid":37508,"hostname":"WIN-LK2TQOOAELR","name":"migrations","msg":"[migrations] File index table ready"}
{"level":50,"time":1787715962074,"pid":37508,"hostname":"WIN-LK2TQOOAELR","name":"migrations","msg":"[migrations] Graph metadata table ready"}
{"level":50,"time":1787715962074,"pid":37508,"hostname":"WIN-LK2TQOOAELR","name":"migrations","msg":"[migrations] Body embeddings table ready"}
{"level":50,"time":1787715962074,"pid":37508,"hostname":"WIN-LK2TQOOAELR","name":"migrations","msg":"[migrations] Schema version set to 3 (sync)"}
{"level":50,"time":1787715962081,"pid":37508,"hostname":"WIN-LK2TQOOAELR","name":"migrations","msg":"[migrations] V4: Memory tables dropped and recreated"}
{"level":50,"time":1787715962193,"pid":37508,"hostname":"WIN-LK2TQOOAELR","name":"migrations","msg":"[migrations] Applying v1: Initial schema with FTS5"}
{"level":50,"time":1787715962194,"pid":37508,"hostname":"WIN-LK2TQOOAELR","name":"migrations","msg":"[migrations] v1 applied"}
{"level":50,"time":1787715962194,"pid":37508,"hostname":"WIN-LK2TQOOAELR","name":"migrations","msg":"[migrations] V2: Added 0 pattern columns"}
{"level":50,"time":1787715962194,"pid":37508,"hostname":"WIN-LK2TQOOAELR","name":"migrations","msg":"[migrations] Running graph schema migrations (SQLite sync)..."}
{"level":50,"time":1787715962196,"pid":37508,"hostname":"WIN-LK2TQOOAELR","name":"migrations","msg":"[migrations] Added 9 enhanced symbol columns"}
{"level":50,"time":1787715962196,"pid":37508,"hostname":"WIN-LK2TQOOAELR","name":"migrations","msg":"[migrations] Relationships table ready"}
{"level":50,"time":1787715962197,"pid":37508,"hostname":"WIN-LK2TQOOAELR","name":"migrations","msg":"[migrations] File index table ready"}
{"level":50,"time":1787715962197,"pid":37508,"hostname":"WIN-LK2TQOOAELR","name":"migrations","msg":"[migrations] Graph metadata table ready"}
{"level":50,"time":1787715962197,"pid":37508,"hostname":"WIN-LK2TQOOAELR","name":"migrations","msg":"[migrations] Body embeddings table ready"}
{"level":50,"time":1787715962197,"pid":37508,"hostname":"WIN-LK2TQOOAELR","name":"migrations","msg":"[migrations] Schema version set to 3 (sync)"}
{"level":50,"time":1787715962201,"pid":37508,"hostname":"WIN-LK2TQOOAELR","name":"migrations","msg":"[migrations] V4: Memory tables dropped and recreated"}
{"level":50,"time":1787715962324,"pid":37508,"hostname":"WIN-LK2TQOOAELR","name":"migrations","msg":"[migrations] Applying v1: Initial schema with FTS5"}
{"level":50,"time":1787715962324,"pid":37508,"hostname":"WIN-LK2TQOOAELR","name":"migrations","msg":"[migrations] v1 applied"}
{"level":50,"time":1787715962324,"pid":37508,"hostname":"WIN-LK2TQOOAELR","name":"migrations","msg":"[migrations] V2: Added 0 pattern columns"}
{"level":50,"time":1787715962324,"pid":37508,"hostname":"WIN-LK2TQOOAELR","name":"migrations","msg":"[migrations] Running graph schema migrations (SQLite sync)..."}
{"level":50,"time":1787715962326,"pid":37508,"hostname":"WIN-LK2TQOOAELR","name":"migrations","msg":"[migrations] Added 9 enhanced symbol columns"}
{"level":50,"time":1787715962327,"pid":37508,"hostname":"WIN-LK2TQOOAELR","name":"migrations","msg":"[migrations] Relationships table ready"}
{"level":50,"time":1787715962327,"pid":37508,"hostname":"WIN-LK2TQOOAELR","name":"migrations","msg":"[migrations] File index table ready"}
{"level":50,"time":1787715962327,"pid":37508,"hostname":"WIN-LK2TQOOAELR","name":"migrations","msg":"[migrations] Graph metadata table ready"}
{"level":50,"time":1787715962328,"pid":37508,"hostname":"WIN-LK2TQOOAELR","name":"migrations","msg":"[migrations] Body embeddings table ready"}
{"level":50,"time":1787715962328,"pid":37508,"hostname":"WIN-LK2TQOOAELR","name":"migrations","msg":"[migrations] Schema version set to 3 (sync)"}
{"level":50,"time":1787715962333,"pid":37508,"hostname":"WIN-LK2TQOOAELR","name":"migrations","msg":"[migrations] V4: Memory tables dropped and recreated"}
{"level":50,"time":1787715962446,"pid":37508,"hostname":"WIN-LK2TQOOAELR","name":"migrations","msg":"[migrations] Applying v1: Initial schema with FTS5"}
{"level":50,"time":1787715962446,"pid":37508,"hostname":"WIN-LK2TQOOAELR","name":"migrations","msg":"[migrations] v1 applied"}
{"level":50,"time":1787715962446,"pid":37508,"hostname":"WIN-LK2TQOOAELR","name":"migrations","msg":"[migrations] V2: Added 0 pattern columns"}
{"level":50,"time":1787715962446,"pid":37508,"hostname":"WIN-LK2TQOOAELR","name":"migrations","msg":"[migrations] Running graph schema migrations (SQLite sync)..."}
{"level":50,"time":1787715962448,"pid":37508,"hostname":"WIN-LK2TQOOAELR","name":"migrations","msg":"[migrations] Added 9 enhanced symbol columns"}
{"level":50,"time":1787715962448,"pid":37508,"hostname":"WIN-LK2TQOOAELR","name":"migrations","msg":"[migrations] Relationships table ready"}
{"level":50,"time":1787715962449,"pid":37508,"hostname":"WIN-LK2TQOOAELR","name":"migrations","msg":"[migrations] File index table ready"}
{"level":50,"time":1787715962449,"pid":37508,"hostname":"WIN-LK2TQOOAELR","name":"migrations","msg":"[migrations] Graph metadata table ready"}
{"level":50,"time":1787715962449,"pid":37508,"hostname":"WIN-LK2TQOOAELR","name":"migrations","msg":"[migrations] Body embeddings table ready"}
{"level":50,"time":1787715962449,"pid":37508,"hostname":"WIN-LK2TQOOAELR","name":"migrations","msg":"[migrations] Schema version set to 3 (sync)"}
{"level":50,"time":1787715962453,"pid":37508,"hostname":"WIN-LK2TQOOAELR","name":"migrations","msg":"[migrations] V4: Memory tables dropped and recreated"}
{"level":50,"time":1787715962556,"pid":37508,"hostname":"WIN-LK2TQOOAELR","name":"migrations","msg":"[migrations] Applying v1: Initial schema with FTS5"}
{"level":50,"time":1787715962556,"pid":37508,"hostname":"WIN-LK2TQOOAELR","name":"migrations","msg":"[migrations] v1 applied"}
{"level":50,"time":1787715962556,"pid":37508,"hostname":"WIN-LK2TQOOAELR","name":"migrations","msg":"[migrations] V2: Added 0 pattern columns"}
{"level":50,"time":1787715962556,"pid":37508,"hostname":"WIN-LK2TQOOAELR","name":"migrations","msg":"[migrations] Running graph schema migrations (SQLite sync)..."}
{"level":50,"time":1787715962558,"pid":37508,"hostname":"WIN-LK2TQOOAELR","name":"migrations","msg":"[migrations] Added 9 enhanced symbol columns"}
{"level":50,"time":1787715962558,"pid":37508,"hostname":"WIN-LK2TQOOAELR","name":"migrations","msg":"[migrations] Relationships table ready"}
{"level":50,"time":1787715962559,"pid":37508,"hostname":"WIN-LK2TQOOAELR","name":"migrations","msg":"[migrations] File index table ready"}
{"level":50,"time":1787715962559,"pid":37508,"hostname":"WIN-LK2TQOOAELR","name":"migrations","msg":"[migrations] Graph metadata table ready"}
{"level":50,"time":1787715962559,"pid":37508,"hostname":"WIN-LK2TQOOAELR","name":"migrations","msg":"[migrations] Body embeddings table ready"}
{"level":50,"time":1787715962559,"pid":37508,"hostname":"WIN-LK2TQOOAELR","name":"migrations","msg":"[migrations] Schema version set to 3 (sync)"}
{"level":50,"time":1787715962564,"pid":37508,"hostname":"WIN-LK2TQOOAELR","name":"migrations","msg":"[migrations] V4: Memory tables dropped and recreated"}
{"level":50,"time":1787715962685,"pid":37508,"hostname":"WIN-LK2TQOOAELR","name":"migrations","msg":"[migrations] Applying v1: Initial schema with FTS5"}
{"level":50,"time":1787715962685,"pid":37508,"hostname":"WIN-LK2TQOOAELR","name":"migrations","msg":"[migrations] v1 applied"}
{"level":50,"time":1787715962685,"pid":37508,"hostname":"WIN-LK2TQOOAELR","name":"migrations","msg":"[migrations] V2: Added 0 pattern columns"}
{"level":50,"time":1787715962685,"pid":37508,"hostname":"WIN-LK2TQOOAELR","name":"migrations","msg":"[migrations] Running graph schema migrations (SQLite sync)..."}
{"level":50,"time":1787715962687,"pid":37508,"hostname":"WIN-LK2TQOOAELR","name":"migrations","msg":"[migrations] Added 9 enhanced symbol columns"}
{"level":50,"time":1787715962688,"pid":37508,"hostname":"WIN-LK2TQOOAELR","name":"migrations","msg":"[migrations] Relationships table ready"}
{"level":50,"time":1787715962688,"pid":37508,"hostname":"WIN-LK2TQOOAELR","name":"migrations","msg":"[migrations] File index table ready"}
{"level":50,"time":1787715962688,"pid":37508,"hostname":"WIN-LK2TQOOAELR","name":"migrations","msg":"[migrations] Graph metadata table ready"}
{"level":50,"time":1787715962688,"pid":37508,"hostname":"WIN-LK2TQOOAELR","name":"migrations","msg":"[migrations] Body embeddings table ready"}
{"level":50,"time":1787715962688,"pid":37508,"hostname":"WIN-LK2TQOOAELR","name":"migrations","msg":"[migrations] Schema version set to 3 (sync)"}
{"level":50,"time":1787715962693,"pid":37508,"hostname":"WIN-LK2TQOOAELR","name":"migrations","msg":"[migrations] V4: Memory tables dropped and recreated"}
{"level":50,"time":1787715962787,"pid":37508,"hostname":"WIN-LK2TQOOAELR","name":"migrations","msg":"[migrations] Applying v1: Initial schema with FTS5"}
{"level":50,"time":1787715962787,"pid":37508,"hostname":"WIN-LK2TQOOAELR","name":"migrations","msg":"[migrations] v1 applied"}
{"level":50,"time":1787715962787,"pid":37508,"hostname":"WIN-LK2TQOOAELR","name":"migrations","msg":"[migrations] V2: Added 0 pattern columns"}
{"level":50,"time":1787715962787,"pid":37508,"hostname":"WIN-LK2TQOOAELR","name":"migrations","msg":"[migrations] Running graph schema migrations (SQLite sync)..."}
{"level":50,"time":1787715962789,"pid":37508,"hostname":"WIN-LK2TQOOAELR","name":"migrations","msg":"[migrations] Added 9 enhanced symbol columns"}
{"level":50,"time":1787715962789,"pid":37508,"hostname":"WIN-LK2TQOOAELR","name":"migrations","msg":"[migrations] Relationships table ready"}
{"level":50,"time":1787715962790,"pid":37508,"hostname":"WIN-LK2TQOOAELR","name":"migrations","msg":"[migrations] File index table ready"}
{"level":50,"time":1787715962790,"pid":37508,"hostname":"WIN-LK2TQOOAELR","name":"migrations","msg":"[migrations] Graph metadata table ready"}
{"level":50,"time":1787715962790,"pid":37508,"hostname":"WIN-LK2TQOOAELR","name":"migrations","msg":"[migrations] Body embeddings table ready"}
{"level":50,"time":1787715962790,"pid":37508,"hostname":"WIN-LK2TQOOAELR","name":"migrations","msg":"[migrations] Schema version set to 3 (sync)"}
{"level":50,"time":1787715962796,"pid":37508,"hostname":"WIN-LK2TQOOAELR","name":"migrations","msg":"[migrations] V4: Memory tables dropped and recreated"}
{"level":50,"time":1787715962897,"pid":37508,"hostname":"WIN-LK2TQOOAELR","name":"migrations","msg":"[migrations] Applying v1: Initial schema with FTS5"}
{"level":50,"time":1787715962897,"pid":37508,"hostname":"WIN-LK2TQOOAELR","name":"migrations","msg":"[migrations] v1 applied"}
{"level":50,"time":1787715962897,"pid":37508,"hostname":"WIN-LK2TQOOAELR","name":"migrations","msg":"[migrations] V2: Added 0 pattern columns"}
{"level":50,"time":1787715962897,"pid":37508,"hostname":"WIN-LK2TQOOAELR","name":"migrations","msg":"[migrations] Running graph schema migrations (SQLite sync)..."}
{"level":50,"time":1787715962899,"pid":37508,"hostname":"WIN-LK2TQOOAELR","name":"migrations","msg":"[migrations] Added 9 enhanced symbol columns"}
{"level":50,"time":1787715962900,"pid":37508,"hostname":"WIN-LK2TQOOAELR","name":"migrations","msg":"[migrations] Relationships table ready"}
{"level":50,"time":1787715962900,"pid":37508,"hostname":"WIN-LK2TQOOAELR","name":"migrations","msg":"[migrations] File index table ready"}
{"level":50,"time":1787715962900,"pid":37508,"hostname":"WIN-LK2TQOOAELR","name":"migrations","msg":"[migrations] Graph metadata table ready"}
{"level":50,"time":1787715962900,"pid":37508,"hostname":"WIN-LK2TQOOAELR","name":"migrations","msg":"[migrations] Body embeddings table ready"}
{"level":50,"time":1787715962901,"pid":37508,"hostname":"WIN-LK2TQOOAELR","name":"migrations","msg":"[migrations] Schema version set to 3 (sync)"}
{"level":50,"time":1787715962905,"pid":37508,"hostname":"WIN-LK2TQOOAELR","name":"migrations","msg":"[migrations] V4: Memory tables dropped and recreated"}
{"level":50,"time":1787715963005,"pid":37508,"hostname":"WIN-LK2TQOOAELR","name":"migrations","msg":"[migrations] Applying v1: Initial schema with FTS5"}
{"level":50,"time":1787715963005,"pid":37508,"hostname":"WIN-LK2TQOOAELR","name":"migrations","msg":"[migrations] v1 applied"}
{"level":50,"time":1787715963005,"pid":37508,"hostname":"WIN-LK2TQOOAELR","name":"migrations","msg":"[migrations] V2: Added 0 pattern columns"}
{"level":50,"time":1787715963005,"pid":37508,"hostname":"WIN-LK2TQOOAELR","name":"migrations","msg":"[migrations] Running graph schema migrations (SQLite sync)..."}
{"level":50,"time":1787715963008,"pid":37508,"hostname":"WIN-LK2TQOOAELR","name":"migrations","msg":"[migrations] Added 9 enhanced symbol columns"}
{"level":50,"time":1787715963008,"pid":37508,"hostname":"WIN-LK2TQOOAELR","name":"migrations","msg":"[migrations] Relationships table ready"}
{"level":50,"time":1787715963009,"pid":37508,"hostname":"WIN-LK2TQOOAELR","name":"migrations","msg":"[migrations] File index table ready"}
{"level":50,"time":1787715963009,"pid":37508,"hostname":"WIN-LK2TQOOAELR","name":"migrations","msg":"[migrations] Graph metadata table ready"}
{"level":50,"time":1787715963009,"pid":37508,"hostname":"WIN-LK2TQOOAELR","name":"migrations","msg":"[migrations] Body embeddings table ready"}
{"level":50,"time":1787715963009,"pid":37508,"hostname":"WIN-LK2TQOOAELR","name":"migrations","msg":"[migrations] Schema version set to 3 (sync)"}
{"level":50,"time":1787715963015,"pid":37508,"hostname":"WIN-LK2TQOOAELR","name":"migrations","msg":"[migrations] V4: Memory tables dropped and recreated"}
{"level":50,"time":1787715963134,"pid":37508,"hostname":"WIN-LK2TQOOAELR","name":"migrations","msg":"[migrations] Applying v1: Initial schema with FTS5"}
{"level":50,"time":1787715963134,"pid":37508,"hostname":"WIN-LK2TQOOAELR","name":"migrations","msg":"[migrations] v1 applied"}
{"level":50,"time":1787715963134,"pid":37508,"hostname":"WIN-LK2TQOOAELR","name":"migrations","msg":"[migrations] V2: Added 0 pattern columns"}
{"level":50,"time":1787715963134,"pid":37508,"hostname":"WIN-LK2TQOOAELR","name":"migrations","msg":"[migrations] Running graph schema migrations (SQLite sync)..."}
{"level":50,"time":1787715963136,"pid":37508,"hostname":"WIN-LK2TQOOAELR","name":"migrations","msg":"[migrations] Added 9 enhanced symbol columns"}
{"level":50,"time":1787715963137,"pid":37508,"hostname":"WIN-LK2TQOOAELR","name":"migrations","msg":"[migrations] Relationships table ready"}
{"level":50,"time":1787715963137,"pid":37508,"hostname":"WIN-LK2TQOOAELR","name":"migrations","msg":"[migrations] File index table ready"}
{"level":50,"time":1787715963137,"pid":37508,"hostname":"WIN-LK2TQOOAELR","name":"migrations","msg":"[migrations] Graph metadata table ready"}
{"level":50,"time":1787715963137,"pid":37508,"hostname":"WIN-LK2TQOOAELR","name":"migrations","msg":"[migrations] Body embeddings table ready"}
{"level":50,"time":1787715963137,"pid":37508,"hostname":"WIN-LK2TQOOAELR","name":"migrations","msg":"[migrations] Schema version set to 3 (sync)"}
{"level":50,"time":1787715963142,"pid":37508,"hostname":"WIN-LK2TQOOAELR","name":"migrations","msg":"[migrations] V4: Memory tables dropped and recreated"}
{"level":50,"time":1787715963253,"pid":37508,"hostname":"WIN-LK2TQOOAELR","name":"migrations","msg":"[migrations] Applying v1: Initial schema with FTS5"}
{"level":50,"time":1787715963254,"pid":37508,"hostname":"WIN-LK2TQOOAELR","name":"migrations","msg":"[migrations] v1 applied"}
{"level":50,"time":1787715963254,"pid":37508,"hostname":"WIN-LK2TQOOAELR","name":"migrations","msg":"[migrations] V2: Added 0 pattern columns"}
{"level":50,"time":1787715963254,"pid":37508,"hostname":"WIN-LK2TQOOAELR","name":"migrations","msg":"[migrations] Running graph schema migrations (SQLite sync)..."}
{"level":50,"time":1787715963256,"pid":37508,"hostname":"WIN-LK2TQOOAELR","name":"migrations","msg":"[migrations] Added 9 enhanced symbol columns"}
{"level":50,"time":1787715963256,"pid":37508,"hostname":"WIN-LK2TQOOAELR","name":"migrations","msg":"[migrations] Relationships table ready"}
{"level":50,"time":1787715963256,"pid":37508,"hostname":"WIN-LK2TQOOAELR","name":"migrations","msg":"[migrations] File index table ready"}
{"level":50,"time":1787715963257,"pid":37508,"hostname":"WIN-LK2TQOOAELR","name":"migrations","msg":"[migrations] Graph metadata table ready"}
{"level":50,"time":1787715963257,"pid":37508,"hostname":"WIN-LK2TQOOAELR","name":"migrations","msg":"[migrations] Body embeddings table ready"}
{"level":50,"time":1787715963257,"pid":37508,"hostname":"WIN-LK2TQOOAELR","name":"migrations","msg":"[migrations] Schema version set to 3 (sync)"}
{"level":50,"time":1787715963263,"pid":37508,"hostname":"WIN-LK2TQOOAELR","name":"migrations","msg":"[migrations] V4: Memory tables dropped and recreated"}
{"level":50,"time":1787715963364,"pid":37508,"hostname":"WIN-LK2TQOOAELR","name":"migrations","msg":"[migrations] Applying v1: Initial schema with FTS5"}
{"level":50,"time":1787715963364,"pid":37508,"hostname":"WIN-LK2TQOOAELR","name":"migrations","msg":"[migrations] v1 applied"}
{"level":50,"time":1787715963364,"pid":37508,"hostname":"WIN-LK2TQOOAELR","name":"migrations","msg":"[migrations] V2: Added 0 pattern columns"}
{"level":50,"time":1787715963364,"pid":37508,"hostname":"WIN-LK2TQOOAELR","name":"migrations","msg":"[migrations] Running graph schema migrations (SQLite sync)..."}
{"level":50,"time":1787715963366,"pid":37508,"hostname":"WIN-LK2TQOOAELR","name":"migrations","msg":"[migrations] Added 9 enhanced symbol columns"}
{"level":50,"time":1787715963366,"pid":37508,"hostname":"WIN-LK2TQOOAELR","name":"migrations","msg":"[migrations] Relationships table ready"}
{"level":50,"time":1787715963367,"pid":37508,"hostname":"WIN-LK2TQOOAELR","name":"migrations","msg":"[migrations] File index table ready"}
{"level":50,"time":1787715963367,"pid":37508,"hostname":"WIN-LK2TQOOAELR","name":"migrations","msg":"[migrations] Graph metadata table ready"}
{"level":50,"time":1787715963367,"pid":37508,"hostname":"WIN-LK2TQOOAELR","name":"migrations","msg":"[migrations] Body embeddings table ready"}
{"level":50,"time":1787715963367,"pid":37508,"hostname":"WIN-LK2TQOOAELR","name":"migrations","msg":"[migrations] Schema version set to 3 (sync)"}
{"level":50,"time":1787715963373,"pid":37508,"hostname":"WIN-LK2TQOOAELR","name":"migrations","msg":"[migrations] V4: Memory tables dropped and recreated"}
{"level":50,"time":1787715963469,"pid":37508,"hostname":"WIN-LK2TQOOAELR","name":"migrations","msg":"[migrations] Applying v1: Initial schema with FTS5"}
{"level":50,"time":1787715963470,"pid":37508,"hostname":"WIN-LK2TQOOAELR","name":"migrations","msg":"[migrations] v1 applied"}
{"level":50,"time":1787715963470,"pid":37508,"hostname":"WIN-LK2TQOOAELR","name":"migrations","msg":"[migrations] V2: Added 0 pattern columns"}
{"level":50,"time":1787715963470,"pid":37508,"hostname":"WIN-LK2TQOOAELR","name":"migrations","msg":"[migrations] Running graph schema migrations (SQLite sync)..."}
{"level":50,"time":1787715963472,"pid":37508,"hostname":"WIN-LK2TQOOAELR","name":"migrations","msg":"[migrations] Added 9 enhanced symbol columns"}
{"level":50,"time":1787715963472,"pid":37508,"hostname":"WIN-LK2TQOOAELR","name":"migrations","msg":"[migrations] Relationships table ready"}
{"level":50,"time":1787715963472,"pid":37508,"hostname":"WIN-LK2TQOOAELR","name":"migrations","msg":"[migrations] File index table ready"}
{"level":50,"time":1787715963473,"pid":37508,"hostname":"WIN-LK2TQOOAELR","name":"migrations","msg":"[migrations] Graph metadata table ready"}
{"level":50,"time":1787715963473,"pid":37508,"hostname":"WIN-LK2TQOOAELR","name":"migrations","msg":"[migrations] Body embeddings table ready"}
{"level":50,"time":1787715963473,"pid":37508,"hostname":"WIN-LK2TQOOAELR","name":"migrations","msg":"[migrations] Schema version set to 3 (sync)"}
{"level":50,"time":1787715963478,"pid":37508,"hostname":"WIN-LK2TQOOAELR","name":"migrations","msg":"[migrations] V4: Memory tables dropped and recreated"}
{"level":50,"time":1787715963575,"pid":37508,"hostname":"WIN-LK2TQOOAELR","name":"migrations","msg":"[migrations] Applying v1: Initial schema with FTS5"}
{"level":50,"time":1787715963575,"pid":37508,"hostname":"WIN-LK2TQOOAELR","name":"migrations","msg":"[migrations] v1 applied"}
{"level":50,"time":1787715963575,"pid":37508,"hostname":"WIN-LK2TQOOAELR","name":"migrations","msg":"[migrations] V2: Added 0 pattern columns"}
{"level":50,"time":1787715963575,"pid":37508,"hostname":"WIN-LK2TQOOAELR","name":"migrations","msg":"[migrations] Running graph schema migrations (SQLite sync)..."}
{"level":50,"time":1787715963577,"pid":37508,"hostname":"WIN-LK2TQOOAELR","name":"migrations","msg":"[migrations] Added 9 enhanced symbol columns"}
{"level":50,"time":1787715963578,"pid":37508,"hostname":"WIN-LK2TQOOAELR","name":"migrations","msg":"[migrations] Relationships table ready"}
{"level":50,"time":1787715963578,"pid":37508,"hostname":"WIN-LK2TQOOAELR","name":"migrations","msg":"[migrations] File index table ready"}
{"level":50,"time":1787715963578,"pid":37508,"hostname":"WIN-LK2TQOOAELR","name":"migrations","msg":"[migrations] Graph metadata table ready"}
{"level":50,"time":1787715963578,"pid":37508,"hostname":"WIN-LK2TQOOAELR","name":"migrations","msg":"[migrations] Body embeddings table ready"}
{"level":50,"time":1787715963578,"pid":37508,"hostname":"WIN-LK2TQOOAELR","name":"migrations","msg":"[migrations] Schema version set to 3 (sync)"}
{"level":50,"time":1787715963582,"pid":37508,"hostname":"WIN-LK2TQOOAELR","name":"migrations","msg":"[migrations] V4: Memory tables dropped and recreated"}
{"level":50,"time":1787715963687,"pid":37508,"hostname":"WIN-LK2TQOOAELR","name":"migrations","msg":"[migrations] Applying v1: Initial schema with FTS5"}
{"level":50,"time":1787715963687,"pid":37508,"hostname":"WIN-LK2TQOOAELR","name":"migrations","msg":"[migrations] v1 applied"}
{"level":50,"time":1787715963687,"pid":37508,"hostname":"WIN-LK2TQOOAELR","name":"migrations","msg":"[migrations] V2: Added 0 pattern columns"}
{"level":50,"time":1787715963687,"pid":37508,"hostname":"WIN-LK2TQOOAELR","name":"migrations","msg":"[migrations] Running graph schema migrations (SQLite sync)..."}
{"level":50,"time":1787715963690,"pid":37508,"hostname":"WIN-LK2TQOOAELR","name":"migrations","msg":"[migrations] Added 9 enhanced symbol columns"}
{"level":50,"time":1787715963691,"pid":37508,"hostname":"WIN-LK2TQOOAELR","name":"migrations","msg":"[migrations] Relationships table ready"}
{"level":50,"time":1787715963691,"pid":37508,"hostname":"WIN-LK2TQOOAELR","name":"migrations","msg":"[migrations] File index table ready"}
{"level":50,"time":1787715963691,"pid":37508,"hostname":"WIN-LK2TQOOAELR","name":"migrations","msg":"[migrations] Graph metadata table ready"}
{"level":50,"time":1787715963691,"pid":37508,"hostname":"WIN-LK2TQOOAELR","name":"migrations","msg":"[migrations] Body embeddings table ready"}
{"level":50,"time":1787715963691,"pid":37508,"hostname":"WIN-LK2TQOOAELR","name":"migrations","msg":"[migrations] Schema version set to 3 (sync)"}
{"level":50,"time":1787715963698,"pid":37508,"hostname":"WIN-LK2TQOOAELR","name":"migrations","msg":"[migrations] V4: Memory tables dropped and recreated"}
{"level":50,"time":1787715963784,"pid":37508,"hostname":"WIN-LK2TQOOAELR","name":"migrations","msg":"[migrations] Applying v1: Initial schema with FTS5"}
{"level":50,"time":1787715963785,"pid":37508,"hostname":"WIN-LK2TQOOAELR","name":"migrations","msg":"[migrations] v1 applied"}
{"level":50,"time":1787715963785,"pid":37508,"hostname":"WIN-LK2TQOOAELR","name":"migrations","msg":"[migrations] V2: Added 0 pattern columns"}
{"level":50,"time":1787715963785,"pid":37508,"hostname":"WIN-LK2TQOOAELR","name":"migrations","msg":"[migrations] Running graph schema migrations (SQLite sync)..."}
{"level":50,"time":1787715963788,"pid":37508,"hostname":"WIN-LK2TQOOAELR","name":"migrations","msg":"[migrations] Added 9 enhanced symbol columns"}
{"level":50,"time":1787715963789,"pid":37508,"hostname":"WIN-LK2TQOOAELR","name":"migrations","msg":"[migrations] Relationships table ready"}
{"level":50,"time":1787715963789,"pid":37508,"hostname":"WIN-LK2TQOOAELR","name":"migrations","msg":"[migrations] File index table ready"}
{"level":50,"time":1787715963789,"pid":37508,"hostname":"WIN-LK2TQOOAELR","name":"migrations","msg":"[migrations] Graph metadata table ready"}
{"level":50,"time":1787715963789,"pid":37508,"hostname":"WIN-LK2TQOOAELR","name":"migrations","msg":"[migrations] Body embeddings table ready"}
{"level":50,"time":1787715963789,"pid":37508,"hostname":"WIN-LK2TQOOAELR","name":"migrations","msg":"[migrations] Schema version set to 3 (sync)"}
{"level":50,"time":1787715963796,"pid":37508,"hostname":"WIN-LK2TQOOAELR","name":"migrations","msg":"[migrations] V4: Memory tables dropped and recreated"}
{"level":50,"time":1787715963889,"pid":37508,"hostname":"WIN-LK2TQOOAELR","name":"migrations","msg":"[migrations] Applying v1: Initial schema with FTS5"}
{"level":50,"time":1787715963889,"pid":37508,"hostname":"WIN-LK2TQOOAELR","name":"migrations","msg":"[migrations] v1 applied"}
{"level":50,"time":1787715963889,"pid":37508,"hostname":"WIN-LK2TQOOAELR","name":"migrations","msg":"[migrations] V2: Added 0 pattern columns"}
{"level":50,"time":1787715963889,"pid":37508,"hostname":"WIN-LK2TQOOAELR","name":"migrations","msg":"[migrations] Running graph schema migrations (SQLite sync)..."}
{"level":50,"time":1787715963891,"pid":37508,"hostname":"WIN-LK2TQOOAELR","name":"migrations","msg":"[migrations] Added 9 enhanced symbol columns"}
{"level":50,"time":1787715963892,"pid":37508,"hostname":"WIN-LK2TQOOAELR","name":"migrations","msg":"[migrations] Relationships table ready"}
{"level":50,"time":1787715963892,"pid":37508,"hostname":"WIN-LK2TQOOAELR","name":"migrations","msg":"[migrations] File index table ready"}
{"level":50,"time":1787715963892,"pid":37508,"hostname":"WIN-LK2TQOOAELR","name":"migrations","msg":"[migrations] Graph metadata table ready"}
{"level":50,"time":1787715963892,"pid":37508,"hostname":"WIN-LK2TQOOAELR","name":"migrations","msg":"[migrations] Body embeddings table ready"}
{"level":50,"time":1787715963892,"pid":37508,"hostname":"WIN-LK2TQOOAELR","name":"migrations","msg":"[migrations] Schema version set to 3 (sync)"}
{"level":50,"time":1787715963896,"pid":37508,"hostname":"WIN-LK2TQOOAELR","name":"migrations","msg":"[migrations] V4: Memory tables dropped and recreated"}
{"level":50,"time":1787715964001,"pid":37508,"hostname":"WIN-LK2TQOOAELR","name":"migrations","msg":"[migrations] Applying v1: Initial schema with FTS5"}
{"level":50,"time":1787715964002,"pid":37508,"hostname":"WIN-LK2TQOOAELR","name":"migrations","msg":"[migrations] v1 applied"}
{"level":50,"time":1787715964002,"pid":37508,"hostname":"WIN-LK2TQOOAELR","name":"migrations","msg":"[migrations] V2: Added 0 pattern columns"}
{"level":50,"time":1787715964002,"pid":37508,"hostname":"WIN-LK2TQOOAELR","name":"migrations","msg":"[migrations] Running graph schema migrations (SQLite sync)..."}
{"level":50,"time":1787715964004,"pid":37508,"hostname":"WIN-LK2TQOOAELR","name":"migrations","msg":"[migrations] Added 9 enhanced symbol columns"}
{"level":50,"time":1787715964005,"pid":37508,"hostname":"WIN-LK2TQOOAELR","name":"migrations","msg":"[migrations] Relationships table ready"}
{"level":50,"time":1787715964005,"pid":37508,"hostname":"WIN-LK2TQOOAELR","name":"migrations","msg":"[migrations] File index table ready"}
{"level":50,"time":1787715964005,"pid":37508,"hostname":"WIN-LK2TQOOAELR","name":"migrations","msg":"[migrations] Graph metadata table ready"}
{"level":50,"time":1787715964005,"pid":37508,"hostname":"WIN-LK2TQOOAELR","name":"migrations","msg":"[migrations] Body embeddings table ready"}
{"level":50,"time":1787715964005,"pid":37508,"hostname":"WIN-LK2TQOOAELR","name":"migrations","msg":"[migrations] Schema version set to 3 (sync)"}
{"level":50,"time":1787715964009,"pid":37508,"hostname":"WIN-LK2TQOOAELR","name":"migrations","msg":"[migrations] V4: Memory tables dropped and recreated"}
{"level":50,"time":1787715964101,"pid":37508,"hostname":"WIN-LK2TQOOAELR","name":"migrations","msg":"[migrations] Applying v1: Initial schema with FTS5"}
{"level":50,"time":1787715964101,"pid":37508,"hostname":"WIN-LK2TQOOAELR","name":"migrations","msg":"[migrations] v1 applied"}
{"level":50,"time":1787715964102,"pid":37508,"hostname":"WIN-LK2TQOOAELR","name":"migrations","msg":"[migrations] V2: Added 0 pattern columns"}
{"level":50,"time":1787715964102,"pid":37508,"hostname":"WIN-LK2TQOOAELR","name":"migrations","msg":"[migrations] Running graph schema migrations (SQLite sync)..."}
{"level":50,"time":1787715964104,"pid":37508,"hostname":"WIN-LK2TQOOAELR","name":"migrations","msg":"[migrations] Added 9 enhanced symbol columns"}
{"level":50,"time":1787715964105,"pid":37508,"hostname":"WIN-LK2TQOOAELR","name":"migrations","msg":"[migrations] Relationships table ready"}
{"level":50,"time":1787715964105,"pid":37508,"hostname":"WIN-LK2TQOOAELR","name":"migrations","msg":"[migrations] File index table ready"}
{"level":50,"time":1787715964105,"pid":37508,"hostname":"WIN-LK2TQOOAELR","name":"migrations","msg":"[migrations] Graph metadata table ready"}
{"level":50,"time":1787715964105,"pid":37508,"hostname":"WIN-LK2TQOOAELR","name":"migrations","msg":"[migrations] Body embeddings table ready"}
{"level":50,"time":1787715964106,"pid":37508,"hostname":"WIN-LK2TQOOAELR","name":"migrations","msg":"[migrations] Schema version set to 3 (sync)"}
{"level":50,"time":1787715964112,"pid":37508,"hostname":"WIN-LK2TQOOAELR","name":"migrations","msg":"[migrations] V4: Memory tables dropped and recreated"}
{"level":50,"time":1787715964207,"pid":37508,"hostname":"WIN-LK2TQOOAELR","name":"migrations","msg":"[migrations] Applying v1: Initial schema with FTS5"}
{"level":50,"time":1787715964208,"pid":37508,"hostname":"WIN-LK2TQOOAELR","name":"migrations","msg":"[migrations] v1 applied"}
{"level":50,"time":1787715964208,"pid":37508,"hostname":"WIN-LK2TQOOAELR","name":"migrations","msg":"[migrations] V2: Added 0 pattern columns"}
{"level":50,"time":1787715964208,"pid":37508,"hostname":"WIN-LK2TQOOAELR","name":"migrations","msg":"[migrations] Running graph schema migrations (SQLite sync)..."}
{"level":50,"time":1787715964211,"pid":37508,"hostname":"WIN-LK2TQOOAELR","name":"migrations","msg":"[migrations] Added 9 enhanced symbol columns"}
{"level":50,"time":1787715964211,"pid":37508,"hostname":"WIN-LK2TQOOAELR","name":"migrations","msg":"[migrations] Relationships table ready"}
{"level":50,"time":1787715964212,"pid":37508,"hostname":"WIN-LK2TQOOAELR","name":"migrations","msg":"[migrations] File index table ready"}
{"level":50,"time":1787715964212,"pid":37508,"hostname":"WIN-LK2TQOOAELR","name":"migrations","msg":"[migrations] Graph metadata table ready"}
{"level":50,"time":1787715964212,"pid":37508,"hostname":"WIN-LK2TQOOAELR","name":"migrations","msg":"[migrations] Body embeddings table ready"}
{"level":50,"time":1787715964212,"pid":37508,"hostname":"WIN-LK2TQOOAELR","name":"migrations","msg":"[migrations] Schema version set to 3 (sync)"}
{"level":50,"time":1787715964219,"pid":37508,"hostname":"WIN-LK2TQOOAELR","name":"migrations","msg":"[migrations] V4: Memory tables dropped and recreated"}
{"level":50,"time":1787715964372,"pid":37508,"hostname":"WIN-LK2TQOOAELR","name":"migrations","msg":"[migrations] Applying v1: Initial schema with FTS5"}
{"level":50,"time":1787715964373,"pid":37508,"hostname":"WIN-LK2TQOOAELR","name":"migrations","msg":"[migrations] v1 applied"}
{"level":50,"time":1787715964373,"pid":37508,"hostname":"WIN-LK2TQOOAELR","name":"migrations","msg":"[migrations] V2: Added 0 pattern columns"}
{"level":50,"time":1787715964373,"pid":37508,"hostname":"WIN-LK2TQOOAELR","name":"migrations","msg":"[migrations] Running graph schema migrations (SQLite sync)..."}
{"level":50,"time":1787715964376,"pid":37508,"hostname":"WIN-LK2TQOOAELR","name":"migrations","msg":"[migrations] Added 9 enhanced symbol columns"}
{"level":50,"time":1787715964377,"pid":37508,"hostname":"WIN-LK2TQOOAELR","name":"migrations","msg":"[migrations] Relationships table ready"}
{"level":50,"time":1787715964377,"pid":37508,"hostname":"WIN-LK2TQOOAELR","name":"migrations","msg":"[migrations] File index table ready"}
{"level":50,"time":1787715964378,"pid":37508,"hostname":"WIN-LK2TQOOAELR","name":"migrations","msg":"[migrations] Graph metadata table ready"}
{"level":50,"time":1787715964378,"pid":37508,"hostname":"WIN-LK2TQOOAELR","name":"migrations","msg":"[migrations] Body embeddings table ready"}
{"level":50,"time":1787715964378,"pid":37508,"hostname":"WIN-LK2TQOOAELR","name":"migrations","msg":"[migrations] Schema version set to 3 (sync)"}
{"level":50,"time":1787715964383,"pid":37508,"hostname":"WIN-LK2TQOOAELR","name":"migrations","msg":"[migrations] V4: Memory tables dropped and recreated"}
{"level":50,"time":1787715964496,"pid":37508,"hostname":"WIN-LK2TQOOAELR","name":"migrations","msg":"[migrations] Applying v1: Initial schema with FTS5"}
{"level":50,"time":1787715964497,"pid":37508,"hostname":"WIN-LK2TQOOAELR","name":"migrations","msg":"[migrations] v1 applied"}
{"level":50,"time":1787715964497,"pid":37508,"hostname":"WIN-LK2TQOOAELR","name":"migrations","msg":"[migrations] V2: Added 0 pattern columns"}
{"level":50,"time":1787715964497,"pid":37508,"hostname":"WIN-LK2TQOOAELR","name":"migrations","msg":"[migrations] Running graph schema migrations (SQLite sync)..."}
{"level":50,"time":1787715964499,"pid":37508,"hostname":"WIN-LK2TQOOAELR","name":"migrations","msg":"[migrations] Added 9 enhanced symbol columns"}
{"level":50,"time":1787715964499,"pid":37508,"hostname":"WIN-LK2TQOOAELR","name":"migrations","msg":"[migrations] Relationships table ready"}
{"level":50,"time":1787715964499,"pid":37508,"hostname":"WIN-LK2TQOOAELR","name":"migrations","msg":"[migrations] File index table ready"}
{"level":50,"time":1787715964500,"pid":37508,"hostname":"WIN-LK2TQOOAELR","name":"migrations","msg":"[migrations] Graph metadata table ready"}
{"level":50,"time":1787715964500,"pid":37508,"hostname":"WIN-LK2TQOOAELR","name":"migrations","msg":"[migrations] Body embeddings table ready"}
{"level":50,"time":1787715964500,"pid":37508,"hostname":"WIN-LK2TQOOAELR","name":"migrations","msg":"[migrations] Schema version set to 3 (sync)"}
{"level":50,"time":1787715964505,"pid":37508,"hostname":"WIN-LK2TQOOAELR","name":"migrations","msg":"[migrations] V4: Memory tables dropped and recreated"}
{"level":50,"time":1787715964604,"pid":37508,"hostname":"WIN-LK2TQOOAELR","name":"migrations","msg":"[migrations] Applying v1: Initial schema with FTS5"}
{"level":50,"time":1787715964605,"pid":37508,"hostname":"WIN-LK2TQOOAELR","name":"migrations","msg":"[migrations] v1 applied"}
{"level":50,"time":1787715964605,"pid":37508,"hostname":"WIN-LK2TQOOAELR","name":"migrations","msg":"[migrations] V2: Added 0 pattern columns"}
{"level":50,"time":1787715964605,"pid":37508,"hostname":"WIN-LK2TQOOAELR","name":"migrations","msg":"[migrations] Running graph schema migrations (SQLite sync)..."}
{"level":50,"time":1787715964607,"pid":37508,"hostname":"WIN-LK2TQOOAELR","name":"migrations","msg":"[migrations] Added 9 enhanced symbol columns"}
{"level":50,"time":1787715964607,"pid":37508,"hostname":"WIN-LK2TQOOAELR","name":"migrations","msg":"[migrations] Relationships table ready"}
{"level":50,"time":1787715964607,"pid":37508,"hostname":"WIN-LK2TQOOAELR","name":"migrations","msg":"[migrations] File index table ready"}
{"level":50,"time":1787715964607,"pid":37508,"hostname":"WIN-LK2TQOOAELR","name":"migrations","msg":"[migrations] Graph metadata table ready"}
{"level":50,"time":1787715964608,"pid":37508,"hostname":"WIN-LK2TQOOAELR","name":"migrations","msg":"[migrations] Body embeddings table ready"}
{"level":50,"time":1787715964608,"pid":37508,"hostname":"WIN-LK2TQOOAELR","name":"migrations","msg":"[migrations] Schema version set to 3 (sync)"}
{"level":50,"time":1787715964612,"pid":37508,"hostname":"WIN-LK2TQOOAELR","name":"migrations","msg":"[migrations] V4: Memory tables dropped and recreated"}
{"level":50,"time":1787715964793,"pid":37508,"hostname":"WIN-LK2TQOOAELR","name":"migrations","msg":"[migrations] Applying v1: Initial schema with FTS5"}
{"level":50,"time":1787715964794,"pid":37508,"hostname":"WIN-LK2TQOOAELR","name":"migrations","msg":"[migrations] v1 applied"}
{"level":50,"time":1787715964794,"pid":37508,"hostname":"WIN-LK2TQOOAELR","name":"migrations","msg":"[migrations] V2: Added 0 pattern columns"}
{"level":50,"time":1787715964794,"pid":37508,"hostname":"WIN-LK2TQOOAELR","name":"migrations","msg":"[migrations] Running graph schema migrations (SQLite sync)..."}
{"level":50,"time":1787715964797,"pid":37508,"hostname":"WIN-LK2TQOOAELR","name":"migrations","msg":"[migrations] Added 9 enhanced symbol columns"}
{"level":50,"time":1787715964798,"pid":37508,"hostname":"WIN-LK2TQOOAELR","name":"migrations","msg":"[migrations] Relationships table ready"}
{"level":50,"time":1787715964798,"pid":37508,"hostname":"WIN-LK2TQOOAELR","name":"migrations","msg":"[migrations] File index table ready"}
{"level":50,"time":1787715964798,"pid":37508,"hostname":"WIN-LK2TQOOAELR","name":"migrations","msg":"[migrations] Graph metadata table ready"}
{"level":50,"time":1787715964798,"pid":37508,"hostname":"WIN-LK2TQOOAELR","name":"migrations","msg":"[migrations] Body embeddings table ready"}
{"level":50,"time":1787715964798,"pid":37508,"hostname":"WIN-LK2TQOOAELR","name":"migrations","msg":"[migrations] Schema version set to 3 (sync)"}
{"level":50,"time":1787715964804,"pid":37508,"hostname":"WIN-LK2TQOOAELR","name":"migrations","msg":"[migrations] V4: Memory tables dropped and recreated"}
{"level":50,"time":1787715964910,"pid":37508,"hostname":"WIN-LK2TQOOAELR","name":"migrations","msg":"[migrations] Applying v1: Initial schema with FTS5"}
{"level":50,"time":1787715964911,"pid":37508,"hostname":"WIN-LK2TQOOAELR","name":"migrations","msg":"[migrations] v1 applied"}
{"level":50,"time":1787715964911,"pid":37508,"hostname":"WIN-LK2TQOOAELR","name":"migrations","msg":"[migrations] V2: Added 0 pattern columns"}
{"level":50,"time":1787715964911,"pid":37508,"hostname":"WIN-LK2TQOOAELR","name":"migrations","msg":"[migrations] Running graph schema migrations (SQLite sync)..."}
{"level":50,"time":1787715964913,"pid":37508,"hostname":"WIN-LK2TQOOAELR","name":"migrations","msg":"[migrations] Added 9 enhanced symbol columns"}
{"level":50,"time":1787715964914,"pid":37508,"hostname":"WIN-LK2TQOOAELR","name":"migrations","msg":"[migrations] Relationships table ready"}
{"level":50,"time":1787715964914,"pid":37508,"hostname":"WIN-LK2TQOOAELR","name":"migrations","msg":"[migrations] File index table ready"}
{"level":50,"time":1787715964914,"pid":37508,"hostname":"WIN-LK2TQOOAELR","name":"migrations","msg":"[migrations] Graph metadata table ready"}
{"level":50,"time":1787715964915,"pid":37508,"hostname":"WIN-LK2TQOOAELR","name":"migrations","msg":"[migrations] Body embeddings table ready"}
{"level":50,"time":1787715964915,"pid":37508,"hostname":"WIN-LK2TQOOAELR","name":"migrations","msg":"[migrations] Schema version set to 3 (sync)"}
{"level":50,"time":1787715964919,"pid":37508,"hostname":"WIN-LK2TQOOAELR","name":"migrations","msg":"[migrations] V4: Memory tables dropped and recreated"}
{"level":50,"time":1787715965020,"pid":37508,"hostname":"WIN-LK2TQOOAELR","name":"migrations","msg":"[migrations] Applying v1: Initial schema with FTS5"}
{"level":50,"time":1787715965020,"pid":37508,"hostname":"WIN-LK2TQOOAELR","name":"migrations","msg":"[migrations] v1 applied"}
{"level":50,"time":1787715965020,"pid":37508,"hostname":"WIN-LK2TQOOAELR","name":"migrations","msg":"[migrations] V2: Added 0 pattern columns"}
{"level":50,"time":1787715965020,"pid":37508,"hostname":"WIN-LK2TQOOAELR","name":"migrations","msg":"[migrations] Running graph schema migrations (SQLite sync)..."}
{"level":50,"time":1787715965022,"pid":37508,"hostname":"WIN-LK2TQOOAELR","name":"migrations","msg":"[migrations] Added 9 enhanced symbol columns"}
{"level":50,"time":1787715965022,"pid":37508,"hostname":"WIN-LK2TQOOAELR","name":"migrations","msg":"[migrations] Relationships table ready"}
{"level":50,"time":1787715965023,"pid":37508,"hostname":"WIN-LK2TQOOAELR","name":"migrations","msg":"[migrations] File index table ready"}
{"level":50,"time":1787715965023,"pid":37508,"hostname":"WIN-LK2TQOOAELR","name":"migrations","msg":"[migrations] Graph metadata table ready"}
{"level":50,"time":1787715965023,"pid":37508,"hostname":"WIN-LK2TQOOAELR","name":"migrations","msg":"[migrations] Body embeddings table ready"}
{"level":50,"time":1787715965023,"pid":37508,"hostname":"WIN-LK2TQOOAELR","name":"migrations","msg":"[migrations] Schema version set to 3 (sync)"}
{"level":50,"time":1787715965027,"pid":37508,"hostname":"WIN-LK2TQOOAELR","name":"migrations","msg":"[migrations] V4: Memory tables dropped and recreated"}
{"level":50,"time":1787715965155,"pid":37508,"hostname":"WIN-LK2TQOOAELR","name":"migrations","msg":"[migrations] Applying v1: Initial schema with FTS5"}
{"level":50,"time":1787715965156,"pid":37508,"hostname":"WIN-LK2TQOOAELR","name":"migrations","msg":"[migrations] v1 applied"}
{"level":50,"time":1787715965156,"pid":37508,"hostname":"WIN-LK2TQOOAELR","name":"migrations","msg":"[migrations] V2: Added 0 pattern columns"}
{"level":50,"time":1787715965156,"pid":37508,"hostname":"WIN-LK2TQOOAELR","name":"migrations","msg":"[migrations] Running graph schema migrations (SQLite sync)..."}
{"level":50,"time":1787715965158,"pid":37508,"hostname":"WIN-LK2TQOOAELR","name":"migrations","msg":"[migrations] Added 9 enhanced symbol columns"}
{"level":50,"time":1787715965158,"pid":37508,"hostname":"WIN-LK2TQOOAELR","name":"migrations","msg":"[migrations] Relationships table ready"}
{"level":50,"time":1787715965158,"pid":37508,"hostname":"WIN-LK2TQOOAELR","name":"migrations","msg":"[migrations] File index table ready"}
{"level":50,"time":1787715965159,"pid":37508,"hostname":"WIN-LK2TQOOAELR","name":"migrations","msg":"[migrations] Graph metadata table ready"}
{"level":50,"time":1787715965159,"pid":37508,"hostname":"WIN-LK2TQOOAELR","name":"migrations","msg":"[migrations] Body embeddings table ready"}
{"level":50,"time":1787715965159,"pid":37508,"hostname":"WIN-LK2TQOOAELR","name":"migrations","msg":"[migrations] Schema version set to 3 (sync)"}
{"level":50,"time":1787715965164,"pid":37508,"hostname":"WIN-LK2TQOOAELR","name":"migrations","msg":"[migrations] V4: Memory tables dropped and recreated"}
{"level":50,"time":1787715965259,"pid":37508,"hostname":"WIN-LK2TQOOAELR","name":"migrations","msg":"[migrations] Applying v1: Initial schema with FTS5"}
{"level":50,"time":1787715965259,"pid":37508,"hostname":"WIN-LK2TQOOAELR","name":"migrations","msg":"[migrations] v1 applied"}
{"level":50,"time":1787715965259,"pid":37508,"hostname":"WIN-LK2TQOOAELR","name":"migrations","msg":"[migrations] V2: Added 0 pattern columns"}
{"level":50,"time":1787715965259,"pid":37508,"hostname":"WIN-LK2TQOOAELR","name":"migrations","msg":"[migrations] Running graph schema migrations (SQLite sync)..."}
{"level":50,"time":1787715965262,"pid":37508,"hostname":"WIN-LK2TQOOAELR","name":"migrations","msg":"[migrations] Added 9 enhanced symbol columns"}
{"level":50,"time":1787715965262,"pid":37508,"hostname":"WIN-LK2TQOOAELR","name":"migrations","msg":"[migrations] Relationships table ready"}
{"level":50,"time":1787715965262,"pid":37508,"hostname":"WIN-LK2TQOOAELR","name":"migrations","msg":"[migrations] File index table ready"}
{"level":50,"time":1787715965262,"pid":37508,"hostname":"WIN-LK2TQOOAELR","name":"migrations","msg":"[migrations] Graph metadata table ready"}
{"level":50,"time":1787715965263,"pid":37508,"hostname":"WIN-LK2TQOOAELR","name":"migrations","msg":"[migrations] Body embeddings table ready"}
{"level":50,"time":1787715965263,"pid":37508,"hostname":"WIN-LK2TQOOAELR","name":"migrations","msg":"[migrations] Schema version set to 3 (sync)"}
{"level":50,"time":1787715965267,"pid":37508,"hostname":"WIN-LK2TQOOAELR","name":"migrations","msg":"[migrations] V4: Memory tables dropped and recreated"}
{"level":50,"time":1787715965374,"pid":37508,"hostname":"WIN-LK2TQOOAELR","name":"migrations","msg":"[migrations] Applying v1: Initial schema with FTS5"}
{"level":50,"time":1787715965374,"pid":37508,"hostname":"WIN-LK2TQOOAELR","name":"migrations","msg":"[migrations] v1 applied"}
{"level":50,"time":1787715965375,"pid":37508,"hostname":"WIN-LK2TQOOAELR","name":"migrations","msg":"[migrations] V2: Added 0 pattern columns"}
{"level":50,"time":1787715965375,"pid":37508,"hostname":"WIN-LK2TQOOAELR","name":"migrations","msg":"[migrations] Running graph schema migrations (SQLite sync)..."}
{"level":50,"time":1787715965379,"pid":37508,"hostname":"WIN-LK2TQOOAELR","name":"migrations","msg":"[migrations] Added 9 enhanced symbol columns"}
{"level":50,"time":1787715965379,"pid":37508,"hostname":"WIN-LK2TQOOAELR","name":"migrations","msg":"[migrations] Relationships table ready"}
{"level":50,"time":1787715965380,"pid":37508,"hostname":"WIN-LK2TQOOAELR","name":"migrations","msg":"[migrations] File index table ready"}
{"level":50,"time":1787715965380,"pid":37508,"hostname":"WIN-LK2TQOOAELR","name":"migrations","msg":"[migrations] Graph metadata table ready"}
{"level":50,"time":1787715965380,"pid":37508,"hostname":"WIN-LK2TQOOAELR","name":"migrations","msg":"[migrations] Body embeddings table ready"}
{"level":50,"time":1787715965380,"pid":37508,"hostname":"WIN-LK2TQOOAELR","name":"migrations","msg":"[migrations] Schema version set to 3 (sync)"}
{"level":50,"time":1787715965396,"pid":37508,"hostname":"WIN-LK2TQOOAELR","name":"migrations","msg":"[migrations] V4: Memory tables dropped and recreated"}
{"level":50,"time":1787715965673,"pid":37508,"hostname":"WIN-LK2TQOOAELR","name":"migrations","msg":"[migrations] Applying v1: Initial schema with FTS5"}
{"level":50,"time":1787715965674,"pid":37508,"hostname":"WIN-LK2TQOOAELR","name":"migrations","msg":"[migrations] v1 applied"}
{"level":50,"time":1787715965674,"pid":37508,"hostname":"WIN-LK2TQOOAELR","name":"migrations","msg":"[migrations] V2: Added 0 pattern columns"}
{"level":50,"time":1787715965674,"pid":37508,"hostname":"WIN-LK2TQOOAELR","name":"migrations","msg":"[migrations] Running graph schema migrations (SQLite sync)..."}
{"level":50,"time":1787715965677,"pid":37508,"hostname":"WIN-LK2TQOOAELR","name":"migrations","msg":"[migrations] Added 9 enhanced symbol columns"}
{"level":50,"time":1787715965678,"pid":37508,"hostname":"WIN-LK2TQOOAELR","name":"migrations","msg":"[migrations] Relationships table ready"}
{"level":50,"time":1787715965678,"pid":37508,"hostname":"WIN-LK2TQOOAELR","name":"migrations","msg":"[migrations] File index table ready"}
{"level":50,"time":1787715965678,"pid":37508,"hostname":"WIN-LK2TQOOAELR","name":"migrations","msg":"[migrations] Graph metadata table ready"}
{"level":50,"time":1787715965679,"pid":37508,"hostname":"WIN-LK2TQOOAELR","name":"migrations","msg":"[migrations] Body embeddings table ready"}
{"level":50,"time":1787715965679,"pid":37508,"hostname":"WIN-LK2TQOOAELR","name":"migrations","msg":"[migrations] Schema version set to 3 (sync)"}
{"level":50,"time":1787715965686,"pid":37508,"hostname":"WIN-LK2TQOOAELR","name":"migrations","msg":"[migrations] V4: Memory tables dropped and recreated"}
{"level":50,"time":1787715965780,"pid":37508,"hostname":"WIN-LK2TQOOAELR","name":"migrations","msg":"[migrations] Applying v1: Initial schema with FTS5"}
{"level":50,"time":1787715965781,"pid":37508,"hostname":"WIN-LK2TQOOAELR","name":"migrations","msg":"[migrations] v1 applied"}
{"level":50,"time":1787715965781,"pid":37508,"hostname":"WIN-LK2TQOOAELR","name":"migrations","msg":"[migrations] V2: Added 0 pattern columns"}
{"level":50,"time":1787715965781,"pid":37508,"hostname":"WIN-LK2TQOOAELR","name":"migrations","msg":"[migrations] Running graph schema migrations (SQLite sync)..."}
{"level":50,"time":1787715965783,"pid":37508,"hostname":"WIN-LK2TQOOAELR","name":"migrations","msg":"[migrations] Added 9 enhanced symbol columns"}
{"level":50,"time":1787715965784,"pid":37508,"hostname":"WIN-LK2TQOOAELR","name":"migrations","msg":"[migrations] Relationships table ready"}
{"level":50,"time":1787715965784,"pid":37508,"hostname":"WIN-LK2TQOOAELR","name":"migrations","msg":"[migrations] File index table ready"}
{"level":50,"time":1787715965784,"pid":37508,"hostname":"WIN-LK2TQOOAELR","name":"migrations","msg":"[migrations] Graph metadata table ready"}
{"level":50,"time":1787715965784,"pid":37508,"hostname":"WIN-LK2TQOOAELR","name":"migrations","msg":"[migrations] Body embeddings table ready"}
{"level":50,"time":1787715965784,"pid":37508,"hostname":"WIN-LK2TQOOAELR","name":"migrations","msg":"[migrations] Schema version set to 3 (sync)"}
{"level":50,"time":1787715965789,"pid":37508,"hostname":"WIN-LK2TQOOAELR","name":"migrations","msg":"[migrations] V4: Memory tables dropped and recreated"}
{"level":50,"time":1787715965890,"pid":37508,"hostname":"WIN-LK2TQOOAELR","name":"migrations","msg":"[migrations] Applying v1: Initial schema with FTS5"}
{"level":50,"time":1787715965890,"pid":37508,"hostname":"WIN-LK2TQOOAELR","name":"migrations","msg":"[migrations] v1 applied"}
{"level":50,"time":1787715965890,"pid":37508,"hostname":"WIN-LK2TQOOAELR","name":"migrations","msg":"[migrations] V2: Added 0 pattern columns"}
{"level":50,"time":1787715965890,"pid":37508,"hostname":"WIN-LK2TQOOAELR","name":"migrations","msg":"[migrations] Running graph schema migrations (SQLite sync)..."}
{"level":50,"time":1787715965893,"pid":37508,"hostname":"WIN-LK2TQOOAELR","name":"migrations","msg":"[migrations] Added 9 enhanced symbol columns"}
{"level":50,"time":1787715965893,"pid":37508,"hostname":"WIN-LK2TQOOAELR","name":"migrations","msg":"[migrations] Relationships table ready"}
{"level":50,"time":1787715965894,"pid":37508,"hostname":"WIN-LK2TQOOAELR","name":"migrations","msg":"[migrations] File index table ready"}
{"level":50,"time":1787715965894,"pid":37508,"hostname":"WIN-LK2TQOOAELR","name":"migrations","msg":"[migrations] Graph metadata table ready"}
{"level":50,"time":1787715965894,"pid":37508,"hostname":"WIN-LK2TQOOAELR","name":"migrations","msg":"[migrations] Body embeddings table ready"}
{"level":50,"time":1787715965894,"pid":37508,"hostname":"WIN-LK2TQOOAELR","name":"migrations","msg":"[migrations] Schema version set to 3 (sync)"}
{"level":50,"time":1787715965899,"pid":37508,"hostname":"WIN-LK2TQOOAELR","name":"migrations","msg":"[migrations] V4: Memory tables dropped and recreated"}
{"level":50,"time":1787715966002,"pid":37508,"hostname":"WIN-LK2TQOOAELR","name":"migrations","msg":"[migrations] Applying v1: Initial schema with FTS5"}
{"level":50,"time":1787715966003,"pid":37508,"hostname":"WIN-LK2TQOOAELR","name":"migrations","msg":"[migrations] v1 applied"}
{"level":50,"time":1787715966003,"pid":37508,"hostname":"WIN-LK2TQOOAELR","name":"migrations","msg":"[migrations] V2: Added 0 pattern columns"}
{"level":50,"time":1787715966003,"pid":37508,"hostname":"WIN-LK2TQOOAELR","name":"migrations","msg":"[migrations] Running graph schema migrations (SQLite sync)..."}
{"level":50,"time":1787715966006,"pid":37508,"hostname":"WIN-LK2TQOOAELR","name":"migrations","msg":"[migrations] Added 9 enhanced symbol columns"}
{"level":50,"time":1787715966007,"pid":37508,"hostname":"WIN-LK2TQOOAELR","name":"migrations","msg":"[migrations] Relationships table ready"}
{"level":50,"time":1787715966007,"pid":37508,"hostname":"WIN-LK2TQOOAELR","name":"migrations","msg":"[migrations] File index table ready"}
{"level":50,"time":1787715966007,"pid":37508,"hostname":"WIN-LK2TQOOAELR","name":"migrations","msg":"[migrations] Graph metadata table ready"}
{"level":50,"time":1787715966007,"pid":37508,"hostname":"WIN-LK2TQOOAELR","name":"migrations","msg":"[migrations] Body embeddings table ready"}
{"level":50,"time":1787715966007,"pid":37508,"hostname":"WIN-LK2TQOOAELR","name":"migrations","msg":"[migrations] Schema version set to 3 (sync)"}
{"level":50,"time":1787715966013,"pid":37508,"hostname":"WIN-LK2TQOOAELR","name":"migrations","msg":"[migrations] V4: Memory tables dropped and recreated"}
{"level":50,"time":1787715966109,"pid":37508,"hostname":"WIN-LK2TQOOAELR","name":"migrations","msg":"[migrations] Applying v1: Initial schema with FTS5"}
{"level":50,"time":1787715966110,"pid":37508,"hostname":"WIN-LK2TQOOAELR","name":"migrations","msg":"[migrations] v1 applied"}
{"level":50,"time":1787715966110,"pid":37508,"hostname":"WIN-LK2TQOOAELR","name":"migrations","msg":"[migrations] V2: Added 0 pattern columns"}
{"level":50,"time":1787715966110,"pid":37508,"hostname":"WIN-LK2TQOOAELR","name":"migrations","msg":"[migrations] Running graph schema migrations (SQLite sync)..."}
{"level":50,"time":1787715966112,"pid":37508,"hostname":"WIN-LK2TQOOAELR","name":"migrations","msg":"[migrations] Added 9 enhanced symbol columns"}
{"level":50,"time":1787715966112,"pid":37508,"hostname":"WIN-LK2TQOOAELR","name":"migrations","msg":"[migrations] Relationships table ready"}
{"level":50,"time":1787715966112,"pid":37508,"hostname":"WIN-LK2TQOOAELR","name":"migrations","msg":"[migrations] File index table ready"}
{"level":50,"time":1787715966113,"pid":37508,"hostname":"WIN-LK2TQOOAELR","name":"migrations","msg":"[migrations] Graph metadata table ready"}
{"level":50,"time":1787715966113,"pid":37508,"hostname":"WIN-LK2TQOOAELR","name":"migrations","msg":"[migrations] Body embeddings table ready"}
{"level":50,"time":1787715966113,"pid":37508,"hostname":"WIN-LK2TQOOAELR","name":"migrations","msg":"[migrations] Schema version set to 3 (sync)"}
{"level":50,"time":1787715966118,"pid":37508,"hostname":"WIN-LK2TQOOAELR","name":"migrations","msg":"[migrations] V4: Memory tables dropped and recreated"}
{"level":50,"time":1787715966219,"pid":37508,"hostname":"WIN-LK2TQOOAELR","name":"migrations","msg":"[migrations] Applying v1: Initial schema with FTS5"}
{"level":50,"time":1787715966219,"pid":37508,"hostname":"WIN-LK2TQOOAELR","name":"migrations","msg":"[migrations] v1 applied"}
{"level":50,"time":1787715966219,"pid":37508,"hostname":"WIN-LK2TQOOAELR","name":"migrations","msg":"[migrations] V2: Added 0 pattern columns"}
{"level":50,"time":1787715966219,"pid":37508,"hostname":"WIN-LK2TQOOAELR","name":"migrations","msg":"[migrations] Running graph schema migrations (SQLite sync)..."}
{"level":50,"time":1787715966223,"pid":37508,"hostname":"WIN-LK2TQOOAELR","name":"migrations","msg":"[migrations] Added 9 enhanced symbol columns"}
{"level":50,"time":1787715966223,"pid":37508,"hostname":"WIN-LK2TQOOAELR","name":"migrations","msg":"[migrations] Relationships table ready"}
{"level":50,"time":1787715966223,"pid":37508,"hostname":"WIN-LK2TQOOAELR","name":"migrations","msg":"[migrations] File index table ready"}
{"level":50,"time":1787715966224,"pid":37508,"hostname":"WIN-LK2TQOOAELR","name":"migrations","msg":"[migrations] Graph metadata table ready"}
{"level":50,"time":1787715966224,"pid":37508,"hostname":"WIN-LK2TQOOAELR","name":"migrations","msg":"[migrations] Body embeddings table ready"}
{"level":50,"time":1787715966224,"pid":37508,"hostname":"WIN-LK2TQOOAELR","name":"migrations","msg":"[migrations] Schema version set to 3 (sync)"}
{"level":50,"time":1787715966231,"pid":37508,"hostname":"WIN-LK2TQOOAELR","name":"migrations","msg":"[migrations] V4: Memory tables dropped and recreated"}
fatal: not a git repository (or any of the parent directories): .git
fatal: not a git repository (or any of the parent directories): .git
fatal: not a git repository (or any of the parent directories): .git
fatal: not a git repository (or any of the parent directories): .git
fatal: not a git repository (or any of the parent directories): .git
fatal: not a git repository (or any of the parent directories): .git
fatal: not a git repository (or any of the parent directories): .git
fatal: not a git repository (or any of the parent directories): .git
fatal: not a git repository (or any of the parent directories): .git
fatal: not a git repository (or any of the parent directories): .git
fatal: not a git repository (or any of the parent directories): .git
fatal: not a git repository (or any of the parent directories): .git
fatal: not a git repository (or any of the parent directories): .git
fatal: not a git repository (or any of the parent directories): .git
fatal: not a git repository (or any of the parent directories): .git
fatal: not a git repository (or any of the parent directories): .git
fatal: not a git repository (or any of the parent directories): .git
fatal: not a git repository (or any of the parent directories): .git
fatal: not a git repository (or any of the parent directories): .git
fatal: not a git repository (or any of the parent directories): .git
fatal: not a git repository (or any of the parent directories): .git
fatal: not a git repository (or any of the parent directories): .git
fatal: not a git repository (or any of the parent directories): .git
fatal: not a git repository (or any of the parent directories): .git
fatal: not a git repository (or any of the parent directories): .git
fatal: not a git repository (or any of the parent directories): .git
fatal: not a git repository (or any of the parent directories): .git
fatal: not a git repository (or any of the parent directories): .git
{"level":50,"time":1787715975906,"pid":43428,"hostname":"WIN-LK2TQOOAELR","name":"database-manager","msg":"[db] Using native binding: C:\\Users\\ASUS\\.code-intel\\native-addons\\better-sqlite3\\v12.10.0\\node-v22-win32-x64\\better_sqlite3.node"}
{"level":50,"time":1787715975985,"pid":43428,"hostname":"WIN-LK2TQOOAELR","name":"migrations","msg":"[migrations] Applying v1: Initial schema with FTS5"}
{"level":30,"time":1787715975998,"pid":43428,"hostname":"WIN-LK2TQOOAELR","name":"migration-v5","msg":"[migrations] V5: multi-tenant project_id applied (legacy=default)"}
{"level":50,"time":1787715975974,"pid":43428,"hostname":"WIN-LK2TQOOAELR","name":"database-manager","msg":"[db] Pre-V5 backup written to C:\\Users\\ASUS\\AppData\\Local\\Temp\\sa4e18-DfYJmD\\index.db.pre-v5.bak"}
{"level":50,"time":1787715975998,"pid":43428,"hostname":"WIN-LK2TQOOAELR","name":"database-manager","msg":"[db] Initialized at C:\\Users\\ASUS\\AppData\\Local\\Temp\\sa4e18-DfYJmD\\index.db"}
{"level":50,"time":1787715976177,"pid":43428,"hostname":"WIN-LK2TQOOAELR","name":"database-manager","msg":"[db] Connection closed"}
{"level":50,"time":1787715976181,"pid":43428,"hostname":"WIN-LK2TQOOAELR","name":"database-manager","msg":"[db] Using native binding: C:\\Users\\ASUS\\.code-intel\\native-addons\\better-sqlite3\\v12.10.0\\node-v22-win32-x64\\better_sqlite3.node"}
{"level":50,"time":1787715976204,"pid":43428,"hostname":"WIN-LK2TQOOAELR","name":"database-manager","msg":"[db] Pre-V5 backup written to C:\\Users\\ASUS\\AppData\\Local\\Temp\\sa4e18-I74Ory\\index.db.pre-v5.bak"}
{"level":50,"time":1787715976224,"pid":43428,"hostname":"WIN-LK2TQOOAELR","name":"database-manager","msg":"[db] Initialized at C:\\Users\\ASUS\\AppData\\Local\\Temp\\sa4e18-I74Ory\\index.db"}
{"level":50,"time":1787715976296,"pid":43428,"hostname":"WIN-LK2TQOOAELR","name":"database-manager","msg":"[db] Connection closed"}
{"level":50,"time":1787715976303,"pid":43428,"hostname":"WIN-LK2TQOOAELR","name":"database-manager","msg":"[db] Using native binding: C:\\Users\\ASUS\\.code-intel\\native-addons\\better-sqlite3\\v12.10.0\\node-v22-win32-x64\\better_sqlite3.node"}
{"level":50,"time":1787715976316,"pid":43428,"hostname":"WIN-LK2TQOOAELR","name":"database-manager","msg":"[db] Pre-V5 backup written to C:\\Users\\ASUS\\AppData\\Local\\Temp\\sa4e18-CPiIzX\\index.db.pre-v5.bak"}
{"level":50,"time":1787715976343,"pid":43428,"hostname":"WIN-LK2TQOOAELR","name":"database-manager","msg":"[db] Initialized at C:\\Users\\ASUS\\AppData\\Local\\Temp\\sa4e18-CPiIzX\\index.db"}
{"level":50,"time":1787715976426,"pid":43428,"hostname":"WIN-LK2TQOOAELR","name":"database-manager","msg":"[db] Connection closed"}
{"level":50,"time":1787715976428,"pid":43428,"hostname":"WIN-LK2TQOOAELR","name":"database-manager","msg":"[db] Using native binding: C:\\Users\\ASUS\\.code-intel\\native-addons\\better-sqlite3\\v12.10.0\\node-v22-win32-x64\\better_sqlite3.node"}
{"level":50,"time":1787715976452,"pid":43428,"hostname":"WIN-LK2TQOOAELR","name":"database-manager","msg":"[db] Pre-V5 backup written to C:\\Users\\ASUS\\AppData\\Local\\Temp\\sa4e18-nINh9Z\\index.db.pre-v5.bak"}
{"level":50,"time":1787715976471,"pid":43428,"hostname":"WIN-LK2TQOOAELR","name":"database-manager","msg":"[db] Initialized at C:\\Users\\ASUS\\AppData\\Local\\Temp\\sa4e18-nINh9Z\\index.db"}
{"level":50,"time":1787715976548,"pid":43428,"hostname":"WIN-LK2TQOOAELR","name":"database-manager","msg":"[db] Connection closed"}
{"level":50,"time":1787715976551,"pid":43428,"hostname":"WIN-LK2TQOOAELR","name":"database-manager","msg":"[db] Using native binding: C:\\Users\\ASUS\\.code-intel\\native-addons\\better-sqlite3\\v12.10.0\\node-v22-win32-x64\\better_sqlite3.node"}
{"level":50,"time":1787715976570,"pid":43428,"hostname":"WIN-LK2TQOOAELR","name":"database-manager","msg":"[db] Pre-V5 backup written to C:\\Users\\ASUS\\AppData\\Local\\Temp\\sa4e18-ATyQwz\\index.db.pre-v5.bak"}
{"level":50,"time":1787715976591,"pid":43428,"hostname":"WIN-LK2TQOOAELR","name":"database-manager","msg":"[db] Initialized at C:\\Users\\ASUS\\AppData\\Local\\Temp\\sa4e18-ATyQwz\\index.db"}
{"level":50,"time":1787715976662,"pid":43428,"hostname":"WIN-LK2TQOOAELR","name":"database-manager","msg":"[db] Connection closed"}
{"level":50,"time":1787715976664,"pid":43428,"hostname":"WIN-LK2TQOOAELR","name":"database-manager","msg":"[db] Using native binding: C:\\Users\\ASUS\\.code-intel\\native-addons\\better-sqlite3\\v12.10.0\\node-v22-win32-x64\\better_sqlite3.node"}
{"level":50,"time":1787715976685,"pid":43428,"hostname":"WIN-LK2TQOOAELR","name":"database-manager","msg":"[db] Pre-V5 backup written to C:\\Users\\ASUS\\AppData\\Local\\Temp\\sa4e18-RpIXKI\\index.db.pre-v5.bak"}
{"level":50,"time":1787715976713,"pid":43428,"hostname":"WIN-LK2TQOOAELR","name":"database-manager","msg":"[db] Initialized at C:\\Users\\ASUS\\AppData\\Local\\Temp\\sa4e18-RpIXKI\\index.db"}
{"level":50,"time":1787715976782,"pid":43428,"hostname":"WIN-LK2TQOOAELR","name":"database-manager","msg":"[db] Connection closed"}
{"level":50,"time":1787715976784,"pid":43428,"hostname":"WIN-LK2TQOOAELR","name":"database-manager","msg":"[db] Using native binding: C:\\Users\\ASUS\\.code-intel\\native-addons\\better-sqlite3\\v12.10.0\\node-v22-win32-x64\\better_sqlite3.node"}
{"level":50,"time":1787715976803,"pid":43428,"hostname":"WIN-LK2TQOOAELR","name":"database-manager","msg":"[db] Pre-V5 backup written to C:\\Users\\ASUS\\AppData\\Local\\Temp\\sa4e18-z119x9\\index.db.pre-v5.bak"}
{"level":50,"time":1787715976827,"pid":43428,"hostname":"WIN-LK2TQOOAELR","name":"database-manager","msg":"[db] Initialized at C:\\Users\\ASUS\\AppData\\Local\\Temp\\sa4e18-z119x9\\index.db"}
{"level":50,"time":1787715976888,"pid":43428,"hostname":"WIN-LK2TQOOAELR","name":"database-manager","msg":"[db] Connection closed"}
{"level":50,"time":1787715976890,"pid":43428,"hostname":"WIN-LK2TQOOAELR","name":"database-manager","msg":"[db] Using native binding: C:\\Users\\ASUS\\.code-intel\\native-addons\\better-sqlite3\\v12.10.0\\node-v22-win32-x64\\better_sqlite3.node"}
{"level":50,"time":1787715976907,"pid":43428,"hostname":"WIN-LK2TQOOAELR","name":"database-manager","msg":"[db] Pre-V5 backup written to C:\\Users\\ASUS\\AppData\\Local\\Temp\\sa4e18-EaplSv\\index.db.pre-v5.bak"}
{"level":50,"time":1787715976923,"pid":43428,"hostname":"WIN-LK2TQOOAELR","name":"database-manager","msg":"[db] Initialized at C:\\Users\\ASUS\\AppData\\Local\\Temp\\sa4e18-EaplSv\\index.db"}
{"level":50,"time":1787715976979,"pid":43428,"hostname":"WIN-LK2TQOOAELR","name":"database-manager","msg":"[db] Connection closed"}
{"level":50,"time":1787715976986,"pid":43428,"hostname":"WIN-LK2TQOOAELR","name":"database-manager","msg":"[db] Using native binding: C:\\Users\\ASUS\\.code-intel\\native-addons\\better-sqlite3\\v12.10.0\\node-v22-win32-x64\\better_sqlite3.node"}
{"level":50,"time":1787715976998,"pid":43428,"hostname":"WIN-LK2TQOOAELR","name":"database-manager","msg":"[db] Pre-V5 backup written to C:\\Users\\ASUS\\AppData\\Local\\Temp\\sa4e18-UPdB8a\\index.db.pre-v5.bak"}
{"level":50,"time":1787715977022,"pid":43428,"hostname":"WIN-LK2TQOOAELR","name":"database-manager","msg":"[db] Initialized at C:\\Users\\ASUS\\AppData\\Local\\Temp\\sa4e18-UPdB8a\\index.db"}
{"level":50,"time":1787715977106,"pid":43428,"hostname":"WIN-LK2TQOOAELR","name":"database-manager","msg":"[db] Connection closed"}
{"level":50,"time":1787715977109,"pid":43428,"hostname":"WIN-LK2TQOOAELR","name":"database-manager","msg":"[db] Using native binding: C:\\Users\\ASUS\\.code-intel\\native-addons\\better-sqlite3\\v12.10.0\\node-v22-win32-x64\\better_sqlite3.node"}
{"level":50,"time":1787715977131,"pid":43428,"hostname":"WIN-LK2TQOOAELR","name":"database-manager","msg":"[db] Pre-V5 backup written to C:\\Users\\ASUS\\AppData\\Local\\Temp\\sa4e18-E91Ss1\\index.db.pre-v5.bak"}
{"level":50,"time":1787715977159,"pid":43428,"hostname":"WIN-LK2TQOOAELR","name":"database-manager","msg":"[db] Initialized at C:\\Users\\ASUS\\AppData\\Local\\Temp\\sa4e18-E91Ss1\\index.db"}
{"level":50,"time":1787715977220,"pid":43428,"hostname":"WIN-LK2TQOOAELR","name":"database-manager","msg":"[db] Connection closed"}
{"level":50,"time":1787715977222,"pid":43428,"hostname":"WIN-LK2TQOOAELR","name":"database-manager","msg":"[db] Using native binding: C:\\Users\\ASUS\\.code-intel\\native-addons\\better-sqlite3\\v12.10.0\\node-v22-win32-x64\\better_sqlite3.node"}
{"level":50,"time":1787715977246,"pid":43428,"hostname":"WIN-LK2TQOOAELR","name":"database-manager","msg":"[db] Pre-V5 backup written to C:\\Users\\ASUS\\AppData\\Local\\Temp\\sa4e18-r1tDrP\\index.db.pre-v5.bak"}
{"level":50,"time":1787715977275,"pid":43428,"hostname":"WIN-LK2TQOOAELR","name":"database-manager","msg":"[db] Initialized at C:\\Users\\ASUS\\AppData\\Local\\Temp\\sa4e18-r1tDrP\\index.db"}
{"level":50,"time":1787715977357,"pid":43428,"hostname":"WIN-LK2TQOOAELR","name":"database-manager","msg":"[db] Connection closed"}
{"level":50,"time":1787715977364,"pid":43428,"hostname":"WIN-LK2TQOOAELR","name":"database-manager","msg":"[db] Using native binding: C:\\Users\\ASUS\\.code-intel\\native-addons\\better-sqlite3\\v12.10.0\\node-v22-win32-x64\\better_sqlite3.node"}
{"level":50,"time":1787715977387,"pid":43428,"hostname":"WIN-LK2TQOOAELR","name":"database-manager","msg":"[db] Pre-V5 backup written to C:\\Users\\ASUS\\AppData\\Local\\Temp\\sa4e18-TE5Z8I\\index.db.pre-v5.bak"}
{"level":50,"time":1787715977412,"pid":43428,"hostname":"WIN-LK2TQOOAELR","name":"database-manager","msg":"[db] Initialized at C:\\Users\\ASUS\\AppData\\Local\\Temp\\sa4e18-TE5Z8I\\index.db"}
{"level":50,"time":1787715977513,"pid":43428,"hostname":"WIN-LK2TQOOAELR","name":"database-manager","msg":"[db] Connection closed"}
{"level":50,"time":1787715977516,"pid":43428,"hostname":"WIN-LK2TQOOAELR","name":"database-manager","msg":"[db] Using native binding: C:\\Users\\ASUS\\.code-intel\\native-addons\\better-sqlite3\\v12.10.0\\node-v22-win32-x64\\better_sqlite3.node"}
{"level":50,"time":1787715977539,"pid":43428,"hostname":"WIN-LK2TQOOAELR","name":"database-manager","msg":"[db] Pre-V5 backup written to C:\\Users\\ASUS\\AppData\\Local\\Temp\\sa4e18-bckBtA\\index.db.pre-v5.bak"}
{"level":50,"time":1787715977578,"pid":43428,"hostname":"WIN-LK2TQOOAELR","name":"database-manager","msg":"[db] Initialized at C:\\Users\\ASUS\\AppData\\Local\\Temp\\sa4e18-bckBtA\\index.db"}
{"level":50,"time":1787715977644,"pid":43428,"hostname":"WIN-LK2TQOOAELR","name":"database-manager","msg":"[db] Connection closed"}
{"level":50,"time":1787715977648,"pid":43428,"hostname":"WIN-LK2TQOOAELR","name":"database-manager","msg":"[db] Using native binding: C:\\Users\\ASUS\\.code-intel\\native-addons\\better-sqlite3\\v12.10.0\\node-v22-win32-x64\\better_sqlite3.node"}
{"level":50,"time":1787715977668,"pid":43428,"hostname":"WIN-LK2TQOOAELR","name":"database-manager","msg":"[db] Pre-V5 backup written to C:\\Users\\ASUS\\AppData\\Local\\Temp\\sa4e18-VHX9P3\\index.db.pre-v5.bak"}
{"level":50,"time":1787715977697,"pid":43428,"hostname":"WIN-LK2TQOOAELR","name":"database-manager","msg":"[db] Initialized at C:\\Users\\ASUS\\AppData\\Local\\Temp\\sa4e18-VHX9P3\\index.db"}
{"level":50,"time":1787715977756,"pid":43428,"hostname":"WIN-LK2TQOOAELR","name":"database-manager","msg":"[db] Connection closed"}
{"level":50,"time":1787715977758,"pid":43428,"hostname":"WIN-LK2TQOOAELR","name":"database-manager","msg":"[db] Using native binding: C:\\Users\\ASUS\\.code-intel\\native-addons\\better-sqlite3\\v12.10.0\\node-v22-win32-x64\\better_sqlite3.node"}
{"level":50,"time":1787715977779,"pid":43428,"hostname":"WIN-LK2TQOOAELR","name":"database-manager","msg":"[db] Pre-V5 backup written to C:\\Users\\ASUS\\AppData\\Local\\Temp\\sa4e18-UofSrJ\\index.db.pre-v5.bak"}
{"level":50,"time":1787715977805,"pid":43428,"hostname":"WIN-LK2TQOOAELR","name":"database-manager","msg":"[db] Initialized at C:\\Users\\ASUS\\AppData\\Local\\Temp\\sa4e18-UofSrJ\\index.db"}
{"level":50,"time":1787715977891,"pid":43428,"hostname":"WIN-LK2TQOOAELR","name":"database-manager","msg":"[db] Connection closed"}
{"level":50,"time":1787715977894,"pid":43428,"hostname":"WIN-LK2TQOOAELR","name":"database-manager","msg":"[db] Using native binding: C:\\Users\\ASUS\\.code-intel\\native-addons\\better-sqlite3\\v12.10.0\\node-v22-win32-x64\\better_sqlite3.node"}
{"level":50,"time":1787715977909,"pid":43428,"hostname":"WIN-LK2TQOOAELR","name":"database-manager","msg":"[db] Pre-V5 backup written to C:\\Users\\ASUS\\AppData\\Local\\Temp\\sa4e18-rGhRtT\\index.db.pre-v5.bak"}
{"level":50,"time":1787715977936,"pid":43428,"hostname":"WIN-LK2TQOOAELR","name":"database-manager","msg":"[db] Initialized at C:\\Users\\ASUS\\AppData\\Local\\Temp\\sa4e18-rGhRtT\\index.db"}
{"level":50,"time":1787715978011,"pid":43428,"hostname":"WIN-LK2TQOOAELR","name":"database-manager","msg":"[db] Connection closed"}
{"level":50,"time":1787715978014,"pid":43428,"hostname":"WIN-LK2TQOOAELR","name":"database-manager","msg":"[db] Using native binding: C:\\Users\\ASUS\\.code-intel\\native-addons\\better-sqlite3\\v12.10.0\\node-v22-win32-x64\\better_sqlite3.node"}
{"level":50,"time":1787715978032,"pid":43428,"hostname":"WIN-LK2TQOOAELR","name":"database-manager","msg":"[db] Pre-V5 backup written to C:\\Users\\ASUS\\AppData\\Local\\Temp\\sa4e18-WOjVCA\\index.db.pre-v5.bak"}
{"level":50,"time":1787715978058,"pid":43428,"hostname":"WIN-LK2TQOOAELR","name":"database-manager","msg":"[db] Initialized at C:\\Users\\ASUS\\AppData\\Local\\Temp\\sa4e18-WOjVCA\\index.db"}
{"level":50,"time":1787715978131,"pid":43428,"hostname":"WIN-LK2TQOOAELR","name":"database-manager","msg":"[db] Connection closed"}
{"level":50,"time":1787715978133,"pid":43428,"hostname":"WIN-LK2TQOOAELR","name":"database-manager","msg":"[db] Using native binding: C:\\Users\\ASUS\\.code-intel\\native-addons\\better-sqlite3\\v12.10.0\\node-v22-win32-x64\\better_sqlite3.node"}
{"level":50,"time":1787715978152,"pid":43428,"hostname":"WIN-LK2TQOOAELR","name":"database-manager","msg":"[db] Pre-V5 backup written to C:\\Users\\ASUS\\AppData\\Local\\Temp\\sa4e18-zMzaKv\\index.db.pre-v5.bak"}
{"level":50,"time":1787715978175,"pid":43428,"hostname":"WIN-LK2TQOOAELR","name":"database-manager","msg":"[db] Initialized at C:\\Users\\ASUS\\AppData\\Local\\Temp\\sa4e18-zMzaKv\\index.db"}
{"level":50,"time":1787715978247,"pid":43428,"hostname":"WIN-LK2TQOOAELR","name":"database-manager","msg":"[db] Connection closed"}
{"level":50,"time":1787715978249,"pid":43428,"hostname":"WIN-LK2TQOOAELR","name":"database-manager","msg":"[db] Using native binding: C:\\Users\\ASUS\\.code-intel\\native-addons\\better-sqlite3\\v12.10.0\\node-v22-win32-x64\\better_sqlite3.node"}
{"level":50,"time":1787715978268,"pid":43428,"hostname":"WIN-LK2TQOOAELR","name":"database-manager","msg":"[db] Pre-V5 backup written to C:\\Users\\ASUS\\AppData\\Local\\Temp\\sa4e18-62ovjY\\index.db.pre-v5.bak"}
{"level":50,"time":1787715978292,"pid":43428,"hostname":"WIN-LK2TQOOAELR","name":"database-manager","msg":"[db] Initialized at C:\\Users\\ASUS\\AppData\\Local\\Temp\\sa4e18-62ovjY\\index.db"}
{"level":50,"time":1787715978362,"pid":43428,"hostname":"WIN-LK2TQOOAELR","name":"database-manager","msg":"[db] Connection closed"}
{"level":50,"time":1787715978365,"pid":43428,"hostname":"WIN-LK2TQOOAELR","name":"database-manager","msg":"[db] Using native binding: C:\\Users\\ASUS\\.code-intel\\native-addons\\better-sqlite3\\v12.10.0\\node-v22-win32-x64\\better_sqlite3.node"}
{"level":50,"time":1787715978385,"pid":43428,"hostname":"WIN-LK2TQOOAELR","name":"database-manager","msg":"[db] Pre-V5 backup written to C:\\Users\\ASUS\\AppData\\Local\\Temp\\sa4e18-fhXUYv\\index.db.pre-v5.bak"}
{"level":50,"time":1787715978403,"pid":43428,"hostname":"WIN-LK2TQOOAELR","name":"database-manager","msg":"[db] Initialized at C:\\Users\\ASUS\\AppData\\Local\\Temp\\sa4e18-fhXUYv\\index.db"}
{"level":50,"time":1787715978472,"pid":43428,"hostname":"WIN-LK2TQOOAELR","name":"database-manager","msg":"[db] Connection closed"}
{"level":50,"time":1787715978474,"pid":43428,"hostname":"WIN-LK2TQOOAELR","name":"database-manager","msg":"[db] Using native binding: C:\\Users\\ASUS\\.code-intel\\native-addons\\better-sqlite3\\v12.10.0\\node-v22-win32-x64\\better_sqlite3.node"}
{"level":50,"time":1787715978497,"pid":43428,"hostname":"WIN-LK2TQOOAELR","name":"database-manager","msg":"[db] Pre-V5 backup written to C:\\Users\\ASUS\\AppData\\Local\\Temp\\sa4e18-9OetZZ\\index.db.pre-v5.bak"}
{"level":50,"time":1787715978516,"pid":43428,"hostname":"WIN-LK2TQOOAELR","name":"database-manager","msg":"[db] Initialized at C:\\Users\\ASUS\\AppData\\Local\\Temp\\sa4e18-9OetZZ\\index.db"}
{"level":50,"time":1787715978597,"pid":43428,"hostname":"WIN-LK2TQOOAELR","name":"database-manager","msg":"[db] Connection closed"}
{"level":50,"time":1787715975986,"pid":43428,"hostname":"WIN-LK2TQOOAELR","name":"migrations","msg":"[migrations] v1 applied"}
{"level":50,"time":1787715975986,"pid":43428,"hostname":"WIN-LK2TQOOAELR","name":"migrations","msg":"[migrations] V2: Added 0 pattern columns"}
{"level":50,"time":1787715975986,"pid":43428,"hostname":"WIN-LK2TQOOAELR","name":"migrations","msg":"[migrations] Running graph schema migrations (SQLite sync)..."}
{"level":50,"time":1787715975990,"pid":43428,"hostname":"WIN-LK2TQOOAELR","name":"migrations","msg":"[migrations] Added 9 enhanced symbol columns"}
{"level":50,"time":1787715975990,"pid":43428,"hostname":"WIN-LK2TQOOAELR","name":"migrations","msg":"[migrations] Relationships table ready"}
{"level":50,"time":1787715975990,"pid":43428,"hostname":"WIN-LK2TQOOAELR","name":"migrations","msg":"[migrations] File index table ready"}
{"level":50,"time":1787715975991,"pid":43428,"hostname":"WIN-LK2TQOOAELR","name":"migrations","msg":"[migrations] Graph metadata table ready"}
{"level":50,"time":1787715975991,"pid":43428,"hostname":"WIN-LK2TQOOAELR","name":"migrations","msg":"[migrations] Body embeddings table ready"}
{"level":50,"time":1787715975991,"pid":43428,"hostname":"WIN-LK2TQOOAELR","name":"migrations","msg":"[migrations] Schema version set to 3 (sync)"}
{"level":50,"time":1787715975997,"pid":43428,"hostname":"WIN-LK2TQOOAELR","name":"migrations","msg":"[migrations] V4: Memory tables dropped and recreated"}
{"level":50,"time":1787715976213,"pid":43428,"hostname":"WIN-LK2TQOOAELR","name":"migrations","msg":"[migrations] Applying v1: Initial schema with FTS5"}
{"level":50,"time":1787715976214,"pid":43428,"hostname":"WIN-LK2TQOOAELR","name":"migrations","msg":"[migrations] v1 applied"}
{"level":50,"time":1787715976214,"pid":43428,"hostname":"WIN-LK2TQOOAELR","name":"migrations","msg":"[migrations] V2: Added 0 pattern columns"}
{"level":50,"time":1787715976214,"pid":43428,"hostname":"WIN-LK2TQOOAELR","name":"migrations","msg":"[migrations] Running graph schema migrations (SQLite sync)..."}
{"level":50,"time":1787715976216,"pid":43428,"hostname":"WIN-LK2TQOOAELR","name":"migrations","msg":"[migrations] Added 9 enhanced symbol columns"}
{"level":50,"time":1787715976216,"pid":43428,"hostname":"WIN-LK2TQOOAELR","name":"migrations","msg":"[migrations] Relationships table ready"}
{"level":50,"time":1787715976217,"pid":43428,"hostname":"WIN-LK2TQOOAELR","name":"migrations","msg":"[migrations] File index table ready"}
{"level":50,"time":1787715976217,"pid":43428,"hostname":"WIN-LK2TQOOAELR","name":"migrations","msg":"[migrations] Graph metadata table ready"}
{"level":50,"time":1787715976217,"pid":43428,"hostname":"WIN-LK2TQOOAELR","name":"migrations","msg":"[migrations] Body embeddings table ready"}
{"level":50,"time":1787715976217,"pid":43428,"hostname":"WIN-LK2TQOOAELR","name":"migrations","msg":"[migrations] Schema version set to 3 (sync)"}
{"level":50,"time":1787715976223,"pid":43428,"hostname":"WIN-LK2TQOOAELR","name":"migrations","msg":"[migrations] V4: Memory tables dropped and recreated"}
{"level":50,"time":1787715976332,"pid":43428,"hostname":"WIN-LK2TQOOAELR","name":"migrations","msg":"[migrations] Applying v1: Initial schema with FTS5"}
{"level":50,"time":1787715976333,"pid":43428,"hostname":"WIN-LK2TQOOAELR","name":"migrations","msg":"[migrations] v1 applied"}
{"level":50,"time":1787715976333,"pid":43428,"hostname":"WIN-LK2TQOOAELR","name":"migrations","msg":"[migrations] V2: Added 0 pattern columns"}
{"level":50,"time":1787715976333,"pid":43428,"hostname":"WIN-LK2TQOOAELR","name":"migrations","msg":"[migrations] Running graph schema migrations (SQLite sync)..."}
{"level":50,"time":1787715976336,"pid":43428,"hostname":"WIN-LK2TQOOAELR","name":"migrations","msg":"[migrations] Added 9 enhanced symbol columns"}
{"level":50,"time":1787715976337,"pid":43428,"hostname":"WIN-LK2TQOOAELR","name":"migrations","msg":"[migrations] Relationships table ready"}
{"level":50,"time":1787715976337,"pid":43428,"hostname":"WIN-LK2TQOOAELR","name":"migrations","msg":"[migrations] File index table ready"}
{"level":50,"time":1787715976337,"pid":43428,"hostname":"WIN-LK2TQOOAELR","name":"migrations","msg":"[migrations] Graph metadata table ready"}
{"level":50,"time":1787715976337,"pid":43428,"hostname":"WIN-LK2TQOOAELR","name":"migrations","msg":"[migrations] Body embeddings table ready"}
{"level":50,"time":1787715976337,"pid":43428,"hostname":"WIN-LK2TQOOAELR","name":"migrations","msg":"[migrations] Schema version set to 3 (sync)"}
{"level":50,"time":1787715976342,"pid":43428,"hostname":"WIN-LK2TQOOAELR","name":"migrations","msg":"[migrations] V4: Memory tables dropped and recreated"}
{"level":50,"time":1787715976460,"pid":43428,"hostname":"WIN-LK2TQOOAELR","name":"migrations","msg":"[migrations] Applying v1: Initial schema with FTS5"}
{"level":50,"time":1787715976460,"pid":43428,"hostname":"WIN-LK2TQOOAELR","name":"migrations","msg":"[migrations] v1 applied"}
{"level":50,"time":1787715976460,"pid":43428,"hostname":"WIN-LK2TQOOAELR","name":"migrations","msg":"[migrations] V2: Added 0 pattern columns"}
{"level":50,"time":1787715976460,"pid":43428,"hostname":"WIN-LK2TQOOAELR","name":"migrations","msg":"[migrations] Running graph schema migrations (SQLite sync)..."}
{"level":50,"time":1787715976463,"pid":43428,"hostname":"WIN-LK2TQOOAELR","name":"migrations","msg":"[migrations] Added 9 enhanced symbol columns"}
{"level":50,"time":1787715976463,"pid":43428,"hostname":"WIN-LK2TQOOAELR","name":"migrations","msg":"[migrations] Relationships table ready"}
{"level":50,"time":1787715976463,"pid":43428,"hostname":"WIN-LK2TQOOAELR","name":"migrations","msg":"[migrations] File index table ready"}
{"level":50,"time":1787715976463,"pid":43428,"hostname":"WIN-LK2TQOOAELR","name":"migrations","msg":"[migrations] Graph metadata table ready"}
{"level":50,"time":1787715976464,"pid":43428,"hostname":"WIN-LK2TQOOAELR","name":"migrations","msg":"[migrations] Body embeddings table ready"}
{"level":50,"time":1787715976464,"pid":43428,"hostname":"WIN-LK2TQOOAELR","name":"migrations","msg":"[migrations] Schema version set to 3 (sync)"}
{"level":50,"time":1787715976470,"pid":43428,"hostname":"WIN-LK2TQOOAELR","name":"migrations","msg":"[migrations] V4: Memory tables dropped and recreated"}
{"level":50,"time":1787715976578,"pid":43428,"hostname":"WIN-LK2TQOOAELR","name":"migrations","msg":"[migrations] Applying v1: Initial schema with FTS5"}
{"level":50,"time":1787715976579,"pid":43428,"hostname":"WIN-LK2TQOOAELR","name":"migrations","msg":"[migrations] v1 applied"}
{"level":50,"time":1787715976579,"pid":43428,"hostname":"WIN-LK2TQOOAELR","name":"migrations","msg":"[migrations] V2: Added 0 pattern columns"}
{"level":50,"time":1787715976579,"pid":43428,"hostname":"WIN-LK2TQOOAELR","name":"migrations","msg":"[migrations] Running graph schema migrations (SQLite sync)..."}
{"level":50,"time":1787715976582,"pid":43428,"hostname":"WIN-LK2TQOOAELR","name":"migrations","msg":"[migrations] Added 9 enhanced symbol columns"}
{"level":50,"time":1787715976583,"pid":43428,"hostname":"WIN-LK2TQOOAELR","name":"migrations","msg":"[migrations] Relationships table ready"}
{"level":50,"time":1787715976583,"pid":43428,"hostname":"WIN-LK2TQOOAELR","name":"migrations","msg":"[migrations] File index table ready"}
{"level":50,"time":1787715976583,"pid":43428,"hostname":"WIN-LK2TQOOAELR","name":"migrations","msg":"[migrations] Graph metadata table ready"}
{"level":50,"time":1787715976583,"pid":43428,"hostname":"WIN-LK2TQOOAELR","name":"migrations","msg":"[migrations] Body embeddings table ready"}
{"level":50,"time":1787715976583,"pid":43428,"hostname":"WIN-LK2TQOOAELR","name":"migrations","msg":"[migrations] Schema version set to 3 (sync)"}
{"level":50,"time":1787715976590,"pid":43428,"hostname":"WIN-LK2TQOOAELR","name":"migrations","msg":"[migrations] V4: Memory tables dropped and recreated"}
{"level":50,"time":1787715976702,"pid":43428,"hostname":"WIN-LK2TQOOAELR","name":"migrations","msg":"[migrations] Applying v1: Initial schema with FTS5"}
{"level":50,"time":1787715976702,"pid":43428,"hostname":"WIN-LK2TQOOAELR","name":"migrations","msg":"[migrations] v1 applied"}
{"level":50,"time":1787715976702,"pid":43428,"hostname":"WIN-LK2TQOOAELR","name":"migrations","msg":"[migrations] V2: Added 0 pattern columns"}
{"level":50,"time":1787715976702,"pid":43428,"hostname":"WIN-LK2TQOOAELR","name":"migrations","msg":"[migrations] Running graph schema migrations (SQLite sync)..."}
{"level":50,"time":1787715976705,"pid":43428,"hostname":"WIN-LK2TQOOAELR","name":"migrations","msg":"[migrations] Added 9 enhanced symbol columns"}
{"level":50,"time":1787715976705,"pid":43428,"hostname":"WIN-LK2TQOOAELR","name":"migrations","msg":"[migrations] Relationships table ready"}
{"level":50,"time":1787715976705,"pid":43428,"hostname":"WIN-LK2TQOOAELR","name":"migrations","msg":"[migrations] File index table ready"}
{"level":50,"time":1787715976706,"pid":43428,"hostname":"WIN-LK2TQOOAELR","name":"migrations","msg":"[migrations] Graph metadata table ready"}
{"level":50,"time":1787715976706,"pid":43428,"hostname":"WIN-LK2TQOOAELR","name":"migrations","msg":"[migrations] Body embeddings table ready"}
{"level":50,"time":1787715976706,"pid":43428,"hostname":"WIN-LK2TQOOAELR","name":"migrations","msg":"[migrations] Schema version set to 3 (sync)"}
{"level":50,"time":1787715976712,"pid":43428,"hostname":"WIN-LK2TQOOAELR","name":"migrations","msg":"[migrations] V4: Memory tables dropped and recreated"}
{"level":50,"time":1787715976818,"pid":43428,"hostname":"WIN-LK2TQOOAELR","name":"migrations","msg":"[migrations] Applying v1: Initial schema with FTS5"}
{"level":50,"time":1787715976819,"pid":43428,"hostname":"WIN-LK2TQOOAELR","name":"migrations","msg":"[migrations] v1 applied"}
{"level":50,"time":1787715976819,"pid":43428,"hostname":"WIN-LK2TQOOAELR","name":"migrations","msg":"[migrations] V2: Added 0 pattern columns"}
{"level":50,"time":1787715976819,"pid":43428,"hostname":"WIN-LK2TQOOAELR","name":"migrations","msg":"[migrations] Running graph schema migrations (SQLite sync)..."}
{"level":50,"time":1787715976821,"pid":43428,"hostname":"WIN-LK2TQOOAELR","name":"migrations","msg":"[migrations] Added 9 enhanced symbol columns"}
{"level":50,"time":1787715976821,"pid":43428,"hostname":"WIN-LK2TQOOAELR","name":"migrations","msg":"[migrations] Relationships table ready"}
{"level":50,"time":1787715976821,"pid":43428,"hostname":"WIN-LK2TQOOAELR","name":"migrations","msg":"[migrations] File index table ready"}
{"level":50,"time":1787715976822,"pid":43428,"hostname":"WIN-LK2TQOOAELR","name":"migrations","msg":"[migrations] Graph metadata table ready"}
{"level":50,"time":1787715976822,"pid":43428,"hostname":"WIN-LK2TQOOAELR","name":"migrations","msg":"[migrations] Body embeddings table ready"}
{"level":50,"time":1787715976822,"pid":43428,"hostname":"WIN-LK2TQOOAELR","name":"migrations","msg":"[migrations] Schema version set to 3 (sync)"}
{"level":50,"time":1787715976826,"pid":43428,"hostname":"WIN-LK2TQOOAELR","name":"migrations","msg":"[migrations] V4: Memory tables dropped and recreated"}
{"level":50,"time":1787715976914,"pid":43428,"hostname":"WIN-LK2TQOOAELR","name":"migrations","msg":"[migrations] Applying v1: Initial schema with FTS5"}
{"level":50,"time":1787715976914,"pid":43428,"hostname":"WIN-LK2TQOOAELR","name":"migrations","msg":"[migrations] v1 applied"}
{"level":50,"time":1787715976914,"pid":43428,"hostname":"WIN-LK2TQOOAELR","name":"migrations","msg":"[migrations] V2: Added 0 pattern columns"}
{"level":50,"time":1787715976914,"pid":43428,"hostname":"WIN-LK2TQOOAELR","name":"migrations","msg":"[migrations] Running graph schema migrations (SQLite sync)..."}
{"level":50,"time":1787715976916,"pid":43428,"hostname":"WIN-LK2TQOOAELR","name":"migrations","msg":"[migrations] Added 9 enhanced symbol columns"}
{"level":50,"time":1787715976917,"pid":43428,"hostname":"WIN-LK2TQOOAELR","name":"migrations","msg":"[migrations] Relationships table ready"}
{"level":50,"time":1787715976917,"pid":43428,"hostname":"WIN-LK2TQOOAELR","name":"migrations","msg":"[migrations] File index table ready"}
{"level":50,"time":1787715976917,"pid":43428,"hostname":"WIN-LK2TQOOAELR","name":"migrations","msg":"[migrations] Graph metadata table ready"}
{"level":50,"time":1787715976917,"pid":43428,"hostname":"WIN-LK2TQOOAELR","name":"migrations","msg":"[migrations] Body embeddings table ready"}
{"level":50,"time":1787715976917,"pid":43428,"hostname":"WIN-LK2TQOOAELR","name":"migrations","msg":"[migrations] Schema version set to 3 (sync)"}
{"level":50,"time":1787715976922,"pid":43428,"hostname":"WIN-LK2TQOOAELR","name":"migrations","msg":"[migrations] V4: Memory tables dropped and recreated"}
{"level":50,"time":1787715977014,"pid":43428,"hostname":"WIN-LK2TQOOAELR","name":"migrations","msg":"[migrations] Applying v1: Initial schema with FTS5"}
{"level":50,"time":1787715977014,"pid":43428,"hostname":"WIN-LK2TQOOAELR","name":"migrations","msg":"[migrations] v1 applied"}
{"level":50,"time":1787715977014,"pid":43428,"hostname":"WIN-LK2TQOOAELR","name":"migrations","msg":"[migrations] V2: Added 0 pattern columns"}
{"level":50,"time":1787715977014,"pid":43428,"hostname":"WIN-LK2TQOOAELR","name":"migrations","msg":"[migrations] Running graph schema migrations (SQLite sync)..."}
{"level":50,"time":1787715977016,"pid":43428,"hostname":"WIN-LK2TQOOAELR","name":"migrations","msg":"[migrations] Added 9 enhanced symbol columns"}
{"level":50,"time":1787715977016,"pid":43428,"hostname":"WIN-LK2TQOOAELR","name":"migrations","msg":"[migrations] Relationships table ready"}
{"level":50,"time":1787715977017,"pid":43428,"hostname":"WIN-LK2TQOOAELR","name":"migrations","msg":"[migrations] File index table ready"}
{"level":50,"time":1787715977017,"pid":43428,"hostname":"WIN-LK2TQOOAELR","name":"migrations","msg":"[migrations] Graph metadata table ready"}
{"level":50,"time":1787715977017,"pid":43428,"hostname":"WIN-LK2TQOOAELR","name":"migrations","msg":"[migrations] Body embeddings table ready"}
{"level":50,"time":1787715977017,"pid":43428,"hostname":"WIN-LK2TQOOAELR","name":"migrations","msg":"[migrations] Schema version set to 3 (sync)"}
{"level":50,"time":1787715977022,"pid":43428,"hostname":"WIN-LK2TQOOAELR","name":"migrations","msg":"[migrations] V4: Memory tables dropped and recreated"}
{"level":50,"time":1787715977148,"pid":43428,"hostname":"WIN-LK2TQOOAELR","name":"migrations","msg":"[migrations] Applying v1: Initial schema with FTS5"}
{"level":50,"time":1787715977148,"pid":43428,"hostname":"WIN-LK2TQOOAELR","name":"migrations","msg":"[migrations] v1 applied"}
{"level":50,"time":1787715977148,"pid":43428,"hostname":"WIN-LK2TQOOAELR","name":"migrations","msg":"[migrations] V2: Added 0 pattern columns"}
{"level":50,"time":1787715977148,"pid":43428,"hostname":"WIN-LK2TQOOAELR","name":"migrations","msg":"[migrations] Running graph schema migrations (SQLite sync)..."}
{"level":50,"time":1787715977150,"pid":43428,"hostname":"WIN-LK2TQOOAELR","name":"migrations","msg":"[migrations] Added 9 enhanced symbol columns"}
{"level":50,"time":1787715977151,"pid":43428,"hostname":"WIN-LK2TQOOAELR","name":"migrations","msg":"[migrations] Relationships table ready"}
{"level":50,"time":1787715977152,"pid":43428,"hostname":"WIN-LK2TQOOAELR","name":"migrations","msg":"[migrations] File index table ready"}
{"level":50,"time":1787715977152,"pid":43428,"hostname":"WIN-LK2TQOOAELR","name":"migrations","msg":"[migrations] Graph metadata table ready"}
{"level":50,"time":1787715977152,"pid":43428,"hostname":"WIN-LK2TQOOAELR","name":"migrations","msg":"[migrations] Body embeddings table ready"}
{"level":50,"time":1787715977152,"pid":43428,"hostname":"WIN-LK2TQOOAELR","name":"migrations","msg":"[migrations] Schema version set to 3 (sync)"}
{"level":50,"time":1787715977158,"pid":43428,"hostname":"WIN-LK2TQOOAELR","name":"migrations","msg":"[migrations] V4: Memory tables dropped and recreated"}
{"level":50,"time":1787715977262,"pid":43428,"hostname":"WIN-LK2TQOOAELR","name":"migrations","msg":"[migrations] Applying v1: Initial schema with FTS5"}
{"level":50,"time":1787715977262,"pid":43428,"hostname":"WIN-LK2TQOOAELR","name":"migrations","msg":"[migrations] v1 applied"}
{"level":50,"time":1787715977263,"pid":43428,"hostname":"WIN-LK2TQOOAELR","name":"migrations","msg":"[migrations] V2: Added 0 pattern columns"}
{"level":30,"time":1787715976224,"pid":43428,"hostname":"WIN-LK2TQOOAELR","name":"migration-v5","msg":"[migrations] V5: multi-tenant project_id applied (legacy=default)"}
{"level":30,"time":1787715976343,"pid":43428,"hostname":"WIN-LK2TQOOAELR","name":"migration-v5","msg":"[migrations] V5: multi-tenant project_id applied (legacy=default)"}
{"level":30,"time":1787715976471,"pid":43428,"hostname":"WIN-LK2TQOOAELR","name":"migration-v5","msg":"[migrations] V5: multi-tenant project_id applied (legacy=default)"}
{"level":30,"time":1787715976591,"pid":43428,"hostname":"WIN-LK2TQOOAELR","name":"migration-v5","msg":"[migrations] V5: multi-tenant project_id applied (legacy=default)"}
{"level":30,"time":1787715976713,"pid":43428,"hostname":"WIN-LK2TQOOAELR","name":"migration-v5","msg":"[migrations] V5: multi-tenant project_id applied (legacy=default)"}
{"level":30,"time":1787715976827,"pid":43428,"hostname":"WIN-LK2TQOOAELR","name":"migration-v5","msg":"[migrations] V5: multi-tenant project_id applied (legacy=default)"}
{"level":30,"time":1787715976923,"pid":43428,"hostname":"WIN-LK2TQOOAELR","name":"migration-v5","msg":"[migrations] V5: multi-tenant project_id applied (legacy=default)"}
{"level":30,"time":1787715977022,"pid":43428,"hostname":"WIN-LK2TQOOAELR","name":"migration-v5","msg":"[migrations] V5: multi-tenant project_id applied (legacy=default)"}
{"level":30,"time":1787715977159,"pid":43428,"hostname":"WIN-LK2TQOOAELR","name":"migration-v5","msg":"[migrations] V5: multi-tenant project_id applied (legacy=default)"}
{"level":30,"time":1787715977275,"pid":43428,"hostname":"WIN-LK2TQOOAELR","name":"migration-v5","msg":"[migrations] V5: multi-tenant project_id applied (legacy=default)"}
{"level":30,"time":1787715977411,"pid":43428,"hostname":"WIN-LK2TQOOAELR","name":"migration-v5","msg":"[migrations] V5: multi-tenant project_id applied (legacy=default)"}
{"level":30,"time":1787715977578,"pid":43428,"hostname":"WIN-LK2TQOOAELR","name":"migration-v5","msg":"[migrations] V5: multi-tenant project_id applied (legacy=default)"}
{"level":30,"time":1787715977697,"pid":43428,"hostname":"WIN-LK2TQOOAELR","name":"migration-v5","msg":"[migrations] V5: multi-tenant project_id applied (legacy=default)"}
{"level":30,"time":1787715977805,"pid":43428,"hostname":"WIN-LK2TQOOAELR","name":"migration-v5","msg":"[migrations] V5: multi-tenant project_id applied (legacy=default)"}
{"level":30,"time":1787715977936,"pid":43428,"hostname":"WIN-LK2TQOOAELR","name":"migration-v5","msg":"[migrations] V5: multi-tenant project_id applied (legacy=default)"}
{"level":30,"time":1787715978058,"pid":43428,"hostname":"WIN-LK2TQOOAELR","name":"migration-v5","msg":"[migrations] V5: multi-tenant project_id applied (legacy=default)"}
{"level":30,"time":1787715978175,"pid":43428,"hostname":"WIN-LK2TQOOAELR","name":"migration-v5","msg":"[migrations] V5: multi-tenant project_id applied (legacy=default)"}
{"level":30,"time":1787715978292,"pid":43428,"hostname":"WIN-LK2TQOOAELR","name":"migration-v5","msg":"[migrations] V5: multi-tenant project_id applied (legacy=default)"}
{"level":30,"time":1787715978403,"pid":43428,"hostname":"WIN-LK2TQOOAELR","name":"migration-v5","msg":"[migrations] V5: multi-tenant project_id applied (legacy=default)"}
{"level":30,"time":1787715978516,"pid":43428,"hostname":"WIN-LK2TQOOAELR","name":"migration-v5","msg":"[migrations] V5: multi-tenant project_id applied (legacy=default)"}
{"level":30,"time":1787715978639,"pid":43428,"hostname":"WIN-LK2TQOOAELR","name":"migration-v5","msg":"[migrations] V5: multi-tenant project_id applied (legacy=default)"}
{"level":30,"time":1787715978772,"pid":43428,"hostname":"WIN-LK2TQOOAELR","name":"migration-v5","msg":"[migrations] V5: multi-tenant project_id applied (legacy=default)"}
{"level":30,"time":1787715978974,"pid":43428,"hostname":"WIN-LK2TQOOAELR","name":"migration-v5","msg":"[migrations] V5: multi-tenant project_id applied (legacy=default)"}
{"level":30,"time":1787715979098,"pid":43428,"hostname":"WIN-LK2TQOOAELR","name":"migration-v5","msg":"[migrations] V5: multi-tenant project_id applied (legacy=default)"}
{"level":30,"time":1787715979216,"pid":43428,"hostname":"WIN-LK2TQOOAELR","name":"migration-v5","msg":"[migrations] V5: multi-tenant project_id applied (legacy=default)"}
{"level":30,"time":1787715979361,"pid":43428,"hostname":"WIN-LK2TQOOAELR","name":"migration-v5","msg":"[migrations] V5: multi-tenant project_id applied (legacy=default)"}
{"level":30,"time":1787715979484,"pid":43428,"hostname":"WIN-LK2TQOOAELR","name":"migration-v5","msg":"[migrations] V5: multi-tenant project_id applied (legacy=default)"}
{"level":30,"time":1787715979609,"pid":43428,"hostname":"WIN-LK2TQOOAELR","name":"migration-v5","msg":"[migrations] V5: multi-tenant project_id applied (legacy=default)"}
{"level":30,"time":1787715979752,"pid":43428,"hostname":"WIN-LK2TQOOAELR","name":"migration-v5","msg":"[migrations] V5: multi-tenant project_id applied (legacy=default)"}
{"level":30,"time":1787715979869,"pid":43428,"hostname":"WIN-LK2TQOOAELR","name":"migration-v5","msg":"[migrations] V5: multi-tenant project_id applied (legacy=default)"}
{"level":30,"time":1787715979983,"pid":43428,"hostname":"WIN-LK2TQOOAELR","name":"migration-v5","msg":"[migrations] V5: multi-tenant project_id applied (legacy=default)"}
{"level":30,"time":1787715980136,"pid":43428,"hostname":"WIN-LK2TQOOAELR","name":"migration-v5","msg":"[migrations] V5: multi-tenant project_id applied (legacy=default)"}
{"level":30,"time":1787715980248,"pid":43428,"hostname":"WIN-LK2TQOOAELR","name":"migration-v5","msg":"[migrations] V5: multi-tenant project_id applied (legacy=default)"}
{"level":30,"time":1787715980519,"pid":43428,"hostname":"WIN-LK2TQOOAELR","name":"migration-v5","msg":"[migrations] V5: multi-tenant project_id applied (legacy=default)"}
{"level":30,"time":1787715980642,"pid":43428,"hostname":"WIN-LK2TQOOAELR","name":"migration-v5","msg":"[migrations] V5: multi-tenant project_id applied (legacy=default)"}
{"level":30,"time":1787715980761,"pid":43428,"hostname":"WIN-LK2TQOOAELR","name":"migration-v5","msg":"[migrations] V5: multi-tenant project_id applied (legacy=default)"}
{"level":30,"time":1787715981343,"pid":43428,"hostname":"WIN-LK2TQOOAELR","name":"migration-v5","msg":"[migrations] V5: multi-tenant project_id applied (legacy=default)"}
{"level":30,"time":1787715981454,"pid":43428,"hostname":"WIN-LK2TQOOAELR","name":"migration-v5","msg":"[migrations] V5: multi-tenant project_id applied (legacy=default)"}
{"level":30,"time":1787715981565,"pid":43428,"hostname":"WIN-LK2TQOOAELR","name":"migration-v5","msg":"[migrations] V5: multi-tenant project_id applied (legacy=default)"}
{"level":30,"time":1787715981705,"pid":43428,"hostname":"WIN-LK2TQOOAELR","name":"migration-v5","msg":"[migrations] V5: multi-tenant project_id applied (legacy=default)"}
{"level":30,"time":1787715981821,"pid":43428,"hostname":"WIN-LK2TQOOAELR","name":"migration-v5","msg":"[migrations] V5: multi-tenant project_id applied (legacy=default)"}
{"level":30,"time":1787715981930,"pid":43428,"hostname":"WIN-LK2TQOOAELR","name":"migration-v5","msg":"[migrations] V5: multi-tenant project_id applied (legacy=default)"}
{"level":30,"time":1787715982049,"pid":43428,"hostname":"WIN-LK2TQOOAELR","name":"migration-v5","msg":"[migrations] V5: multi-tenant project_id applied (legacy=default)"}
{"level":30,"time":1787715982162,"pid":43428,"hostname":"WIN-LK2TQOOAELR","name":"migration-v5","msg":"[migrations] V5: multi-tenant project_id applied (legacy=default)"}
{"level":30,"time":1787715982279,"pid":43428,"hostname":"WIN-LK2TQOOAELR","name":"migration-v5","msg":"[migrations] V5: multi-tenant project_id applied (legacy=default)"}
{"level":30,"time":1787715982400,"pid":43428,"hostname":"WIN-LK2TQOOAELR","name":"migration-v5","msg":"[migrations] V5: multi-tenant project_id applied (legacy=default)"}
{"level":30,"time":1787715982515,"pid":43428,"hostname":"WIN-LK2TQOOAELR","name":"migration-v5","msg":"[migrations] V5: multi-tenant project_id applied (legacy=default)"}
{"level":30,"time":1787715982622,"pid":43428,"hostname":"WIN-LK2TQOOAELR","name":"migration-v5","msg":"[migrations] V5: multi-tenant project_id applied (legacy=default)"}
{"level":30,"time":1787715982768,"pid":43428,"hostname":"WIN-LK2TQOOAELR","name":"migration-v5","msg":"[migrations] V5: multi-tenant project_id applied (legacy=default)"}
{"level":30,"time":1787715982891,"pid":43428,"hostname":"WIN-LK2TQOOAELR","name":"migration-v5","msg":"[migrations] V5: multi-tenant project_id applied (legacy=default)"}
{"level":30,"time":1787715983008,"pid":43428,"hostname":"WIN-LK2TQOOAELR","name":"migration-v5","msg":"[migrations] V5: multi-tenant project_id applied (legacy=default)"}
{"level":30,"time":1787715983127,"pid":43428,"hostname":"WIN-LK2TQOOAELR","name":"migration-v5","msg":"[migrations] V5: multi-tenant project_id applied (legacy=default)"}
{"level":30,"time":1787715983248,"pid":43428,"hostname":"WIN-LK2TQOOAELR","name":"migration-v5","msg":"[migrations] V5: multi-tenant project_id applied (legacy=default)"}
{"level":30,"time":1787715983369,"pid":43428,"hostname":"WIN-LK2TQOOAELR","name":"migration-v5","msg":"[migrations] V5: multi-tenant project_id applied (legacy=default)"}
{"level":30,"time":1787715983497,"pid":43428,"hostname":"WIN-LK2TQOOAELR","name":"migration-v5","msg":"[migrations] V5: multi-tenant project_id applied (legacy=default)"}
{"level":30,"time":1787715983609,"pid":43428,"hostname":"WIN-LK2TQOOAELR","name":"migration-v5","msg":"[migrations] V5: multi-tenant project_id applied (legacy=default)"}
{"level":30,"time":1787715983733,"pid":43428,"hostname":"WIN-LK2TQOOAELR","name":"migration-v5","msg":"[migrations] V5: multi-tenant project_id applied (legacy=default)"}
{"level":30,"time":1787715983856,"pid":43428,"hostname":"WIN-LK2TQOOAELR","name":"migration-v5","msg":"[migrations] V5: multi-tenant project_id applied (legacy=default)"}
{"level":30,"time":1787715983969,"pid":43428,"hostname":"WIN-LK2TQOOAELR","name":"migration-v5","msg":"[migrations] V5: multi-tenant project_id applied (legacy=default)"}
{"level":50,"time":1787715978601,"pid":43428,"hostname":"WIN-LK2TQOOAELR","name":"database-manager","msg":"[db] Using native binding: C:\\Users\\ASUS\\.code-intel\\native-addons\\better-sqlite3\\v12.10.0\\node-v22-win32-x64\\better_sqlite3.node"}
{"level":50,"time":1787715978623,"pid":43428,"hostname":"WIN-LK2TQOOAELR","name":"database-manager","msg":"[db] Pre-V5 backup written to C:\\Users\\ASUS\\AppData\\Local\\Temp\\sa4e18-NmJek8\\index.db.pre-v5.bak"}
{"level":50,"time":1787715978639,"pid":43428,"hostname":"WIN-LK2TQOOAELR","name":"database-manager","msg":"[db] Initialized at C:\\Users\\ASUS\\AppData\\Local\\Temp\\sa4e18-NmJek8\\index.db"}
{"level":50,"time":1787715978728,"pid":43428,"hostname":"WIN-LK2TQOOAELR","name":"database-manager","msg":"[db] Connection closed"}
{"level":50,"time":1787715978735,"pid":43428,"hostname":"WIN-LK2TQOOAELR","name":"database-manager","msg":"[db] Using native binding: C:\\Users\\ASUS\\.code-intel\\native-addons\\better-sqlite3\\v12.10.0\\node-v22-win32-x64\\better_sqlite3.node"}
{"level":50,"time":1787715978748,"pid":43428,"hostname":"WIN-LK2TQOOAELR","name":"database-manager","msg":"[db] Pre-V5 backup written to C:\\Users\\ASUS\\AppData\\Local\\Temp\\sa4e18-hpX9x3\\index.db.pre-v5.bak"}
{"level":50,"time":1787715978772,"pid":43428,"hostname":"WIN-LK2TQOOAELR","name":"database-manager","msg":"[db] Initialized at C:\\Users\\ASUS\\AppData\\Local\\Temp\\sa4e18-hpX9x3\\index.db"}
{"level":50,"time":1787715978844,"pid":43428,"hostname":"WIN-LK2TQOOAELR","name":"database-manager","msg":"[db] Connection closed"}
{"level":50,"time":1787715978847,"pid":43428,"hostname":"WIN-LK2TQOOAELR","name":"database-manager","msg":"[db] Using native binding: C:\\Users\\ASUS\\.code-intel\\native-addons\\better-sqlite3\\v12.10.0\\node-v22-win32-x64\\better_sqlite3.node"}
{"level":50,"time":1787715978890,"pid":43428,"hostname":"WIN-LK2TQOOAELR","name":"database-manager","msg":"[db] Pre-V5 backup written to C:\\Users\\ASUS\\AppData\\Local\\Temp\\sa4e18-n6S5LR\\index.db.pre-v5.bak"}
{"level":50,"time":1787715978974,"pid":43428,"hostname":"WIN-LK2TQOOAELR","name":"database-manager","msg":"[db] Initialized at C:\\Users\\ASUS\\AppData\\Local\\Temp\\sa4e18-n6S5LR\\index.db"}
{"level":50,"time":1787715979045,"pid":43428,"hostname":"WIN-LK2TQOOAELR","name":"database-manager","msg":"[db] Connection closed"}
{"level":50,"time":1787715979048,"pid":43428,"hostname":"WIN-LK2TQOOAELR","name":"database-manager","msg":"[db] Using native binding: C:\\Users\\ASUS\\.code-intel\\native-addons\\better-sqlite3\\v12.10.0\\node-v22-win32-x64\\better_sqlite3.node"}
{"level":50,"time":1787715979069,"pid":43428,"hostname":"WIN-LK2TQOOAELR","name":"database-manager","msg":"[db] Pre-V5 backup written to C:\\Users\\ASUS\\AppData\\Local\\Temp\\sa4e18-9AJxDH\\index.db.pre-v5.bak"}
{"level":50,"time":1787715979098,"pid":43428,"hostname":"WIN-LK2TQOOAELR","name":"database-manager","msg":"[db] Initialized at C:\\Users\\ASUS\\AppData\\Local\\Temp\\sa4e18-9AJxDH\\index.db"}
{"level":50,"time":1787715979170,"pid":43428,"hostname":"WIN-LK2TQOOAELR","name":"database-manager","msg":"[db] Connection closed"}
{"level":50,"time":1787715979177,"pid":43428,"hostname":"WIN-LK2TQOOAELR","name":"database-manager","msg":"[db] Using native binding: C:\\Users\\ASUS\\.code-intel\\native-addons\\better-sqlite3\\v12.10.0\\node-v22-win32-x64\\better_sqlite3.node"}
{"level":50,"time":1787715979198,"pid":43428,"hostname":"WIN-LK2TQOOAELR","name":"database-manager","msg":"[db] Pre-V5 backup written to C:\\Users\\ASUS\\AppData\\Local\\Temp\\sa4e18-10wzHh\\index.db.pre-v5.bak"}
{"level":50,"time":1787715979216,"pid":43428,"hostname":"WIN-LK2TQOOAELR","name":"database-manager","msg":"[db] Initialized at C:\\Users\\ASUS\\AppData\\Local\\Temp\\sa4e18-10wzHh\\index.db"}
{"level":50,"time":1787715979309,"pid":43428,"hostname":"WIN-LK2TQOOAELR","name":"database-manager","msg":"[db] Connection closed"}
{"level":50,"time":1787715979312,"pid":43428,"hostname":"WIN-LK2TQOOAELR","name":"database-manager","msg":"[db] Using native binding: C:\\Users\\ASUS\\.code-intel\\native-addons\\better-sqlite3\\v12.10.0\\node-v22-win32-x64\\better_sqlite3.node"}
{"level":50,"time":1787715979333,"pid":43428,"hostname":"WIN-LK2TQOOAELR","name":"database-manager","msg":"[db] Pre-V5 backup written to C:\\Users\\ASUS\\AppData\\Local\\Temp\\sa4e18-qeG7It\\index.db.pre-v5.bak"}
{"level":50,"time":1787715979361,"pid":43428,"hostname":"WIN-LK2TQOOAELR","name":"database-manager","msg":"[db] Initialized at C:\\Users\\ASUS\\AppData\\Local\\Temp\\sa4e18-qeG7It\\index.db"}
{"level":50,"time":1787715979441,"pid":43428,"hostname":"WIN-LK2TQOOAELR","name":"database-manager","msg":"[db] Connection closed"}
{"level":50,"time":1787715979443,"pid":43428,"hostname":"WIN-LK2TQOOAELR","name":"database-manager","msg":"[db] Using native binding: C:\\Users\\ASUS\\.code-intel\\native-addons\\better-sqlite3\\v12.10.0\\node-v22-win32-x64\\better_sqlite3.node"}
{"level":50,"time":1787715979465,"pid":43428,"hostname":"WIN-LK2TQOOAELR","name":"database-manager","msg":"[db] Pre-V5 backup written to C:\\Users\\ASUS\\AppData\\Local\\Temp\\sa4e18-a0tCcf\\index.db.pre-v5.bak"}
{"level":50,"time":1787715979484,"pid":43428,"hostname":"WIN-LK2TQOOAELR","name":"database-manager","msg":"[db] Initialized at C:\\Users\\ASUS\\AppData\\Local\\Temp\\sa4e18-a0tCcf\\index.db"}
{"level":50,"time":1787715979559,"pid":43428,"hostname":"WIN-LK2TQOOAELR","name":"database-manager","msg":"[db] Connection closed"}
{"level":50,"time":1787715979562,"pid":43428,"hostname":"WIN-LK2TQOOAELR","name":"database-manager","msg":"[db] Using native binding: C:\\Users\\ASUS\\.code-intel\\native-addons\\better-sqlite3\\v12.10.0\\node-v22-win32-x64\\better_sqlite3.node"}
{"level":50,"time":1787715979584,"pid":43428,"hostname":"WIN-LK2TQOOAELR","name":"database-manager","msg":"[db] Pre-V5 backup written to C:\\Users\\ASUS\\AppData\\Local\\Temp\\sa4e18-2h1knk\\index.db.pre-v5.bak"}
{"level":50,"time":1787715979609,"pid":43428,"hostname":"WIN-LK2TQOOAELR","name":"database-manager","msg":"[db] Initialized at C:\\Users\\ASUS\\AppData\\Local\\Temp\\sa4e18-2h1knk\\index.db"}
{"level":50,"time":1787715979701,"pid":43428,"hostname":"WIN-LK2TQOOAELR","name":"database-manager","msg":"[db] Connection closed"}
{"level":50,"time":1787715979704,"pid":43428,"hostname":"WIN-LK2TQOOAELR","name":"database-manager","msg":"[db] Using native binding: C:\\Users\\ASUS\\.code-intel\\native-addons\\better-sqlite3\\v12.10.0\\node-v22-win32-x64\\better_sqlite3.node"}
{"level":50,"time":1787715979726,"pid":43428,"hostname":"WIN-LK2TQOOAELR","name":"database-manager","msg":"[db] Pre-V5 backup written to C:\\Users\\ASUS\\AppData\\Local\\Temp\\sa4e18-a7IvdD\\index.db.pre-v5.bak"}
{"level":50,"time":1787715979752,"pid":43428,"hostname":"WIN-LK2TQOOAELR","name":"database-manager","msg":"[db] Initialized at C:\\Users\\ASUS\\AppData\\Local\\Temp\\sa4e18-a7IvdD\\index.db"}
{"level":50,"time":1787715979825,"pid":43428,"hostname":"WIN-LK2TQOOAELR","name":"database-manager","msg":"[db] Connection closed"}
{"level":50,"time":1787715979833,"pid":43428,"hostname":"WIN-LK2TQOOAELR","name":"database-manager","msg":"[db] Using native binding: C:\\Users\\ASUS\\.code-intel\\native-addons\\better-sqlite3\\v12.10.0\\node-v22-win32-x64\\better_sqlite3.node"}
{"level":50,"time":1787715979846,"pid":43428,"hostname":"WIN-LK2TQOOAELR","name":"database-manager","msg":"[db] Pre-V5 backup written to C:\\Users\\ASUS\\AppData\\Local\\Temp\\sa4e18-In9hJn\\index.db.pre-v5.bak"}
{"level":50,"time":1787715979869,"pid":43428,"hostname":"WIN-LK2TQOOAELR","name":"database-manager","msg":"[db] Initialized at C:\\Users\\ASUS\\AppData\\Local\\Temp\\sa4e18-In9hJn\\index.db"}
{"level":50,"time":1787715979940,"pid":43428,"hostname":"WIN-LK2TQOOAELR","name":"database-manager","msg":"[db] Connection closed"}
{"level":50,"time":1787715979943,"pid":43428,"hostname":"WIN-LK2TQOOAELR","name":"database-manager","msg":"[db] Using native binding: C:\\Users\\ASUS\\.code-intel\\native-addons\\better-sqlite3\\v12.10.0\\node-v22-win32-x64\\better_sqlite3.node"}
{"level":50,"time":1787715979963,"pid":43428,"hostname":"WIN-LK2TQOOAELR","name":"database-manager","msg":"[db] Pre-V5 backup written to C:\\Users\\ASUS\\AppData\\Local\\Temp\\sa4e18-YewRJo\\index.db.pre-v5.bak"}
{"level":50,"time":1787715979983,"pid":43428,"hostname":"WIN-LK2TQOOAELR","name":"database-manager","msg":"[db] Initialized at C:\\Users\\ASUS\\AppData\\Local\\Temp\\sa4e18-YewRJo\\index.db"}
{"level":50,"time":1787715980085,"pid":43428,"hostname":"WIN-LK2TQOOAELR","name":"database-manager","msg":"[db] Connection closed"}
{"level":50,"time":1787715980088,"pid":43428,"hostname":"WIN-LK2TQOOAELR","name":"database-manager","msg":"[db] Using native binding: C:\\Users\\ASUS\\.code-intel\\native-addons\\better-sqlite3\\v12.10.0\\node-v22-win32-x64\\better_sqlite3.node"}
{"level":50,"time":1787715980110,"pid":43428,"hostname":"WIN-LK2TQOOAELR","name":"database-manager","msg":"[db] Pre-V5 backup written to C:\\Users\\ASUS\\AppData\\Local\\Temp\\sa4e18-dTHRL4\\index.db.pre-v5.bak"}
{"level":50,"time":1787715980136,"pid":43428,"hostname":"WIN-LK2TQOOAELR","name":"database-manager","msg":"[db] Initialized at C:\\Users\\ASUS\\AppData\\Local\\Temp\\sa4e18-dTHRL4\\index.db"}
{"level":50,"time":1787715980207,"pid":43428,"hostname":"WIN-LK2TQOOAELR","name":"database-manager","msg":"[db] Connection closed"}
{"level":50,"time":1787715980209,"pid":43428,"hostname":"WIN-LK2TQOOAELR","name":"database-manager","msg":"[db] Using native binding: C:\\Users\\ASUS\\.code-intel\\native-addons\\better-sqlite3\\v12.10.0\\node-v22-win32-x64\\better_sqlite3.node"}
{"level":50,"time":1787715980228,"pid":43428,"hostname":"WIN-LK2TQOOAELR","name":"database-manager","msg":"[db] Pre-V5 backup written to C:\\Users\\ASUS\\AppData\\Local\\Temp\\sa4e18-kOVjys\\index.db.pre-v5.bak"}
{"level":50,"time":1787715980248,"pid":43428,"hostname":"WIN-LK2TQOOAELR","name":"database-manager","msg":"[db] Initialized at C:\\Users\\ASUS\\AppData\\Local\\Temp\\sa4e18-kOVjys\\index.db"}
{"level":50,"time":1787715980319,"pid":43428,"hostname":"WIN-LK2TQOOAELR","name":"database-manager","msg":"[db] Connection closed"}
{"level":50,"time":1787715980320,"pid":43428,"hostname":"WIN-LK2TQOOAELR","name":"database-manager","msg":"[db] Using native binding: C:\\Users\\ASUS\\.code-intel\\native-addons\\better-sqlite3\\v12.10.0\\node-v22-win32-x64\\better_sqlite3.node"}
{"level":50,"time":1787715980341,"pid":43428,"hostname":"WIN-LK2TQOOAELR","name":"database-manager","msg":"[db] Pre-V5 backup written to C:\\Users\\ASUS\\AppData\\Local\\Temp\\sa4e18-Rm72Xk\\index.db.pre-v5.bak"}
{"level":50,"time":1787715980519,"pid":43428,"hostname":"WIN-LK2TQOOAELR","name":"database-manager","msg":"[db] Initialized at C:\\Users\\ASUS\\AppData\\Local\\Temp\\sa4e18-Rm72Xk\\index.db"}
{"level":50,"time":1787715980599,"pid":43428,"hostname":"WIN-LK2TQOOAELR","name":"database-manager","msg":"[db] Connection closed"}
{"level":50,"time":1787715980602,"pid":43428,"hostname":"WIN-LK2TQOOAELR","name":"database-manager","msg":"[db] Using native binding: C:\\Users\\ASUS\\.code-intel\\native-addons\\better-sqlite3\\v12.10.0\\node-v22-win32-x64\\better_sqlite3.node"}
{"level":50,"time":1787715980621,"pid":43428,"hostname":"WIN-LK2TQOOAELR","name":"database-manager","msg":"[db] Pre-V5 backup written to C:\\Users\\ASUS\\AppData\\Local\\Temp\\sa4e18-tQEBUi\\index.db.pre-v5.bak"}
{"level":50,"time":1787715980642,"pid":43428,"hostname":"WIN-LK2TQOOAELR","name":"database-manager","msg":"[db] Initialized at C:\\Users\\ASUS\\AppData\\Local\\Temp\\sa4e18-tQEBUi\\index.db"}
{"level":50,"time":1787715980710,"pid":43428,"hostname":"WIN-LK2TQOOAELR","name":"database-manager","msg":"[db] Connection closed"}
{"level":50,"time":1787715980712,"pid":43428,"hostname":"WIN-LK2TQOOAELR","name":"database-manager","msg":"[db] Using native binding: C:\\Users\\ASUS\\.code-intel\\native-addons\\better-sqlite3\\v12.10.0\\node-v22-win32-x64\\better_sqlite3.node"}
{"level":50,"time":1787715980733,"pid":43428,"hostname":"WIN-LK2TQOOAELR","name":"database-manager","msg":"[db] Pre-V5 backup written to C:\\Users\\ASUS\\AppData\\Local\\Temp\\sa4e18-6IbGXQ\\index.db.pre-v5.bak"}
{"level":50,"time":1787715980761,"pid":43428,"hostname":"WIN-LK2TQOOAELR","name":"database-manager","msg":"[db] Initialized at C:\\Users\\ASUS\\AppData\\Local\\Temp\\sa4e18-6IbGXQ\\index.db"}
{"level":50,"time":1787715981184,"pid":43428,"hostname":"WIN-LK2TQOOAELR","name":"database-manager","msg":"[db] Connection closed"}
{"level":50,"time":1787715981187,"pid":43428,"hostname":"WIN-LK2TQOOAELR","name":"database-manager","msg":"[db] Using native binding: C:\\Users\\ASUS\\.code-intel\\native-addons\\better-sqlite3\\v12.10.0\\node-v22-win32-x64\\better_sqlite3.node"}
{"level":50,"time":1787715981327,"pid":43428,"hostname":"WIN-LK2TQOOAELR","name":"database-manager","msg":"[db] Pre-V5 backup written to C:\\Users\\ASUS\\AppData\\Local\\Temp\\sa4e18-3WePmF\\index.db.pre-v5.bak"}
{"level":50,"time":1787715981343,"pid":43428,"hostname":"WIN-LK2TQOOAELR","name":"database-manager","msg":"[db] Initialized at C:\\Users\\ASUS\\AppData\\Local\\Temp\\sa4e18-3WePmF\\index.db"}
{"level":50,"time":1787715981411,"pid":43428,"hostname":"WIN-LK2TQOOAELR","name":"database-manager","msg":"[db] Connection closed"}
{"level":50,"time":1787715981412,"pid":43428,"hostname":"WIN-LK2TQOOAELR","name":"database-manager","msg":"[db] Using native binding: C:\\Users\\ASUS\\.code-intel\\native-addons\\better-sqlite3\\v12.10.0\\node-v22-win32-x64\\better_sqlite3.node"}
{"level":50,"time":1787715981430,"pid":43428,"hostname":"WIN-LK2TQOOAELR","name":"database-manager","msg":"[db] Pre-V5 backup written to C:\\Users\\ASUS\\AppData\\Local\\Temp\\sa4e18-sVXcsP\\index.db.pre-v5.bak"}
{"level":50,"time":1787715981454,"pid":43428,"hostname":"WIN-LK2TQOOAELR","name":"database-manager","msg":"[db] Initialized at C:\\Users\\ASUS\\AppData\\Local\\Temp\\sa4e18-sVXcsP\\index.db"}
{"level":50,"time":1787715981519,"pid":43428,"hostname":"WIN-LK2TQOOAELR","name":"database-manager","msg":"[db] Connection closed"}
{"level":50,"time":1787715981521,"pid":43428,"hostname":"WIN-LK2TQOOAELR","name":"database-manager","msg":"[db] Using native binding: C:\\Users\\ASUS\\.code-intel\\native-addons\\better-sqlite3\\v12.10.0\\node-v22-win32-x64\\better_sqlite3.node"}
{"level":50,"time":1787715981542,"pid":43428,"hostname":"WIN-LK2TQOOAELR","name":"database-manager","msg":"[db] Pre-V5 backup written to C:\\Users\\ASUS\\AppData\\Local\\Temp\\sa4e18-sczDaS\\index.db.pre-v5.bak"}
{"level":50,"time":1787715981565,"pid":43428,"hostname":"WIN-LK2TQOOAELR","name":"database-manager","msg":"[db] Initialized at C:\\Users\\ASUS\\AppData\\Local\\Temp\\sa4e18-sczDaS\\index.db"}
{"level":50,"time":1787715981650,"pid":43428,"hostname":"WIN-LK2TQOOAELR","name":"database-manager","msg":"[db] Connection closed"}
{"level":50,"time":1787715981654,"pid":43428,"hostname":"WIN-LK2TQOOAELR","name":"database-manager","msg":"[db] Using native binding: C:\\Users\\ASUS\\.code-intel\\native-addons\\better-sqlite3\\v12.10.0\\node-v22-win32-x64\\better_sqlite3.node"}
{"level":50,"time":1787715981676,"pid":43428,"hostname":"WIN-LK2TQOOAELR","name":"database-manager","msg":"[db] Pre-V5 backup written to C:\\Users\\ASUS\\AppData\\Local\\Temp\\sa4e18-8EW0jr\\index.db.pre-v5.bak"}
{"level":50,"time":1787715981705,"pid":43428,"hostname":"WIN-LK2TQOOAELR","name":"database-manager","msg":"[db] Initialized at C:\\Users\\ASUS\\AppData\\Local\\Temp\\sa4e18-8EW0jr\\index.db"}
{"level":50,"time":1787715981782,"pid":43428,"hostname":"WIN-LK2TQOOAELR","name":"database-manager","msg":"[db] Connection closed"}
{"level":50,"time":1787715981784,"pid":43428,"hostname":"WIN-LK2TQOOAELR","name":"database-manager","msg":"[db] Using native binding: C:\\Users\\ASUS\\.code-intel\\native-addons\\better-sqlite3\\v12.10.0\\node-v22-win32-x64\\better_sqlite3.node"}
{"level":50,"time":1787715981805,"pid":43428,"hostname":"WIN-LK2TQOOAELR","name":"database-manager","msg":"[db] Pre-V5 backup written to C:\\Users\\ASUS\\AppData\\Local\\Temp\\sa4e18-GA5o4I\\index.db.pre-v5.bak"}
{"level":50,"time":1787715981821,"pid":43428,"hostname":"WIN-LK2TQOOAELR","name":"database-manager","msg":"[db] Initialized at C:\\Users\\ASUS\\AppData\\Local\\Temp\\sa4e18-GA5o4I\\index.db"}
{"level":50,"time":1787715977263,"pid":43428,"hostname":"WIN-LK2TQOOAELR","name":"migrations","msg":"[migrations] Running graph schema migrations (SQLite sync)..."}
{"level":50,"time":1787715977265,"pid":43428,"hostname":"WIN-LK2TQOOAELR","name":"migrations","msg":"[migrations] Added 9 enhanced symbol columns"}
{"level":50,"time":1787715977267,"pid":43428,"hostname":"WIN-LK2TQOOAELR","name":"migrations","msg":"[migrations] Relationships table ready"}
{"level":50,"time":1787715977267,"pid":43428,"hostname":"WIN-LK2TQOOAELR","name":"migrations","msg":"[migrations] File index table ready"}
{"level":50,"time":1787715977267,"pid":43428,"hostname":"WIN-LK2TQOOAELR","name":"migrations","msg":"[migrations] Graph metadata table ready"}
{"level":50,"time":1787715977267,"pid":43428,"hostname":"WIN-LK2TQOOAELR","name":"migrations","msg":"[migrations] Body embeddings table ready"}
{"level":50,"time":1787715977267,"pid":43428,"hostname":"WIN-LK2TQOOAELR","name":"migrations","msg":"[migrations] Schema version set to 3 (sync)"}
{"level":50,"time":1787715977274,"pid":43428,"hostname":"WIN-LK2TQOOAELR","name":"migrations","msg":"[migrations] V4: Memory tables dropped and recreated"}
{"level":50,"time":1787715977396,"pid":43428,"hostname":"WIN-LK2TQOOAELR","name":"migrations","msg":"[migrations] Applying v1: Initial schema with FTS5"}
{"level":50,"time":1787715977396,"pid":43428,"hostname":"WIN-LK2TQOOAELR","name":"migrations","msg":"[migrations] v1 applied"}
{"level":50,"time":1787715977396,"pid":43428,"hostname":"WIN-LK2TQOOAELR","name":"migrations","msg":"[migrations] V2: Added 0 pattern columns"}
{"level":50,"time":1787715977396,"pid":43428,"hostname":"WIN-LK2TQOOAELR","name":"migrations","msg":"[migrations] Running graph schema migrations (SQLite sync)..."}
{"level":50,"time":1787715977399,"pid":43428,"hostname":"WIN-LK2TQOOAELR","name":"migrations","msg":"[migrations] Added 9 enhanced symbol columns"}
{"level":50,"time":1787715977400,"pid":43428,"hostname":"WIN-LK2TQOOAELR","name":"migrations","msg":"[migrations] Relationships table ready"}
{"level":50,"time":1787715977400,"pid":43428,"hostname":"WIN-LK2TQOOAELR","name":"migrations","msg":"[migrations] File index table ready"}
{"level":50,"time":1787715977401,"pid":43428,"hostname":"WIN-LK2TQOOAELR","name":"migrations","msg":"[migrations] Graph metadata table ready"}
{"level":50,"time":1787715977401,"pid":43428,"hostname":"WIN-LK2TQOOAELR","name":"migrations","msg":"[migrations] Body embeddings table ready"}
{"level":50,"time":1787715977401,"pid":43428,"hostname":"WIN-LK2TQOOAELR","name":"migrations","msg":"[migrations] Schema version set to 3 (sync)"}
{"level":50,"time":1787715977407,"pid":43428,"hostname":"WIN-LK2TQOOAELR","name":"migrations","msg":"[migrations] V4: Memory tables dropped and recreated"}
{"level":50,"time":1787715977559,"pid":43428,"hostname":"WIN-LK2TQOOAELR","name":"migrations","msg":"[migrations] Applying v1: Initial schema with FTS5"}
{"level":50,"time":1787715977559,"pid":43428,"hostname":"WIN-LK2TQOOAELR","name":"migrations","msg":"[migrations] v1 applied"}
{"level":50,"time":1787715977559,"pid":43428,"hostname":"WIN-LK2TQOOAELR","name":"migrations","msg":"[migrations] V2: Added 0 pattern columns"}
{"level":50,"time":1787715977559,"pid":43428,"hostname":"WIN-LK2TQOOAELR","name":"migrations","msg":"[migrations] Running graph schema migrations (SQLite sync)..."}
{"level":50,"time":1787715977563,"pid":43428,"hostname":"WIN-LK2TQOOAELR","name":"migrations","msg":"[migrations] Added 9 enhanced symbol columns"}
{"level":50,"time":1787715977564,"pid":43428,"hostname":"WIN-LK2TQOOAELR","name":"migrations","msg":"[migrations] Relationships table ready"}
{"level":50,"time":1787715977564,"pid":43428,"hostname":"WIN-LK2TQOOAELR","name":"migrations","msg":"[migrations] File index table ready"}
{"level":50,"time":1787715977565,"pid":43428,"hostname":"WIN-LK2TQOOAELR","name":"migrations","msg":"[migrations] Graph metadata table ready"}
{"level":50,"time":1787715977565,"pid":43428,"hostname":"WIN-LK2TQOOAELR","name":"migrations","msg":"[migrations] Body embeddings table ready"}
{"level":50,"time":1787715977565,"pid":43428,"hostname":"WIN-LK2TQOOAELR","name":"migrations","msg":"[migrations] Schema version set to 3 (sync)"}
{"level":50,"time":1787715977576,"pid":43428,"hostname":"WIN-LK2TQOOAELR","name":"migrations","msg":"[migrations] V4: Memory tables dropped and recreated"}
{"level":50,"time":1787715977686,"pid":43428,"hostname":"WIN-LK2TQOOAELR","name":"migrations","msg":"[migrations] Applying v1: Initial schema with FTS5"}
{"level":50,"time":1787715977686,"pid":43428,"hostname":"WIN-LK2TQOOAELR","name":"migrations","msg":"[migrations] v1 applied"}
{"level":50,"time":1787715977686,"pid":43428,"hostname":"WIN-LK2TQOOAELR","name":"migrations","msg":"[migrations] V2: Added 0 pattern columns"}
{"level":50,"time":1787715977686,"pid":43428,"hostname":"WIN-LK2TQOOAELR","name":"migrations","msg":"[migrations] Running graph schema migrations (SQLite sync)..."}
{"level":50,"time":1787715977689,"pid":43428,"hostname":"WIN-LK2TQOOAELR","name":"migrations","msg":"[migrations] Added 9 enhanced symbol columns"}
{"level":50,"time":1787715977690,"pid":43428,"hostname":"WIN-LK2TQOOAELR","name":"migrations","msg":"[migrations] Relationships table ready"}
{"level":50,"time":1787715977690,"pid":43428,"hostname":"WIN-LK2TQOOAELR","name":"migrations","msg":"[migrations] File index table ready"}
{"level":50,"time":1787715977690,"pid":43428,"hostname":"WIN-LK2TQOOAELR","name":"migrations","msg":"[migrations] Graph metadata table ready"}
{"level":50,"time":1787715977691,"pid":43428,"hostname":"WIN-LK2TQOOAELR","name":"migrations","msg":"[migrations] Body embeddings table ready"}
{"level":50,"time":1787715977691,"pid":43428,"hostname":"WIN-LK2TQOOAELR","name":"migrations","msg":"[migrations] Schema version set to 3 (sync)"}
{"level":50,"time":1787715977696,"pid":43428,"hostname":"WIN-LK2TQOOAELR","name":"migrations","msg":"[migrations] V4: Memory tables dropped and recreated"}
{"level":50,"time":1787715977795,"pid":43428,"hostname":"WIN-LK2TQOOAELR","name":"migrations","msg":"[migrations] Applying v1: Initial schema with FTS5"}
{"level":50,"time":1787715977796,"pid":43428,"hostname":"WIN-LK2TQOOAELR","name":"migrations","msg":"[migrations] v1 applied"}
{"level":50,"time":1787715977796,"pid":43428,"hostname":"WIN-LK2TQOOAELR","name":"migrations","msg":"[migrations] V2: Added 0 pattern columns"}
{"level":50,"time":1787715977796,"pid":43428,"hostname":"WIN-LK2TQOOAELR","name":"migrations","msg":"[migrations] Running graph schema migrations (SQLite sync)..."}
{"level":50,"time":1787715977798,"pid":43428,"hostname":"WIN-LK2TQOOAELR","name":"migrations","msg":"[migrations] Added 9 enhanced symbol columns"}
{"level":50,"time":1787715977798,"pid":43428,"hostname":"WIN-LK2TQOOAELR","name":"migrations","msg":"[migrations] Relationships table ready"}
{"level":50,"time":1787715977799,"pid":43428,"hostname":"WIN-LK2TQOOAELR","name":"migrations","msg":"[migrations] File index table ready"}
{"level":50,"time":1787715977799,"pid":43428,"hostname":"WIN-LK2TQOOAELR","name":"migrations","msg":"[migrations] Graph metadata table ready"}
{"level":50,"time":1787715977799,"pid":43428,"hostname":"WIN-LK2TQOOAELR","name":"migrations","msg":"[migrations] Body embeddings table ready"}
{"level":50,"time":1787715977799,"pid":43428,"hostname":"WIN-LK2TQOOAELR","name":"migrations","msg":"[migrations] Schema version set to 3 (sync)"}
{"level":50,"time":1787715977804,"pid":43428,"hostname":"WIN-LK2TQOOAELR","name":"migrations","msg":"[migrations] V4: Memory tables dropped and recreated"}
{"level":50,"time":1787715977925,"pid":43428,"hostname":"WIN-LK2TQOOAELR","name":"migrations","msg":"[migrations] Applying v1: Initial schema with FTS5"}
{"level":50,"time":1787715977926,"pid":43428,"hostname":"WIN-LK2TQOOAELR","name":"migrations","msg":"[migrations] v1 applied"}
{"level":50,"time":1787715977926,"pid":43428,"hostname":"WIN-LK2TQOOAELR","name":"migrations","msg":"[migrations] V2: Added 0 pattern columns"}
{"level":50,"time":1787715977926,"pid":43428,"hostname":"WIN-LK2TQOOAELR","name":"migrations","msg":"[migrations] Running graph schema migrations (SQLite sync)..."}
{"level":50,"time":1787715977928,"pid":43428,"hostname":"WIN-LK2TQOOAELR","name":"migrations","msg":"[migrations] Added 9 enhanced symbol columns"}
{"level":50,"time":1787715977929,"pid":43428,"hostname":"WIN-LK2TQOOAELR","name":"migrations","msg":"[migrations] Relationships table ready"}
{"level":50,"time":1787715977929,"pid":43428,"hostname":"WIN-LK2TQOOAELR","name":"migrations","msg":"[migrations] File index table ready"}
{"level":50,"time":1787715977929,"pid":43428,"hostname":"WIN-LK2TQOOAELR","name":"migrations","msg":"[migrations] Graph metadata table ready"}
{"level":50,"time":1787715977929,"pid":43428,"hostname":"WIN-LK2TQOOAELR","name":"migrations","msg":"[migrations] Body embeddings table ready"}
{"level":50,"time":1787715977929,"pid":43428,"hostname":"WIN-LK2TQOOAELR","name":"migrations","msg":"[migrations] Schema version set to 3 (sync)"}
{"level":50,"time":1787715977935,"pid":43428,"hostname":"WIN-LK2TQOOAELR","name":"migrations","msg":"[migrations] V4: Memory tables dropped and recreated"}
{"level":50,"time":1787715978047,"pid":43428,"hostname":"WIN-LK2TQOOAELR","name":"migrations","msg":"[migrations] Applying v1: Initial schema with FTS5"}
{"level":50,"time":1787715978048,"pid":43428,"hostname":"WIN-LK2TQOOAELR","name":"migrations","msg":"[migrations] v1 applied"}
{"level":50,"time":1787715978048,"pid":43428,"hostname":"WIN-LK2TQOOAELR","name":"migrations","msg":"[migrations] V2: Added 0 pattern columns"}
{"level":50,"time":1787715978048,"pid":43428,"hostname":"WIN-LK2TQOOAELR","name":"migrations","msg":"[migrations] Running graph schema migrations (SQLite sync)..."}
{"level":50,"time":1787715978052,"pid":43428,"hostname":"WIN-LK2TQOOAELR","name":"migrations","msg":"[migrations] Added 9 enhanced symbol columns"}
{"level":50,"time":1787715978052,"pid":43428,"hostname":"WIN-LK2TQOOAELR","name":"migrations","msg":"[migrations] Relationships table ready"}
{"level":50,"time":1787715978052,"pid":43428,"hostname":"WIN-LK2TQOOAELR","name":"migrations","msg":"[migrations] File index table ready"}
{"level":50,"time":1787715978052,"pid":43428,"hostname":"WIN-LK2TQOOAELR","name":"migrations","msg":"[migrations] Graph metadata table ready"}
{"level":50,"time":1787715978052,"pid":43428,"hostname":"WIN-LK2TQOOAELR","name":"migrations","msg":"[migrations] Body embeddings table ready"}
{"level":50,"time":1787715978052,"pid":43428,"hostname":"WIN-LK2TQOOAELR","name":"migrations","msg":"[migrations] Schema version set to 3 (sync)"}
{"level":50,"time":1787715978057,"pid":43428,"hostname":"WIN-LK2TQOOAELR","name":"migrations","msg":"[migrations] V4: Memory tables dropped and recreated"}
{"level":50,"time":1787715978166,"pid":43428,"hostname":"WIN-LK2TQOOAELR","name":"migrations","msg":"[migrations] Applying v1: Initial schema with FTS5"}
{"level":50,"time":1787715978166,"pid":43428,"hostname":"WIN-LK2TQOOAELR","name":"migrations","msg":"[migrations] v1 applied"}
{"level":50,"time":1787715978166,"pid":43428,"hostname":"WIN-LK2TQOOAELR","name":"migrations","msg":"[migrations] V2: Added 0 pattern columns"}
{"level":50,"time":1787715978166,"pid":43428,"hostname":"WIN-LK2TQOOAELR","name":"migrations","msg":"[migrations] Running graph schema migrations (SQLite sync)..."}
{"level":50,"time":1787715978168,"pid":43428,"hostname":"WIN-LK2TQOOAELR","name":"migrations","msg":"[migrations] Added 9 enhanced symbol columns"}
{"level":50,"time":1787715978169,"pid":43428,"hostname":"WIN-LK2TQOOAELR","name":"migrations","msg":"[migrations] Relationships table ready"}
{"level":50,"time":1787715978169,"pid":43428,"hostname":"WIN-LK2TQOOAELR","name":"migrations","msg":"[migrations] File index table ready"}
{"level":50,"time":1787715978169,"pid":43428,"hostname":"WIN-LK2TQOOAELR","name":"migrations","msg":"[migrations] Graph metadata table ready"}
{"level":50,"time":1787715978169,"pid":43428,"hostname":"WIN-LK2TQOOAELR","name":"migrations","msg":"[migrations] Body embeddings table ready"}
{"level":50,"time":1787715978169,"pid":43428,"hostname":"WIN-LK2TQOOAELR","name":"migrations","msg":"[migrations] Schema version set to 3 (sync)"}
{"level":50,"time":1787715978174,"pid":43428,"hostname":"WIN-LK2TQOOAELR","name":"migrations","msg":"[migrations] V4: Memory tables dropped and recreated"}
{"level":50,"time":1787715978284,"pid":43428,"hostname":"WIN-LK2TQOOAELR","name":"migrations","msg":"[migrations] Applying v1: Initial schema with FTS5"}
{"level":50,"time":1787715978284,"pid":43428,"hostname":"WIN-LK2TQOOAELR","name":"migrations","msg":"[migrations] v1 applied"}
{"level":50,"time":1787715978284,"pid":43428,"hostname":"WIN-LK2TQOOAELR","name":"migrations","msg":"[migrations] V2: Added 0 pattern columns"}
{"level":50,"time":1787715978284,"pid":43428,"hostname":"WIN-LK2TQOOAELR","name":"migrations","msg":"[migrations] Running graph schema migrations (SQLite sync)..."}
{"level":50,"time":1787715978286,"pid":43428,"hostname":"WIN-LK2TQOOAELR","name":"migrations","msg":"[migrations] Added 9 enhanced symbol columns"}
{"level":50,"time":1787715978287,"pid":43428,"hostname":"WIN-LK2TQOOAELR","name":"migrations","msg":"[migrations] Relationships table ready"}
{"level":50,"time":1787715978287,"pid":43428,"hostname":"WIN-LK2TQOOAELR","name":"migrations","msg":"[migrations] File index table ready"}
{"level":50,"time":1787715978287,"pid":43428,"hostname":"WIN-LK2TQOOAELR","name":"migrations","msg":"[migrations] Graph metadata table ready"}
{"level":50,"time":1787715978287,"pid":43428,"hostname":"WIN-LK2TQOOAELR","name":"migrations","msg":"[migrations] Body embeddings table ready"}
{"level":50,"time":1787715978287,"pid":43428,"hostname":"WIN-LK2TQOOAELR","name":"migrations","msg":"[migrations] Schema version set to 3 (sync)"}
{"level":50,"time":1787715978291,"pid":43428,"hostname":"WIN-LK2TQOOAELR","name":"migrations","msg":"[migrations] V4: Memory tables dropped and recreated"}
{"level":50,"time":1787715978393,"pid":43428,"hostname":"WIN-LK2TQOOAELR","name":"migrations","msg":"[migrations] Applying v1: Initial schema with FTS5"}
{"level":50,"time":1787715978394,"pid":43428,"hostname":"WIN-LK2TQOOAELR","name":"migrations","msg":"[migrations] v1 applied"}
{"level":50,"time":1787715978394,"pid":43428,"hostname":"WIN-LK2TQOOAELR","name":"migrations","msg":"[migrations] V2: Added 0 pattern columns"}
{"level":50,"time":1787715978394,"pid":43428,"hostname":"WIN-LK2TQOOAELR","name":"migrations","msg":"[migrations] Running graph schema migrations (SQLite sync)..."}
{"level":50,"time":1787715978396,"pid":43428,"hostname":"WIN-LK2TQOOAELR","name":"migrations","msg":"[migrations] Added 9 enhanced symbol columns"}
{"level":50,"time":1787715978396,"pid":43428,"hostname":"WIN-LK2TQOOAELR","name":"migrations","msg":"[migrations] Relationships table ready"}
{"level":50,"time":1787715978396,"pid":43428,"hostname":"WIN-LK2TQOOAELR","name":"migrations","msg":"[migrations] File index table ready"}
{"level":50,"time":1787715978397,"pid":43428,"hostname":"WIN-LK2TQOOAELR","name":"migrations","msg":"[migrations] Graph metadata table ready"}
{"level":50,"time":1787715978397,"pid":43428,"hostname":"WIN-LK2TQOOAELR","name":"migrations","msg":"[migrations] Body embeddings table ready"}
{"level":50,"time":1787715978397,"pid":43428,"hostname":"WIN-LK2TQOOAELR","name":"migrations","msg":"[migrations] Schema version set to 3 (sync)"}
{"level":50,"time":1787715978401,"pid":43428,"hostname":"WIN-LK2TQOOAELR","name":"migrations","msg":"[migrations] V4: Memory tables dropped and recreated"}
{"level":50,"time":1787715978505,"pid":43428,"hostname":"WIN-LK2TQOOAELR","name":"migrations","msg":"[migrations] Applying v1: Initial schema with FTS5"}
{"level":50,"time":1787715978505,"pid":43428,"hostname":"WIN-LK2TQOOAELR","name":"migrations","msg":"[migrations] v1 applied"}
{"level":50,"time":1787715978505,"pid":43428,"hostname":"WIN-LK2TQOOAELR","name":"migrations","msg":"[migrations] V2: Added 0 pattern columns"}
{"level":50,"time":1787715978505,"pid":43428,"hostname":"WIN-LK2TQOOAELR","name":"migrations","msg":"[migrations] Running graph schema migrations (SQLite sync)..."}
{"level":50,"time":1787715981890,"pid":43428,"hostname":"WIN-LK2TQOOAELR","name":"database-manager","msg":"[db] Connection closed"}
{"level":50,"time":1787715981892,"pid":43428,"hostname":"WIN-LK2TQOOAELR","name":"database-manager","msg":"[db] Using native binding: C:\\Users\\ASUS\\.code-intel\\native-addons\\better-sqlite3\\v12.10.0\\node-v22-win32-x64\\better_sqlite3.node"}
{"level":50,"time":1787715981911,"pid":43428,"hostname":"WIN-LK2TQOOAELR","name":"database-manager","msg":"[db] Pre-V5 backup written to C:\\Users\\ASUS\\AppData\\Local\\Temp\\sa4e18-vxpjrC\\index.db.pre-v5.bak"}
{"level":50,"time":1787715981930,"pid":43428,"hostname":"WIN-LK2TQOOAELR","name":"database-manager","msg":"[db] Initialized at C:\\Users\\ASUS\\AppData\\Local\\Temp\\sa4e18-vxpjrC\\index.db"}
{"level":50,"time":1787715982011,"pid":43428,"hostname":"WIN-LK2TQOOAELR","name":"database-manager","msg":"[db] Connection closed"}
{"level":50,"time":1787715982014,"pid":43428,"hostname":"WIN-LK2TQOOAELR","name":"database-manager","msg":"[db] Using native binding: C:\\Users\\ASUS\\.code-intel\\native-addons\\better-sqlite3\\v12.10.0\\node-v22-win32-x64\\better_sqlite3.node"}
{"level":50,"time":1787715982033,"pid":43428,"hostname":"WIN-LK2TQOOAELR","name":"database-manager","msg":"[db] Pre-V5 backup written to C:\\Users\\ASUS\\AppData\\Local\\Temp\\sa4e18-olHcJW\\index.db.pre-v5.bak"}
{"level":50,"time":1787715982049,"pid":43428,"hostname":"WIN-LK2TQOOAELR","name":"database-manager","msg":"[db] Initialized at C:\\Users\\ASUS\\AppData\\Local\\Temp\\sa4e18-olHcJW\\index.db"}
{"level":50,"time":1787715982118,"pid":43428,"hostname":"WIN-LK2TQOOAELR","name":"database-manager","msg":"[db] Connection closed"}
{"level":50,"time":1787715982121,"pid":43428,"hostname":"WIN-LK2TQOOAELR","name":"database-manager","msg":"[db] Using native binding: C:\\Users\\ASUS\\.code-intel\\native-addons\\better-sqlite3\\v12.10.0\\node-v22-win32-x64\\better_sqlite3.node"}
{"level":50,"time":1787715982139,"pid":43428,"hostname":"WIN-LK2TQOOAELR","name":"database-manager","msg":"[db] Pre-V5 backup written to C:\\Users\\ASUS\\AppData\\Local\\Temp\\sa4e18-cliwTs\\index.db.pre-v5.bak"}
{"level":50,"time":1787715982162,"pid":43428,"hostname":"WIN-LK2TQOOAELR","name":"database-manager","msg":"[db] Initialized at C:\\Users\\ASUS\\AppData\\Local\\Temp\\sa4e18-cliwTs\\index.db"}
{"level":50,"time":1787715982233,"pid":43428,"hostname":"WIN-LK2TQOOAELR","name":"database-manager","msg":"[db] Connection closed"}
{"level":50,"time":1787715982235,"pid":43428,"hostname":"WIN-LK2TQOOAELR","name":"database-manager","msg":"[db] Using native binding: C:\\Users\\ASUS\\.code-intel\\native-addons\\better-sqlite3\\v12.10.0\\node-v22-win32-x64\\better_sqlite3.node"}
{"level":50,"time":1787715982255,"pid":43428,"hostname":"WIN-LK2TQOOAELR","name":"database-manager","msg":"[db] Pre-V5 backup written to C:\\Users\\ASUS\\AppData\\Local\\Temp\\sa4e18-3b1yLc\\index.db.pre-v5.bak"}
{"level":50,"time":1787715982279,"pid":43428,"hostname":"WIN-LK2TQOOAELR","name":"database-manager","msg":"[db] Initialized at C:\\Users\\ASUS\\AppData\\Local\\Temp\\sa4e18-3b1yLc\\index.db"}
{"level":50,"time":1787715982353,"pid":43428,"hostname":"WIN-LK2TQOOAELR","name":"database-manager","msg":"[db] Connection closed"}
{"level":50,"time":1787715982356,"pid":43428,"hostname":"WIN-LK2TQOOAELR","name":"database-manager","msg":"[db] Using native binding: C:\\Users\\ASUS\\.code-intel\\native-addons\\better-sqlite3\\v12.10.0\\node-v22-win32-x64\\better_sqlite3.node"}
{"level":50,"time":1787715982375,"pid":43428,"hostname":"WIN-LK2TQOOAELR","name":"database-manager","msg":"[db] Pre-V5 backup written to C:\\Users\\ASUS\\AppData\\Local\\Temp\\sa4e18-exmOkm\\index.db.pre-v5.bak"}
{"level":50,"time":1787715982400,"pid":43428,"hostname":"WIN-LK2TQOOAELR","name":"database-manager","msg":"[db] Initialized at C:\\Users\\ASUS\\AppData\\Local\\Temp\\sa4e18-exmOkm\\index.db"}
{"level":50,"time":1787715982473,"pid":43428,"hostname":"WIN-LK2TQOOAELR","name":"database-manager","msg":"[db] Connection closed"}
{"level":50,"time":1787715982480,"pid":43428,"hostname":"WIN-LK2TQOOAELR","name":"database-manager","msg":"[db] Using native binding: C:\\Users\\ASUS\\.code-intel\\native-addons\\better-sqlite3\\v12.10.0\\node-v22-win32-x64\\better_sqlite3.node"}
{"level":50,"time":1787715982491,"pid":43428,"hostname":"WIN-LK2TQOOAELR","name":"database-manager","msg":"[db] Pre-V5 backup written to C:\\Users\\ASUS\\AppData\\Local\\Temp\\sa4e18-Xv2iNL\\index.db.pre-v5.bak"}
{"level":50,"time":1787715982516,"pid":43428,"hostname":"WIN-LK2TQOOAELR","name":"database-manager","msg":"[db] Initialized at C:\\Users\\ASUS\\AppData\\Local\\Temp\\sa4e18-Xv2iNL\\index.db"}
{"level":50,"time":1787715982573,"pid":43428,"hostname":"WIN-LK2TQOOAELR","name":"database-manager","msg":"[db] Connection closed"}
{"level":50,"time":1787715982575,"pid":43428,"hostname":"WIN-LK2TQOOAELR","name":"database-manager","msg":"[db] Using native binding: C:\\Users\\ASUS\\.code-intel\\native-addons\\better-sqlite3\\v12.10.0\\node-v22-win32-x64\\better_sqlite3.node"}
{"level":50,"time":1787715982596,"pid":43428,"hostname":"WIN-LK2TQOOAELR","name":"database-manager","msg":"[db] Pre-V5 backup written to C:\\Users\\ASUS\\AppData\\Local\\Temp\\sa4e18-n8fZ0k\\index.db.pre-v5.bak"}
{"level":50,"time":1787715982622,"pid":43428,"hostname":"WIN-LK2TQOOAELR","name":"database-manager","msg":"[db] Initialized at C:\\Users\\ASUS\\AppData\\Local\\Temp\\sa4e18-n8fZ0k\\index.db"}
{"level":50,"time":1787715982721,"pid":43428,"hostname":"WIN-LK2TQOOAELR","name":"database-manager","msg":"[db] Connection closed"}
{"level":50,"time":1787715982723,"pid":43428,"hostname":"WIN-LK2TQOOAELR","name":"database-manager","msg":"[db] Using native binding: C:\\Users\\ASUS\\.code-intel\\native-addons\\better-sqlite3\\v12.10.0\\node-v22-win32-x64\\better_sqlite3.node"}
{"level":50,"time":1787715982743,"pid":43428,"hostname":"WIN-LK2TQOOAELR","name":"database-manager","msg":"[db] Pre-V5 backup written to C:\\Users\\ASUS\\AppData\\Local\\Temp\\sa4e18-IwjLXd\\index.db.pre-v5.bak"}
{"level":50,"time":1787715982768,"pid":43428,"hostname":"WIN-LK2TQOOAELR","name":"database-manager","msg":"[db] Initialized at C:\\Users\\ASUS\\AppData\\Local\\Temp\\sa4e18-IwjLXd\\index.db"}
{"level":50,"time":1787715982837,"pid":43428,"hostname":"WIN-LK2TQOOAELR","name":"database-manager","msg":"[db] Connection closed"}
{"level":50,"time":1787715982838,"pid":43428,"hostname":"WIN-LK2TQOOAELR","name":"database-manager","msg":"[db] Using native binding: C:\\Users\\ASUS\\.code-intel\\native-addons\\better-sqlite3\\v12.10.0\\node-v22-win32-x64\\better_sqlite3.node"}
{"level":50,"time":1787715982857,"pid":43428,"hostname":"WIN-LK2TQOOAELR","name":"database-manager","msg":"[db] Pre-V5 backup written to C:\\Users\\ASUS\\AppData\\Local\\Temp\\sa4e18-UrUvks\\index.db.pre-v5.bak"}
{"level":50,"time":1787715982891,"pid":43428,"hostname":"WIN-LK2TQOOAELR","name":"database-manager","msg":"[db] Initialized at C:\\Users\\ASUS\\AppData\\Local\\Temp\\sa4e18-UrUvks\\index.db"}
{"level":50,"time":1787715982966,"pid":43428,"hostname":"WIN-LK2TQOOAELR","name":"database-manager","msg":"[db] Connection closed"}
{"level":50,"time":1787715982968,"pid":43428,"hostname":"WIN-LK2TQOOAELR","name":"database-manager","msg":"[db] Using native binding: C:\\Users\\ASUS\\.code-intel\\native-addons\\better-sqlite3\\v12.10.0\\node-v22-win32-x64\\better_sqlite3.node"}
{"level":50,"time":1787715982989,"pid":43428,"hostname":"WIN-LK2TQOOAELR","name":"database-manager","msg":"[db] Pre-V5 backup written to C:\\Users\\ASUS\\AppData\\Local\\Temp\\sa4e18-mH0DS4\\index.db.pre-v5.bak"}
{"level":50,"time":1787715983008,"pid":43428,"hostname":"WIN-LK2TQOOAELR","name":"database-manager","msg":"[db] Initialized at C:\\Users\\ASUS\\AppData\\Local\\Temp\\sa4e18-mH0DS4\\index.db"}
{"level":50,"time":1787715983086,"pid":43428,"hostname":"WIN-LK2TQOOAELR","name":"database-manager","msg":"[db] Connection closed"}
{"level":50,"time":1787715983088,"pid":43428,"hostname":"WIN-LK2TQOOAELR","name":"database-manager","msg":"[db] Using native binding: C:\\Users\\ASUS\\.code-intel\\native-addons\\better-sqlite3\\v12.10.0\\node-v22-win32-x64\\better_sqlite3.node"}
{"level":50,"time":1787715983109,"pid":43428,"hostname":"WIN-LK2TQOOAELR","name":"database-manager","msg":"[db] Pre-V5 backup written to C:\\Users\\ASUS\\AppData\\Local\\Temp\\sa4e18-pcyzWB\\index.db.pre-v5.bak"}
{"level":50,"time":1787715983127,"pid":43428,"hostname":"WIN-LK2TQOOAELR","name":"database-manager","msg":"[db] Initialized at C:\\Users\\ASUS\\AppData\\Local\\Temp\\sa4e18-pcyzWB\\index.db"}
{"level":50,"time":1787715983205,"pid":43428,"hostname":"WIN-LK2TQOOAELR","name":"database-manager","msg":"[db] Connection closed"}
{"level":50,"time":1787715983209,"pid":43428,"hostname":"WIN-LK2TQOOAELR","name":"database-manager","msg":"[db] Using native binding: C:\\Users\\ASUS\\.code-intel\\native-addons\\better-sqlite3\\v12.10.0\\node-v22-win32-x64\\better_sqlite3.node"}
{"level":50,"time":1787715983230,"pid":43428,"hostname":"WIN-LK2TQOOAELR","name":"database-manager","msg":"[db] Pre-V5 backup written to C:\\Users\\ASUS\\AppData\\Local\\Temp\\sa4e18-lDaC84\\index.db.pre-v5.bak"}
{"level":50,"time":1787715983248,"pid":43428,"hostname":"WIN-LK2TQOOAELR","name":"database-manager","msg":"[db] Initialized at C:\\Users\\ASUS\\AppData\\Local\\Temp\\sa4e18-lDaC84\\index.db"}
{"level":50,"time":1787715983326,"pid":43428,"hostname":"WIN-LK2TQOOAELR","name":"database-manager","msg":"[db] Connection closed"}
{"level":50,"time":1787715983328,"pid":43428,"hostname":"WIN-LK2TQOOAELR","name":"database-manager","msg":"[db] Using native binding: C:\\Users\\ASUS\\.code-intel\\native-addons\\better-sqlite3\\v12.10.0\\node-v22-win32-x64\\better_sqlite3.node"}
{"level":50,"time":1787715983348,"pid":43428,"hostname":"WIN-LK2TQOOAELR","name":"database-manager","msg":"[db] Pre-V5 backup written to C:\\Users\\ASUS\\AppData\\Local\\Temp\\sa4e18-Uh9mdZ\\index.db.pre-v5.bak"}
{"level":50,"time":1787715983369,"pid":43428,"hostname":"WIN-LK2TQOOAELR","name":"database-manager","msg":"[db] Initialized at C:\\Users\\ASUS\\AppData\\Local\\Temp\\sa4e18-Uh9mdZ\\index.db"}
{"level":50,"time":1787715983453,"pid":43428,"hostname":"WIN-LK2TQOOAELR","name":"database-manager","msg":"[db] Connection closed"}
{"level":50,"time":1787715983455,"pid":43428,"hostname":"WIN-LK2TQOOAELR","name":"database-manager","msg":"[db] Using native binding: C:\\Users\\ASUS\\.code-intel\\native-addons\\better-sqlite3\\v12.10.0\\node-v22-win32-x64\\better_sqlite3.node"}
{"level":50,"time":1787715983475,"pid":43428,"hostname":"WIN-LK2TQOOAELR","name":"database-manager","msg":"[db] Pre-V5 backup written to C:\\Users\\ASUS\\AppData\\Local\\Temp\\sa4e18-QkgLbC\\index.db.pre-v5.bak"}
{"level":50,"time":1787715983497,"pid":43428,"hostname":"WIN-LK2TQOOAELR","name":"database-manager","msg":"[db] Initialized at C:\\Users\\ASUS\\AppData\\Local\\Temp\\sa4e18-QkgLbC\\index.db"}
{"level":50,"time":1787715983570,"pid":43428,"hostname":"WIN-LK2TQOOAELR","name":"database-manager","msg":"[db] Connection closed"}
{"level":50,"time":1787715983572,"pid":43428,"hostname":"WIN-LK2TQOOAELR","name":"database-manager","msg":"[db] Using native binding: C:\\Users\\ASUS\\.code-intel\\native-addons\\better-sqlite3\\v12.10.0\\node-v22-win32-x64\\better_sqlite3.node"}
{"level":50,"time":1787715983593,"pid":43428,"hostname":"WIN-LK2TQOOAELR","name":"database-manager","msg":"[db] Pre-V5 backup written to C:\\Users\\ASUS\\AppData\\Local\\Temp\\sa4e18-WCxgYH\\index.db.pre-v5.bak"}
{"level":50,"time":1787715983609,"pid":43428,"hostname":"WIN-LK2TQOOAELR","name":"database-manager","msg":"[db] Initialized at C:\\Users\\ASUS\\AppData\\Local\\Temp\\sa4e18-WCxgYH\\index.db"}
{"level":50,"time":1787715983686,"pid":43428,"hostname":"WIN-LK2TQOOAELR","name":"database-manager","msg":"[db] Connection closed"}
{"level":50,"time":1787715983688,"pid":43428,"hostname":"WIN-LK2TQOOAELR","name":"database-manager","msg":"[db] Using native binding: C:\\Users\\ASUS\\.code-intel\\native-addons\\better-sqlite3\\v12.10.0\\node-v22-win32-x64\\better_sqlite3.node"}
{"level":50,"time":1787715983708,"pid":43428,"hostname":"WIN-LK2TQOOAELR","name":"database-manager","msg":"[db] Pre-V5 backup written to C:\\Users\\ASUS\\AppData\\Local\\Temp\\sa4e18-tO3EUq\\index.db.pre-v5.bak"}
{"level":50,"time":1787715983733,"pid":43428,"hostname":"WIN-LK2TQOOAELR","name":"database-manager","msg":"[db] Initialized at C:\\Users\\ASUS\\AppData\\Local\\Temp\\sa4e18-tO3EUq\\index.db"}
{"level":50,"time":1787715983821,"pid":43428,"hostname":"WIN-LK2TQOOAELR","name":"database-manager","msg":"[db] Connection closed"}
{"level":50,"time":1787715983824,"pid":43428,"hostname":"WIN-LK2TQOOAELR","name":"database-manager","msg":"[db] Using native binding: C:\\Users\\ASUS\\.code-intel\\native-addons\\better-sqlite3\\v12.10.0\\node-v22-win32-x64\\better_sqlite3.node"}
{"level":50,"time":1787715983842,"pid":43428,"hostname":"WIN-LK2TQOOAELR","name":"database-manager","msg":"[db] Pre-V5 backup written to C:\\Users\\ASUS\\AppData\\Local\\Temp\\sa4e18-ZWqKIm\\index.db.pre-v5.bak"}
{"level":50,"time":1787715983856,"pid":43428,"hostname":"WIN-LK2TQOOAELR","name":"database-manager","msg":"[db] Initialized at C:\\Users\\ASUS\\AppData\\Local\\Temp\\sa4e18-ZWqKIm\\index.db"}
{"level":50,"time":1787715983929,"pid":43428,"hostname":"WIN-LK2TQOOAELR","name":"database-manager","msg":"[db] Connection closed"}
{"level":50,"time":1787715983931,"pid":43428,"hostname":"WIN-LK2TQOOAELR","name":"database-manager","msg":"[db] Using native binding: C:\\Users\\ASUS\\.code-intel\\native-addons\\better-sqlite3\\v12.10.0\\node-v22-win32-x64\\better_sqlite3.node"}
{"level":50,"time":1787715983952,"pid":43428,"hostname":"WIN-LK2TQOOAELR","name":"database-manager","msg":"[db] Pre-V5 backup written to C:\\Users\\ASUS\\AppData\\Local\\Temp\\sa4e18-BP1ECm\\index.db.pre-v5.bak"}
{"level":50,"time":1787715983969,"pid":43428,"hostname":"WIN-LK2TQOOAELR","name":"database-manager","msg":"[db] Initialized at C:\\Users\\ASUS\\AppData\\Local\\Temp\\sa4e18-BP1ECm\\index.db"}
{"level":50,"time":1787715984042,"pid":43428,"hostname":"WIN-LK2TQOOAELR","name":"database-manager","msg":"[db] Connection closed"}
{"level":50,"time":1787715978507,"pid":43428,"hostname":"WIN-LK2TQOOAELR","name":"migrations","msg":"[migrations] Added 9 enhanced symbol columns"}
{"level":50,"time":1787715978508,"pid":43428,"hostname":"WIN-LK2TQOOAELR","name":"migrations","msg":"[migrations] Relationships table ready"}
{"level":50,"time":1787715978508,"pid":43428,"hostname":"WIN-LK2TQOOAELR","name":"migrations","msg":"[migrations] File index table ready"}
{"level":50,"time":1787715978508,"pid":43428,"hostname":"WIN-LK2TQOOAELR","name":"migrations","msg":"[migrations] Graph metadata table ready"}
{"level":50,"time":1787715978508,"pid":43428,"hostname":"WIN-LK2TQOOAELR","name":"migrations","msg":"[migrations] Body embeddings table ready"}
{"level":50,"time":1787715978508,"pid":43428,"hostname":"WIN-LK2TQOOAELR","name":"migrations","msg":"[migrations] Schema version set to 3 (sync)"}
{"level":50,"time":1787715978515,"pid":43428,"hostname":"WIN-LK2TQOOAELR","name":"migrations","msg":"[migrations] V4: Memory tables dropped and recreated"}
{"level":50,"time":1787715978630,"pid":43428,"hostname":"WIN-LK2TQOOAELR","name":"migrations","msg":"[migrations] Applying v1: Initial schema with FTS5"}
{"level":50,"time":1787715978631,"pid":43428,"hostname":"WIN-LK2TQOOAELR","name":"migrations","msg":"[migrations] v1 applied"}
{"level":50,"time":1787715978631,"pid":43428,"hostname":"WIN-LK2TQOOAELR","name":"migrations","msg":"[migrations] V2: Added 0 pattern columns"}
{"level":50,"time":1787715978631,"pid":43428,"hostname":"WIN-LK2TQOOAELR","name":"migrations","msg":"[migrations] Running graph schema migrations (SQLite sync)..."}
{"level":50,"time":1787715978633,"pid":43428,"hostname":"WIN-LK2TQOOAELR","name":"migrations","msg":"[migrations] Added 9 enhanced symbol columns"}
{"level":50,"time":1787715978633,"pid":43428,"hostname":"WIN-LK2TQOOAELR","name":"migrations","msg":"[migrations] Relationships table ready"}
{"level":50,"time":1787715978634,"pid":43428,"hostname":"WIN-LK2TQOOAELR","name":"migrations","msg":"[migrations] File index table ready"}
{"level":50,"time":1787715978634,"pid":43428,"hostname":"WIN-LK2TQOOAELR","name":"migrations","msg":"[migrations] Graph metadata table ready"}
{"level":50,"time":1787715978634,"pid":43428,"hostname":"WIN-LK2TQOOAELR","name":"migrations","msg":"[migrations] Body embeddings table ready"}
{"level":50,"time":1787715978634,"pid":43428,"hostname":"WIN-LK2TQOOAELR","name":"migrations","msg":"[migrations] Schema version set to 3 (sync)"}
{"level":50,"time":1787715978639,"pid":43428,"hostname":"WIN-LK2TQOOAELR","name":"migrations","msg":"[migrations] V4: Memory tables dropped and recreated"}
{"level":50,"time":1787715978763,"pid":43428,"hostname":"WIN-LK2TQOOAELR","name":"migrations","msg":"[migrations] Applying v1: Initial schema with FTS5"}
{"level":50,"time":1787715978763,"pid":43428,"hostname":"WIN-LK2TQOOAELR","name":"migrations","msg":"[migrations] v1 applied"}
{"level":50,"time":1787715978763,"pid":43428,"hostname":"WIN-LK2TQOOAELR","name":"migrations","msg":"[migrations] V2: Added 0 pattern columns"}
{"level":50,"time":1787715978763,"pid":43428,"hostname":"WIN-LK2TQOOAELR","name":"migrations","msg":"[migrations] Running graph schema migrations (SQLite sync)..."}
{"level":50,"time":1787715978765,"pid":43428,"hostname":"WIN-LK2TQOOAELR","name":"migrations","msg":"[migrations] Added 9 enhanced symbol columns"}
{"level":50,"time":1787715978766,"pid":43428,"hostname":"WIN-LK2TQOOAELR","name":"migrations","msg":"[migrations] Relationships table ready"}
{"level":50,"time":1787715978766,"pid":43428,"hostname":"WIN-LK2TQOOAELR","name":"migrations","msg":"[migrations] File index table ready"}
{"level":50,"time":1787715978766,"pid":43428,"hostname":"WIN-LK2TQOOAELR","name":"migrations","msg":"[migrations] Graph metadata table ready"}
{"level":50,"time":1787715978766,"pid":43428,"hostname":"WIN-LK2TQOOAELR","name":"migrations","msg":"[migrations] Body embeddings table ready"}
{"level":50,"time":1787715978766,"pid":43428,"hostname":"WIN-LK2TQOOAELR","name":"migrations","msg":"[migrations] Schema version set to 3 (sync)"}
{"level":50,"time":1787715978771,"pid":43428,"hostname":"WIN-LK2TQOOAELR","name":"migrations","msg":"[migrations] V4: Memory tables dropped and recreated"}
{"level":50,"time":1787715978964,"pid":43428,"hostname":"WIN-LK2TQOOAELR","name":"migrations","msg":"[migrations] Applying v1: Initial schema with FTS5"}
{"level":50,"time":1787715978965,"pid":43428,"hostname":"WIN-LK2TQOOAELR","name":"migrations","msg":"[migrations] v1 applied"}
{"level":50,"time":1787715978965,"pid":43428,"hostname":"WIN-LK2TQOOAELR","name":"migrations","msg":"[migrations] V2: Added 0 pattern columns"}
{"level":50,"time":1787715978965,"pid":43428,"hostname":"WIN-LK2TQOOAELR","name":"migrations","msg":"[migrations] Running graph schema migrations (SQLite sync)..."}
{"level":50,"time":1787715978967,"pid":43428,"hostname":"WIN-LK2TQOOAELR","name":"migrations","msg":"[migrations] Added 9 enhanced symbol columns"}
{"level":50,"time":1787715978967,"pid":43428,"hostname":"WIN-LK2TQOOAELR","name":"migrations","msg":"[migrations] Relationships table ready"}
{"level":50,"time":1787715978967,"pid":43428,"hostname":"WIN-LK2TQOOAELR","name":"migrations","msg":"[migrations] File index table ready"}
{"level":50,"time":1787715978968,"pid":43428,"hostname":"WIN-LK2TQOOAELR","name":"migrations","msg":"[migrations] Graph metadata table ready"}
{"level":50,"time":1787715978968,"pid":43428,"hostname":"WIN-LK2TQOOAELR","name":"migrations","msg":"[migrations] Body embeddings table ready"}
{"level":50,"time":1787715978968,"pid":43428,"hostname":"WIN-LK2TQOOAELR","name":"migrations","msg":"[migrations] Schema version set to 3 (sync)"}
{"level":50,"time":1787715978972,"pid":43428,"hostname":"WIN-LK2TQOOAELR","name":"migrations","msg":"[migrations] V4: Memory tables dropped and recreated"}
{"level":50,"time":1787715979086,"pid":43428,"hostname":"WIN-LK2TQOOAELR","name":"migrations","msg":"[migrations] Applying v1: Initial schema with FTS5"}
{"level":50,"time":1787715979086,"pid":43428,"hostname":"WIN-LK2TQOOAELR","name":"migrations","msg":"[migrations] v1 applied"}
{"level":50,"time":1787715979086,"pid":43428,"hostname":"WIN-LK2TQOOAELR","name":"migrations","msg":"[migrations] V2: Added 0 pattern columns"}
{"level":50,"time":1787715979086,"pid":43428,"hostname":"WIN-LK2TQOOAELR","name":"migrations","msg":"[migrations] Running graph schema migrations (SQLite sync)..."}
{"level":50,"time":1787715979090,"pid":43428,"hostname":"WIN-LK2TQOOAELR","name":"migrations","msg":"[migrations] Added 9 enhanced symbol columns"}
{"level":50,"time":1787715979090,"pid":43428,"hostname":"WIN-LK2TQOOAELR","name":"migrations","msg":"[migrations] Relationships table ready"}
{"level":50,"time":1787715979091,"pid":43428,"hostname":"WIN-LK2TQOOAELR","name":"migrations","msg":"[migrations] File index table ready"}
{"level":50,"time":1787715979091,"pid":43428,"hostname":"WIN-LK2TQOOAELR","name":"migrations","msg":"[migrations] Graph metadata table ready"}
{"level":50,"time":1787715979091,"pid":43428,"hostname":"WIN-LK2TQOOAELR","name":"migrations","msg":"[migrations] Body embeddings table ready"}
{"level":50,"time":1787715979091,"pid":43428,"hostname":"WIN-LK2TQOOAELR","name":"migrations","msg":"[migrations] Schema version set to 3 (sync)"}
{"level":50,"time":1787715979096,"pid":43428,"hostname":"WIN-LK2TQOOAELR","name":"migrations","msg":"[migrations] V4: Memory tables dropped and recreated"}
{"level":50,"time":1787715979206,"pid":43428,"hostname":"WIN-LK2TQOOAELR","name":"migrations","msg":"[migrations] Applying v1: Initial schema with FTS5"}
{"level":50,"time":1787715979207,"pid":43428,"hostname":"WIN-LK2TQOOAELR","name":"migrations","msg":"[migrations] v1 applied"}
{"level":50,"time":1787715979207,"pid":43428,"hostname":"WIN-LK2TQOOAELR","name":"migrations","msg":"[migrations] V2: Added 0 pattern columns"}
{"level":50,"time":1787715979207,"pid":43428,"hostname":"WIN-LK2TQOOAELR","name":"migrations","msg":"[migrations] Running graph schema migrations (SQLite sync)..."}
{"level":50,"time":1787715979209,"pid":43428,"hostname":"WIN-LK2TQOOAELR","name":"migrations","msg":"[migrations] Added 9 enhanced symbol columns"}
{"level":50,"time":1787715979209,"pid":43428,"hostname":"WIN-LK2TQOOAELR","name":"migrations","msg":"[migrations] Relationships table ready"}
{"level":50,"time":1787715979210,"pid":43428,"hostname":"WIN-LK2TQOOAELR","name":"migrations","msg":"[migrations] File index table ready"}
{"level":50,"time":1787715979210,"pid":43428,"hostname":"WIN-LK2TQOOAELR","name":"migrations","msg":"[migrations] Graph metadata table ready"}
{"level":50,"time":1787715979210,"pid":43428,"hostname":"WIN-LK2TQOOAELR","name":"migrations","msg":"[migrations] Body embeddings table ready"}
{"level":50,"time":1787715979210,"pid":43428,"hostname":"WIN-LK2TQOOAELR","name":"migrations","msg":"[migrations] Schema version set to 3 (sync)"}
{"level":50,"time":1787715979215,"pid":43428,"hostname":"WIN-LK2TQOOAELR","name":"migrations","msg":"[migrations] V4: Memory tables dropped and recreated"}
{"level":50,"time":1787715979350,"pid":43428,"hostname":"WIN-LK2TQOOAELR","name":"migrations","msg":"[migrations] Applying v1: Initial schema with FTS5"}
{"level":50,"time":1787715979350,"pid":43428,"hostname":"WIN-LK2TQOOAELR","name":"migrations","msg":"[migrations] v1 applied"}
{"level":50,"time":1787715979350,"pid":43428,"hostname":"WIN-LK2TQOOAELR","name":"migrations","msg":"[migrations] V2: Added 0 pattern columns"}
{"level":50,"time":1787715979350,"pid":43428,"hostname":"WIN-LK2TQOOAELR","name":"migrations","msg":"[migrations] Running graph schema migrations (SQLite sync)..."}
{"level":50,"time":1787715979353,"pid":43428,"hostname":"WIN-LK2TQOOAELR","name":"migrations","msg":"[migrations] Added 9 enhanced symbol columns"}
{"level":50,"time":1787715979353,"pid":43428,"hostname":"WIN-LK2TQOOAELR","name":"migrations","msg":"[migrations] Relationships table ready"}
{"level":50,"time":1787715979353,"pid":43428,"hostname":"WIN-LK2TQOOAELR","name":"migrations","msg":"[migrations] File index table ready"}
{"level":50,"time":1787715979354,"pid":43428,"hostname":"WIN-LK2TQOOAELR","name":"migrations","msg":"[migrations] Graph metadata table ready"}
{"level":50,"time":1787715979354,"pid":43428,"hostname":"WIN-LK2TQOOAELR","name":"migrations","msg":"[migrations] Body embeddings table ready"}
{"level":50,"time":1787715979354,"pid":43428,"hostname":"WIN-LK2TQOOAELR","name":"migrations","msg":"[migrations] Schema version set to 3 (sync)"}
{"level":50,"time":1787715979360,"pid":43428,"hostname":"WIN-LK2TQOOAELR","name":"migrations","msg":"[migrations] V4: Memory tables dropped and recreated"}
{"level":50,"time":1787715979474,"pid":43428,"hostname":"WIN-LK2TQOOAELR","name":"migrations","msg":"[migrations] Applying v1: Initial schema with FTS5"}
{"level":50,"time":1787715979475,"pid":43428,"hostname":"WIN-LK2TQOOAELR","name":"migrations","msg":"[migrations] v1 applied"}
{"level":50,"time":1787715979475,"pid":43428,"hostname":"WIN-LK2TQOOAELR","name":"migrations","msg":"[migrations] V2: Added 0 pattern columns"}
{"level":50,"time":1787715979475,"pid":43428,"hostname":"WIN-LK2TQOOAELR","name":"migrations","msg":"[migrations] Running graph schema migrations (SQLite sync)..."}
{"level":50,"time":1787715979477,"pid":43428,"hostname":"WIN-LK2TQOOAELR","name":"migrations","msg":"[migrations] Added 9 enhanced symbol columns"}
{"level":50,"time":1787715979478,"pid":43428,"hostname":"WIN-LK2TQOOAELR","name":"migrations","msg":"[migrations] Relationships table ready"}
{"level":50,"time":1787715979478,"pid":43428,"hostname":"WIN-LK2TQOOAELR","name":"migrations","msg":"[migrations] File index table ready"}
{"level":50,"time":1787715979478,"pid":43428,"hostname":"WIN-LK2TQOOAELR","name":"migrations","msg":"[migrations] Graph metadata table ready"}
{"level":50,"time":1787715979478,"pid":43428,"hostname":"WIN-LK2TQOOAELR","name":"migrations","msg":"[migrations] Body embeddings table ready"}
{"level":50,"time":1787715979478,"pid":43428,"hostname":"WIN-LK2TQOOAELR","name":"migrations","msg":"[migrations] Schema version set to 3 (sync)"}
{"level":50,"time":1787715979483,"pid":43428,"hostname":"WIN-LK2TQOOAELR","name":"migrations","msg":"[migrations] V4: Memory tables dropped and recreated"}
{"level":50,"time":1787715979599,"pid":43428,"hostname":"WIN-LK2TQOOAELR","name":"migrations","msg":"[migrations] Applying v1: Initial schema with FTS5"}
{"level":50,"time":1787715979600,"pid":43428,"hostname":"WIN-LK2TQOOAELR","name":"migrations","msg":"[migrations] v1 applied"}
{"level":50,"time":1787715979600,"pid":43428,"hostname":"WIN-LK2TQOOAELR","name":"migrations","msg":"[migrations] V2: Added 0 pattern columns"}
{"level":50,"time":1787715979600,"pid":43428,"hostname":"WIN-LK2TQOOAELR","name":"migrations","msg":"[migrations] Running graph schema migrations (SQLite sync)..."}
{"level":50,"time":1787715979602,"pid":43428,"hostname":"WIN-LK2TQOOAELR","name":"migrations","msg":"[migrations] Added 9 enhanced symbol columns"}
{"level":50,"time":1787715979603,"pid":43428,"hostname":"WIN-LK2TQOOAELR","name":"migrations","msg":"[migrations] Relationships table ready"}
{"level":50,"time":1787715979603,"pid":43428,"hostname":"WIN-LK2TQOOAELR","name":"migrations","msg":"[migrations] File index table ready"}
{"level":50,"time":1787715979603,"pid":43428,"hostname":"WIN-LK2TQOOAELR","name":"migrations","msg":"[migrations] Graph metadata table ready"}
{"level":50,"time":1787715979603,"pid":43428,"hostname":"WIN-LK2TQOOAELR","name":"migrations","msg":"[migrations] Body embeddings table ready"}
{"level":50,"time":1787715979603,"pid":43428,"hostname":"WIN-LK2TQOOAELR","name":"migrations","msg":"[migrations] Schema version set to 3 (sync)"}
{"level":50,"time":1787715979608,"pid":43428,"hostname":"WIN-LK2TQOOAELR","name":"migrations","msg":"[migrations] V4: Memory tables dropped and recreated"}
{"level":50,"time":1787715979741,"pid":43428,"hostname":"WIN-LK2TQOOAELR","name":"migrations","msg":"[migrations] Applying v1: Initial schema with FTS5"}
{"level":50,"time":1787715979742,"pid":43428,"hostname":"WIN-LK2TQOOAELR","name":"migrations","msg":"[migrations] v1 applied"}
{"level":50,"time":1787715979742,"pid":43428,"hostname":"WIN-LK2TQOOAELR","name":"migrations","msg":"[migrations] V2: Added 0 pattern columns"}
{"level":50,"time":1787715979742,"pid":43428,"hostname":"WIN-LK2TQOOAELR","name":"migrations","msg":"[migrations] Running graph schema migrations (SQLite sync)..."}
{"level":50,"time":1787715979744,"pid":43428,"hostname":"WIN-LK2TQOOAELR","name":"migrations","msg":"[migrations] Added 9 enhanced symbol columns"}
{"level":50,"time":1787715979744,"pid":43428,"hostname":"WIN-LK2TQOOAELR","name":"migrations","msg":"[migrations] Relationships table ready"}
{"level":50,"time":1787715979744,"pid":43428,"hostname":"WIN-LK2TQOOAELR","name":"migrations","msg":"[migrations] File index table ready"}
{"level":50,"time":1787715979744,"pid":43428,"hostname":"WIN-LK2TQOOAELR","name":"migrations","msg":"[migrations] Graph metadata table ready"}
{"level":50,"time":1787715979745,"pid":43428,"hostname":"WIN-LK2TQOOAELR","name":"migrations","msg":"[migrations] Body embeddings table ready"}
{"level":50,"time":1787715979745,"pid":43428,"hostname":"WIN-LK2TQOOAELR","name":"migrations","msg":"[migrations] Schema version set to 3 (sync)"}
{"level":50,"time":1787715979751,"pid":43428,"hostname":"WIN-LK2TQOOAELR","name":"migrations","msg":"[migrations] V4: Memory tables dropped and recreated"}
{"level":50,"time":1787715979860,"pid":43428,"hostname":"WIN-LK2TQOOAELR","name":"migrations","msg":"[migrations] Applying v1: Initial schema with FTS5"}
{"level":50,"time":1787715979861,"pid":43428,"hostname":"WIN-LK2TQOOAELR","name":"migrations","msg":"[migrations] v1 applied"}
{"level":50,"time":1787715979861,"pid":43428,"hostname":"WIN-LK2TQOOAELR","name":"migrations","msg":"[migrations] V2: Added 0 pattern columns"}
{"level":50,"time":1787715979861,"pid":43428,"hostname":"WIN-LK2TQOOAELR","name":"migrations","msg":"[migrations] Running graph schema migrations (SQLite sync)..."}
{"level":50,"time":1787715979863,"pid":43428,"hostname":"WIN-LK2TQOOAELR","name":"migrations","msg":"[migrations] Added 9 enhanced symbol columns"}
{"level":50,"time":1787715979864,"pid":43428,"hostname":"WIN-LK2TQOOAELR","name":"migrations","msg":"[migrations] Relationships table ready"}
{"level":50,"time":1787715979864,"pid":43428,"hostname":"WIN-LK2TQOOAELR","name":"migrations","msg":"[migrations] File index table ready"}
{"level":50,"time":1787715979864,"pid":43428,"hostname":"WIN-LK2TQOOAELR","name":"migrations","msg":"[migrations] Graph metadata table ready"}
{"level":50,"time":1787715979864,"pid":43428,"hostname":"WIN-LK2TQOOAELR","name":"migrations","msg":"[migrations] Body embeddings table ready"}
{"level":50,"time":1787715979864,"pid":43428,"hostname":"WIN-LK2TQOOAELR","name":"migrations","msg":"[migrations] Schema version set to 3 (sync)"}
{"level":50,"time":1787715979869,"pid":43428,"hostname":"WIN-LK2TQOOAELR","name":"migrations","msg":"[migrations] V4: Memory tables dropped and recreated"}
{"level":50,"time":1787715979972,"pid":43428,"hostname":"WIN-LK2TQOOAELR","name":"migrations","msg":"[migrations] Applying v1: Initial schema with FTS5"}
{"level":50,"time":1787715979972,"pid":43428,"hostname":"WIN-LK2TQOOAELR","name":"migrations","msg":"[migrations] v1 applied"}
{"level":50,"time":1787715979972,"pid":43428,"hostname":"WIN-LK2TQOOAELR","name":"migrations","msg":"[migrations] V2: Added 0 pattern columns"}
{"level":50,"time":1787715979972,"pid":43428,"hostname":"WIN-LK2TQOOAELR","name":"migrations","msg":"[migrations] Running graph schema migrations (SQLite sync)..."}
{"level":50,"time":1787715979974,"pid":43428,"hostname":"WIN-LK2TQOOAELR","name":"migrations","msg":"[migrations] Added 9 enhanced symbol columns"}
{"level":50,"time":1787715979975,"pid":43428,"hostname":"WIN-LK2TQOOAELR","name":"migrations","msg":"[migrations] Relationships table ready"}
{"level":50,"time":1787715979975,"pid":43428,"hostname":"WIN-LK2TQOOAELR","name":"migrations","msg":"[migrations] File index table ready"}
{"level":50,"time":1787715979975,"pid":43428,"hostname":"WIN-LK2TQOOAELR","name":"migrations","msg":"[migrations] Graph metadata table ready"}
{"level":50,"time":1787715979975,"pid":43428,"hostname":"WIN-LK2TQOOAELR","name":"migrations","msg":"[migrations] Body embeddings table ready"}
{"level":50,"time":1787715979975,"pid":43428,"hostname":"WIN-LK2TQOOAELR","name":"migrations","msg":"[migrations] Schema version set to 3 (sync)"}
{"level":50,"time":1787715979982,"pid":43428,"hostname":"WIN-LK2TQOOAELR","name":"migrations","msg":"[migrations] V4: Memory tables dropped and recreated"}
{"level":50,"time":1787715980125,"pid":43428,"hostname":"WIN-LK2TQOOAELR","name":"migrations","msg":"[migrations] Applying v1: Initial schema with FTS5"}
{"level":50,"time":1787715980125,"pid":43428,"hostname":"WIN-LK2TQOOAELR","name":"migrations","msg":"[migrations] v1 applied"}
{"level":50,"time":1787715980125,"pid":43428,"hostname":"WIN-LK2TQOOAELR","name":"migrations","msg":"[migrations] V2: Added 0 pattern columns"}
{"level":50,"time":1787715980125,"pid":43428,"hostname":"WIN-LK2TQOOAELR","name":"migrations","msg":"[migrations] Running graph schema migrations (SQLite sync)..."}
{"level":50,"time":1787715980128,"pid":43428,"hostname":"WIN-LK2TQOOAELR","name":"migrations","msg":"[migrations] Added 9 enhanced symbol columns"}
{"level":50,"time":1787715980128,"pid":43428,"hostname":"WIN-LK2TQOOAELR","name":"migrations","msg":"[migrations] Relationships table ready"}
{"level":50,"time":1787715980128,"pid":43428,"hostname":"WIN-LK2TQOOAELR","name":"migrations","msg":"[migrations] File index table ready"}
{"level":50,"time":1787715980129,"pid":43428,"hostname":"WIN-LK2TQOOAELR","name":"migrations","msg":"[migrations] Graph metadata table ready"}
{"level":50,"time":1787715980129,"pid":43428,"hostname":"WIN-LK2TQOOAELR","name":"migrations","msg":"[migrations] Body embeddings table ready"}
{"level":50,"time":1787715980129,"pid":43428,"hostname":"WIN-LK2TQOOAELR","name":"migrations","msg":"[migrations] Schema version set to 3 (sync)"}
{"level":50,"time":1787715980135,"pid":43428,"hostname":"WIN-LK2TQOOAELR","name":"migrations","msg":"[migrations] V4: Memory tables dropped and recreated"}
{"level":50,"time":1787715980237,"pid":43428,"hostname":"WIN-LK2TQOOAELR","name":"migrations","msg":"[migrations] Applying v1: Initial schema with FTS5"}
{"level":50,"time":1787715980238,"pid":43428,"hostname":"WIN-LK2TQOOAELR","name":"migrations","msg":"[migrations] v1 applied"}
{"level":50,"time":1787715980238,"pid":43428,"hostname":"WIN-LK2TQOOAELR","name":"migrations","msg":"[migrations] V2: Added 0 pattern columns"}
{"level":50,"time":1787715980238,"pid":43428,"hostname":"WIN-LK2TQOOAELR","name":"migrations","msg":"[migrations] Running graph schema migrations (SQLite sync)..."}
{"level":50,"time":1787715980241,"pid":43428,"hostname":"WIN-LK2TQOOAELR","name":"migrations","msg":"[migrations] Added 9 enhanced symbol columns"}
{"level":50,"time":1787715980242,"pid":43428,"hostname":"WIN-LK2TQOOAELR","name":"migrations","msg":"[migrations] Relationships table ready"}
{"level":50,"time":1787715980242,"pid":43428,"hostname":"WIN-LK2TQOOAELR","name":"migrations","msg":"[migrations] File index table ready"}
{"level":50,"time":1787715980242,"pid":43428,"hostname":"WIN-LK2TQOOAELR","name":"migrations","msg":"[migrations] Graph metadata table ready"}
{"level":50,"time":1787715980242,"pid":43428,"hostname":"WIN-LK2TQOOAELR","name":"migrations","msg":"[migrations] Body embeddings table ready"}
{"level":50,"time":1787715980242,"pid":43428,"hostname":"WIN-LK2TQOOAELR","name":"migrations","msg":"[migrations] Schema version set to 3 (sync)"}
{"level":50,"time":1787715980247,"pid":43428,"hostname":"WIN-LK2TQOOAELR","name":"migrations","msg":"[migrations] V4: Memory tables dropped and recreated"}
{"level":50,"time":1787715980510,"pid":43428,"hostname":"WIN-LK2TQOOAELR","name":"migrations","msg":"[migrations] Applying v1: Initial schema with FTS5"}
{"level":50,"time":1787715980511,"pid":43428,"hostname":"WIN-LK2TQOOAELR","name":"migrations","msg":"[migrations] v1 applied"}
{"level":50,"time":1787715980511,"pid":43428,"hostname":"WIN-LK2TQOOAELR","name":"migrations","msg":"[migrations] V2: Added 0 pattern columns"}
{"level":50,"time":1787715980511,"pid":43428,"hostname":"WIN-LK2TQOOAELR","name":"migrations","msg":"[migrations] Running graph schema migrations (SQLite sync)..."}
{"level":50,"time":1787715980513,"pid":43428,"hostname":"WIN-LK2TQOOAELR","name":"migrations","msg":"[migrations] Added 9 enhanced symbol columns"}
{"level":50,"time":1787715980513,"pid":43428,"hostname":"WIN-LK2TQOOAELR","name":"migrations","msg":"[migrations] Relationships table ready"}
{"level":50,"time":1787715980514,"pid":43428,"hostname":"WIN-LK2TQOOAELR","name":"migrations","msg":"[migrations] File index table ready"}
{"level":50,"time":1787715980514,"pid":43428,"hostname":"WIN-LK2TQOOAELR","name":"migrations","msg":"[migrations] Graph metadata table ready"}
{"level":50,"time":1787715980514,"pid":43428,"hostname":"WIN-LK2TQOOAELR","name":"migrations","msg":"[migrations] Body embeddings table ready"}
{"level":50,"time":1787715980514,"pid":43428,"hostname":"WIN-LK2TQOOAELR","name":"migrations","msg":"[migrations] Schema version set to 3 (sync)"}
{"level":50,"time":1787715980518,"pid":43428,"hostname":"WIN-LK2TQOOAELR","name":"migrations","msg":"[migrations] V4: Memory tables dropped and recreated"}
{"level":50,"time":1787715980629,"pid":43428,"hostname":"WIN-LK2TQOOAELR","name":"migrations","msg":"[migrations] Applying v1: Initial schema with FTS5"}
{"level":50,"time":1787715980630,"pid":43428,"hostname":"WIN-LK2TQOOAELR","name":"migrations","msg":"[migrations] v1 applied"}
{"level":50,"time":1787715980630,"pid":43428,"hostname":"WIN-LK2TQOOAELR","name":"migrations","msg":"[migrations] V2: Added 0 pattern columns"}
{"level":50,"time":1787715980630,"pid":43428,"hostname":"WIN-LK2TQOOAELR","name":"migrations","msg":"[migrations] Running graph schema migrations (SQLite sync)..."}
{"level":50,"time":1787715980633,"pid":43428,"hostname":"WIN-LK2TQOOAELR","name":"migrations","msg":"[migrations] Added 9 enhanced symbol columns"}
{"level":50,"time":1787715980634,"pid":43428,"hostname":"WIN-LK2TQOOAELR","name":"migrations","msg":"[migrations] Relationships table ready"}
{"level":50,"time":1787715980634,"pid":43428,"hostname":"WIN-LK2TQOOAELR","name":"migrations","msg":"[migrations] File index table ready"}
{"level":50,"time":1787715980634,"pid":43428,"hostname":"WIN-LK2TQOOAELR","name":"migrations","msg":"[migrations] Graph metadata table ready"}
{"level":50,"time":1787715980634,"pid":43428,"hostname":"WIN-LK2TQOOAELR","name":"migrations","msg":"[migrations] Body embeddings table ready"}
{"level":50,"time":1787715980634,"pid":43428,"hostname":"WIN-LK2TQOOAELR","name":"migrations","msg":"[migrations] Schema version set to 3 (sync)"}
{"level":50,"time":1787715980641,"pid":43428,"hostname":"WIN-LK2TQOOAELR","name":"migrations","msg":"[migrations] V4: Memory tables dropped and recreated"}
{"level":50,"time":1787715980749,"pid":43428,"hostname":"WIN-LK2TQOOAELR","name":"migrations","msg":"[migrations] Applying v1: Initial schema with FTS5"}
{"level":50,"time":1787715980750,"pid":43428,"hostname":"WIN-LK2TQOOAELR","name":"migrations","msg":"[migrations] v1 applied"}
{"level":50,"time":1787715980750,"pid":43428,"hostname":"WIN-LK2TQOOAELR","name":"migrations","msg":"[migrations] V2: Added 0 pattern columns"}
{"level":50,"time":1787715980750,"pid":43428,"hostname":"WIN-LK2TQOOAELR","name":"migrations","msg":"[migrations] Running graph schema migrations (SQLite sync)..."}
{"level":50,"time":1787715980753,"pid":43428,"hostname":"WIN-LK2TQOOAELR","name":"migrations","msg":"[migrations] Added 9 enhanced symbol columns"}
{"level":50,"time":1787715980753,"pid":43428,"hostname":"WIN-LK2TQOOAELR","name":"migrations","msg":"[migrations] Relationships table ready"}
{"level":50,"time":1787715980753,"pid":43428,"hostname":"WIN-LK2TQOOAELR","name":"migrations","msg":"[migrations] File index table ready"}
{"level":50,"time":1787715980754,"pid":43428,"hostname":"WIN-LK2TQOOAELR","name":"migrations","msg":"[migrations] Graph metadata table ready"}
{"level":50,"time":1787715980754,"pid":43428,"hostname":"WIN-LK2TQOOAELR","name":"migrations","msg":"[migrations] Body embeddings table ready"}
{"level":50,"time":1787715980754,"pid":43428,"hostname":"WIN-LK2TQOOAELR","name":"migrations","msg":"[migrations] Schema version set to 3 (sync)"}
{"level":50,"time":1787715980760,"pid":43428,"hostname":"WIN-LK2TQOOAELR","name":"migrations","msg":"[migrations] V4: Memory tables dropped and recreated"}
{"level":50,"time":1787715981334,"pid":43428,"hostname":"WIN-LK2TQOOAELR","name":"migrations","msg":"[migrations] Applying v1: Initial schema with FTS5"}
{"level":50,"time":1787715981334,"pid":43428,"hostname":"WIN-LK2TQOOAELR","name":"migrations","msg":"[migrations] v1 applied"}
{"level":50,"time":1787715981334,"pid":43428,"hostname":"WIN-LK2TQOOAELR","name":"migrations","msg":"[migrations] V2: Added 0 pattern columns"}
{"level":50,"time":1787715981334,"pid":43428,"hostname":"WIN-LK2TQOOAELR","name":"migrations","msg":"[migrations] Running graph schema migrations (SQLite sync)..."}
{"level":50,"time":1787715981336,"pid":43428,"hostname":"WIN-LK2TQOOAELR","name":"migrations","msg":"[migrations] Added 9 enhanced symbol columns"}
{"level":50,"time":1787715981337,"pid":43428,"hostname":"WIN-LK2TQOOAELR","name":"migrations","msg":"[migrations] Relationships table ready"}
{"level":50,"time":1787715981337,"pid":43428,"hostname":"WIN-LK2TQOOAELR","name":"migrations","msg":"[migrations] File index table ready"}
{"level":50,"time":1787715981337,"pid":43428,"hostname":"WIN-LK2TQOOAELR","name":"migrations","msg":"[migrations] Graph metadata table ready"}
{"level":50,"time":1787715981337,"pid":43428,"hostname":"WIN-LK2TQOOAELR","name":"migrations","msg":"[migrations] Body embeddings table ready"}
{"level":50,"time":1787715981337,"pid":43428,"hostname":"WIN-LK2TQOOAELR","name":"migrations","msg":"[migrations] Schema version set to 3 (sync)"}
{"level":50,"time":1787715981342,"pid":43428,"hostname":"WIN-LK2TQOOAELR","name":"migrations","msg":"[migrations] V4: Memory tables dropped and recreated"}
{"level":50,"time":1787715981445,"pid":43428,"hostname":"WIN-LK2TQOOAELR","name":"migrations","msg":"[migrations] Applying v1: Initial schema with FTS5"}
{"level":50,"time":1787715981445,"pid":43428,"hostname":"WIN-LK2TQOOAELR","name":"migrations","msg":"[migrations] v1 applied"}
{"level":50,"time":1787715981445,"pid":43428,"hostname":"WIN-LK2TQOOAELR","name":"migrations","msg":"[migrations] V2: Added 0 pattern columns"}
{"level":50,"time":1787715981445,"pid":43428,"hostname":"WIN-LK2TQOOAELR","name":"migrations","msg":"[migrations] Running graph schema migrations (SQLite sync)..."}
{"level":50,"time":1787715981447,"pid":43428,"hostname":"WIN-LK2TQOOAELR","name":"migrations","msg":"[migrations] Added 9 enhanced symbol columns"}
{"level":50,"time":1787715981448,"pid":43428,"hostname":"WIN-LK2TQOOAELR","name":"migrations","msg":"[migrations] Relationships table ready"}
{"level":50,"time":1787715981448,"pid":43428,"hostname":"WIN-LK2TQOOAELR","name":"migrations","msg":"[migrations] File index table ready"}
{"level":50,"time":1787715981448,"pid":43428,"hostname":"WIN-LK2TQOOAELR","name":"migrations","msg":"[migrations] Graph metadata table ready"}
{"level":50,"time":1787715981448,"pid":43428,"hostname":"WIN-LK2TQOOAELR","name":"migrations","msg":"[migrations] Body embeddings table ready"}
{"level":50,"time":1787715981448,"pid":43428,"hostname":"WIN-LK2TQOOAELR","name":"migrations","msg":"[migrations] Schema version set to 3 (sync)"}
{"level":50,"time":1787715981453,"pid":43428,"hostname":"WIN-LK2TQOOAELR","name":"migrations","msg":"[migrations] V4: Memory tables dropped and recreated"}
{"level":50,"time":1787715981556,"pid":43428,"hostname":"WIN-LK2TQOOAELR","name":"migrations","msg":"[migrations] Applying v1: Initial schema with FTS5"}
{"level":50,"time":1787715981557,"pid":43428,"hostname":"WIN-LK2TQOOAELR","name":"migrations","msg":"[migrations] v1 applied"}
{"level":50,"time":1787715981557,"pid":43428,"hostname":"WIN-LK2TQOOAELR","name":"migrations","msg":"[migrations] V2: Added 0 pattern columns"}
{"level":50,"time":1787715981557,"pid":43428,"hostname":"WIN-LK2TQOOAELR","name":"migrations","msg":"[migrations] Running graph schema migrations (SQLite sync)..."}
{"level":50,"time":1787715981558,"pid":43428,"hostname":"WIN-LK2TQOOAELR","name":"migrations","msg":"[migrations] Added 9 enhanced symbol columns"}
{"level":50,"time":1787715981559,"pid":43428,"hostname":"WIN-LK2TQOOAELR","name":"migrations","msg":"[migrations] Relationships table ready"}
{"level":50,"time":1787715981559,"pid":43428,"hostname":"WIN-LK2TQOOAELR","name":"migrations","msg":"[migrations] File index table ready"}
{"level":50,"time":1787715981559,"pid":43428,"hostname":"WIN-LK2TQOOAELR","name":"migrations","msg":"[migrations] Graph metadata table ready"}
{"level":50,"time":1787715981559,"pid":43428,"hostname":"WIN-LK2TQOOAELR","name":"migrations","msg":"[migrations] Body embeddings table ready"}
{"level":50,"time":1787715981559,"pid":43428,"hostname":"WIN-LK2TQOOAELR","name":"migrations","msg":"[migrations] Schema version set to 3 (sync)"}
{"level":50,"time":1787715981564,"pid":43428,"hostname":"WIN-LK2TQOOAELR","name":"migrations","msg":"[migrations] V4: Memory tables dropped and recreated"}
{"level":50,"time":1787715981693,"pid":43428,"hostname":"WIN-LK2TQOOAELR","name":"migrations","msg":"[migrations] Applying v1: Initial schema with FTS5"}
{"level":50,"time":1787715981693,"pid":43428,"hostname":"WIN-LK2TQOOAELR","name":"migrations","msg":"[migrations] v1 applied"}
{"level":50,"time":1787715981693,"pid":43428,"hostname":"WIN-LK2TQOOAELR","name":"migrations","msg":"[migrations] V2: Added 0 pattern columns"}
{"level":50,"time":1787715981693,"pid":43428,"hostname":"WIN-LK2TQOOAELR","name":"migrations","msg":"[migrations] Running graph schema migrations (SQLite sync)..."}
{"level":50,"time":1787715981696,"pid":43428,"hostname":"WIN-LK2TQOOAELR","name":"migrations","msg":"[migrations] Added 9 enhanced symbol columns"}
{"level":50,"time":1787715981697,"pid":43428,"hostname":"WIN-LK2TQOOAELR","name":"migrations","msg":"[migrations] Relationships table ready"}
{"level":50,"time":1787715981697,"pid":43428,"hostname":"WIN-LK2TQOOAELR","name":"migrations","msg":"[migrations] File index table ready"}
{"level":50,"time":1787715981697,"pid":43428,"hostname":"WIN-LK2TQOOAELR","name":"migrations","msg":"[migrations] Graph metadata table ready"}
{"level":50,"time":1787715981697,"pid":43428,"hostname":"WIN-LK2TQOOAELR","name":"migrations","msg":"[migrations] Body embeddings table ready"}
{"level":50,"time":1787715981698,"pid":43428,"hostname":"WIN-LK2TQOOAELR","name":"migrations","msg":"[migrations] Schema version set to 3 (sync)"}
{"level":50,"time":1787715981703,"pid":43428,"hostname":"WIN-LK2TQOOAELR","name":"migrations","msg":"[migrations] V4: Memory tables dropped and recreated"}
{"level":50,"time":1787715981812,"pid":43428,"hostname":"WIN-LK2TQOOAELR","name":"migrations","msg":"[migrations] Applying v1: Initial schema with FTS5"}
{"level":50,"time":1787715981812,"pid":43428,"hostname":"WIN-LK2TQOOAELR","name":"migrations","msg":"[migrations] v1 applied"}
{"level":50,"time":1787715981812,"pid":43428,"hostname":"WIN-LK2TQOOAELR","name":"migrations","msg":"[migrations] V2: Added 0 pattern columns"}
{"level":50,"time":1787715981812,"pid":43428,"hostname":"WIN-LK2TQOOAELR","name":"migrations","msg":"[migrations] Running graph schema migrations (SQLite sync)..."}
{"level":50,"time":1787715981814,"pid":43428,"hostname":"WIN-LK2TQOOAELR","name":"migrations","msg":"[migrations] Added 9 enhanced symbol columns"}
{"level":50,"time":1787715981815,"pid":43428,"hostname":"WIN-LK2TQOOAELR","name":"migrations","msg":"[migrations] Relationships table ready"}
{"level":50,"time":1787715981815,"pid":43428,"hostname":"WIN-LK2TQOOAELR","name":"migrations","msg":"[migrations] File index table ready"}
{"level":50,"time":1787715981815,"pid":43428,"hostname":"WIN-LK2TQOOAELR","name":"migrations","msg":"[migrations] Graph metadata table ready"}
{"level":50,"time":1787715981815,"pid":43428,"hostname":"WIN-LK2TQOOAELR","name":"migrations","msg":"[migrations] Body embeddings table ready"}
{"level":50,"time":1787715981815,"pid":43428,"hostname":"WIN-LK2TQOOAELR","name":"migrations","msg":"[migrations] Schema version set to 3 (sync)"}
{"level":50,"time":1787715981820,"pid":43428,"hostname":"WIN-LK2TQOOAELR","name":"migrations","msg":"[migrations] V4: Memory tables dropped and recreated"}
{"level":50,"time":1787715981920,"pid":43428,"hostname":"WIN-LK2TQOOAELR","name":"migrations","msg":"[migrations] Applying v1: Initial schema with FTS5"}
{"level":50,"time":1787715981920,"pid":43428,"hostname":"WIN-LK2TQOOAELR","name":"migrations","msg":"[migrations] v1 applied"}
{"level":50,"time":1787715981920,"pid":43428,"hostname":"WIN-LK2TQOOAELR","name":"migrations","msg":"[migrations] V2: Added 0 pattern columns"}
{"level":50,"time":1787715981920,"pid":43428,"hostname":"WIN-LK2TQOOAELR","name":"migrations","msg":"[migrations] Running graph schema migrations (SQLite sync)..."}
{"level":50,"time":1787715981922,"pid":43428,"hostname":"WIN-LK2TQOOAELR","name":"migrations","msg":"[migrations] Added 9 enhanced symbol columns"}
{"level":50,"time":1787715981923,"pid":43428,"hostname":"WIN-LK2TQOOAELR","name":"migrations","msg":"[migrations] Relationships table ready"}
{"level":50,"time":1787715981923,"pid":43428,"hostname":"WIN-LK2TQOOAELR","name":"migrations","msg":"[migrations] File index table ready"}
{"level":50,"time":1787715981923,"pid":43428,"hostname":"WIN-LK2TQOOAELR","name":"migrations","msg":"[migrations] Graph metadata table ready"}
{"level":50,"time":1787715981923,"pid":43428,"hostname":"WIN-LK2TQOOAELR","name":"migrations","msg":"[migrations] Body embeddings table ready"}
{"level":50,"time":1787715981923,"pid":43428,"hostname":"WIN-LK2TQOOAELR","name":"migrations","msg":"[migrations] Schema version set to 3 (sync)"}
{"level":50,"time":1787715981928,"pid":43428,"hostname":"WIN-LK2TQOOAELR","name":"migrations","msg":"[migrations] V4: Memory tables dropped and recreated"}
{"level":50,"time":1787715982040,"pid":43428,"hostname":"WIN-LK2TQOOAELR","name":"migrations","msg":"[migrations] Applying v1: Initial schema with FTS5"}
{"level":50,"time":1787715982040,"pid":43428,"hostname":"WIN-LK2TQOOAELR","name":"migrations","msg":"[migrations] v1 applied"}
{"level":50,"time":1787715982040,"pid":43428,"hostname":"WIN-LK2TQOOAELR","name":"migrations","msg":"[migrations] V2: Added 0 pattern columns"}
{"level":50,"time":1787715982040,"pid":43428,"hostname":"WIN-LK2TQOOAELR","name":"migrations","msg":"[migrations] Running graph schema migrations (SQLite sync)..."}
{"level":50,"time":1787715982042,"pid":43428,"hostname":"WIN-LK2TQOOAELR","name":"migrations","msg":"[migrations] Added 9 enhanced symbol columns"}
{"level":50,"time":1787715982043,"pid":43428,"hostname":"WIN-LK2TQOOAELR","name":"migrations","msg":"[migrations] Relationships table ready"}
{"level":50,"time":1787715982043,"pid":43428,"hostname":"WIN-LK2TQOOAELR","name":"migrations","msg":"[migrations] File index table ready"}
{"level":50,"time":1787715982043,"pid":43428,"hostname":"WIN-LK2TQOOAELR","name":"migrations","msg":"[migrations] Graph metadata table ready"}
{"level":50,"time":1787715982043,"pid":43428,"hostname":"WIN-LK2TQOOAELR","name":"migrations","msg":"[migrations] Body embeddings table ready"}
{"level":50,"time":1787715982043,"pid":43428,"hostname":"WIN-LK2TQOOAELR","name":"migrations","msg":"[migrations] Schema version set to 3 (sync)"}
{"level":50,"time":1787715982048,"pid":43428,"hostname":"WIN-LK2TQOOAELR","name":"migrations","msg":"[migrations] V4: Memory tables dropped and recreated"}
{"level":50,"time":1787715982148,"pid":43428,"hostname":"WIN-LK2TQOOAELR","name":"migrations","msg":"[migrations] Applying v1: Initial schema with FTS5"}
{"level":50,"time":1787715982148,"pid":43428,"hostname":"WIN-LK2TQOOAELR","name":"migrations","msg":"[migrations] v1 applied"}
{"level":50,"time":1787715982148,"pid":43428,"hostname":"WIN-LK2TQOOAELR","name":"migrations","msg":"[migrations] V2: Added 0 pattern columns"}
{"level":50,"time":1787715982148,"pid":43428,"hostname":"WIN-LK2TQOOAELR","name":"migrations","msg":"[migrations] Running graph schema migrations (SQLite sync)..."}
{"level":50,"time":1787715982152,"pid":43428,"hostname":"WIN-LK2TQOOAELR","name":"migrations","msg":"[migrations] Added 9 enhanced symbol columns"}
{"level":50,"time":1787715982152,"pid":43428,"hostname":"WIN-LK2TQOOAELR","name":"migrations","msg":"[migrations] Relationships table ready"}
{"level":50,"time":1787715982152,"pid":43428,"hostname":"WIN-LK2TQOOAELR","name":"migrations","msg":"[migrations] File index table ready"}
{"level":50,"time":1787715982153,"pid":43428,"hostname":"WIN-LK2TQOOAELR","name":"migrations","msg":"[migrations] Graph metadata table ready"}
{"level":50,"time":1787715982153,"pid":43428,"hostname":"WIN-LK2TQOOAELR","name":"migrations","msg":"[migrations] Body embeddings table ready"}
{"level":50,"time":1787715982153,"pid":43428,"hostname":"WIN-LK2TQOOAELR","name":"migrations","msg":"[migrations] Schema version set to 3 (sync)"}
{"level":50,"time":1787715982160,"pid":43428,"hostname":"WIN-LK2TQOOAELR","name":"migrations","msg":"[migrations] V4: Memory tables dropped and recreated"}
{"level":50,"time":1787715982270,"pid":43428,"hostname":"WIN-LK2TQOOAELR","name":"migrations","msg":"[migrations] Applying v1: Initial schema with FTS5"}
{"level":50,"time":1787715982270,"pid":43428,"hostname":"WIN-LK2TQOOAELR","name":"migrations","msg":"[migrations] v1 applied"}
{"level":50,"time":1787715982270,"pid":43428,"hostname":"WIN-LK2TQOOAELR","name":"migrations","msg":"[migrations] V2: Added 0 pattern columns"}
{"level":50,"time":1787715982270,"pid":43428,"hostname":"WIN-LK2TQOOAELR","name":"migrations","msg":"[migrations] Running graph schema migrations (SQLite sync)..."}
{"level":50,"time":1787715982272,"pid":43428,"hostname":"WIN-LK2TQOOAELR","name":"migrations","msg":"[migrations] Added 9 enhanced symbol columns"}
{"level":50,"time":1787715982273,"pid":43428,"hostname":"WIN-LK2TQOOAELR","name":"migrations","msg":"[migrations] Relationships table ready"}
{"level":50,"time":1787715982273,"pid":43428,"hostname":"WIN-LK2TQOOAELR","name":"migrations","msg":"[migrations] File index table ready"}
{"level":50,"time":1787715982273,"pid":43428,"hostname":"WIN-LK2TQOOAELR","name":"migrations","msg":"[migrations] Graph metadata table ready"}
{"level":50,"time":1787715982273,"pid":43428,"hostname":"WIN-LK2TQOOAELR","name":"migrations","msg":"[migrations] Body embeddings table ready"}
{"level":50,"time":1787715982273,"pid":43428,"hostname":"WIN-LK2TQOOAELR","name":"migrations","msg":"[migrations] Schema version set to 3 (sync)"}
{"level":50,"time":1787715982278,"pid":43428,"hostname":"WIN-LK2TQOOAELR","name":"migrations","msg":"[migrations] V4: Memory tables dropped and recreated"}
{"level":50,"time":1787715982389,"pid":43428,"hostname":"WIN-LK2TQOOAELR","name":"migrations","msg":"[migrations] Applying v1: Initial schema with FTS5"}
{"level":50,"time":1787715982390,"pid":43428,"hostname":"WIN-LK2TQOOAELR","name":"migrations","msg":"[migrations] v1 applied"}
{"level":50,"time":1787715982390,"pid":43428,"hostname":"WIN-LK2TQOOAELR","name":"migrations","msg":"[migrations] V2: Added 0 pattern columns"}
{"level":50,"time":1787715982390,"pid":43428,"hostname":"WIN-LK2TQOOAELR","name":"migrations","msg":"[migrations] Running graph schema migrations (SQLite sync)..."}
{"level":50,"time":1787715982392,"pid":43428,"hostname":"WIN-LK2TQOOAELR","name":"migrations","msg":"[migrations] Added 9 enhanced symbol columns"}
{"level":50,"time":1787715982392,"pid":43428,"hostname":"WIN-LK2TQOOAELR","name":"migrations","msg":"[migrations] Relationships table ready"}
{"level":50,"time":1787715982392,"pid":43428,"hostname":"WIN-LK2TQOOAELR","name":"migrations","msg":"[migrations] File index table ready"}
{"level":50,"time":1787715982392,"pid":43428,"hostname":"WIN-LK2TQOOAELR","name":"migrations","msg":"[migrations] Graph metadata table ready"}
{"level":50,"time":1787715982392,"pid":43428,"hostname":"WIN-LK2TQOOAELR","name":"migrations","msg":"[migrations] Body embeddings table ready"}
{"level":50,"time":1787715982393,"pid":43428,"hostname":"WIN-LK2TQOOAELR","name":"migrations","msg":"[migrations] Schema version set to 3 (sync)"}
{"level":50,"time":1787715982398,"pid":43428,"hostname":"WIN-LK2TQOOAELR","name":"migrations","msg":"[migrations] V4: Memory tables dropped and recreated"}
{"level":50,"time":1787715982505,"pid":43428,"hostname":"WIN-LK2TQOOAELR","name":"migrations","msg":"[migrations] Applying v1: Initial schema with FTS5"}
{"level":50,"time":1787715982506,"pid":43428,"hostname":"WIN-LK2TQOOAELR","name":"migrations","msg":"[migrations] v1 applied"}
{"level":50,"time":1787715982506,"pid":43428,"hostname":"WIN-LK2TQOOAELR","name":"migrations","msg":"[migrations] V2: Added 0 pattern columns"}
{"level":50,"time":1787715982506,"pid":43428,"hostname":"WIN-LK2TQOOAELR","name":"migrations","msg":"[migrations] Running graph schema migrations (SQLite sync)..."}
{"level":50,"time":1787715982508,"pid":43428,"hostname":"WIN-LK2TQOOAELR","name":"migrations","msg":"[migrations] Added 9 enhanced symbol columns"}
{"level":50,"time":1787715982509,"pid":43428,"hostname":"WIN-LK2TQOOAELR","name":"migrations","msg":"[migrations] Relationships table ready"}
{"level":50,"time":1787715982509,"pid":43428,"hostname":"WIN-LK2TQOOAELR","name":"migrations","msg":"[migrations] File index table ready"}
{"level":50,"time":1787715982509,"pid":43428,"hostname":"WIN-LK2TQOOAELR","name":"migrations","msg":"[migrations] Graph metadata table ready"}
{"level":50,"time":1787715982509,"pid":43428,"hostname":"WIN-LK2TQOOAELR","name":"migrations","msg":"[migrations] Body embeddings table ready"}
{"level":50,"time":1787715982509,"pid":43428,"hostname":"WIN-LK2TQOOAELR","name":"migrations","msg":"[migrations] Schema version set to 3 (sync)"}
{"level":50,"time":1787715982514,"pid":43428,"hostname":"WIN-LK2TQOOAELR","name":"migrations","msg":"[migrations] V4: Memory tables dropped and recreated"}
{"level":50,"time":1787715982610,"pid":43428,"hostname":"WIN-LK2TQOOAELR","name":"migrations","msg":"[migrations] Applying v1: Initial schema with FTS5"}
{"level":50,"time":1787715982611,"pid":43428,"hostname":"WIN-LK2TQOOAELR","name":"migrations","msg":"[migrations] v1 applied"}
{"level":50,"time":1787715982611,"pid":43428,"hostname":"WIN-LK2TQOOAELR","name":"migrations","msg":"[migrations] V2: Added 0 pattern columns"}
{"level":50,"time":1787715982611,"pid":43428,"hostname":"WIN-LK2TQOOAELR","name":"migrations","msg":"[migrations] Running graph schema migrations (SQLite sync)..."}
{"level":50,"time":1787715982613,"pid":43428,"hostname":"WIN-LK2TQOOAELR","name":"migrations","msg":"[migrations] Added 9 enhanced symbol columns"}
{"level":50,"time":1787715982613,"pid":43428,"hostname":"WIN-LK2TQOOAELR","name":"migrations","msg":"[migrations] Relationships table ready"}
{"level":50,"time":1787715982613,"pid":43428,"hostname":"WIN-LK2TQOOAELR","name":"migrations","msg":"[migrations] File index table ready"}
{"level":50,"time":1787715982613,"pid":43428,"hostname":"WIN-LK2TQOOAELR","name":"migrations","msg":"[migrations] Graph metadata table ready"}
{"level":50,"time":1787715982614,"pid":43428,"hostname":"WIN-LK2TQOOAELR","name":"migrations","msg":"[migrations] Body embeddings table ready"}
{"level":50,"time":1787715982614,"pid":43428,"hostname":"WIN-LK2TQOOAELR","name":"migrations","msg":"[migrations] Schema version set to 3 (sync)"}
{"level":50,"time":1787715982620,"pid":43428,"hostname":"WIN-LK2TQOOAELR","name":"migrations","msg":"[migrations] V4: Memory tables dropped and recreated"}
{"level":50,"time":1787715982758,"pid":43428,"hostname":"WIN-LK2TQOOAELR","name":"migrations","msg":"[migrations] Applying v1: Initial schema with FTS5"}
{"level":50,"time":1787715982758,"pid":43428,"hostname":"WIN-LK2TQOOAELR","name":"migrations","msg":"[migrations] v1 applied"}
{"level":50,"time":1787715982758,"pid":43428,"hostname":"WIN-LK2TQOOAELR","name":"migrations","msg":"[migrations] V2: Added 0 pattern columns"}
{"level":50,"time":1787715982758,"pid":43428,"hostname":"WIN-LK2TQOOAELR","name":"migrations","msg":"[migrations] Running graph schema migrations (SQLite sync)..."}
{"level":50,"time":1787715982761,"pid":43428,"hostname":"WIN-LK2TQOOAELR","name":"migrations","msg":"[migrations] Added 9 enhanced symbol columns"}
{"level":50,"time":1787715982761,"pid":43428,"hostname":"WIN-LK2TQOOAELR","name":"migrations","msg":"[migrations] Relationships table ready"}
{"level":50,"time":1787715982761,"pid":43428,"hostname":"WIN-LK2TQOOAELR","name":"migrations","msg":"[migrations] File index table ready"}
{"level":50,"time":1787715982762,"pid":43428,"hostname":"WIN-LK2TQOOAELR","name":"migrations","msg":"[migrations] Graph metadata table ready"}
{"level":50,"time":1787715982762,"pid":43428,"hostname":"WIN-LK2TQOOAELR","name":"migrations","msg":"[migrations] Body embeddings table ready"}
{"level":50,"time":1787715982762,"pid":43428,"hostname":"WIN-LK2TQOOAELR","name":"migrations","msg":"[migrations] Schema version set to 3 (sync)"}
{"level":50,"time":1787715982767,"pid":43428,"hostname":"WIN-LK2TQOOAELR","name":"migrations","msg":"[migrations] V4: Memory tables dropped and recreated"}
{"level":50,"time":1787715982876,"pid":43428,"hostname":"WIN-LK2TQOOAELR","name":"migrations","msg":"[migrations] Applying v1: Initial schema with FTS5"}
{"level":50,"time":1787715982876,"pid":43428,"hostname":"WIN-LK2TQOOAELR","name":"migrations","msg":"[migrations] v1 applied"}
{"level":50,"time":1787715982876,"pid":43428,"hostname":"WIN-LK2TQOOAELR","name":"migrations","msg":"[migrations] V2: Added 0 pattern columns"}
{"level":50,"time":1787715982876,"pid":43428,"hostname":"WIN-LK2TQOOAELR","name":"migrations","msg":"[migrations] Running graph schema migrations (SQLite sync)..."}
{"level":50,"time":1787715982881,"pid":43428,"hostname":"WIN-LK2TQOOAELR","name":"migrations","msg":"[migrations] Added 9 enhanced symbol columns"}
{"level":50,"time":1787715982882,"pid":43428,"hostname":"WIN-LK2TQOOAELR","name":"migrations","msg":"[migrations] Relationships table ready"}
{"level":50,"time":1787715982882,"pid":43428,"hostname":"WIN-LK2TQOOAELR","name":"migrations","msg":"[migrations] File index table ready"}
{"level":50,"time":1787715982882,"pid":43428,"hostname":"WIN-LK2TQOOAELR","name":"migrations","msg":"[migrations] Graph metadata table ready"}
{"level":50,"time":1787715982882,"pid":43428,"hostname":"WIN-LK2TQOOAELR","name":"migrations","msg":"[migrations] Body embeddings table ready"}
{"level":50,"time":1787715982882,"pid":43428,"hostname":"WIN-LK2TQOOAELR","name":"migrations","msg":"[migrations] Schema version set to 3 (sync)"}
{"level":50,"time":1787715982889,"pid":43428,"hostname":"WIN-LK2TQOOAELR","name":"migrations","msg":"[migrations] V4: Memory tables dropped and recreated"}
{"level":50,"time":1787715982998,"pid":43428,"hostname":"WIN-LK2TQOOAELR","name":"migrations","msg":"[migrations] Applying v1: Initial schema with FTS5"}
{"level":50,"time":1787715982998,"pid":43428,"hostname":"WIN-LK2TQOOAELR","name":"migrations","msg":"[migrations] v1 applied"}
{"level":50,"time":1787715982998,"pid":43428,"hostname":"WIN-LK2TQOOAELR","name":"migrations","msg":"[migrations] V2: Added 0 pattern columns"}
{"level":50,"time":1787715982998,"pid":43428,"hostname":"WIN-LK2TQOOAELR","name":"migrations","msg":"[migrations] Running graph schema migrations (SQLite sync)..."}
{"level":50,"time":1787715983000,"pid":43428,"hostname":"WIN-LK2TQOOAELR","name":"migrations","msg":"[migrations] Added 9 enhanced symbol columns"}
{"level":50,"time":1787715983001,"pid":43428,"hostname":"WIN-LK2TQOOAELR","name":"migrations","msg":"[migrations] Relationships table ready"}
{"level":50,"time":1787715983001,"pid":43428,"hostname":"WIN-LK2TQOOAELR","name":"migrations","msg":"[migrations] File index table ready"}
{"level":50,"time":1787715983001,"pid":43428,"hostname":"WIN-LK2TQOOAELR","name":"migrations","msg":"[migrations] Graph metadata table ready"}
{"level":50,"time":1787715983001,"pid":43428,"hostname":"WIN-LK2TQOOAELR","name":"migrations","msg":"[migrations] Body embeddings table ready"}
{"level":50,"time":1787715983001,"pid":43428,"hostname":"WIN-LK2TQOOAELR","name":"migrations","msg":"[migrations] Schema version set to 3 (sync)"}
{"level":50,"time":1787715983007,"pid":43428,"hostname":"WIN-LK2TQOOAELR","name":"migrations","msg":"[migrations] V4: Memory tables dropped and recreated"}
{"level":50,"time":1787715983117,"pid":43428,"hostname":"WIN-LK2TQOOAELR","name":"migrations","msg":"[migrations] Applying v1: Initial schema with FTS5"}
{"level":50,"time":1787715983117,"pid":43428,"hostname":"WIN-LK2TQOOAELR","name":"migrations","msg":"[migrations] v1 applied"}
{"level":50,"time":1787715983117,"pid":43428,"hostname":"WIN-LK2TQOOAELR","name":"migrations","msg":"[migrations] V2: Added 0 pattern columns"}
{"level":50,"time":1787715983117,"pid":43428,"hostname":"WIN-LK2TQOOAELR","name":"migrations","msg":"[migrations] Running graph schema migrations (SQLite sync)..."}
{"level":50,"time":1787715983120,"pid":43428,"hostname":"WIN-LK2TQOOAELR","name":"migrations","msg":"[migrations] Added 9 enhanced symbol columns"}
{"level":50,"time":1787715983120,"pid":43428,"hostname":"WIN-LK2TQOOAELR","name":"migrations","msg":"[migrations] Relationships table ready"}
{"level":50,"time":1787715983120,"pid":43428,"hostname":"WIN-LK2TQOOAELR","name":"migrations","msg":"[migrations] File index table ready"}
{"level":50,"time":1787715983120,"pid":43428,"hostname":"WIN-LK2TQOOAELR","name":"migrations","msg":"[migrations] Graph metadata table ready"}
{"level":50,"time":1787715983120,"pid":43428,"hostname":"WIN-LK2TQOOAELR","name":"migrations","msg":"[migrations] Body embeddings table ready"}
{"level":50,"time":1787715983120,"pid":43428,"hostname":"WIN-LK2TQOOAELR","name":"migrations","msg":"[migrations] Schema version set to 3 (sync)"}
{"level":50,"time":1787715983125,"pid":43428,"hostname":"WIN-LK2TQOOAELR","name":"migrations","msg":"[migrations] V4: Memory tables dropped and recreated"}
{"level":50,"time":1787715983237,"pid":43428,"hostname":"WIN-LK2TQOOAELR","name":"migrations","msg":"[migrations] Applying v1: Initial schema with FTS5"}
{"level":50,"time":1787715983238,"pid":43428,"hostname":"WIN-LK2TQOOAELR","name":"migrations","msg":"[migrations] v1 applied"}
{"level":50,"time":1787715983238,"pid":43428,"hostname":"WIN-LK2TQOOAELR","name":"migrations","msg":"[migrations] V2: Added 0 pattern columns"}
{"level":50,"time":1787715983238,"pid":43428,"hostname":"WIN-LK2TQOOAELR","name":"migrations","msg":"[migrations] Running graph schema migrations (SQLite sync)..."}
{"level":50,"time":1787715983241,"pid":43428,"hostname":"WIN-LK2TQOOAELR","name":"migrations","msg":"[migrations] Added 9 enhanced symbol columns"}
{"level":50,"time":1787715983241,"pid":43428,"hostname":"WIN-LK2TQOOAELR","name":"migrations","msg":"[migrations] Relationships table ready"}
{"level":50,"time":1787715983241,"pid":43428,"hostname":"WIN-LK2TQOOAELR","name":"migrations","msg":"[migrations] File index table ready"}
{"level":50,"time":1787715983241,"pid":43428,"hostname":"WIN-LK2TQOOAELR","name":"migrations","msg":"[migrations] Graph metadata table ready"}
{"level":50,"time":1787715983242,"pid":43428,"hostname":"WIN-LK2TQOOAELR","name":"migrations","msg":"[migrations] Body embeddings table ready"}
{"level":50,"time":1787715983242,"pid":43428,"hostname":"WIN-LK2TQOOAELR","name":"migrations","msg":"[migrations] Schema version set to 3 (sync)"}
{"level":50,"time":1787715983246,"pid":43428,"hostname":"WIN-LK2TQOOAELR","name":"migrations","msg":"[migrations] V4: Memory tables dropped and recreated"}
{"level":50,"time":1787715983357,"pid":43428,"hostname":"WIN-LK2TQOOAELR","name":"migrations","msg":"[migrations] Applying v1: Initial schema with FTS5"}
{"level":50,"time":1787715983357,"pid":43428,"hostname":"WIN-LK2TQOOAELR","name":"migrations","msg":"[migrations] v1 applied"}
{"level":50,"time":1787715983357,"pid":43428,"hostname":"WIN-LK2TQOOAELR","name":"migrations","msg":"[migrations] V2: Added 0 pattern columns"}
{"level":50,"time":1787715983357,"pid":43428,"hostname":"WIN-LK2TQOOAELR","name":"migrations","msg":"[migrations] Running graph schema migrations (SQLite sync)..."}
{"level":50,"time":1787715983360,"pid":43428,"hostname":"WIN-LK2TQOOAELR","name":"migrations","msg":"[migrations] Added 9 enhanced symbol columns"}
{"level":50,"time":1787715983361,"pid":43428,"hostname":"WIN-LK2TQOOAELR","name":"migrations","msg":"[migrations] Relationships table ready"}
{"level":50,"time":1787715983361,"pid":43428,"hostname":"WIN-LK2TQOOAELR","name":"migrations","msg":"[migrations] File index table ready"}
{"level":50,"time":1787715983362,"pid":43428,"hostname":"WIN-LK2TQOOAELR","name":"migrations","msg":"[migrations] Graph metadata table ready"}
{"level":50,"time":1787715983362,"pid":43428,"hostname":"WIN-LK2TQOOAELR","name":"migrations","msg":"[migrations] Body embeddings table ready"}
{"level":50,"time":1787715983362,"pid":43428,"hostname":"WIN-LK2TQOOAELR","name":"migrations","msg":"[migrations] Schema version set to 3 (sync)"}
{"level":50,"time":1787715983368,"pid":43428,"hostname":"WIN-LK2TQOOAELR","name":"migrations","msg":"[migrations] V4: Memory tables dropped and recreated"}
{"level":50,"time":1787715983484,"pid":43428,"hostname":"WIN-LK2TQOOAELR","name":"migrations","msg":"[migrations] Applying v1: Initial schema with FTS5"}
{"level":50,"time":1787715983484,"pid":43428,"hostname":"WIN-LK2TQOOAELR","name":"migrations","msg":"[migrations] v1 applied"}
{"level":50,"time":1787715983484,"pid":43428,"hostname":"WIN-LK2TQOOAELR","name":"migrations","msg":"[migrations] V2: Added 0 pattern columns"}
{"level":50,"time":1787715983484,"pid":43428,"hostname":"WIN-LK2TQOOAELR","name":"migrations","msg":"[migrations] Running graph schema migrations (SQLite sync)..."}
{"level":50,"time":1787715983487,"pid":43428,"hostname":"WIN-LK2TQOOAELR","name":"migrations","msg":"[migrations] Added 9 enhanced symbol columns"}
{"level":50,"time":1787715983488,"pid":43428,"hostname":"WIN-LK2TQOOAELR","name":"migrations","msg":"[migrations] Relationships table ready"}
{"level":50,"time":1787715983488,"pid":43428,"hostname":"WIN-LK2TQOOAELR","name":"migrations","msg":"[migrations] File index table ready"}
{"level":50,"time":1787715983488,"pid":43428,"hostname":"WIN-LK2TQOOAELR","name":"migrations","msg":"[migrations] Graph metadata table ready"}
{"level":50,"time":1787715983489,"pid":43428,"hostname":"WIN-LK2TQOOAELR","name":"migrations","msg":"[migrations] Body embeddings table ready"}
{"level":50,"time":1787715983489,"pid":43428,"hostname":"WIN-LK2TQOOAELR","name":"migrations","msg":"[migrations] Schema version set to 3 (sync)"}
{"level":50,"time":1787715983495,"pid":43428,"hostname":"WIN-LK2TQOOAELR","name":"migrations","msg":"[migrations] V4: Memory tables dropped and recreated"}
{"level":50,"time":1787715983600,"pid":43428,"hostname":"WIN-LK2TQOOAELR","name":"migrations","msg":"[migrations] Applying v1: Initial schema with FTS5"}
{"level":50,"time":1787715983600,"pid":43428,"hostname":"WIN-LK2TQOOAELR","name":"migrations","msg":"[migrations] v1 applied"}
{"level":50,"time":1787715983600,"pid":43428,"hostname":"WIN-LK2TQOOAELR","name":"migrations","msg":"[migrations] V2: Added 0 pattern columns"}
{"level":50,"time":1787715983600,"pid":43428,"hostname":"WIN-LK2TQOOAELR","name":"migrations","msg":"[migrations] Running graph schema migrations (SQLite sync)..."}
{"level":50,"time":1787715983602,"pid":43428,"hostname":"WIN-LK2TQOOAELR","name":"migrations","msg":"[migrations] Added 9 enhanced symbol columns"}
{"level":50,"time":1787715983603,"pid":43428,"hostname":"WIN-LK2TQOOAELR","name":"migrations","msg":"[migrations] Relationships table ready"}
{"level":50,"time":1787715983603,"pid":43428,"hostname":"WIN-LK2TQOOAELR","name":"migrations","msg":"[migrations] File index table ready"}
{"level":50,"time":1787715983603,"pid":43428,"hostname":"WIN-LK2TQOOAELR","name":"migrations","msg":"[migrations] Graph metadata table ready"}
{"level":50,"time":1787715983604,"pid":43428,"hostname":"WIN-LK2TQOOAELR","name":"migrations","msg":"[migrations] Body embeddings table ready"}
{"level":50,"time":1787715983604,"pid":43428,"hostname":"WIN-LK2TQOOAELR","name":"migrations","msg":"[migrations] Schema version set to 3 (sync)"}
{"level":50,"time":1787715983608,"pid":43428,"hostname":"WIN-LK2TQOOAELR","name":"migrations","msg":"[migrations] V4: Memory tables dropped and recreated"}
{"level":50,"time":1787715983724,"pid":43428,"hostname":"WIN-LK2TQOOAELR","name":"migrations","msg":"[migrations] Applying v1: Initial schema with FTS5"}
{"level":50,"time":1787715983725,"pid":43428,"hostname":"WIN-LK2TQOOAELR","name":"migrations","msg":"[migrations] v1 applied"}
{"level":50,"time":1787715983725,"pid":43428,"hostname":"WIN-LK2TQOOAELR","name":"migrations","msg":"[migrations] V2: Added 0 pattern columns"}
{"level":50,"time":1787715983725,"pid":43428,"hostname":"WIN-LK2TQOOAELR","name":"migrations","msg":"[migrations] Running graph schema migrations (SQLite sync)..."}
{"level":50,"time":1787715983727,"pid":43428,"hostname":"WIN-LK2TQOOAELR","name":"migrations","msg":"[migrations] Added 9 enhanced symbol columns"}
{"level":50,"time":1787715983727,"pid":43428,"hostname":"WIN-LK2TQOOAELR","name":"migrations","msg":"[migrations] Relationships table ready"}
{"level":50,"time":1787715983727,"pid":43428,"hostname":"WIN-LK2TQOOAELR","name":"migrations","msg":"[migrations] File index table ready"}
{"level":50,"time":1787715983727,"pid":43428,"hostname":"WIN-LK2TQOOAELR","name":"migrations","msg":"[migrations] Graph metadata table ready"}
{"level":50,"time":1787715983728,"pid":43428,"hostname":"WIN-LK2TQOOAELR","name":"migrations","msg":"[migrations] Body embeddings table ready"}
{"level":50,"time":1787715983728,"pid":43428,"hostname":"WIN-LK2TQOOAELR","name":"migrations","msg":"[migrations] Schema version set to 3 (sync)"}
{"level":50,"time":1787715983732,"pid":43428,"hostname":"WIN-LK2TQOOAELR","name":"migrations","msg":"[migrations] V4: Memory tables dropped and recreated"}
{"level":50,"time":1787715983848,"pid":43428,"hostname":"WIN-LK2TQOOAELR","name":"migrations","msg":"[migrations] Applying v1: Initial schema with FTS5"}
{"level":50,"time":1787715983849,"pid":43428,"hostname":"WIN-LK2TQOOAELR","name":"migrations","msg":"[migrations] v1 applied"}
{"level":50,"time":1787715983849,"pid":43428,"hostname":"WIN-LK2TQOOAELR","name":"migrations","msg":"[migrations] V2: Added 0 pattern columns"}
{"level":50,"time":1787715983849,"pid":43428,"hostname":"WIN-LK2TQOOAELR","name":"migrations","msg":"[migrations] Running graph schema migrations (SQLite sync)..."}
{"level":50,"time":1787715983851,"pid":43428,"hostname":"WIN-LK2TQOOAELR","name":"migrations","msg":"[migrations] Added 9 enhanced symbol columns"}
{"level":50,"time":1787715983851,"pid":43428,"hostname":"WIN-LK2TQOOAELR","name":"migrations","msg":"[migrations] Relationships table ready"}
{"level":50,"time":1787715983851,"pid":43428,"hostname":"WIN-LK2TQOOAELR","name":"migrations","msg":"[migrations] File index table ready"}
{"level":50,"time":1787715983851,"pid":43428,"hostname":"WIN-LK2TQOOAELR","name":"migrations","msg":"[migrations] Graph metadata table ready"}
{"level":50,"time":1787715983851,"pid":43428,"hostname":"WIN-LK2TQOOAELR","name":"migrations","msg":"[migrations] Body embeddings table ready"}
{"level":50,"time":1787715983851,"pid":43428,"hostname":"WIN-LK2TQOOAELR","name":"migrations","msg":"[migrations] Schema version set to 3 (sync)"}
{"level":50,"time":1787715983856,"pid":43428,"hostname":"WIN-LK2TQOOAELR","name":"migrations","msg":"[migrations] V4: Memory tables dropped and recreated"}
{"level":50,"time":1787715983960,"pid":43428,"hostname":"WIN-LK2TQOOAELR","name":"migrations","msg":"[migrations] Applying v1: Initial schema with FTS5"}
{"level":50,"time":1787715983960,"pid":43428,"hostname":"WIN-LK2TQOOAELR","name":"migrations","msg":"[migrations] v1 applied"}
{"level":50,"time":1787715983960,"pid":43428,"hostname":"WIN-LK2TQOOAELR","name":"migrations","msg":"[migrations] V2: Added 0 pattern columns"}
{"level":50,"time":1787715983960,"pid":43428,"hostname":"WIN-LK2TQOOAELR","name":"migrations","msg":"[migrations] Running graph schema migrations (SQLite sync)..."}
{"level":50,"time":1787715983963,"pid":43428,"hostname":"WIN-LK2TQOOAELR","name":"migrations","msg":"[migrations] Added 9 enhanced symbol columns"}
{"level":50,"time":1787715983963,"pid":43428,"hostname":"WIN-LK2TQOOAELR","name":"migrations","msg":"[migrations] Relationships table ready"}
{"level":50,"time":1787715983963,"pid":43428,"hostname":"WIN-LK2TQOOAELR","name":"migrations","msg":"[migrations] File index table ready"}
{"level":50,"time":1787715983964,"pid":43428,"hostname":"WIN-LK2TQOOAELR","name":"migrations","msg":"[migrations] Graph metadata table ready"}
{"level":50,"time":1787715983964,"pid":43428,"hostname":"WIN-LK2TQOOAELR","name":"migrations","msg":"[migrations] Body embeddings table ready"}
{"level":50,"time":1787715983964,"pid":43428,"hostname":"WIN-LK2TQOOAELR","name":"migrations","msg":"[migrations] Schema version set to 3 (sync)"}
{"level":50,"time":1787715983968,"pid":43428,"hostname":"WIN-LK2TQOOAELR","name":"migrations","msg":"[migrations] V4: Memory tables dropped and recreated"}
{"level":50,"time":1787715984642,"pid":9664,"hostname":"WIN-LK2TQOOAELR","name":"database-manager","msg":"[db] Using native binding: C:\\Users\\ASUS\\.code-intel\\native-addons\\better-sqlite3\\v12.10.0\\node-v22-win32-x64\\better_sqlite3.node"}
{"level":50,"time":1787715984718,"pid":9664,"hostname":"WIN-LK2TQOOAELR","name":"migrations","msg":"[migrations] Applying v1: Initial schema with FTS5"}
{"level":30,"time":1787715984729,"pid":9664,"hostname":"WIN-LK2TQOOAELR","name":"migration-v5","msg":"[migrations] V5: multi-tenant project_id applied (legacy=default)"}
{"level":50,"time":1787715984697,"pid":9664,"hostname":"WIN-LK2TQOOAELR","name":"database-manager","msg":"[db] Pre-V5 backup written to C:\\Users\\ASUS\\AppData\\Local\\Temp\\sa4e18-n3RcxL\\index.db.pre-v5.bak"}
{"level":50,"time":1787715984729,"pid":9664,"hostname":"WIN-LK2TQOOAELR","name":"database-manager","msg":"[db] Initialized at C:\\Users\\ASUS\\AppData\\Local\\Temp\\sa4e18-n3RcxL\\index.db"}
{"level":50,"time":1787715984826,"pid":9664,"hostname":"WIN-LK2TQOOAELR","name":"database-manager","msg":"[db] Connection closed"}
{"level":50,"time":1787715984829,"pid":9664,"hostname":"WIN-LK2TQOOAELR","name":"database-manager","msg":"[db] Using native binding: C:\\Users\\ASUS\\.code-intel\\native-addons\\better-sqlite3\\v12.10.0\\node-v22-win32-x64\\better_sqlite3.node"}
{"level":50,"time":1787715984853,"pid":9664,"hostname":"WIN-LK2TQOOAELR","name":"database-manager","msg":"[db] Pre-V5 backup written to C:\\Users\\ASUS\\AppData\\Local\\Temp\\sa4e18-G1GanA\\index.db.pre-v5.bak"}
{"level":50,"time":1787715984868,"pid":9664,"hostname":"WIN-LK2TQOOAELR","name":"database-manager","msg":"[db] Initialized at C:\\Users\\ASUS\\AppData\\Local\\Temp\\sa4e18-G1GanA\\index.db"}
{"level":50,"time":1787715984954,"pid":9664,"hostname":"WIN-LK2TQOOAELR","name":"database-manager","msg":"[db] Connection closed"}
{"level":50,"time":1787715984957,"pid":9664,"hostname":"WIN-LK2TQOOAELR","name":"database-manager","msg":"[db] Using native binding: C:\\Users\\ASUS\\.code-intel\\native-addons\\better-sqlite3\\v12.10.0\\node-v22-win32-x64\\better_sqlite3.node"}
{"level":50,"time":1787715984978,"pid":9664,"hostname":"WIN-LK2TQOOAELR","name":"database-manager","msg":"[db] Pre-V5 backup written to C:\\Users\\ASUS\\AppData\\Local\\Temp\\sa4e18-DggNPI\\index.db.pre-v5.bak"}
{"level":50,"time":1787715985009,"pid":9664,"hostname":"WIN-LK2TQOOAELR","name":"database-manager","msg":"[db] Initialized at C:\\Users\\ASUS\\AppData\\Local\\Temp\\sa4e18-DggNPI\\index.db"}
{"level":50,"time":1787715985114,"pid":9664,"hostname":"WIN-LK2TQOOAELR","name":"database-manager","msg":"[db] Connection closed"}
{"level":50,"time":1787715985117,"pid":9664,"hostname":"WIN-LK2TQOOAELR","name":"database-manager","msg":"[db] Using native binding: C:\\Users\\ASUS\\.code-intel\\native-addons\\better-sqlite3\\v12.10.0\\node-v22-win32-x64\\better_sqlite3.node"}
{"level":50,"time":1787715985145,"pid":9664,"hostname":"WIN-LK2TQOOAELR","name":"database-manager","msg":"[db] Pre-V5 backup written to C:\\Users\\ASUS\\AppData\\Local\\Temp\\sa4e18-mO42FX\\index.db.pre-v5.bak"}
{"level":50,"time":1787715985179,"pid":9664,"hostname":"WIN-LK2TQOOAELR","name":"database-manager","msg":"[db] Initialized at C:\\Users\\ASUS\\AppData\\Local\\Temp\\sa4e18-mO42FX\\index.db"}
{"level":50,"time":1787715985584,"pid":9664,"hostname":"WIN-LK2TQOOAELR","name":"database-manager","msg":"[db] Connection closed"}
{"level":50,"time":1787715985587,"pid":9664,"hostname":"WIN-LK2TQOOAELR","name":"database-manager","msg":"[db] Using native binding: C:\\Users\\ASUS\\.code-intel\\native-addons\\better-sqlite3\\v12.10.0\\node-v22-win32-x64\\better_sqlite3.node"}
{"level":50,"time":1787715985691,"pid":9664,"hostname":"WIN-LK2TQOOAELR","name":"database-manager","msg":"[db] Pre-V5 backup written to C:\\Users\\ASUS\\AppData\\Local\\Temp\\sa4e18-pvHeBI\\index.db.pre-v5.bak"}
{"level":50,"time":1787715985711,"pid":9664,"hostname":"WIN-LK2TQOOAELR","name":"database-manager","msg":"[db] Initialized at C:\\Users\\ASUS\\AppData\\Local\\Temp\\sa4e18-pvHeBI\\index.db"}
{"level":50,"time":1787715985746,"pid":9664,"hostname":"WIN-LK2TQOOAELR","name":"database-manager","msg":"[db] Connection closed"}
{"level":50,"time":1787715985749,"pid":9664,"hostname":"WIN-LK2TQOOAELR","name":"database-manager","msg":"[db] Using native binding: C:\\Users\\ASUS\\.code-intel\\native-addons\\better-sqlite3\\v12.10.0\\node-v22-win32-x64\\better_sqlite3.node"}
{"level":50,"time":1787715985767,"pid":9664,"hostname":"WIN-LK2TQOOAELR","name":"database-manager","msg":"[db] Pre-V5 backup written to C:\\Users\\ASUS\\AppData\\Local\\Temp\\sa4e18-5btcHW\\index.db.pre-v5.bak"}
{"level":50,"time":1787715985787,"pid":9664,"hostname":"WIN-LK2TQOOAELR","name":"database-manager","msg":"[db] Initialized at C:\\Users\\ASUS\\AppData\\Local\\Temp\\sa4e18-5btcHW\\index.db"}
{"level":50,"time":1787715985833,"pid":9664,"hostname":"WIN-LK2TQOOAELR","name":"database-manager","msg":"[db] Connection closed"}
{"level":50,"time":1787715985837,"pid":9664,"hostname":"WIN-LK2TQOOAELR","name":"database-manager","msg":"[db] Using native binding: C:\\Users\\ASUS\\.code-intel\\native-addons\\better-sqlite3\\v12.10.0\\node-v22-win32-x64\\better_sqlite3.node"}
{"level":50,"time":1787715985855,"pid":9664,"hostname":"WIN-LK2TQOOAELR","name":"database-manager","msg":"[db] Pre-V5 backup written to C:\\Users\\ASUS\\AppData\\Local\\Temp\\sa4e18-FSVkFw\\index.db.pre-v5.bak"}
{"level":50,"time":1787715985871,"pid":9664,"hostname":"WIN-LK2TQOOAELR","name":"database-manager","msg":"[db] Initialized at C:\\Users\\ASUS\\AppData\\Local\\Temp\\sa4e18-FSVkFw\\index.db"}
{"level":50,"time":1787715985918,"pid":9664,"hostname":"WIN-LK2TQOOAELR","name":"database-manager","msg":"[db] Connection closed"}
{"level":50,"time":1787715985922,"pid":9664,"hostname":"WIN-LK2TQOOAELR","name":"database-manager","msg":"[db] Using native binding: C:\\Users\\ASUS\\.code-intel\\native-addons\\better-sqlite3\\v12.10.0\\node-v22-win32-x64\\better_sqlite3.node"}
{"level":50,"time":1787715985944,"pid":9664,"hostname":"WIN-LK2TQOOAELR","name":"database-manager","msg":"[db] Pre-V5 backup written to C:\\Users\\ASUS\\AppData\\Local\\Temp\\sa4e18-bxSvt4\\index.db.pre-v5.bak"}
{"level":50,"time":1787715985961,"pid":9664,"hostname":"WIN-LK2TQOOAELR","name":"database-manager","msg":"[db] Initialized at C:\\Users\\ASUS\\AppData\\Local\\Temp\\sa4e18-bxSvt4\\index.db"}
{"level":50,"time":1787715986011,"pid":9664,"hostname":"WIN-LK2TQOOAELR","name":"database-manager","msg":"[db] Connection closed"}
{"level":50,"time":1787715986016,"pid":9664,"hostname":"WIN-LK2TQOOAELR","name":"database-manager","msg":"[db] Using native binding: C:\\Users\\ASUS\\.code-intel\\native-addons\\better-sqlite3\\v12.10.0\\node-v22-win32-x64\\better_sqlite3.node"}
{"level":50,"time":1787715986028,"pid":9664,"hostname":"WIN-LK2TQOOAELR","name":"database-manager","msg":"[db] Pre-V5 backup written to C:\\Users\\ASUS\\AppData\\Local\\Temp\\sa4e18-lps8oG\\index.db.pre-v5.bak"}
{"level":50,"time":1787715986050,"pid":9664,"hostname":"WIN-LK2TQOOAELR","name":"database-manager","msg":"[db] Initialized at C:\\Users\\ASUS\\AppData\\Local\\Temp\\sa4e18-lps8oG\\index.db"}
{"level":50,"time":1787715986099,"pid":9664,"hostname":"WIN-LK2TQOOAELR","name":"database-manager","msg":"[db] Connection closed"}
{"level":50,"time":1787715986102,"pid":9664,"hostname":"WIN-LK2TQOOAELR","name":"database-manager","msg":"[db] Using native binding: C:\\Users\\ASUS\\.code-intel\\native-addons\\better-sqlite3\\v12.10.0\\node-v22-win32-x64\\better_sqlite3.node"}
{"level":50,"time":1787715986122,"pid":9664,"hostname":"WIN-LK2TQOOAELR","name":"database-manager","msg":"[db] Pre-V5 backup written to C:\\Users\\ASUS\\AppData\\Local\\Temp\\sa4e18-MuJ7DF\\index.db.pre-v5.bak"}
{"level":50,"time":1787715986143,"pid":9664,"hostname":"WIN-LK2TQOOAELR","name":"database-manager","msg":"[db] Initialized at C:\\Users\\ASUS\\AppData\\Local\\Temp\\sa4e18-MuJ7DF\\index.db"}
{"level":50,"time":1787715986202,"pid":9664,"hostname":"WIN-LK2TQOOAELR","name":"database-manager","msg":"[db] Connection closed"}
{"level":50,"time":1787715986211,"pid":9664,"hostname":"WIN-LK2TQOOAELR","name":"database-manager","msg":"[db] Using native binding: C:\\Users\\ASUS\\.code-intel\\native-addons\\better-sqlite3\\v12.10.0\\node-v22-win32-x64\\better_sqlite3.node"}
{"level":50,"time":1787715986223,"pid":9664,"hostname":"WIN-LK2TQOOAELR","name":"database-manager","msg":"[db] Pre-V5 backup written to C:\\Users\\ASUS\\AppData\\Local\\Temp\\sa4e18-yzSEs7\\index.db.pre-v5.bak"}
{"level":50,"time":1787715986253,"pid":9664,"hostname":"WIN-LK2TQOOAELR","name":"database-manager","msg":"[db] Initialized at C:\\Users\\ASUS\\AppData\\Local\\Temp\\sa4e18-yzSEs7\\index.db"}
{"level":50,"time":1787715986336,"pid":9664,"hostname":"WIN-LK2TQOOAELR","name":"database-manager","msg":"[db] Connection closed"}
{"level":50,"time":1787715986339,"pid":9664,"hostname":"WIN-LK2TQOOAELR","name":"database-manager","msg":"[db] Using native binding: C:\\Users\\ASUS\\.code-intel\\native-addons\\better-sqlite3\\v12.10.0\\node-v22-win32-x64\\better_sqlite3.node"}
{"level":50,"time":1787715986361,"pid":9664,"hostname":"WIN-LK2TQOOAELR","name":"database-manager","msg":"[db] Pre-V5 backup written to C:\\Users\\ASUS\\AppData\\Local\\Temp\\sa4e18-zKSme0\\index.db.pre-v5.bak"}
{"level":50,"time":1787715986383,"pid":9664,"hostname":"WIN-LK2TQOOAELR","name":"database-manager","msg":"[db] Initialized at C:\\Users\\ASUS\\AppData\\Local\\Temp\\sa4e18-zKSme0\\index.db"}
{"level":50,"time":1787715986451,"pid":9664,"hostname":"WIN-LK2TQOOAELR","name":"database-manager","msg":"[db] Connection closed"}
{"level":50,"time":1787715984718,"pid":9664,"hostname":"WIN-LK2TQOOAELR","name":"migrations","msg":"[migrations] v1 applied"}
{"level":50,"time":1787715984719,"pid":9664,"hostname":"WIN-LK2TQOOAELR","name":"migrations","msg":"[migrations] V2: Added 0 pattern columns"}
{"level":50,"time":1787715984719,"pid":9664,"hostname":"WIN-LK2TQOOAELR","name":"migrations","msg":"[migrations] Running graph schema migrations (SQLite sync)..."}
{"level":50,"time":1787715984721,"pid":9664,"hostname":"WIN-LK2TQOOAELR","name":"migrations","msg":"[migrations] Added 9 enhanced symbol columns"}
{"level":50,"time":1787715984722,"pid":9664,"hostname":"WIN-LK2TQOOAELR","name":"migrations","msg":"[migrations] Relationships table ready"}
{"level":50,"time":1787715984722,"pid":9664,"hostname":"WIN-LK2TQOOAELR","name":"migrations","msg":"[migrations] File index table ready"}
{"level":50,"time":1787715984722,"pid":9664,"hostname":"WIN-LK2TQOOAELR","name":"migrations","msg":"[migrations] Graph metadata table ready"}
{"level":50,"time":1787715984722,"pid":9664,"hostname":"WIN-LK2TQOOAELR","name":"migrations","msg":"[migrations] Body embeddings table ready"}
{"level":50,"time":1787715984722,"pid":9664,"hostname":"WIN-LK2TQOOAELR","name":"migrations","msg":"[migrations] Schema version set to 3 (sync)"}
{"level":50,"time":1787715984727,"pid":9664,"hostname":"WIN-LK2TQOOAELR","name":"migrations","msg":"[migrations] V4: Memory tables dropped and recreated"}
{"level":50,"time":1787715984859,"pid":9664,"hostname":"WIN-LK2TQOOAELR","name":"migrations","msg":"[migrations] Applying v1: Initial schema with FTS5"}
{"level":50,"time":1787715984859,"pid":9664,"hostname":"WIN-LK2TQOOAELR","name":"migrations","msg":"[migrations] v1 applied"}
{"level":50,"time":1787715984860,"pid":9664,"hostname":"WIN-LK2TQOOAELR","name":"migrations","msg":"[migrations] V2: Added 0 pattern columns"}
{"level":50,"time":1787715984860,"pid":9664,"hostname":"WIN-LK2TQOOAELR","name":"migrations","msg":"[migrations] Running graph schema migrations (SQLite sync)..."}
{"level":50,"time":1787715984861,"pid":9664,"hostname":"WIN-LK2TQOOAELR","name":"migrations","msg":"[migrations] Added 9 enhanced symbol columns"}
{"level":50,"time":1787715984862,"pid":9664,"hostname":"WIN-LK2TQOOAELR","name":"migrations","msg":"[migrations] Relationships table ready"}
{"level":50,"time":1787715984862,"pid":9664,"hostname":"WIN-LK2TQOOAELR","name":"migrations","msg":"[migrations] File index table ready"}
{"level":50,"time":1787715984862,"pid":9664,"hostname":"WIN-LK2TQOOAELR","name":"migrations","msg":"[migrations] Graph metadata table ready"}
{"level":50,"time":1787715984862,"pid":9664,"hostname":"WIN-LK2TQOOAELR","name":"migrations","msg":"[migrations] Body embeddings table ready"}
{"level":50,"time":1787715984862,"pid":9664,"hostname":"WIN-LK2TQOOAELR","name":"migrations","msg":"[migrations] Schema version set to 3 (sync)"}
{"level":50,"time":1787715984867,"pid":9664,"hostname":"WIN-LK2TQOOAELR","name":"migrations","msg":"[migrations] V4: Memory tables dropped and recreated"}
{"level":50,"time":1787715985000,"pid":9664,"hostname":"WIN-LK2TQOOAELR","name":"migrations","msg":"[migrations] Applying v1: Initial schema with FTS5"}
{"level":50,"time":1787715985000,"pid":9664,"hostname":"WIN-LK2TQOOAELR","name":"migrations","msg":"[migrations] v1 applied"}
{"level":50,"time":1787715985000,"pid":9664,"hostname":"WIN-LK2TQOOAELR","name":"migrations","msg":"[migrations] V2: Added 0 pattern columns"}
{"level":50,"time":1787715985000,"pid":9664,"hostname":"WIN-LK2TQOOAELR","name":"migrations","msg":"[migrations] Running graph schema migrations (SQLite sync)..."}
{"level":50,"time":1787715985002,"pid":9664,"hostname":"WIN-LK2TQOOAELR","name":"migrations","msg":"[migrations] Added 9 enhanced symbol columns"}
{"level":50,"time":1787715985003,"pid":9664,"hostname":"WIN-LK2TQOOAELR","name":"migrations","msg":"[migrations] Relationships table ready"}
{"level":50,"time":1787715985003,"pid":9664,"hostname":"WIN-LK2TQOOAELR","name":"migrations","msg":"[migrations] File index table ready"}
{"level":50,"time":1787715985003,"pid":9664,"hostname":"WIN-LK2TQOOAELR","name":"migrations","msg":"[migrations] Graph metadata table ready"}
{"level":50,"time":1787715985003,"pid":9664,"hostname":"WIN-LK2TQOOAELR","name":"migrations","msg":"[migrations] Body embeddings table ready"}
{"level":50,"time":1787715985003,"pid":9664,"hostname":"WIN-LK2TQOOAELR","name":"migrations","msg":"[migrations] Schema version set to 3 (sync)"}
{"level":50,"time":1787715985007,"pid":9664,"hostname":"WIN-LK2TQOOAELR","name":"migrations","msg":"[migrations] V4: Memory tables dropped and recreated"}
{"level":50,"time":1787715985167,"pid":9664,"hostname":"WIN-LK2TQOOAELR","name":"migrations","msg":"[migrations] Applying v1: Initial schema with FTS5"}
{"level":50,"time":1787715985168,"pid":9664,"hostname":"WIN-LK2TQOOAELR","name":"migrations","msg":"[migrations] v1 applied"}
{"level":50,"time":1787715985168,"pid":9664,"hostname":"WIN-LK2TQOOAELR","name":"migrations","msg":"[migrations] V2: Added 0 pattern columns"}
{"level":50,"time":1787715985168,"pid":9664,"hostname":"WIN-LK2TQOOAELR","name":"migrations","msg":"[migrations] Running graph schema migrations (SQLite sync)..."}
{"level":50,"time":1787715985171,"pid":9664,"hostname":"WIN-LK2TQOOAELR","name":"migrations","msg":"[migrations] Added 9 enhanced symbol columns"}
{"level":50,"time":1787715985171,"pid":9664,"hostname":"WIN-LK2TQOOAELR","name":"migrations","msg":"[migrations] Relationships table ready"}
{"level":50,"time":1787715985171,"pid":9664,"hostname":"WIN-LK2TQOOAELR","name":"migrations","msg":"[migrations] File index table ready"}
{"level":50,"time":1787715985172,"pid":9664,"hostname":"WIN-LK2TQOOAELR","name":"migrations","msg":"[migrations] Graph metadata table ready"}
{"level":50,"time":1787715985172,"pid":9664,"hostname":"WIN-LK2TQOOAELR","name":"migrations","msg":"[migrations] Body embeddings table ready"}
{"level":50,"time":1787715985172,"pid":9664,"hostname":"WIN-LK2TQOOAELR","name":"migrations","msg":"[migrations] Schema version set to 3 (sync)"}
{"level":50,"time":1787715985178,"pid":9664,"hostname":"WIN-LK2TQOOAELR","name":"migrations","msg":"[migrations] V4: Memory tables dropped and recreated"}
{"level":50,"time":1787715985700,"pid":9664,"hostname":"WIN-LK2TQOOAELR","name":"migrations","msg":"[migrations] Applying v1: Initial schema with FTS5"}
{"level":50,"time":1787715985700,"pid":9664,"hostname":"WIN-LK2TQOOAELR","name":"migrations","msg":"[migrations] v1 applied"}
{"level":50,"time":1787715985701,"pid":9664,"hostname":"WIN-LK2TQOOAELR","name":"migrations","msg":"[migrations] V2: Added 0 pattern columns"}
{"level":50,"time":1787715985701,"pid":9664,"hostname":"WIN-LK2TQOOAELR","name":"migrations","msg":"[migrations] Running graph schema migrations (SQLite sync)..."}
{"level":50,"time":1787715985704,"pid":9664,"hostname":"WIN-LK2TQOOAELR","name":"migrations","msg":"[migrations] Added 9 enhanced symbol columns"}
{"level":50,"time":1787715985705,"pid":9664,"hostname":"WIN-LK2TQOOAELR","name":"migrations","msg":"[migrations] Relationships table ready"}
{"level":50,"time":1787715985705,"pid":9664,"hostname":"WIN-LK2TQOOAELR","name":"migrations","msg":"[migrations] File index table ready"}
{"level":50,"time":1787715985705,"pid":9664,"hostname":"WIN-LK2TQOOAELR","name":"migrations","msg":"[migrations] Graph metadata table ready"}
{"level":50,"time":1787715985705,"pid":9664,"hostname":"WIN-LK2TQOOAELR","name":"migrations","msg":"[migrations] Body embeddings table ready"}
{"level":50,"time":1787715985705,"pid":9664,"hostname":"WIN-LK2TQOOAELR","name":"migrations","msg":"[migrations] Schema version set to 3 (sync)"}
{"level":50,"time":1787715985710,"pid":9664,"hostname":"WIN-LK2TQOOAELR","name":"migrations","msg":"[migrations] V4: Memory tables dropped and recreated"}
{"level":50,"time":1787715985774,"pid":9664,"hostname":"WIN-LK2TQOOAELR","name":"migrations","msg":"[migrations] Applying v1: Initial schema with FTS5"}
{"level":50,"time":1787715985775,"pid":9664,"hostname":"WIN-LK2TQOOAELR","name":"migrations","msg":"[migrations] v1 applied"}
{"level":50,"time":1787715985775,"pid":9664,"hostname":"WIN-LK2TQOOAELR","name":"migrations","msg":"[migrations] V2: Added 0 pattern columns"}
{"level":50,"time":1787715985775,"pid":9664,"hostname":"WIN-LK2TQOOAELR","name":"migrations","msg":"[migrations] Running graph schema migrations (SQLite sync)..."}
{"level":50,"time":1787715985778,"pid":9664,"hostname":"WIN-LK2TQOOAELR","name":"migrations","msg":"[migrations] Added 9 enhanced symbol columns"}
{"level":50,"time":1787715985778,"pid":9664,"hostname":"WIN-LK2TQOOAELR","name":"migrations","msg":"[migrations] Relationships table ready"}
{"level":50,"time":1787715985778,"pid":9664,"hostname":"WIN-LK2TQOOAELR","name":"migrations","msg":"[migrations] File index table ready"}
{"level":50,"time":1787715985779,"pid":9664,"hostname":"WIN-LK2TQOOAELR","name":"migrations","msg":"[migrations] Graph metadata table ready"}
{"level":50,"time":1787715985779,"pid":9664,"hostname":"WIN-LK2TQOOAELR","name":"migrations","msg":"[migrations] Body embeddings table ready"}
{"level":50,"time":1787715985779,"pid":9664,"hostname":"WIN-LK2TQOOAELR","name":"migrations","msg":"[migrations] Schema version set to 3 (sync)"}
{"level":50,"time":1787715985785,"pid":9664,"hostname":"WIN-LK2TQOOAELR","name":"migrations","msg":"[migrations] V4: Memory tables dropped and recreated"}
{"level":50,"time":1787715985862,"pid":9664,"hostname":"WIN-LK2TQOOAELR","name":"migrations","msg":"[migrations] Applying v1: Initial schema with FTS5"}
{"level":50,"time":1787715985862,"pid":9664,"hostname":"WIN-LK2TQOOAELR","name":"migrations","msg":"[migrations] v1 applied"}
{"level":50,"time":1787715985862,"pid":9664,"hostname":"WIN-LK2TQOOAELR","name":"migrations","msg":"[migrations] V2: Added 0 pattern columns"}
{"level":50,"time":1787715985862,"pid":9664,"hostname":"WIN-LK2TQOOAELR","name":"migrations","msg":"[migrations] Running graph schema migrations (SQLite sync)..."}
{"level":50,"time":1787715985864,"pid":9664,"hostname":"WIN-LK2TQOOAELR","name":"migrations","msg":"[migrations] Added 9 enhanced symbol columns"}
{"level":50,"time":1787715985865,"pid":9664,"hostname":"WIN-LK2TQOOAELR","name":"migrations","msg":"[migrations] Relationships table ready"}
{"level":50,"time":1787715985865,"pid":9664,"hostname":"WIN-LK2TQOOAELR","name":"migrations","msg":"[migrations] File index table ready"}
{"level":50,"time":1787715985865,"pid":9664,"hostname":"WIN-LK2TQOOAELR","name":"migrations","msg":"[migrations] Graph metadata table ready"}
{"level":50,"time":1787715985865,"pid":9664,"hostname":"WIN-LK2TQOOAELR","name":"migrations","msg":"[migrations] Body embeddings table ready"}
{"level":50,"time":1787715985865,"pid":9664,"hostname":"WIN-LK2TQOOAELR","name":"migrations","msg":"[migrations] Schema version set to 3 (sync)"}
{"level":50,"time":1787715985869,"pid":9664,"hostname":"WIN-LK2TQOOAELR","name":"migrations","msg":"[migrations] V4: Memory tables dropped and recreated"}
{"level":50,"time":1787715985952,"pid":9664,"hostname":"WIN-LK2TQOOAELR","name":"migrations","msg":"[migrations] Applying v1: Initial schema with FTS5"}
{"level":50,"time":1787715985952,"pid":9664,"hostname":"WIN-LK2TQOOAELR","name":"migrations","msg":"[migrations] v1 applied"}
{"level":50,"time":1787715985952,"pid":9664,"hostname":"WIN-LK2TQOOAELR","name":"migrations","msg":"[migrations] V2: Added 0 pattern columns"}
{"level":50,"time":1787715985952,"pid":9664,"hostname":"WIN-LK2TQOOAELR","name":"migrations","msg":"[migrations] Running graph schema migrations (SQLite sync)..."}
{"level":50,"time":1787715985954,"pid":9664,"hostname":"WIN-LK2TQOOAELR","name":"migrations","msg":"[migrations] Added 9 enhanced symbol columns"}
{"level":50,"time":1787715985955,"pid":9664,"hostname":"WIN-LK2TQOOAELR","name":"migrations","msg":"[migrations] Relationships table ready"}
{"level":50,"time":1787715985955,"pid":9664,"hostname":"WIN-LK2TQOOAELR","name":"migrations","msg":"[migrations] File index table ready"}
{"level":50,"time":1787715985955,"pid":9664,"hostname":"WIN-LK2TQOOAELR","name":"migrations","msg":"[migrations] Graph metadata table ready"}
{"level":50,"time":1787715985955,"pid":9664,"hostname":"WIN-LK2TQOOAELR","name":"migrations","msg":"[migrations] Body embeddings table ready"}
{"level":50,"time":1787715985955,"pid":9664,"hostname":"WIN-LK2TQOOAELR","name":"migrations","msg":"[migrations] Schema version set to 3 (sync)"}
{"level":50,"time":1787715985960,"pid":9664,"hostname":"WIN-LK2TQOOAELR","name":"migrations","msg":"[migrations] V4: Memory tables dropped and recreated"}
{"level":50,"time":1787715986040,"pid":9664,"hostname":"WIN-LK2TQOOAELR","name":"migrations","msg":"[migrations] Applying v1: Initial schema with FTS5"}
{"level":50,"time":1787715986041,"pid":9664,"hostname":"WIN-LK2TQOOAELR","name":"migrations","msg":"[migrations] v1 applied"}
{"level":50,"time":1787715986041,"pid":9664,"hostname":"WIN-LK2TQOOAELR","name":"migrations","msg":"[migrations] V2: Added 0 pattern columns"}
{"level":50,"time":1787715986041,"pid":9664,"hostname":"WIN-LK2TQOOAELR","name":"migrations","msg":"[migrations] Running graph schema migrations (SQLite sync)..."}
{"level":50,"time":1787715986044,"pid":9664,"hostname":"WIN-LK2TQOOAELR","name":"migrations","msg":"[migrations] Added 9 enhanced symbol columns"}
{"level":50,"time":1787715986044,"pid":9664,"hostname":"WIN-LK2TQOOAELR","name":"migrations","msg":"[migrations] Relationships table ready"}
{"level":50,"time":1787715986044,"pid":9664,"hostname":"WIN-LK2TQOOAELR","name":"migrations","msg":"[migrations] File index table ready"}
{"level":50,"time":1787715986044,"pid":9664,"hostname":"WIN-LK2TQOOAELR","name":"migrations","msg":"[migrations] Graph metadata table ready"}
{"level":50,"time":1787715986044,"pid":9664,"hostname":"WIN-LK2TQOOAELR","name":"migrations","msg":"[migrations] Body embeddings table ready"}
{"level":50,"time":1787715986044,"pid":9664,"hostname":"WIN-LK2TQOOAELR","name":"migrations","msg":"[migrations] Schema version set to 3 (sync)"}
{"level":50,"time":1787715986049,"pid":9664,"hostname":"WIN-LK2TQOOAELR","name":"migrations","msg":"[migrations] V4: Memory tables dropped and recreated"}
{"level":50,"time":1787715986129,"pid":9664,"hostname":"WIN-LK2TQOOAELR","name":"migrations","msg":"[migrations] Applying v1: Initial schema with FTS5"}
{"level":50,"time":1787715986130,"pid":9664,"hostname":"WIN-LK2TQOOAELR","name":"migrations","msg":"[migrations] v1 applied"}
{"level":50,"time":1787715986130,"pid":9664,"hostname":"WIN-LK2TQOOAELR","name":"migrations","msg":"[migrations] V2: Added 0 pattern columns"}
{"level":50,"time":1787715986130,"pid":9664,"hostname":"WIN-LK2TQOOAELR","name":"migrations","msg":"[migrations] Running graph schema migrations (SQLite sync)..."}
{"level":50,"time":1787715986132,"pid":9664,"hostname":"WIN-LK2TQOOAELR","name":"migrations","msg":"[migrations] Added 9 enhanced symbol columns"}
{"level":50,"time":1787715986133,"pid":9664,"hostname":"WIN-LK2TQOOAELR","name":"migrations","msg":"[migrations] Relationships table ready"}
{"level":50,"time":1787715986133,"pid":9664,"hostname":"WIN-LK2TQOOAELR","name":"migrations","msg":"[migrations] File index table ready"}
{"level":50,"time":1787715986133,"pid":9664,"hostname":"WIN-LK2TQOOAELR","name":"migrations","msg":"[migrations] Graph metadata table ready"}
{"level":50,"time":1787715986134,"pid":9664,"hostname":"WIN-LK2TQOOAELR","name":"migrations","msg":"[migrations] Body embeddings table ready"}
{"level":50,"time":1787715986134,"pid":9664,"hostname":"WIN-LK2TQOOAELR","name":"migrations","msg":"[migrations] Schema version set to 3 (sync)"}
{"level":50,"time":1787715986141,"pid":9664,"hostname":"WIN-LK2TQOOAELR","name":"migrations","msg":"[migrations] V4: Memory tables dropped and recreated"}
{"level":50,"time":1787715986242,"pid":9664,"hostname":"WIN-LK2TQOOAELR","name":"migrations","msg":"[migrations] Applying v1: Initial schema with FTS5"}
{"level":50,"time":1787715986242,"pid":9664,"hostname":"WIN-LK2TQOOAELR","name":"migrations","msg":"[migrations] v1 applied"}
{"level":50,"time":1787715986242,"pid":9664,"hostname":"WIN-LK2TQOOAELR","name":"migrations","msg":"[migrations] V2: Added 0 pattern columns"}
{"level":30,"time":1787715984868,"pid":9664,"hostname":"WIN-LK2TQOOAELR","name":"migration-v5","msg":"[migrations] V5: multi-tenant project_id applied (legacy=default)"}
{"level":30,"time":1787715985009,"pid":9664,"hostname":"WIN-LK2TQOOAELR","name":"migration-v5","msg":"[migrations] V5: multi-tenant project_id applied (legacy=default)"}
{"level":30,"time":1787715985179,"pid":9664,"hostname":"WIN-LK2TQOOAELR","name":"migration-v5","msg":"[migrations] V5: multi-tenant project_id applied (legacy=default)"}
{"level":30,"time":1787715985711,"pid":9664,"hostname":"WIN-LK2TQOOAELR","name":"migration-v5","msg":"[migrations] V5: multi-tenant project_id applied (legacy=default)"}
{"level":30,"time":1787715985787,"pid":9664,"hostname":"WIN-LK2TQOOAELR","name":"migration-v5","msg":"[migrations] V5: multi-tenant project_id applied (legacy=default)"}
{"level":30,"time":1787715985870,"pid":9664,"hostname":"WIN-LK2TQOOAELR","name":"migration-v5","msg":"[migrations] V5: multi-tenant project_id applied (legacy=default)"}
{"level":30,"time":1787715985961,"pid":9664,"hostname":"WIN-LK2TQOOAELR","name":"migration-v5","msg":"[migrations] V5: multi-tenant project_id applied (legacy=default)"}
{"level":30,"time":1787715986050,"pid":9664,"hostname":"WIN-LK2TQOOAELR","name":"migration-v5","msg":"[migrations] V5: multi-tenant project_id applied (legacy=default)"}
{"level":30,"time":1787715986143,"pid":9664,"hostname":"WIN-LK2TQOOAELR","name":"migration-v5","msg":"[migrations] V5: multi-tenant project_id applied (legacy=default)"}
{"level":30,"time":1787715986253,"pid":9664,"hostname":"WIN-LK2TQOOAELR","name":"migration-v5","msg":"[migrations] V5: multi-tenant project_id applied (legacy=default)"}
{"level":30,"time":1787715986383,"pid":9664,"hostname":"WIN-LK2TQOOAELR","name":"migration-v5","msg":"[migrations] V5: multi-tenant project_id applied (legacy=default)"}
{"level":50,"time":1787715986242,"pid":9664,"hostname":"WIN-LK2TQOOAELR","name":"migrations","msg":"[migrations] Running graph schema migrations (SQLite sync)..."}
{"level":50,"time":1787715986246,"pid":9664,"hostname":"WIN-LK2TQOOAELR","name":"migrations","msg":"[migrations] Added 9 enhanced symbol columns"}
{"level":50,"time":1787715986246,"pid":9664,"hostname":"WIN-LK2TQOOAELR","name":"migrations","msg":"[migrations] Relationships table ready"}
{"level":50,"time":1787715986246,"pid":9664,"hostname":"WIN-LK2TQOOAELR","name":"migrations","msg":"[migrations] File index table ready"}
{"level":50,"time":1787715986246,"pid":9664,"hostname":"WIN-LK2TQOOAELR","name":"migrations","msg":"[migrations] Graph metadata table ready"}
{"level":50,"time":1787715986246,"pid":9664,"hostname":"WIN-LK2TQOOAELR","name":"migrations","msg":"[migrations] Body embeddings table ready"}
{"level":50,"time":1787715986246,"pid":9664,"hostname":"WIN-LK2TQOOAELR","name":"migrations","msg":"[migrations] Schema version set to 3 (sync)"}
{"level":50,"time":1787715986252,"pid":9664,"hostname":"WIN-LK2TQOOAELR","name":"migrations","msg":"[migrations] V4: Memory tables dropped and recreated"}
{"level":50,"time":1787715986370,"pid":9664,"hostname":"WIN-LK2TQOOAELR","name":"migrations","msg":"[migrations] Applying v1: Initial schema with FTS5"}
{"level":50,"time":1787715986371,"pid":9664,"hostname":"WIN-LK2TQOOAELR","name":"migrations","msg":"[migrations] v1 applied"}
{"level":50,"time":1787715986371,"pid":9664,"hostname":"WIN-LK2TQOOAELR","name":"migrations","msg":"[migrations] V2: Added 0 pattern columns"}
{"level":50,"time":1787715986371,"pid":9664,"hostname":"WIN-LK2TQOOAELR","name":"migrations","msg":"[migrations] Running graph schema migrations (SQLite sync)..."}
{"level":50,"time":1787715986374,"pid":9664,"hostname":"WIN-LK2TQOOAELR","name":"migrations","msg":"[migrations] Added 9 enhanced symbol columns"}
{"level":50,"time":1787715986374,"pid":9664,"hostname":"WIN-LK2TQOOAELR","name":"migrations","msg":"[migrations] Relationships table ready"}
{"level":50,"time":1787715986375,"pid":9664,"hostname":"WIN-LK2TQOOAELR","name":"migrations","msg":"[migrations] File index table ready"}
{"level":50,"time":1787715986375,"pid":9664,"hostname":"WIN-LK2TQOOAELR","name":"migrations","msg":"[migrations] Graph metadata table ready"}
{"level":50,"time":1787715986375,"pid":9664,"hostname":"WIN-LK2TQOOAELR","name":"migrations","msg":"[migrations] Body embeddings table ready"}
{"level":50,"time":1787715986375,"pid":9664,"hostname":"WIN-LK2TQOOAELR","name":"migrations","msg":"[migrations] Schema version set to 3 (sync)"}
{"level":50,"time":1787715986382,"pid":9664,"hostname":"WIN-LK2TQOOAELR","name":"migrations","msg":"[migrations] V4: Memory tables dropped and recreated"}
fatal: not a git repository (or any of the parent directories): .git
{"level":50,"time":1787715986718,"pid":9664,"hostname":"WIN-LK2TQOOAELR","name":"database-manager","msg":"[db] Using native binding: C:\\Users\\ASUS\\.code-intel\\native-addons\\better-sqlite3\\v12.10.0\\node-v22-win32-x64\\better_sqlite3.node"}
{"level":50,"time":1787715986856,"pid":9664,"hostname":"WIN-LK2TQOOAELR","name":"migrations","msg":"[migrations] Applying v1: Initial schema with FTS5"}
{"level":30,"time":1787715986866,"pid":9664,"hostname":"WIN-LK2TQOOAELR","name":"migration-v5","msg":"[migrations] V5: multi-tenant project_id applied (legacy=default)"}
{"level":50,"time":1787715986840,"pid":9664,"hostname":"WIN-LK2TQOOAELR","name":"database-manager","msg":"[db] Pre-V5 backup written to C:\\Users\\ASUS\\AppData\\Local\\Temp\\sa4e18-YsDcJS\\index.db.pre-v5.bak"}
{"level":50,"time":1787715986866,"pid":9664,"hostname":"WIN-LK2TQOOAELR","name":"database-manager","msg":"[db] Initialized at C:\\Users\\ASUS\\AppData\\Local\\Temp\\sa4e18-YsDcJS\\index.db"}
{"level":50,"time":1787715986963,"pid":9664,"hostname":"WIN-LK2TQOOAELR","name":"database-manager","msg":"[db] Connection closed"}
{"level":50,"time":1787715986966,"pid":9664,"hostname":"WIN-LK2TQOOAELR","name":"database-manager","msg":"[db] Using native binding: C:\\Users\\ASUS\\.code-intel\\native-addons\\better-sqlite3\\v12.10.0\\node-v22-win32-x64\\better_sqlite3.node"}
{"level":50,"time":1787715986988,"pid":9664,"hostname":"WIN-LK2TQOOAELR","name":"database-manager","msg":"[db] Pre-V5 backup written to C:\\Users\\ASUS\\AppData\\Local\\Temp\\sa4e18-G9vugr\\index.db.pre-v5.bak"}
{"level":50,"time":1787715987005,"pid":9664,"hostname":"WIN-LK2TQOOAELR","name":"database-manager","msg":"[db] Initialized at C:\\Users\\ASUS\\AppData\\Local\\Temp\\sa4e18-G9vugr\\index.db"}
{"level":50,"time":1787715987085,"pid":9664,"hostname":"WIN-LK2TQOOAELR","name":"database-manager","msg":"[db] Connection closed"}
{"level":50,"time":1787715987088,"pid":9664,"hostname":"WIN-LK2TQOOAELR","name":"database-manager","msg":"[db] Using native binding: C:\\Users\\ASUS\\.code-intel\\native-addons\\better-sqlite3\\v12.10.0\\node-v22-win32-x64\\better_sqlite3.node"}
{"level":50,"time":1787715987110,"pid":9664,"hostname":"WIN-LK2TQOOAELR","name":"database-manager","msg":"[db] Pre-V5 backup written to C:\\Users\\ASUS\\AppData\\Local\\Temp\\sa4e18-EjnDvc\\index.db.pre-v5.bak"}
{"level":50,"time":1787715987138,"pid":9664,"hostname":"WIN-LK2TQOOAELR","name":"database-manager","msg":"[db] Initialized at C:\\Users\\ASUS\\AppData\\Local\\Temp\\sa4e18-EjnDvc\\index.db"}
{"level":50,"time":1787715987226,"pid":9664,"hostname":"WIN-LK2TQOOAELR","name":"database-manager","msg":"[db] Connection closed"}
{"level":50,"time":1787715987228,"pid":9664,"hostname":"WIN-LK2TQOOAELR","name":"database-manager","msg":"[db] Using native binding: C:\\Users\\ASUS\\.code-intel\\native-addons\\better-sqlite3\\v12.10.0\\node-v22-win32-x64\\better_sqlite3.node"}
{"level":50,"time":1787715987256,"pid":9664,"hostname":"WIN-LK2TQOOAELR","name":"database-manager","msg":"[db] Pre-V5 backup written to C:\\Users\\ASUS\\AppData\\Local\\Temp\\sa4e18-euBziM\\index.db.pre-v5.bak"}
{"level":50,"time":1787715987282,"pid":9664,"hostname":"WIN-LK2TQOOAELR","name":"database-manager","msg":"[db] Initialized at C:\\Users\\ASUS\\AppData\\Local\\Temp\\sa4e18-euBziM\\index.db"}
{"level":50,"time":1787715987358,"pid":9664,"hostname":"WIN-LK2TQOOAELR","name":"database-manager","msg":"[db] Connection closed"}
{"level":50,"time":1787715987365,"pid":9664,"hostname":"WIN-LK2TQOOAELR","name":"database-manager","msg":"[db] Using native binding: C:\\Users\\ASUS\\.code-intel\\native-addons\\better-sqlite3\\v12.10.0\\node-v22-win32-x64\\better_sqlite3.node"}
{"level":50,"time":1787715987388,"pid":9664,"hostname":"WIN-LK2TQOOAELR","name":"database-manager","msg":"[db] Pre-V5 backup written to C:\\Users\\ASUS\\AppData\\Local\\Temp\\sa4e18-s2yooz\\index.db.pre-v5.bak"}
{"level":50,"time":1787715987413,"pid":9664,"hostname":"WIN-LK2TQOOAELR","name":"database-manager","msg":"[db] Initialized at C:\\Users\\ASUS\\AppData\\Local\\Temp\\sa4e18-s2yooz\\index.db"}
{"level":50,"time":1787715987502,"pid":9664,"hostname":"WIN-LK2TQOOAELR","name":"database-manager","msg":"[db] Connection closed"}
{"level":50,"time":1787715987505,"pid":9664,"hostname":"WIN-LK2TQOOAELR","name":"database-manager","msg":"[db] Using native binding: C:\\Users\\ASUS\\.code-intel\\native-addons\\better-sqlite3\\v12.10.0\\node-v22-win32-x64\\better_sqlite3.node"}
{"level":50,"time":1787715987528,"pid":9664,"hostname":"WIN-LK2TQOOAELR","name":"database-manager","msg":"[db] Pre-V5 backup written to C:\\Users\\ASUS\\AppData\\Local\\Temp\\sa4e18-NWQYaA\\index.db.pre-v5.bak"}
{"level":50,"time":1787715987561,"pid":9664,"hostname":"WIN-LK2TQOOAELR","name":"database-manager","msg":"[db] Initialized at C:\\Users\\ASUS\\AppData\\Local\\Temp\\sa4e18-NWQYaA\\index.db"}
{"level":50,"time":1787715987658,"pid":9664,"hostname":"WIN-LK2TQOOAELR","name":"database-manager","msg":"[db] Connection closed"}
{"level":50,"time":1787715987662,"pid":9664,"hostname":"WIN-LK2TQOOAELR","name":"database-manager","msg":"[db] Using native binding: C:\\Users\\ASUS\\.code-intel\\native-addons\\better-sqlite3\\v12.10.0\\node-v22-win32-x64\\better_sqlite3.node"}
{"level":50,"time":1787715987687,"pid":9664,"hostname":"WIN-LK2TQOOAELR","name":"database-manager","msg":"[db] Pre-V5 backup written to C:\\Users\\ASUS\\AppData\\Local\\Temp\\sa4e18-mAoLnR\\index.db.pre-v5.bak"}
{"level":50,"time":1787715987725,"pid":9664,"hostname":"WIN-LK2TQOOAELR","name":"database-manager","msg":"[db] Initialized at C:\\Users\\ASUS\\AppData\\Local\\Temp\\sa4e18-mAoLnR\\index.db"}
{"level":50,"time":1787715987814,"pid":9664,"hostname":"WIN-LK2TQOOAELR","name":"database-manager","msg":"[db] Connection closed"}
{"level":50,"time":1787715987816,"pid":9664,"hostname":"WIN-LK2TQOOAELR","name":"database-manager","msg":"[db] Using native binding: C:\\Users\\ASUS\\.code-intel\\native-addons\\better-sqlite3\\v12.10.0\\node-v22-win32-x64\\better_sqlite3.node"}
{"level":50,"time":1787715987836,"pid":9664,"hostname":"WIN-LK2TQOOAELR","name":"database-manager","msg":"[db] Pre-V5 backup written to C:\\Users\\ASUS\\AppData\\Local\\Temp\\sa4e18-jAYCB0\\index.db.pre-v5.bak"}
{"level":50,"time":1787715987854,"pid":9664,"hostname":"WIN-LK2TQOOAELR","name":"database-manager","msg":"[db] Initialized at C:\\Users\\ASUS\\AppData\\Local\\Temp\\sa4e18-jAYCB0\\index.db"}
{"level":50,"time":1787715987937,"pid":9664,"hostname":"WIN-LK2TQOOAELR","name":"database-manager","msg":"[db] Connection closed"}
{"level":50,"time":1787715987940,"pid":9664,"hostname":"WIN-LK2TQOOAELR","name":"database-manager","msg":"[db] Using native binding: C:\\Users\\ASUS\\.code-intel\\native-addons\\better-sqlite3\\v12.10.0\\node-v22-win32-x64\\better_sqlite3.node"}
{"level":50,"time":1787715987962,"pid":9664,"hostname":"WIN-LK2TQOOAELR","name":"database-manager","msg":"[db] Pre-V5 backup written to C:\\Users\\ASUS\\AppData\\Local\\Temp\\sa4e18-4d3ITg\\index.db.pre-v5.bak"}
{"level":50,"time":1787715987986,"pid":9664,"hostname":"WIN-LK2TQOOAELR","name":"database-manager","msg":"[db] Initialized at C:\\Users\\ASUS\\AppData\\Local\\Temp\\sa4e18-4d3ITg\\index.db"}
{"level":50,"time":1787715988077,"pid":9664,"hostname":"WIN-LK2TQOOAELR","name":"database-manager","msg":"[db] Connection closed"}
{"level":50,"time":1787715988081,"pid":9664,"hostname":"WIN-LK2TQOOAELR","name":"database-manager","msg":"[db] Using native binding: C:\\Users\\ASUS\\.code-intel\\native-addons\\better-sqlite3\\v12.10.0\\node-v22-win32-x64\\better_sqlite3.node"}
{"level":50,"time":1787715988103,"pid":9664,"hostname":"WIN-LK2TQOOAELR","name":"database-manager","msg":"[db] Pre-V5 backup written to C:\\Users\\ASUS\\AppData\\Local\\Temp\\sa4e18-NkaLn4\\index.db.pre-v5.bak"}
{"level":50,"time":1787715988121,"pid":9664,"hostname":"WIN-LK2TQOOAELR","name":"database-manager","msg":"[db] Initialized at C:\\Users\\ASUS\\AppData\\Local\\Temp\\sa4e18-NkaLn4\\index.db"}
{"level":50,"time":1787715988205,"pid":9664,"hostname":"WIN-LK2TQOOAELR","name":"database-manager","msg":"[db] Connection closed"}
{"level":50,"time":1787715988208,"pid":9664,"hostname":"WIN-LK2TQOOAELR","name":"database-manager","msg":"[db] Using native binding: C:\\Users\\ASUS\\.code-intel\\native-addons\\better-sqlite3\\v12.10.0\\node-v22-win32-x64\\better_sqlite3.node"}
{"level":50,"time":1787715988228,"pid":9664,"hostname":"WIN-LK2TQOOAELR","name":"database-manager","msg":"[db] Pre-V5 backup written to C:\\Users\\ASUS\\AppData\\Local\\Temp\\sa4e18-MoEarY\\index.db.pre-v5.bak"}
{"level":50,"time":1787715988255,"pid":9664,"hostname":"WIN-LK2TQOOAELR","name":"database-manager","msg":"[db] Initialized at C:\\Users\\ASUS\\AppData\\Local\\Temp\\sa4e18-MoEarY\\index.db"}
{"level":50,"time":1787715988331,"pid":9664,"hostname":"WIN-LK2TQOOAELR","name":"database-manager","msg":"[db] Connection closed"}
{"level":50,"time":1787715988339,"pid":9664,"hostname":"WIN-LK2TQOOAELR","name":"database-manager","msg":"[db] Using native binding: C:\\Users\\ASUS\\.code-intel\\native-addons\\better-sqlite3\\v12.10.0\\node-v22-win32-x64\\better_sqlite3.node"}
{"level":50,"time":1787715988359,"pid":9664,"hostname":"WIN-LK2TQOOAELR","name":"database-manager","msg":"[db] Pre-V5 backup written to C:\\Users\\ASUS\\AppData\\Local\\Temp\\sa4e18-ZQk5Hi\\index.db.pre-v5.bak"}
{"level":50,"time":1787715988375,"pid":9664,"hostname":"WIN-LK2TQOOAELR","name":"database-manager","msg":"[db] Initialized at C:\\Users\\ASUS\\AppData\\Local\\Temp\\sa4e18-ZQk5Hi\\index.db"}
{"level":50,"time":1787715988467,"pid":9664,"hostname":"WIN-LK2TQOOAELR","name":"database-manager","msg":"[db] Connection closed"}
{"level":50,"time":1787715986857,"pid":9664,"hostname":"WIN-LK2TQOOAELR","name":"migrations","msg":"[migrations] v1 applied"}
{"level":50,"time":1787715986857,"pid":9664,"hostname":"WIN-LK2TQOOAELR","name":"migrations","msg":"[migrations] V2: Added 0 pattern columns"}
{"level":50,"time":1787715986857,"pid":9664,"hostname":"WIN-LK2TQOOAELR","name":"migrations","msg":"[migrations] Running graph schema migrations (SQLite sync)..."}
{"level":50,"time":1787715986859,"pid":9664,"hostname":"WIN-LK2TQOOAELR","name":"migrations","msg":"[migrations] Added 9 enhanced symbol columns"}
{"level":50,"time":1787715986859,"pid":9664,"hostname":"WIN-LK2TQOOAELR","name":"migrations","msg":"[migrations] Relationships table ready"}
{"level":50,"time":1787715986860,"pid":9664,"hostname":"WIN-LK2TQOOAELR","name":"migrations","msg":"[migrations] File index table ready"}
{"level":50,"time":1787715986860,"pid":9664,"hostname":"WIN-LK2TQOOAELR","name":"migrations","msg":"[migrations] Graph metadata table ready"}
{"level":50,"time":1787715986860,"pid":9664,"hostname":"WIN-LK2TQOOAELR","name":"migrations","msg":"[migrations] Body embeddings table ready"}
{"level":50,"time":1787715986860,"pid":9664,"hostname":"WIN-LK2TQOOAELR","name":"migrations","msg":"[migrations] Schema version set to 3 (sync)"}
{"level":50,"time":1787715986865,"pid":9664,"hostname":"WIN-LK2TQOOAELR","name":"migrations","msg":"[migrations] V4: Memory tables dropped and recreated"}
{"level":50,"time":1787715986995,"pid":9664,"hostname":"WIN-LK2TQOOAELR","name":"migrations","msg":"[migrations] Applying v1: Initial schema with FTS5"}
{"level":50,"time":1787715986996,"pid":9664,"hostname":"WIN-LK2TQOOAELR","name":"migrations","msg":"[migrations] v1 applied"}
{"level":50,"time":1787715986996,"pid":9664,"hostname":"WIN-LK2TQOOAELR","name":"migrations","msg":"[migrations] V2: Added 0 pattern columns"}
{"level":50,"time":1787715986996,"pid":9664,"hostname":"WIN-LK2TQOOAELR","name":"migrations","msg":"[migrations] Running graph schema migrations (SQLite sync)..."}
{"level":50,"time":1787715986998,"pid":9664,"hostname":"WIN-LK2TQOOAELR","name":"migrations","msg":"[migrations] Added 9 enhanced symbol columns"}
{"level":50,"time":1787715986998,"pid":9664,"hostname":"WIN-LK2TQOOAELR","name":"migrations","msg":"[migrations] Relationships table ready"}
{"level":50,"time":1787715986998,"pid":9664,"hostname":"WIN-LK2TQOOAELR","name":"migrations","msg":"[migrations] File index table ready"}
{"level":50,"time":1787715986999,"pid":9664,"hostname":"WIN-LK2TQOOAELR","name":"migrations","msg":"[migrations] Graph metadata table ready"}
{"level":50,"time":1787715986999,"pid":9664,"hostname":"WIN-LK2TQOOAELR","name":"migrations","msg":"[migrations] Body embeddings table ready"}
{"level":50,"time":1787715986999,"pid":9664,"hostname":"WIN-LK2TQOOAELR","name":"migrations","msg":"[migrations] Schema version set to 3 (sync)"}
{"level":50,"time":1787715987004,"pid":9664,"hostname":"WIN-LK2TQOOAELR","name":"migrations","msg":"[migrations] V4: Memory tables dropped and recreated"}
{"level":50,"time":1787715987127,"pid":9664,"hostname":"WIN-LK2TQOOAELR","name":"migrations","msg":"[migrations] Applying v1: Initial schema with FTS5"}
{"level":50,"time":1787715987127,"pid":9664,"hostname":"WIN-LK2TQOOAELR","name":"migrations","msg":"[migrations] v1 applied"}
{"level":50,"time":1787715987127,"pid":9664,"hostname":"WIN-LK2TQOOAELR","name":"migrations","msg":"[migrations] V2: Added 0 pattern columns"}
{"level":50,"time":1787715987127,"pid":9664,"hostname":"WIN-LK2TQOOAELR","name":"migrations","msg":"[migrations] Running graph schema migrations (SQLite sync)..."}
{"level":50,"time":1787715987131,"pid":9664,"hostname":"WIN-LK2TQOOAELR","name":"migrations","msg":"[migrations] Added 9 enhanced symbol columns"}
{"level":50,"time":1787715987131,"pid":9664,"hostname":"WIN-LK2TQOOAELR","name":"migrations","msg":"[migrations] Relationships table ready"}
{"level":50,"time":1787715987131,"pid":9664,"hostname":"WIN-LK2TQOOAELR","name":"migrations","msg":"[migrations] File index table ready"}
{"level":50,"time":1787715987132,"pid":9664,"hostname":"WIN-LK2TQOOAELR","name":"migrations","msg":"[migrations] Graph metadata table ready"}
{"level":50,"time":1787715987132,"pid":9664,"hostname":"WIN-LK2TQOOAELR","name":"migrations","msg":"[migrations] Body embeddings table ready"}
{"level":50,"time":1787715987132,"pid":9664,"hostname":"WIN-LK2TQOOAELR","name":"migrations","msg":"[migrations] Schema version set to 3 (sync)"}
{"level":50,"time":1787715987137,"pid":9664,"hostname":"WIN-LK2TQOOAELR","name":"migrations","msg":"[migrations] V4: Memory tables dropped and recreated"}
{"level":50,"time":1787715987265,"pid":9664,"hostname":"WIN-LK2TQOOAELR","name":"migrations","msg":"[migrations] Applying v1: Initial schema with FTS5"}
{"level":50,"time":1787715987266,"pid":9664,"hostname":"WIN-LK2TQOOAELR","name":"migrations","msg":"[migrations] v1 applied"}
{"level":50,"time":1787715987266,"pid":9664,"hostname":"WIN-LK2TQOOAELR","name":"migrations","msg":"[migrations] V2: Added 0 pattern columns"}
{"level":50,"time":1787715987266,"pid":9664,"hostname":"WIN-LK2TQOOAELR","name":"migrations","msg":"[migrations] Running graph schema migrations (SQLite sync)..."}
{"level":50,"time":1787715987270,"pid":9664,"hostname":"WIN-LK2TQOOAELR","name":"migrations","msg":"[migrations] Added 9 enhanced symbol columns"}
{"level":50,"time":1787715987270,"pid":9664,"hostname":"WIN-LK2TQOOAELR","name":"migrations","msg":"[migrations] Relationships table ready"}
{"level":50,"time":1787715987271,"pid":9664,"hostname":"WIN-LK2TQOOAELR","name":"migrations","msg":"[migrations] File index table ready"}
{"level":50,"time":1787715987271,"pid":9664,"hostname":"WIN-LK2TQOOAELR","name":"migrations","msg":"[migrations] Graph metadata table ready"}
{"level":50,"time":1787715987271,"pid":9664,"hostname":"WIN-LK2TQOOAELR","name":"migrations","msg":"[migrations] Body embeddings table ready"}
{"level":50,"time":1787715987271,"pid":9664,"hostname":"WIN-LK2TQOOAELR","name":"migrations","msg":"[migrations] Schema version set to 3 (sync)"}
{"level":50,"time":1787715987280,"pid":9664,"hostname":"WIN-LK2TQOOAELR","name":"migrations","msg":"[migrations] V4: Memory tables dropped and recreated"}
{"level":50,"time":1787715987396,"pid":9664,"hostname":"WIN-LK2TQOOAELR","name":"migrations","msg":"[migrations] Applying v1: Initial schema with FTS5"}
{"level":50,"time":1787715987397,"pid":9664,"hostname":"WIN-LK2TQOOAELR","name":"migrations","msg":"[migrations] v1 applied"}
{"level":50,"time":1787715987397,"pid":9664,"hostname":"WIN-LK2TQOOAELR","name":"migrations","msg":"[migrations] V2: Added 0 pattern columns"}
{"level":50,"time":1787715987397,"pid":9664,"hostname":"WIN-LK2TQOOAELR","name":"migrations","msg":"[migrations] Running graph schema migrations (SQLite sync)..."}
{"level":50,"time":1787715987400,"pid":9664,"hostname":"WIN-LK2TQOOAELR","name":"migrations","msg":"[migrations] Added 9 enhanced symbol columns"}
{"level":50,"time":1787715987402,"pid":9664,"hostname":"WIN-LK2TQOOAELR","name":"migrations","msg":"[migrations] Relationships table ready"}
{"level":50,"time":1787715987402,"pid":9664,"hostname":"WIN-LK2TQOOAELR","name":"migrations","msg":"[migrations] File index table ready"}
{"level":50,"time":1787715987402,"pid":9664,"hostname":"WIN-LK2TQOOAELR","name":"migrations","msg":"[migrations] Graph metadata table ready"}
{"level":50,"time":1787715987403,"pid":9664,"hostname":"WIN-LK2TQOOAELR","name":"migrations","msg":"[migrations] Body embeddings table ready"}
{"level":50,"time":1787715987403,"pid":9664,"hostname":"WIN-LK2TQOOAELR","name":"migrations","msg":"[migrations] Schema version set to 3 (sync)"}
{"level":50,"time":1787715987411,"pid":9664,"hostname":"WIN-LK2TQOOAELR","name":"migrations","msg":"[migrations] V4: Memory tables dropped and recreated"}
{"level":50,"time":1787715987540,"pid":9664,"hostname":"WIN-LK2TQOOAELR","name":"migrations","msg":"[migrations] Applying v1: Initial schema with FTS5"}
{"level":50,"time":1787715987541,"pid":9664,"hostname":"WIN-LK2TQOOAELR","name":"migrations","msg":"[migrations] v1 applied"}
{"level":50,"time":1787715987542,"pid":9664,"hostname":"WIN-LK2TQOOAELR","name":"migrations","msg":"[migrations] V2: Added 0 pattern columns"}
{"level":50,"time":1787715987542,"pid":9664,"hostname":"WIN-LK2TQOOAELR","name":"migrations","msg":"[migrations] Running graph schema migrations (SQLite sync)..."}
{"level":50,"time":1787715987547,"pid":9664,"hostname":"WIN-LK2TQOOAELR","name":"migrations","msg":"[migrations] Added 9 enhanced symbol columns"}
{"level":50,"time":1787715987548,"pid":9664,"hostname":"WIN-LK2TQOOAELR","name":"migrations","msg":"[migrations] Relationships table ready"}
{"level":50,"time":1787715987548,"pid":9664,"hostname":"WIN-LK2TQOOAELR","name":"migrations","msg":"[migrations] File index table ready"}
{"level":50,"time":1787715987549,"pid":9664,"hostname":"WIN-LK2TQOOAELR","name":"migrations","msg":"[migrations] Graph metadata table ready"}
{"level":50,"time":1787715987549,"pid":9664,"hostname":"WIN-LK2TQOOAELR","name":"migrations","msg":"[migrations] Body embeddings table ready"}
{"level":50,"time":1787715987549,"pid":9664,"hostname":"WIN-LK2TQOOAELR","name":"migrations","msg":"[migrations] Schema version set to 3 (sync)"}
{"level":50,"time":1787715987559,"pid":9664,"hostname":"WIN-LK2TQOOAELR","name":"migrations","msg":"[migrations] V4: Memory tables dropped and recreated"}
{"level":50,"time":1787715987706,"pid":9664,"hostname":"WIN-LK2TQOOAELR","name":"migrations","msg":"[migrations] Applying v1: Initial schema with FTS5"}
{"level":50,"time":1787715987707,"pid":9664,"hostname":"WIN-LK2TQOOAELR","name":"migrations","msg":"[migrations] v1 applied"}
{"level":50,"time":1787715987707,"pid":9664,"hostname":"WIN-LK2TQOOAELR","name":"migrations","msg":"[migrations] V2: Added 0 pattern columns"}
{"level":50,"time":1787715987707,"pid":9664,"hostname":"WIN-LK2TQOOAELR","name":"migrations","msg":"[migrations] Running graph schema migrations (SQLite sync)..."}
{"level":50,"time":1787715987712,"pid":9664,"hostname":"WIN-LK2TQOOAELR","name":"migrations","msg":"[migrations] Added 9 enhanced symbol columns"}
{"level":50,"time":1787715987713,"pid":9664,"hostname":"WIN-LK2TQOOAELR","name":"migrations","msg":"[migrations] Relationships table ready"}
{"level":50,"time":1787715987713,"pid":9664,"hostname":"WIN-LK2TQOOAELR","name":"migrations","msg":"[migrations] File index table ready"}
{"level":50,"time":1787715987714,"pid":9664,"hostname":"WIN-LK2TQOOAELR","name":"migrations","msg":"[migrations] Graph metadata table ready"}
{"level":50,"time":1787715987714,"pid":9664,"hostname":"WIN-LK2TQOOAELR","name":"migrations","msg":"[migrations] Body embeddings table ready"}
{"level":50,"time":1787715987714,"pid":9664,"hostname":"WIN-LK2TQOOAELR","name":"migrations","msg":"[migrations] Schema version set to 3 (sync)"}
{"level":50,"time":1787715987723,"pid":9664,"hostname":"WIN-LK2TQOOAELR","name":"migrations","msg":"[migrations] V4: Memory tables dropped and recreated"}
{"level":50,"time":1787715987844,"pid":9664,"hostname":"WIN-LK2TQOOAELR","name":"migrations","msg":"[migrations] Applying v1: Initial schema with FTS5"}
{"level":50,"time":1787715987844,"pid":9664,"hostname":"WIN-LK2TQOOAELR","name":"migrations","msg":"[migrations] v1 applied"}
{"level":50,"time":1787715987844,"pid":9664,"hostname":"WIN-LK2TQOOAELR","name":"migrations","msg":"[migrations] V2: Added 0 pattern columns"}
{"level":50,"time":1787715987844,"pid":9664,"hostname":"WIN-LK2TQOOAELR","name":"migrations","msg":"[migrations] Running graph schema migrations (SQLite sync)..."}
{"level":50,"time":1787715987847,"pid":9664,"hostname":"WIN-LK2TQOOAELR","name":"migrations","msg":"[migrations] Added 9 enhanced symbol columns"}
{"level":50,"time":1787715987847,"pid":9664,"hostname":"WIN-LK2TQOOAELR","name":"migrations","msg":"[migrations] Relationships table ready"}
{"level":50,"time":1787715987847,"pid":9664,"hostname":"WIN-LK2TQOOAELR","name":"migrations","msg":"[migrations] File index table ready"}
{"level":50,"time":1787715987847,"pid":9664,"hostname":"WIN-LK2TQOOAELR","name":"migrations","msg":"[migrations] Graph metadata table ready"}
{"level":50,"time":1787715987848,"pid":9664,"hostname":"WIN-LK2TQOOAELR","name":"migrations","msg":"[migrations] Body embeddings table ready"}
{"level":50,"time":1787715987848,"pid":9664,"hostname":"WIN-LK2TQOOAELR","name":"migrations","msg":"[migrations] Schema version set to 3 (sync)"}
{"level":50,"time":1787715987853,"pid":9664,"hostname":"WIN-LK2TQOOAELR","name":"migrations","msg":"[migrations] V4: Memory tables dropped and recreated"}
{"level":50,"time":1787715987972,"pid":9664,"hostname":"WIN-LK2TQOOAELR","name":"migrations","msg":"[migrations] Applying v1: Initial schema with FTS5"}
{"level":50,"time":1787715987973,"pid":9664,"hostname":"WIN-LK2TQOOAELR","name":"migrations","msg":"[migrations] v1 applied"}
{"level":50,"time":1787715987973,"pid":9664,"hostname":"WIN-LK2TQOOAELR","name":"migrations","msg":"[migrations] V2: Added 0 pattern columns"}
{"level":50,"time":1787715987973,"pid":9664,"hostname":"WIN-LK2TQOOAELR","name":"migrations","msg":"[migrations] Running graph schema migrations (SQLite sync)..."}
{"level":50,"time":1787715987976,"pid":9664,"hostname":"WIN-LK2TQOOAELR","name":"migrations","msg":"[migrations] Added 9 enhanced symbol columns"}
{"level":50,"time":1787715987977,"pid":9664,"hostname":"WIN-LK2TQOOAELR","name":"migrations","msg":"[migrations] Relationships table ready"}
{"level":50,"time":1787715987977,"pid":9664,"hostname":"WIN-LK2TQOOAELR","name":"migrations","msg":"[migrations] File index table ready"}
{"level":50,"time":1787715987978,"pid":9664,"hostname":"WIN-LK2TQOOAELR","name":"migrations","msg":"[migrations] Graph metadata table ready"}
{"level":50,"time":1787715987978,"pid":9664,"hostname":"WIN-LK2TQOOAELR","name":"migrations","msg":"[migrations] Body embeddings table ready"}
{"level":50,"time":1787715987978,"pid":9664,"hostname":"WIN-LK2TQOOAELR","name":"migrations","msg":"[migrations] Schema version set to 3 (sync)"}
{"level":50,"time":1787715987985,"pid":9664,"hostname":"WIN-LK2TQOOAELR","name":"migrations","msg":"[migrations] V4: Memory tables dropped and recreated"}
{"level":50,"time":1787715988111,"pid":9664,"hostname":"WIN-LK2TQOOAELR","name":"migrations","msg":"[migrations] Applying v1: Initial schema with FTS5"}
{"level":50,"time":1787715988111,"pid":9664,"hostname":"WIN-LK2TQOOAELR","name":"migrations","msg":"[migrations] v1 applied"}
{"level":50,"time":1787715988112,"pid":9664,"hostname":"WIN-LK2TQOOAELR","name":"migrations","msg":"[migrations] V2: Added 0 pattern columns"}
{"level":50,"time":1787715988112,"pid":9664,"hostname":"WIN-LK2TQOOAELR","name":"migrations","msg":"[migrations] Running graph schema migrations (SQLite sync)..."}
{"level":50,"time":1787715988114,"pid":9664,"hostname":"WIN-LK2TQOOAELR","name":"migrations","msg":"[migrations] Added 9 enhanced symbol columns"}
{"level":50,"time":1787715988114,"pid":9664,"hostname":"WIN-LK2TQOOAELR","name":"migrations","msg":"[migrations] Relationships table ready"}
{"level":50,"time":1787715988114,"pid":9664,"hostname":"WIN-LK2TQOOAELR","name":"migrations","msg":"[migrations] File index table ready"}
{"level":50,"time":1787715988114,"pid":9664,"hostname":"WIN-LK2TQOOAELR","name":"migrations","msg":"[migrations] Graph metadata table ready"}
{"level":50,"time":1787715988115,"pid":9664,"hostname":"WIN-LK2TQOOAELR","name":"migrations","msg":"[migrations] Body embeddings table ready"}
{"level":50,"time":1787715988115,"pid":9664,"hostname":"WIN-LK2TQOOAELR","name":"migrations","msg":"[migrations] Schema version set to 3 (sync)"}
{"level":50,"time":1787715988120,"pid":9664,"hostname":"WIN-LK2TQOOAELR","name":"migrations","msg":"[migrations] V4: Memory tables dropped and recreated"}
{"level":50,"time":1787715988239,"pid":9664,"hostname":"WIN-LK2TQOOAELR","name":"migrations","msg":"[migrations] Applying v1: Initial schema with FTS5"}
{"level":50,"time":1787715988240,"pid":9664,"hostname":"WIN-LK2TQOOAELR","name":"migrations","msg":"[migrations] v1 applied"}
{"level":50,"time":1787715988240,"pid":9664,"hostname":"WIN-LK2TQOOAELR","name":"migrations","msg":"[migrations] V2: Added 0 pattern columns"}
{"level":30,"time":1787715987005,"pid":9664,"hostname":"WIN-LK2TQOOAELR","name":"migration-v5","msg":"[migrations] V5: multi-tenant project_id applied (legacy=default)"}
{"level":30,"time":1787715987138,"pid":9664,"hostname":"WIN-LK2TQOOAELR","name":"migration-v5","msg":"[migrations] V5: multi-tenant project_id applied (legacy=default)"}
{"level":30,"time":1787715987282,"pid":9664,"hostname":"WIN-LK2TQOOAELR","name":"migration-v5","msg":"[migrations] V5: multi-tenant project_id applied (legacy=default)"}
{"level":30,"time":1787715987413,"pid":9664,"hostname":"WIN-LK2TQOOAELR","name":"migration-v5","msg":"[migrations] V5: multi-tenant project_id applied (legacy=default)"}
{"level":30,"time":1787715987561,"pid":9664,"hostname":"WIN-LK2TQOOAELR","name":"migration-v5","msg":"[migrations] V5: multi-tenant project_id applied (legacy=default)"}
{"level":30,"time":1787715987725,"pid":9664,"hostname":"WIN-LK2TQOOAELR","name":"migration-v5","msg":"[migrations] V5: multi-tenant project_id applied (legacy=default)"}
{"level":30,"time":1787715987854,"pid":9664,"hostname":"WIN-LK2TQOOAELR","name":"migration-v5","msg":"[migrations] V5: multi-tenant project_id applied (legacy=default)"}
{"level":30,"time":1787715987986,"pid":9664,"hostname":"WIN-LK2TQOOAELR","name":"migration-v5","msg":"[migrations] V5: multi-tenant project_id applied (legacy=default)"}
{"level":30,"time":1787715988121,"pid":9664,"hostname":"WIN-LK2TQOOAELR","name":"migration-v5","msg":"[migrations] V5: multi-tenant project_id applied (legacy=default)"}
{"level":30,"time":1787715988255,"pid":9664,"hostname":"WIN-LK2TQOOAELR","name":"migration-v5","msg":"[migrations] V5: multi-tenant project_id applied (legacy=default)"}
{"level":30,"time":1787715988375,"pid":9664,"hostname":"WIN-LK2TQOOAELR","name":"migration-v5","msg":"[migrations] V5: multi-tenant project_id applied (legacy=default)"}
{"level":50,"time":1787715988240,"pid":9664,"hostname":"WIN-LK2TQOOAELR","name":"migrations","msg":"[migrations] Running graph schema migrations (SQLite sync)..."}
{"level":50,"time":1787715988245,"pid":9664,"hostname":"WIN-LK2TQOOAELR","name":"migrations","msg":"[migrations] Added 9 enhanced symbol columns"}
{"level":50,"time":1787715988246,"pid":9664,"hostname":"WIN-LK2TQOOAELR","name":"migrations","msg":"[migrations] Relationships table ready"}
{"level":50,"time":1787715988246,"pid":9664,"hostname":"WIN-LK2TQOOAELR","name":"migrations","msg":"[migrations] File index table ready"}
{"level":50,"time":1787715988247,"pid":9664,"hostname":"WIN-LK2TQOOAELR","name":"migrations","msg":"[migrations] Graph metadata table ready"}
{"level":50,"time":1787715988247,"pid":9664,"hostname":"WIN-LK2TQOOAELR","name":"migrations","msg":"[migrations] Body embeddings table ready"}
{"level":50,"time":1787715988247,"pid":9664,"hostname":"WIN-LK2TQOOAELR","name":"migrations","msg":"[migrations] Schema version set to 3 (sync)"}
{"level":50,"time":1787715988254,"pid":9664,"hostname":"WIN-LK2TQOOAELR","name":"migrations","msg":"[migrations] V4: Memory tables dropped and recreated"}
{"level":50,"time":1787715988366,"pid":9664,"hostname":"WIN-LK2TQOOAELR","name":"migrations","msg":"[migrations] Applying v1: Initial schema with FTS5"}
{"level":50,"time":1787715988366,"pid":9664,"hostname":"WIN-LK2TQOOAELR","name":"migrations","msg":"[migrations] v1 applied"}
{"level":50,"time":1787715988366,"pid":9664,"hostname":"WIN-LK2TQOOAELR","name":"migrations","msg":"[migrations] V2: Added 0 pattern columns"}
{"level":50,"time":1787715988366,"pid":9664,"hostname":"WIN-LK2TQOOAELR","name":"migrations","msg":"[migrations] Running graph schema migrations (SQLite sync)..."}
{"level":50,"time":1787715988368,"pid":9664,"hostname":"WIN-LK2TQOOAELR","name":"migrations","msg":"[migrations] Added 9 enhanced symbol columns"}
{"level":50,"time":1787715988369,"pid":9664,"hostname":"WIN-LK2TQOOAELR","name":"migrations","msg":"[migrations] Relationships table ready"}
{"level":50,"time":1787715988369,"pid":9664,"hostname":"WIN-LK2TQOOAELR","name":"migrations","msg":"[migrations] File index table ready"}
{"level":50,"time":1787715988369,"pid":9664,"hostname":"WIN-LK2TQOOAELR","name":"migrations","msg":"[migrations] Graph metadata table ready"}
{"level":50,"time":1787715988369,"pid":9664,"hostname":"WIN-LK2TQOOAELR","name":"migrations","msg":"[migrations] Body embeddings table ready"}
{"level":50,"time":1787715988369,"pid":9664,"hostname":"WIN-LK2TQOOAELR","name":"migrations","msg":"[migrations] Schema version set to 3 (sync)"}
{"level":50,"time":1787715988374,"pid":9664,"hostname":"WIN-LK2TQOOAELR","name":"migrations","msg":"[migrations] V4: Memory tables dropped and recreated"}
{"level":50,"time":1787715989008,"pid":37356,"hostname":"WIN-LK2TQOOAELR","name":"database-manager","msg":"[db] Using native binding: C:\\Users\\ASUS\\.code-intel\\native-addons\\better-sqlite3\\v12.10.0\\node-v22-win32-x64\\better_sqlite3.node"}
{"level":50,"time":1787715989046,"pid":37356,"hostname":"WIN-LK2TQOOAELR","name":"migrations","msg":"[migrations] Applying v1: Initial schema with FTS5"}
{"level":30,"time":1787715989062,"pid":37356,"hostname":"WIN-LK2TQOOAELR","name":"migration-v5","msg":"[migrations] V5: multi-tenant project_id applied (legacy=default)"}
{"level":50,"time":1787715989036,"pid":37356,"hostname":"WIN-LK2TQOOAELR","name":"database-manager","msg":"[db] Pre-V5 backup written to C:\\Users\\ASUS\\AppData\\Local\\Temp\\sa4e18-iOSDXl\\index.db.pre-v5.bak"}
{"level":50,"time":1787715989062,"pid":37356,"hostname":"WIN-LK2TQOOAELR","name":"database-manager","msg":"[db] Initialized at C:\\Users\\ASUS\\AppData\\Local\\Temp\\sa4e18-iOSDXl\\index.db"}
{"level":50,"time":1787715989119,"pid":37356,"hostname":"WIN-LK2TQOOAELR","name":"database-manager","msg":"[db] Connection closed"}
{"level":50,"time":1787715989131,"pid":37356,"hostname":"WIN-LK2TQOOAELR","name":"database-manager","msg":"[db] Using native binding: C:\\Users\\ASUS\\.code-intel\\native-addons\\better-sqlite3\\v12.10.0\\node-v22-win32-x64\\better_sqlite3.node"}
{"level":50,"time":1787715989153,"pid":37356,"hostname":"WIN-LK2TQOOAELR","name":"database-manager","msg":"[db] Pre-V5 backup written to C:\\Users\\ASUS\\AppData\\Local\\Temp\\sa4e18-MMh9em\\index.db.pre-v5.bak"}
{"level":50,"time":1787715989176,"pid":37356,"hostname":"WIN-LK2TQOOAELR","name":"database-manager","msg":"[db] Initialized at C:\\Users\\ASUS\\AppData\\Local\\Temp\\sa4e18-MMh9em\\index.db"}
{"level":50,"time":1787715989246,"pid":37356,"hostname":"WIN-LK2TQOOAELR","name":"database-manager","msg":"[db] Connection closed"}
{"level":50,"time":1787715989248,"pid":37356,"hostname":"WIN-LK2TQOOAELR","name":"database-manager","msg":"[db] Using native binding: C:\\Users\\ASUS\\.code-intel\\native-addons\\better-sqlite3\\v12.10.0\\node-v22-win32-x64\\better_sqlite3.node"}
{"level":50,"time":1787715989269,"pid":37356,"hostname":"WIN-LK2TQOOAELR","name":"database-manager","msg":"[db] Pre-V5 backup written to C:\\Users\\ASUS\\AppData\\Local\\Temp\\sa4e18-WeZG4Q\\index.db.pre-v5.bak"}
{"level":50,"time":1787715989296,"pid":37356,"hostname":"WIN-LK2TQOOAELR","name":"database-manager","msg":"[db] Initialized at C:\\Users\\ASUS\\AppData\\Local\\Temp\\sa4e18-WeZG4Q\\index.db"}
{"level":50,"time":1787715989360,"pid":37356,"hostname":"WIN-LK2TQOOAELR","name":"database-manager","msg":"[db] Connection closed"}
{"level":50,"time":1787715989364,"pid":37356,"hostname":"WIN-LK2TQOOAELR","name":"database-manager","msg":"[db] Using native binding: C:\\Users\\ASUS\\.code-intel\\native-addons\\better-sqlite3\\v12.10.0\\node-v22-win32-x64\\better_sqlite3.node"}
{"level":50,"time":1787715989385,"pid":37356,"hostname":"WIN-LK2TQOOAELR","name":"database-manager","msg":"[db] Pre-V5 backup written to C:\\Users\\ASUS\\AppData\\Local\\Temp\\sa4e18-XgLQR7\\index.db.pre-v5.bak"}
{"level":50,"time":1787715989411,"pid":37356,"hostname":"WIN-LK2TQOOAELR","name":"database-manager","msg":"[db] Initialized at C:\\Users\\ASUS\\AppData\\Local\\Temp\\sa4e18-XgLQR7\\index.db"}
{"level":50,"time":1787715989485,"pid":37356,"hostname":"WIN-LK2TQOOAELR","name":"database-manager","msg":"[db] Connection closed"}
{"level":50,"time":1787715989488,"pid":37356,"hostname":"WIN-LK2TQOOAELR","name":"database-manager","msg":"[db] Using native binding: C:\\Users\\ASUS\\.code-intel\\native-addons\\better-sqlite3\\v12.10.0\\node-v22-win32-x64\\better_sqlite3.node"}
{"level":50,"time":1787715989508,"pid":37356,"hostname":"WIN-LK2TQOOAELR","name":"database-manager","msg":"[db] Pre-V5 backup written to C:\\Users\\ASUS\\AppData\\Local\\Temp\\sa4e18-CgBSST\\index.db.pre-v5.bak"}
{"level":50,"time":1787715989525,"pid":37356,"hostname":"WIN-LK2TQOOAELR","name":"database-manager","msg":"[db] Initialized at C:\\Users\\ASUS\\AppData\\Local\\Temp\\sa4e18-CgBSST\\index.db"}
{"level":50,"time":1787715989596,"pid":37356,"hostname":"WIN-LK2TQOOAELR","name":"database-manager","msg":"[db] Connection closed"}
{"level":50,"time":1787715989619,"pid":37356,"hostname":"WIN-LK2TQOOAELR","name":"database-manager","msg":"[db] Using native binding: C:\\Users\\ASUS\\.code-intel\\native-addons\\better-sqlite3\\v12.10.0\\node-v22-win32-x64\\better_sqlite3.node"}
{"level":50,"time":1787715989642,"pid":37356,"hostname":"WIN-LK2TQOOAELR","name":"database-manager","msg":"[db] Pre-V5 backup written to C:\\Users\\ASUS\\AppData\\Local\\Temp\\sa4e18-2fLk1v\\index.db.pre-v5.bak"}
{"level":50,"time":1787715989663,"pid":37356,"hostname":"WIN-LK2TQOOAELR","name":"database-manager","msg":"[db] Initialized at C:\\Users\\ASUS\\AppData\\Local\\Temp\\sa4e18-2fLk1v\\index.db"}
{"level":50,"time":1787715989725,"pid":37356,"hostname":"WIN-LK2TQOOAELR","name":"database-manager","msg":"[db] Connection closed"}
{"level":50,"time":1787715989733,"pid":37356,"hostname":"WIN-LK2TQOOAELR","name":"database-manager","msg":"[db] Using native binding: C:\\Users\\ASUS\\.code-intel\\native-addons\\better-sqlite3\\v12.10.0\\node-v22-win32-x64\\better_sqlite3.node"}
{"level":50,"time":1787715989745,"pid":37356,"hostname":"WIN-LK2TQOOAELR","name":"database-manager","msg":"[db] Pre-V5 backup written to C:\\Users\\ASUS\\AppData\\Local\\Temp\\sa4e18-bm0rjc\\index.db.pre-v5.bak"}
{"level":50,"time":1787715989777,"pid":37356,"hostname":"WIN-LK2TQOOAELR","name":"database-manager","msg":"[db] Initialized at C:\\Users\\ASUS\\AppData\\Local\\Temp\\sa4e18-bm0rjc\\index.db"}
{"level":50,"time":1787715989046,"pid":37356,"hostname":"WIN-LK2TQOOAELR","name":"migrations","msg":"[migrations] v1 applied"}
{"level":50,"time":1787715989047,"pid":37356,"hostname":"WIN-LK2TQOOAELR","name":"migrations","msg":"[migrations] V2: Added 0 pattern columns"}
{"level":50,"time":1787715989047,"pid":37356,"hostname":"WIN-LK2TQOOAELR","name":"migrations","msg":"[migrations] Running graph schema migrations (SQLite sync)..."}
{"level":50,"time":1787715989050,"pid":37356,"hostname":"WIN-LK2TQOOAELR","name":"migrations","msg":"[migrations] Added 9 enhanced symbol columns"}
{"level":50,"time":1787715989050,"pid":37356,"hostname":"WIN-LK2TQOOAELR","name":"migrations","msg":"[migrations] Relationships table ready"}
{"level":50,"time":1787715989051,"pid":37356,"hostname":"WIN-LK2TQOOAELR","name":"migrations","msg":"[migrations] File index table ready"}
{"level":50,"time":1787715989051,"pid":37356,"hostname":"WIN-LK2TQOOAELR","name":"migrations","msg":"[migrations] Graph metadata table ready"}
{"level":50,"time":1787715989051,"pid":37356,"hostname":"WIN-LK2TQOOAELR","name":"migrations","msg":"[migrations] Body embeddings table ready"}
{"level":50,"time":1787715989052,"pid":37356,"hostname":"WIN-LK2TQOOAELR","name":"migrations","msg":"[migrations] Schema version set to 3 (sync)"}
{"level":50,"time":1787715989059,"pid":37356,"hostname":"WIN-LK2TQOOAELR","name":"migrations","msg":"[migrations] V4: Memory tables dropped and recreated"}
{"level":50,"time":1787715989163,"pid":37356,"hostname":"WIN-LK2TQOOAELR","name":"migrations","msg":"[migrations] Applying v1: Initial schema with FTS5"}
{"level":50,"time":1787715989163,"pid":37356,"hostname":"WIN-LK2TQOOAELR","name":"migrations","msg":"[migrations] v1 applied"}
{"level":50,"time":1787715989164,"pid":37356,"hostname":"WIN-LK2TQOOAELR","name":"migrations","msg":"[migrations] V2: Added 0 pattern columns"}
{"level":50,"time":1787715989164,"pid":37356,"hostname":"WIN-LK2TQOOAELR","name":"migrations","msg":"[migrations] Running graph schema migrations (SQLite sync)..."}
{"level":50,"time":1787715989167,"pid":37356,"hostname":"WIN-LK2TQOOAELR","name":"migrations","msg":"[migrations] Added 9 enhanced symbol columns"}
{"level":50,"time":1787715989168,"pid":37356,"hostname":"WIN-LK2TQOOAELR","name":"migrations","msg":"[migrations] Relationships table ready"}
{"level":50,"time":1787715989168,"pid":37356,"hostname":"WIN-LK2TQOOAELR","name":"migrations","msg":"[migrations] File index table ready"}
{"level":50,"time":1787715989168,"pid":37356,"hostname":"WIN-LK2TQOOAELR","name":"migrations","msg":"[migrations] Graph metadata table ready"}
{"level":50,"time":1787715989168,"pid":37356,"hostname":"WIN-LK2TQOOAELR","name":"migrations","msg":"[migrations] Body embeddings table ready"}
{"level":50,"time":1787715989168,"pid":37356,"hostname":"WIN-LK2TQOOAELR","name":"migrations","msg":"[migrations] Schema version set to 3 (sync)"}
{"level":50,"time":1787715989174,"pid":37356,"hostname":"WIN-LK2TQOOAELR","name":"migrations","msg":"[migrations] V4: Memory tables dropped and recreated"}
{"level":50,"time":1787715989284,"pid":37356,"hostname":"WIN-LK2TQOOAELR","name":"migrations","msg":"[migrations] Applying v1: Initial schema with FTS5"}
{"level":50,"time":1787715989285,"pid":37356,"hostname":"WIN-LK2TQOOAELR","name":"migrations","msg":"[migrations] v1 applied"}
{"level":50,"time":1787715989285,"pid":37356,"hostname":"WIN-LK2TQOOAELR","name":"migrations","msg":"[migrations] V2: Added 0 pattern columns"}
{"level":50,"time":1787715989285,"pid":37356,"hostname":"WIN-LK2TQOOAELR","name":"migrations","msg":"[migrations] Running graph schema migrations (SQLite sync)..."}
{"level":50,"time":1787715989289,"pid":37356,"hostname":"WIN-LK2TQOOAELR","name":"migrations","msg":"[migrations] Added 9 enhanced symbol columns"}
{"level":50,"time":1787715989289,"pid":37356,"hostname":"WIN-LK2TQOOAELR","name":"migrations","msg":"[migrations] Relationships table ready"}
{"level":50,"time":1787715989289,"pid":37356,"hostname":"WIN-LK2TQOOAELR","name":"migrations","msg":"[migrations] File index table ready"}
{"level":50,"time":1787715989290,"pid":37356,"hostname":"WIN-LK2TQOOAELR","name":"migrations","msg":"[migrations] Graph metadata table ready"}
{"level":50,"time":1787715989290,"pid":37356,"hostname":"WIN-LK2TQOOAELR","name":"migrations","msg":"[migrations] Body embeddings table ready"}
{"level":50,"time":1787715989290,"pid":37356,"hostname":"WIN-LK2TQOOAELR","name":"migrations","msg":"[migrations] Schema version set to 3 (sync)"}
{"level":50,"time":1787715989295,"pid":37356,"hostname":"WIN-LK2TQOOAELR","name":"migrations","msg":"[migrations] V4: Memory tables dropped and recreated"}
{"level":50,"time":1787715989402,"pid":37356,"hostname":"WIN-LK2TQOOAELR","name":"migrations","msg":"[migrations] Applying v1: Initial schema with FTS5"}
{"level":50,"time":1787715989402,"pid":37356,"hostname":"WIN-LK2TQOOAELR","name":"migrations","msg":"[migrations] v1 applied"}
{"level":50,"time":1787715989402,"pid":37356,"hostname":"WIN-LK2TQOOAELR","name":"migrations","msg":"[migrations] V2: Added 0 pattern columns"}
{"level":50,"time":1787715989402,"pid":37356,"hostname":"WIN-LK2TQOOAELR","name":"migrations","msg":"[migrations] Running graph schema migrations (SQLite sync)..."}
{"level":50,"time":1787715989404,"pid":37356,"hostname":"WIN-LK2TQOOAELR","name":"migrations","msg":"[migrations] Added 9 enhanced symbol columns"}
{"level":50,"time":1787715989405,"pid":37356,"hostname":"WIN-LK2TQOOAELR","name":"migrations","msg":"[migrations] Relationships table ready"}
{"level":50,"time":1787715989405,"pid":37356,"hostname":"WIN-LK2TQOOAELR","name":"migrations","msg":"[migrations] File index table ready"}
{"level":50,"time":1787715989405,"pid":37356,"hostname":"WIN-LK2TQOOAELR","name":"migrations","msg":"[migrations] Graph metadata table ready"}
{"level":50,"time":1787715989405,"pid":37356,"hostname":"WIN-LK2TQOOAELR","name":"migrations","msg":"[migrations] Body embeddings table ready"}
{"level":50,"time":1787715989405,"pid":37356,"hostname":"WIN-LK2TQOOAELR","name":"migrations","msg":"[migrations] Schema version set to 3 (sync)"}
{"level":50,"time":1787715989410,"pid":37356,"hostname":"WIN-LK2TQOOAELR","name":"migrations","msg":"[migrations] V4: Memory tables dropped and recreated"}
{"level":50,"time":1787715989515,"pid":37356,"hostname":"WIN-LK2TQOOAELR","name":"migrations","msg":"[migrations] Applying v1: Initial schema with FTS5"}
{"level":50,"time":1787715989516,"pid":37356,"hostname":"WIN-LK2TQOOAELR","name":"migrations","msg":"[migrations] v1 applied"}
{"level":50,"time":1787715989516,"pid":37356,"hostname":"WIN-LK2TQOOAELR","name":"migrations","msg":"[migrations] V2: Added 0 pattern columns"}
{"level":50,"time":1787715989516,"pid":37356,"hostname":"WIN-LK2TQOOAELR","name":"migrations","msg":"[migrations] Running graph schema migrations (SQLite sync)..."}
{"level":50,"time":1787715989518,"pid":37356,"hostname":"WIN-LK2TQOOAELR","name":"migrations","msg":"[migrations] Added 9 enhanced symbol columns"}
{"level":50,"time":1787715989518,"pid":37356,"hostname":"WIN-LK2TQOOAELR","name":"migrations","msg":"[migrations] Relationships table ready"}
{"level":50,"time":1787715989518,"pid":37356,"hostname":"WIN-LK2TQOOAELR","name":"migrations","msg":"[migrations] File index table ready"}
{"level":50,"time":1787715989518,"pid":37356,"hostname":"WIN-LK2TQOOAELR","name":"migrations","msg":"[migrations] Graph metadata table ready"}
{"level":50,"time":1787715989519,"pid":37356,"hostname":"WIN-LK2TQOOAELR","name":"migrations","msg":"[migrations] Body embeddings table ready"}
{"level":50,"time":1787715989519,"pid":37356,"hostname":"WIN-LK2TQOOAELR","name":"migrations","msg":"[migrations] Schema version set to 3 (sync)"}
{"level":50,"time":1787715989523,"pid":37356,"hostname":"WIN-LK2TQOOAELR","name":"migrations","msg":"[migrations] V4: Memory tables dropped and recreated"}
{"level":50,"time":1787715989651,"pid":37356,"hostname":"WIN-LK2TQOOAELR","name":"migrations","msg":"[migrations] Applying v1: Initial schema with FTS5"}
{"level":50,"time":1787715989652,"pid":37356,"hostname":"WIN-LK2TQOOAELR","name":"migrations","msg":"[migrations] v1 applied"}
{"level":50,"time":1787715989652,"pid":37356,"hostname":"WIN-LK2TQOOAELR","name":"migrations","msg":"[migrations] V2: Added 0 pattern columns"}
{"level":50,"time":1787715989652,"pid":37356,"hostname":"WIN-LK2TQOOAELR","name":"migrations","msg":"[migrations] Running graph schema migrations (SQLite sync)..."}
{"level":50,"time":1787715989654,"pid":37356,"hostname":"WIN-LK2TQOOAELR","name":"migrations","msg":"[migrations] Added 9 enhanced symbol columns"}
{"level":50,"time":1787715989655,"pid":37356,"hostname":"WIN-LK2TQOOAELR","name":"migrations","msg":"[migrations] Relationships table ready"}
{"level":50,"time":1787715989655,"pid":37356,"hostname":"WIN-LK2TQOOAELR","name":"migrations","msg":"[migrations] File index table ready"}
{"level":50,"time":1787715989656,"pid":37356,"hostname":"WIN-LK2TQOOAELR","name":"migrations","msg":"[migrations] Graph metadata table ready"}
{"level":50,"time":1787715989656,"pid":37356,"hostname":"WIN-LK2TQOOAELR","name":"migrations","msg":"[migrations] Body embeddings table ready"}
{"level":50,"time":1787715989656,"pid":37356,"hostname":"WIN-LK2TQOOAELR","name":"migrations","msg":"[migrations] Schema version set to 3 (sync)"}
{"level":50,"time":1787715989661,"pid":37356,"hostname":"WIN-LK2TQOOAELR","name":"migrations","msg":"[migrations] V4: Memory tables dropped and recreated"}
{"level":50,"time":1787715989762,"pid":37356,"hostname":"WIN-LK2TQOOAELR","name":"migrations","msg":"[migrations] Applying v1: Initial schema with FTS5"}
{"level":50,"time":1787715989763,"pid":37356,"hostname":"WIN-LK2TQOOAELR","name":"migrations","msg":"[migrations] v1 applied"}
{"level":50,"time":1787715989763,"pid":37356,"hostname":"WIN-LK2TQOOAELR","name":"migrations","msg":"[migrations] V2: Added 0 pattern columns"}
{"level":50,"time":1787715989763,"pid":37356,"hostname":"WIN-LK2TQOOAELR","name":"migrations","msg":"[migrations] Running graph schema migrations (SQLite sync)..."}
{"level":50,"time":1787715989766,"pid":37356,"hostname":"WIN-LK2TQOOAELR","name":"migrations","msg":"[migrations] Added 9 enhanced symbol columns"}
{"level":50,"time":1787715989767,"pid":37356,"hostname":"WIN-LK2TQOOAELR","name":"migrations","msg":"[migrations] Relationships table ready"}
{"level":50,"time":1787715989767,"pid":37356,"hostname":"WIN-LK2TQOOAELR","name":"migrations","msg":"[migrations] File index table ready"}
{"level":50,"time":1787715989768,"pid":37356,"hostname":"WIN-LK2TQOOAELR","name":"migrations","msg":"[migrations] Graph metadata table ready"}
{"level":50,"time":1787715989768,"pid":37356,"hostname":"WIN-LK2TQOOAELR","name":"migrations","msg":"[migrations] Body embeddings table ready"}
{"level":50,"time":1787715989768,"pid":37356,"hostname":"WIN-LK2TQOOAELR","name":"migrations","msg":"[migrations] Schema version set to 3 (sync)"}
{"level":50,"time":1787715989775,"pid":37356,"hostname":"WIN-LK2TQOOAELR","name":"migrations","msg":"[migrations] V4: Memory tables dropped and recreated"}
{"level":30,"time":1787715989176,"pid":37356,"hostname":"WIN-LK2TQOOAELR","name":"migration-v5","msg":"[migrations] V5: multi-tenant project_id applied (legacy=default)"}
{"level":30,"time":1787715989296,"pid":37356,"hostname":"WIN-LK2TQOOAELR","name":"migration-v5","msg":"[migrations] V5: multi-tenant project_id applied (legacy=default)"}
{"level":30,"time":1787715989411,"pid":37356,"hostname":"WIN-LK2TQOOAELR","name":"migration-v5","msg":"[migrations] V5: multi-tenant project_id applied (legacy=default)"}
{"level":30,"time":1787715989524,"pid":37356,"hostname":"WIN-LK2TQOOAELR","name":"migration-v5","msg":"[migrations] V5: multi-tenant project_id applied (legacy=default)"}
{"level":30,"time":1787715989663,"pid":37356,"hostname":"WIN-LK2TQOOAELR","name":"migration-v5","msg":"[migrations] V5: multi-tenant project_id applied (legacy=default)"}
{"level":30,"time":1787715989777,"pid":37356,"hostname":"WIN-LK2TQOOAELR","name":"migration-v5","msg":"[migrations] V5: multi-tenant project_id applied (legacy=default)"}
{"level":50,"time":1787715990176,"pid":37356,"hostname":"WIN-LK2TQOOAELR","name":"database-manager","msg":"[db] Connection closed"}
{"level":50,"time":1787715990217,"pid":37356,"hostname":"WIN-LK2TQOOAELR","name":"migrations","msg":"[migrations] Applying v1: Initial schema with FTS5"}
{"level":30,"time":1787715990225,"pid":37356,"hostname":"WIN-LK2TQOOAELR","name":"migration-v5","msg":"[migrations] V5: multi-tenant project_id applied (legacy=default)"}
{"level":50,"time":1787715990180,"pid":37356,"hostname":"WIN-LK2TQOOAELR","name":"database-manager","msg":"[db] Using native binding: C:\\Users\\ASUS\\.code-intel\\native-addons\\better-sqlite3\\v12.10.0\\node-v22-win32-x64\\better_sqlite3.node"}
{"level":50,"time":1787715990201,"pid":37356,"hostname":"WIN-LK2TQOOAELR","name":"database-manager","msg":"[db] Pre-V5 backup written to C:\\Users\\ASUS\\AppData\\Local\\Temp\\sa4e18-2DrgNK\\index.db.pre-v5.bak"}
{"level":50,"time":1787715990226,"pid":37356,"hostname":"WIN-LK2TQOOAELR","name":"database-manager","msg":"[db] Initialized at C:\\Users\\ASUS\\AppData\\Local\\Temp\\sa4e18-2DrgNK\\index.db"}
{"level":50,"time":1787715990291,"pid":37356,"hostname":"WIN-LK2TQOOAELR","name":"database-manager","msg":"[db] Connection closed"}
{"level":50,"time":1787715990294,"pid":37356,"hostname":"WIN-LK2TQOOAELR","name":"database-manager","msg":"[db] Using native binding: C:\\Users\\ASUS\\.code-intel\\native-addons\\better-sqlite3\\v12.10.0\\node-v22-win32-x64\\better_sqlite3.node"}
{"level":50,"time":1787715990317,"pid":37356,"hostname":"WIN-LK2TQOOAELR","name":"database-manager","msg":"[db] Pre-V5 backup written to C:\\Users\\ASUS\\AppData\\Local\\Temp\\sa4e18-hb7E0V\\index.db.pre-v5.bak"}
{"level":50,"time":1787715990334,"pid":37356,"hostname":"WIN-LK2TQOOAELR","name":"database-manager","msg":"[db] Initialized at C:\\Users\\ASUS\\AppData\\Local\\Temp\\sa4e18-hb7E0V\\index.db"}
{"level":50,"time":1787715990397,"pid":37356,"hostname":"WIN-LK2TQOOAELR","name":"database-manager","msg":"[db] Connection closed"}
{"level":50,"time":1787715990400,"pid":37356,"hostname":"WIN-LK2TQOOAELR","name":"database-manager","msg":"[db] Using native binding: C:\\Users\\ASUS\\.code-intel\\native-addons\\better-sqlite3\\v12.10.0\\node-v22-win32-x64\\better_sqlite3.node"}
{"level":50,"time":1787715990416,"pid":37356,"hostname":"WIN-LK2TQOOAELR","name":"database-manager","msg":"[db] Pre-V5 backup written to C:\\Users\\ASUS\\AppData\\Local\\Temp\\sa4e18-X6rUrl\\index.db.pre-v5.bak"}
{"level":50,"time":1787715990442,"pid":37356,"hostname":"WIN-LK2TQOOAELR","name":"database-manager","msg":"[db] Initialized at C:\\Users\\ASUS\\AppData\\Local\\Temp\\sa4e18-X6rUrl\\index.db"}
{"level":50,"time":1787715990521,"pid":37356,"hostname":"WIN-LK2TQOOAELR","name":"database-manager","msg":"[db] Connection closed"}
{"level":50,"time":1787715990524,"pid":37356,"hostname":"WIN-LK2TQOOAELR","name":"database-manager","msg":"[db] Using native binding: C:\\Users\\ASUS\\.code-intel\\native-addons\\better-sqlite3\\v12.10.0\\node-v22-win32-x64\\better_sqlite3.node"}
{"level":50,"time":1787715990544,"pid":37356,"hostname":"WIN-LK2TQOOAELR","name":"database-manager","msg":"[db] Pre-V5 backup written to C:\\Users\\ASUS\\AppData\\Local\\Temp\\sa4e18-9vCtfv\\index.db.pre-v5.bak"}
{"level":50,"time":1787715990561,"pid":37356,"hostname":"WIN-LK2TQOOAELR","name":"database-manager","msg":"[db] Initialized at C:\\Users\\ASUS\\AppData\\Local\\Temp\\sa4e18-9vCtfv\\index.db"}
{"level":50,"time":1787715990628,"pid":37356,"hostname":"WIN-LK2TQOOAELR","name":"database-manager","msg":"[db] Connection closed"}
{"level":50,"time":1787715990630,"pid":37356,"hostname":"WIN-LK2TQOOAELR","name":"database-manager","msg":"[db] Using native binding: C:\\Users\\ASUS\\.code-intel\\native-addons\\better-sqlite3\\v12.10.0\\node-v22-win32-x64\\better_sqlite3.node"}
{"level":50,"time":1787715990651,"pid":37356,"hostname":"WIN-LK2TQOOAELR","name":"database-manager","msg":"[db] Pre-V5 backup written to C:\\Users\\ASUS\\AppData\\Local\\Temp\\sa4e18-oJpJyz\\index.db.pre-v5.bak"}
{"level":50,"time":1787715990676,"pid":37356,"hostname":"WIN-LK2TQOOAELR","name":"database-manager","msg":"[db] Initialized at C:\\Users\\ASUS\\AppData\\Local\\Temp\\sa4e18-oJpJyz\\index.db"}
{"level":50,"time":1787715990749,"pid":37356,"hostname":"WIN-LK2TQOOAELR","name":"database-manager","msg":"[db] Connection closed"}
{"level":50,"time":1787715990751,"pid":37356,"hostname":"WIN-LK2TQOOAELR","name":"database-manager","msg":"[db] Using native binding: C:\\Users\\ASUS\\.code-intel\\native-addons\\better-sqlite3\\v12.10.0\\node-v22-win32-x64\\better_sqlite3.node"}
{"level":50,"time":1787715990771,"pid":37356,"hostname":"WIN-LK2TQOOAELR","name":"database-manager","msg":"[db] Pre-V5 backup written to C:\\Users\\ASUS\\AppData\\Local\\Temp\\sa4e18-YZkk3I\\index.db.pre-v5.bak"}
{"level":50,"time":1787715990788,"pid":37356,"hostname":"WIN-LK2TQOOAELR","name":"database-manager","msg":"[db] Initialized at C:\\Users\\ASUS\\AppData\\Local\\Temp\\sa4e18-YZkk3I\\index.db"}
{"level":50,"time":1787715990217,"pid":37356,"hostname":"WIN-LK2TQOOAELR","name":"migrations","msg":"[migrations] v1 applied"}
{"level":50,"time":1787715990217,"pid":37356,"hostname":"WIN-LK2TQOOAELR","name":"migrations","msg":"[migrations] V2: Added 0 pattern columns"}
{"level":50,"time":1787715990217,"pid":37356,"hostname":"WIN-LK2TQOOAELR","name":"migrations","msg":"[migrations] Running graph schema migrations (SQLite sync)..."}
{"level":50,"time":1787715990219,"pid":37356,"hostname":"WIN-LK2TQOOAELR","name":"migrations","msg":"[migrations] Added 9 enhanced symbol columns"}
{"level":50,"time":1787715990220,"pid":37356,"hostname":"WIN-LK2TQOOAELR","name":"migrations","msg":"[migrations] Relationships table ready"}
{"level":50,"time":1787715990220,"pid":37356,"hostname":"WIN-LK2TQOOAELR","name":"migrations","msg":"[migrations] File index table ready"}
{"level":50,"time":1787715990220,"pid":37356,"hostname":"WIN-LK2TQOOAELR","name":"migrations","msg":"[migrations] Graph metadata table ready"}
{"level":50,"time":1787715990220,"pid":37356,"hostname":"WIN-LK2TQOOAELR","name":"migrations","msg":"[migrations] Body embeddings table ready"}
{"level":50,"time":1787715990220,"pid":37356,"hostname":"WIN-LK2TQOOAELR","name":"migrations","msg":"[migrations] Schema version set to 3 (sync)"}
{"level":50,"time":1787715990225,"pid":37356,"hostname":"WIN-LK2TQOOAELR","name":"migrations","msg":"[migrations] V4: Memory tables dropped and recreated"}
{"level":50,"time":1787715990325,"pid":37356,"hostname":"WIN-LK2TQOOAELR","name":"migrations","msg":"[migrations] Applying v1: Initial schema with FTS5"}
{"level":50,"time":1787715990325,"pid":37356,"hostname":"WIN-LK2TQOOAELR","name":"migrations","msg":"[migrations] v1 applied"}
{"level":50,"time":1787715990325,"pid":37356,"hostname":"WIN-LK2TQOOAELR","name":"migrations","msg":"[migrations] V2: Added 0 pattern columns"}
{"level":50,"time":1787715990325,"pid":37356,"hostname":"WIN-LK2TQOOAELR","name":"migrations","msg":"[migrations] Running graph schema migrations (SQLite sync)..."}
{"level":50,"time":1787715990327,"pid":37356,"hostname":"WIN-LK2TQOOAELR","name":"migrations","msg":"[migrations] Added 9 enhanced symbol columns"}
{"level":50,"time":1787715990328,"pid":37356,"hostname":"WIN-LK2TQOOAELR","name":"migrations","msg":"[migrations] Relationships table ready"}
{"level":50,"time":1787715990328,"pid":37356,"hostname":"WIN-LK2TQOOAELR","name":"migrations","msg":"[migrations] File index table ready"}
{"level":50,"time":1787715990328,"pid":37356,"hostname":"WIN-LK2TQOOAELR","name":"migrations","msg":"[migrations] Graph metadata table ready"}
{"level":50,"time":1787715990328,"pid":37356,"hostname":"WIN-LK2TQOOAELR","name":"migrations","msg":"[migrations] Body embeddings table ready"}
{"level":50,"time":1787715990328,"pid":37356,"hostname":"WIN-LK2TQOOAELR","name":"migrations","msg":"[migrations] Schema version set to 3 (sync)"}
{"level":50,"time":1787715990333,"pid":37356,"hostname":"WIN-LK2TQOOAELR","name":"migrations","msg":"[migrations] V4: Memory tables dropped and recreated"}
{"level":50,"time":1787715990433,"pid":37356,"hostname":"WIN-LK2TQOOAELR","name":"migrations","msg":"[migrations] Applying v1: Initial schema with FTS5"}
{"level":50,"time":1787715990433,"pid":37356,"hostname":"WIN-LK2TQOOAELR","name":"migrations","msg":"[migrations] v1 applied"}
{"level":50,"time":1787715990433,"pid":37356,"hostname":"WIN-LK2TQOOAELR","name":"migrations","msg":"[migrations] V2: Added 0 pattern columns"}
{"level":50,"time":1787715990433,"pid":37356,"hostname":"WIN-LK2TQOOAELR","name":"migrations","msg":"[migrations] Running graph schema migrations (SQLite sync)..."}
{"level":50,"time":1787715990435,"pid":37356,"hostname":"WIN-LK2TQOOAELR","name":"migrations","msg":"[migrations] Added 9 enhanced symbol columns"}
{"level":50,"time":1787715990436,"pid":37356,"hostname":"WIN-LK2TQOOAELR","name":"migrations","msg":"[migrations] Relationships table ready"}
{"level":50,"time":1787715990436,"pid":37356,"hostname":"WIN-LK2TQOOAELR","name":"migrations","msg":"[migrations] File index table ready"}
{"level":50,"time":1787715990436,"pid":37356,"hostname":"WIN-LK2TQOOAELR","name":"migrations","msg":"[migrations] Graph metadata table ready"}
{"level":50,"time":1787715990436,"pid":37356,"hostname":"WIN-LK2TQOOAELR","name":"migrations","msg":"[migrations] Body embeddings table ready"}
{"level":50,"time":1787715990436,"pid":37356,"hostname":"WIN-LK2TQOOAELR","name":"migrations","msg":"[migrations] Schema version set to 3 (sync)"}
{"level":50,"time":1787715990441,"pid":37356,"hostname":"WIN-LK2TQOOAELR","name":"migrations","msg":"[migrations] V4: Memory tables dropped and recreated"}
{"level":50,"time":1787715990552,"pid":37356,"hostname":"WIN-LK2TQOOAELR","name":"migrations","msg":"[migrations] Applying v1: Initial schema with FTS5"}
{"level":50,"time":1787715990552,"pid":37356,"hostname":"WIN-LK2TQOOAELR","name":"migrations","msg":"[migrations] v1 applied"}
{"level":50,"time":1787715990552,"pid":37356,"hostname":"WIN-LK2TQOOAELR","name":"migrations","msg":"[migrations] V2: Added 0 pattern columns"}
{"level":50,"time":1787715990552,"pid":37356,"hostname":"WIN-LK2TQOOAELR","name":"migrations","msg":"[migrations] Running graph schema migrations (SQLite sync)..."}
{"level":50,"time":1787715990554,"pid":37356,"hostname":"WIN-LK2TQOOAELR","name":"migrations","msg":"[migrations] Added 9 enhanced symbol columns"}
{"level":50,"time":1787715990555,"pid":37356,"hostname":"WIN-LK2TQOOAELR","name":"migrations","msg":"[migrations] Relationships table ready"}
{"level":50,"time":1787715990555,"pid":37356,"hostname":"WIN-LK2TQOOAELR","name":"migrations","msg":"[migrations] File index table ready"}
{"level":50,"time":1787715990555,"pid":37356,"hostname":"WIN-LK2TQOOAELR","name":"migrations","msg":"[migrations] Graph metadata table ready"}
{"level":50,"time":1787715990555,"pid":37356,"hostname":"WIN-LK2TQOOAELR","name":"migrations","msg":"[migrations] Body embeddings table ready"}
{"level":50,"time":1787715990555,"pid":37356,"hostname":"WIN-LK2TQOOAELR","name":"migrations","msg":"[migrations] Schema version set to 3 (sync)"}
{"level":50,"time":1787715990560,"pid":37356,"hostname":"WIN-LK2TQOOAELR","name":"migrations","msg":"[migrations] V4: Memory tables dropped and recreated"}
{"level":50,"time":1787715990568,"pid":37356,"hostname":"WIN-LK2TQOOAELR","name":"migrations","msg":"[migrations] SA4E-42: added mcp_tools.server column"}
{"level":50,"time":1787715990666,"pid":37356,"hostname":"WIN-LK2TQOOAELR","name":"migrations","msg":"[migrations] Applying v1: Initial schema with FTS5"}
{"level":50,"time":1787715990666,"pid":37356,"hostname":"WIN-LK2TQOOAELR","name":"migrations","msg":"[migrations] v1 applied"}
{"level":50,"time":1787715990667,"pid":37356,"hostname":"WIN-LK2TQOOAELR","name":"migrations","msg":"[migrations] V2: Added 0 pattern columns"}
{"level":50,"time":1787715990667,"pid":37356,"hostname":"WIN-LK2TQOOAELR","name":"migrations","msg":"[migrations] Running graph schema migrations (SQLite sync)..."}
{"level":50,"time":1787715990669,"pid":37356,"hostname":"WIN-LK2TQOOAELR","name":"migrations","msg":"[migrations] Added 9 enhanced symbol columns"}
{"level":50,"time":1787715990670,"pid":37356,"hostname":"WIN-LK2TQOOAELR","name":"migrations","msg":"[migrations] Relationships table ready"}
{"level":50,"time":1787715990670,"pid":37356,"hostname":"WIN-LK2TQOOAELR","name":"migrations","msg":"[migrations] File index table ready"}
{"level":50,"time":1787715990670,"pid":37356,"hostname":"WIN-LK2TQOOAELR","name":"migrations","msg":"[migrations] Graph metadata table ready"}
{"level":50,"time":1787715990670,"pid":37356,"hostname":"WIN-LK2TQOOAELR","name":"migrations","msg":"[migrations] Body embeddings table ready"}
{"level":50,"time":1787715990670,"pid":37356,"hostname":"WIN-LK2TQOOAELR","name":"migrations","msg":"[migrations] Schema version set to 3 (sync)"}
{"level":50,"time":1787715990675,"pid":37356,"hostname":"WIN-LK2TQOOAELR","name":"migrations","msg":"[migrations] V4: Memory tables dropped and recreated"}
{"level":50,"time":1787715990779,"pid":37356,"hostname":"WIN-LK2TQOOAELR","name":"migrations","msg":"[migrations] Applying v1: Initial schema with FTS5"}
{"level":50,"time":1787715990780,"pid":37356,"hostname":"WIN-LK2TQOOAELR","name":"migrations","msg":"[migrations] v1 applied"}
{"level":50,"time":1787715990780,"pid":37356,"hostname":"WIN-LK2TQOOAELR","name":"migrations","msg":"[migrations] V2: Added 0 pattern columns"}
{"level":50,"time":1787715990780,"pid":37356,"hostname":"WIN-LK2TQOOAELR","name":"migrations","msg":"[migrations] Running graph schema migrations (SQLite sync)..."}
{"level":50,"time":1787715990782,"pid":37356,"hostname":"WIN-LK2TQOOAELR","name":"migrations","msg":"[migrations] Added 9 enhanced symbol columns"}
{"level":50,"time":1787715990782,"pid":37356,"hostname":"WIN-LK2TQOOAELR","name":"migrations","msg":"[migrations] Relationships table ready"}
{"level":50,"time":1787715990782,"pid":37356,"hostname":"WIN-LK2TQOOAELR","name":"migrations","msg":"[migrations] File index table ready"}
{"level":50,"time":1787715990783,"pid":37356,"hostname":"WIN-LK2TQOOAELR","name":"migrations","msg":"[migrations] Graph metadata table ready"}
{"level":50,"time":1787715990783,"pid":37356,"hostname":"WIN-LK2TQOOAELR","name":"migrations","msg":"[migrations] Body embeddings table ready"}
{"level":50,"time":1787715990783,"pid":37356,"hostname":"WIN-LK2TQOOAELR","name":"migrations","msg":"[migrations] Schema version set to 3 (sync)"}
{"level":50,"time":1787715990787,"pid":37356,"hostname":"WIN-LK2TQOOAELR","name":"migrations","msg":"[migrations] V4: Memory tables dropped and recreated"}
{"level":30,"time":1787715990334,"pid":37356,"hostname":"WIN-LK2TQOOAELR","name":"migration-v5","msg":"[migrations] V5: multi-tenant project_id applied (legacy=default)"}
{"level":30,"time":1787715990442,"pid":37356,"hostname":"WIN-LK2TQOOAELR","name":"migration-v5","msg":"[migrations] V5: multi-tenant project_id applied (legacy=default)"}
{"level":30,"time":1787715990561,"pid":37356,"hostname":"WIN-LK2TQOOAELR","name":"migration-v5","msg":"[migrations] V5: multi-tenant project_id applied (legacy=default)"}
{"level":30,"time":1787715990676,"pid":37356,"hostname":"WIN-LK2TQOOAELR","name":"migration-v5","msg":"[migrations] V5: multi-tenant project_id applied (legacy=default)"}
{"level":30,"time":1787715990788,"pid":37356,"hostname":"WIN-LK2TQOOAELR","name":"migration-v5","msg":"[migrations] V5: multi-tenant project_id applied (legacy=default)"}
{"level":50,"time":1787715990871,"pid":37356,"hostname":"WIN-LK2TQOOAELR","name":"database-manager","msg":"[db] Connection closed"}
{"level":50,"time":1787715993643,"pid":45612,"hostname":"WIN-LK2TQOOAELR","name":"database-manager","msg":"[db] Using native binding: C:\\Users\\ASUS\\.code-intel\\native-addons\\better-sqlite3\\v12.10.0\\node-v22-win32-x64\\better_sqlite3.node"}
{"level":50,"time":1787715993716,"pid":45612,"hostname":"WIN-LK2TQOOAELR","name":"migrations","msg":"[migrations] Applying v1: Initial schema with FTS5"}
{"level":30,"time":1787715993733,"pid":45612,"hostname":"WIN-LK2TQOOAELR","name":"migration-v5","msg":"[migrations] V5: multi-tenant project_id applied (legacy=default)"}
{"level":50,"time":1787715993673,"pid":45612,"hostname":"WIN-LK2TQOOAELR","name":"database-manager","msg":"[db] Pre-V5 backup written to C:\\Users\\ASUS\\AppData\\Local\\Temp\\sa4e18-uL5zH8\\index.db.pre-v5.bak"}
{"level":50,"time":1787715993733,"pid":45612,"hostname":"WIN-LK2TQOOAELR","name":"database-manager","msg":"[db] Initialized at C:\\Users\\ASUS\\AppData\\Local\\Temp\\sa4e18-uL5zH8\\index.db"}
{"level":50,"time":1787715993787,"pid":45612,"hostname":"WIN-LK2TQOOAELR","name":"database-manager","msg":"[db] Connection closed"}
{"level":50,"time":1787715993792,"pid":45612,"hostname":"WIN-LK2TQOOAELR","name":"database-manager","msg":"[db] Using native binding: C:\\Users\\ASUS\\.code-intel\\native-addons\\better-sqlite3\\v12.10.0\\node-v22-win32-x64\\better_sqlite3.node"}
{"level":50,"time":1787715993814,"pid":45612,"hostname":"WIN-LK2TQOOAELR","name":"database-manager","msg":"[db] Pre-V5 backup written to C:\\Users\\ASUS\\AppData\\Local\\Temp\\sa4e18-AnyT2n\\index.db.pre-v5.bak"}
{"level":50,"time":1787715993850,"pid":45612,"hostname":"WIN-LK2TQOOAELR","name":"database-manager","msg":"[db] Initialized at C:\\Users\\ASUS\\AppData\\Local\\Temp\\sa4e18-AnyT2n\\index.db"}
{"level":50,"time":1787715993920,"pid":45612,"hostname":"WIN-LK2TQOOAELR","name":"database-manager","msg":"[db] Connection closed"}
{"level":50,"time":1787715993924,"pid":45612,"hostname":"WIN-LK2TQOOAELR","name":"database-manager","msg":"[db] Using native binding: C:\\Users\\ASUS\\.code-intel\\native-addons\\better-sqlite3\\v12.10.0\\node-v22-win32-x64\\better_sqlite3.node"}
{"level":50,"time":1787715993945,"pid":45612,"hostname":"WIN-LK2TQOOAELR","name":"database-manager","msg":"[db] Pre-V5 backup written to C:\\Users\\ASUS\\AppData\\Local\\Temp\\sa4e18-6eaNwE\\index.db.pre-v5.bak"}
{"level":50,"time":1787715993969,"pid":45612,"hostname":"WIN-LK2TQOOAELR","name":"database-manager","msg":"[db] Initialized at C:\\Users\\ASUS\\AppData\\Local\\Temp\\sa4e18-6eaNwE\\index.db"}
{"level":50,"time":1787715994029,"pid":45612,"hostname":"WIN-LK2TQOOAELR","name":"database-manager","msg":"[db] Connection closed"}
{"level":50,"time":1787715994032,"pid":45612,"hostname":"WIN-LK2TQOOAELR","name":"database-manager","msg":"[db] Using native binding: C:\\Users\\ASUS\\.code-intel\\native-addons\\better-sqlite3\\v12.10.0\\node-v22-win32-x64\\better_sqlite3.node"}
{"level":50,"time":1787715994054,"pid":45612,"hostname":"WIN-LK2TQOOAELR","name":"database-manager","msg":"[db] Pre-V5 backup written to C:\\Users\\ASUS\\AppData\\Local\\Temp\\sa4e18-BgLQCy\\index.db.pre-v5.bak"}
{"level":50,"time":1787715994081,"pid":45612,"hostname":"WIN-LK2TQOOAELR","name":"database-manager","msg":"[db] Initialized at C:\\Users\\ASUS\\AppData\\Local\\Temp\\sa4e18-BgLQCy\\index.db"}
{"level":50,"time":1787715994158,"pid":45612,"hostname":"WIN-LK2TQOOAELR","name":"database-manager","msg":"[db] Connection closed"}
{"level":50,"time":1787715994161,"pid":45612,"hostname":"WIN-LK2TQOOAELR","name":"database-manager","msg":"[db] Using native binding: C:\\Users\\ASUS\\.code-intel\\native-addons\\better-sqlite3\\v12.10.0\\node-v22-win32-x64\\better_sqlite3.node"}
{"level":50,"time":1787715994180,"pid":45612,"hostname":"WIN-LK2TQOOAELR","name":"database-manager","msg":"[db] Pre-V5 backup written to C:\\Users\\ASUS\\AppData\\Local\\Temp\\sa4e18-IyA8K9\\index.db.pre-v5.bak"}
{"level":50,"time":1787715994209,"pid":45612,"hostname":"WIN-LK2TQOOAELR","name":"database-manager","msg":"[db] Initialized at C:\\Users\\ASUS\\AppData\\Local\\Temp\\sa4e18-IyA8K9\\index.db"}
{"level":50,"time":1787715994270,"pid":45612,"hostname":"WIN-LK2TQOOAELR","name":"database-manager","msg":"[db] Connection closed"}
{"level":50,"time":1787715994274,"pid":45612,"hostname":"WIN-LK2TQOOAELR","name":"database-manager","msg":"[db] Using native binding: C:\\Users\\ASUS\\.code-intel\\native-addons\\better-sqlite3\\v12.10.0\\node-v22-win32-x64\\better_sqlite3.node"}
{"level":50,"time":1787715994295,"pid":45612,"hostname":"WIN-LK2TQOOAELR","name":"database-manager","msg":"[db] Pre-V5 backup written to C:\\Users\\ASUS\\AppData\\Local\\Temp\\sa4e18-MDBveM\\index.db.pre-v5.bak"}
{"level":50,"time":1787715994316,"pid":45612,"hostname":"WIN-LK2TQOOAELR","name":"database-manager","msg":"[db] Initialized at C:\\Users\\ASUS\\AppData\\Local\\Temp\\sa4e18-MDBveM\\index.db"}
{"level":50,"time":1787715994376,"pid":45612,"hostname":"WIN-LK2TQOOAELR","name":"database-manager","msg":"[db] Connection closed"}
{"level":50,"time":1787715994379,"pid":45612,"hostname":"WIN-LK2TQOOAELR","name":"database-manager","msg":"[db] Using native binding: C:\\Users\\ASUS\\.code-intel\\native-addons\\better-sqlite3\\v12.10.0\\node-v22-win32-x64\\better_sqlite3.node"}
{"level":50,"time":1787715994400,"pid":45612,"hostname":"WIN-LK2TQOOAELR","name":"database-manager","msg":"[db] Pre-V5 backup written to C:\\Users\\ASUS\\AppData\\Local\\Temp\\sa4e18-FKybor\\index.db.pre-v5.bak"}
{"level":50,"time":1787715994420,"pid":45612,"hostname":"WIN-LK2TQOOAELR","name":"database-manager","msg":"[db] Initialized at C:\\Users\\ASUS\\AppData\\Local\\Temp\\sa4e18-FKybor\\index.db"}
{"level":50,"time":1787715995028,"pid":45612,"hostname":"WIN-LK2TQOOAELR","name":"database-manager","msg":"[db] Connection closed"}
{"level":50,"time":1787715995031,"pid":45612,"hostname":"WIN-LK2TQOOAELR","name":"database-manager","msg":"[db] Using native binding: C:\\Users\\ASUS\\.code-intel\\native-addons\\better-sqlite3\\v12.10.0\\node-v22-win32-x64\\better_sqlite3.node"}
{"level":50,"time":1787715995048,"pid":45612,"hostname":"WIN-LK2TQOOAELR","name":"database-manager","msg":"[db] Pre-V5 backup written to C:\\Users\\ASUS\\AppData\\Local\\Temp\\sa4e18-RTlMwD\\index.db.pre-v5.bak"}
{"level":50,"time":1787715995079,"pid":45612,"hostname":"WIN-LK2TQOOAELR","name":"database-manager","msg":"[db] Initialized at C:\\Users\\ASUS\\AppData\\Local\\Temp\\sa4e18-RTlMwD\\index.db"}
{"level":50,"time":1787715995158,"pid":45612,"hostname":"WIN-LK2TQOOAELR","name":"database-manager","msg":"[db] Connection closed"}
{"level":50,"time":1787715995162,"pid":45612,"hostname":"WIN-LK2TQOOAELR","name":"database-manager","msg":"[db] Using native binding: C:\\Users\\ASUS\\.code-intel\\native-addons\\better-sqlite3\\v12.10.0\\node-v22-win32-x64\\better_sqlite3.node"}
{"level":50,"time":1787715995181,"pid":45612,"hostname":"WIN-LK2TQOOAELR","name":"database-manager","msg":"[db] Pre-V5 backup written to C:\\Users\\ASUS\\AppData\\Local\\Temp\\sa4e18-dqMS0s\\index.db.pre-v5.bak"}
{"level":50,"time":1787715995209,"pid":45612,"hostname":"WIN-LK2TQOOAELR","name":"database-manager","msg":"[db] Initialized at C:\\Users\\ASUS\\AppData\\Local\\Temp\\sa4e18-dqMS0s\\index.db"}
{"level":50,"time":1787715995271,"pid":45612,"hostname":"WIN-LK2TQOOAELR","name":"database-manager","msg":"[db] Connection closed"}
{"level":50,"time":1787715993717,"pid":45612,"hostname":"WIN-LK2TQOOAELR","name":"migrations","msg":"[migrations] v1 applied"}
{"level":50,"time":1787715993717,"pid":45612,"hostname":"WIN-LK2TQOOAELR","name":"migrations","msg":"[migrations] V2: Added 0 pattern columns"}
{"level":50,"time":1787715993717,"pid":45612,"hostname":"WIN-LK2TQOOAELR","name":"migrations","msg":"[migrations] Running graph schema migrations (SQLite sync)..."}
{"level":50,"time":1787715993721,"pid":45612,"hostname":"WIN-LK2TQOOAELR","name":"migrations","msg":"[migrations] Added 9 enhanced symbol columns"}
{"level":50,"time":1787715993722,"pid":45612,"hostname":"WIN-LK2TQOOAELR","name":"migrations","msg":"[migrations] Relationships table ready"}
{"level":50,"time":1787715993722,"pid":45612,"hostname":"WIN-LK2TQOOAELR","name":"migrations","msg":"[migrations] File index table ready"}
{"level":50,"time":1787715993722,"pid":45612,"hostname":"WIN-LK2TQOOAELR","name":"migrations","msg":"[migrations] Graph metadata table ready"}
{"level":50,"time":1787715993723,"pid":45612,"hostname":"WIN-LK2TQOOAELR","name":"migrations","msg":"[migrations] Body embeddings table ready"}
{"level":50,"time":1787715993723,"pid":45612,"hostname":"WIN-LK2TQOOAELR","name":"migrations","msg":"[migrations] Schema version set to 3 (sync)"}
{"level":50,"time":1787715993730,"pid":45612,"hostname":"WIN-LK2TQOOAELR","name":"migrations","msg":"[migrations] V4: Memory tables dropped and recreated"}
{"level":50,"time":1787715993834,"pid":45612,"hostname":"WIN-LK2TQOOAELR","name":"migrations","msg":"[migrations] Applying v1: Initial schema with FTS5"}
{"level":50,"time":1787715993835,"pid":45612,"hostname":"WIN-LK2TQOOAELR","name":"migrations","msg":"[migrations] v1 applied"}
{"level":50,"time":1787715993835,"pid":45612,"hostname":"WIN-LK2TQOOAELR","name":"migrations","msg":"[migrations] V2: Added 0 pattern columns"}
{"level":50,"time":1787715993835,"pid":45612,"hostname":"WIN-LK2TQOOAELR","name":"migrations","msg":"[migrations] Running graph schema migrations (SQLite sync)..."}
{"level":50,"time":1787715993838,"pid":45612,"hostname":"WIN-LK2TQOOAELR","name":"migrations","msg":"[migrations] Added 9 enhanced symbol columns"}
{"level":50,"time":1787715993839,"pid":45612,"hostname":"WIN-LK2TQOOAELR","name":"migrations","msg":"[migrations] Relationships table ready"}
{"level":50,"time":1787715993839,"pid":45612,"hostname":"WIN-LK2TQOOAELR","name":"migrations","msg":"[migrations] File index table ready"}
{"level":50,"time":1787715993839,"pid":45612,"hostname":"WIN-LK2TQOOAELR","name":"migrations","msg":"[migrations] Graph metadata table ready"}
{"level":50,"time":1787715993840,"pid":45612,"hostname":"WIN-LK2TQOOAELR","name":"migrations","msg":"[migrations] Body embeddings table ready"}
{"level":50,"time":1787715993840,"pid":45612,"hostname":"WIN-LK2TQOOAELR","name":"migrations","msg":"[migrations] Schema version set to 3 (sync)"}
{"level":50,"time":1787715993848,"pid":45612,"hostname":"WIN-LK2TQOOAELR","name":"migrations","msg":"[migrations] V4: Memory tables dropped and recreated"}
{"level":50,"time":1787715993954,"pid":45612,"hostname":"WIN-LK2TQOOAELR","name":"migrations","msg":"[migrations] Applying v1: Initial schema with FTS5"}
{"level":50,"time":1787715993955,"pid":45612,"hostname":"WIN-LK2TQOOAELR","name":"migrations","msg":"[migrations] v1 applied"}
{"level":50,"time":1787715993955,"pid":45612,"hostname":"WIN-LK2TQOOAELR","name":"migrations","msg":"[migrations] V2: Added 0 pattern columns"}
{"level":50,"time":1787715993955,"pid":45612,"hostname":"WIN-LK2TQOOAELR","name":"migrations","msg":"[migrations] Running graph schema migrations (SQLite sync)..."}
{"level":50,"time":1787715993958,"pid":45612,"hostname":"WIN-LK2TQOOAELR","name":"migrations","msg":"[migrations] Added 9 enhanced symbol columns"}
{"level":50,"time":1787715993959,"pid":45612,"hostname":"WIN-LK2TQOOAELR","name":"migrations","msg":"[migrations] Relationships table ready"}
{"level":50,"time":1787715993959,"pid":45612,"hostname":"WIN-LK2TQOOAELR","name":"migrations","msg":"[migrations] File index table ready"}
{"level":50,"time":1787715993960,"pid":45612,"hostname":"WIN-LK2TQOOAELR","name":"migrations","msg":"[migrations] Graph metadata table ready"}
{"level":50,"time":1787715993960,"pid":45612,"hostname":"WIN-LK2TQOOAELR","name":"migrations","msg":"[migrations] Body embeddings table ready"}
{"level":50,"time":1787715993960,"pid":45612,"hostname":"WIN-LK2TQOOAELR","name":"migrations","msg":"[migrations] Schema version set to 3 (sync)"}
{"level":50,"time":1787715993968,"pid":45612,"hostname":"WIN-LK2TQOOAELR","name":"migrations","msg":"[migrations] V4: Memory tables dropped and recreated"}
{"level":50,"time":1787715994069,"pid":45612,"hostname":"WIN-LK2TQOOAELR","name":"migrations","msg":"[migrations] Applying v1: Initial schema with FTS5"}
{"level":50,"time":1787715994070,"pid":45612,"hostname":"WIN-LK2TQOOAELR","name":"migrations","msg":"[migrations] v1 applied"}
{"level":50,"time":1787715994070,"pid":45612,"hostname":"WIN-LK2TQOOAELR","name":"migrations","msg":"[migrations] V2: Added 0 pattern columns"}
{"level":50,"time":1787715994070,"pid":45612,"hostname":"WIN-LK2TQOOAELR","name":"migrations","msg":"[migrations] Running graph schema migrations (SQLite sync)..."}
{"level":50,"time":1787715994072,"pid":45612,"hostname":"WIN-LK2TQOOAELR","name":"migrations","msg":"[migrations] Added 9 enhanced symbol columns"}
{"level":50,"time":1787715994073,"pid":45612,"hostname":"WIN-LK2TQOOAELR","name":"migrations","msg":"[migrations] Relationships table ready"}
{"level":50,"time":1787715994073,"pid":45612,"hostname":"WIN-LK2TQOOAELR","name":"migrations","msg":"[migrations] File index table ready"}
{"level":50,"time":1787715994073,"pid":45612,"hostname":"WIN-LK2TQOOAELR","name":"migrations","msg":"[migrations] Graph metadata table ready"}
{"level":50,"time":1787715994074,"pid":45612,"hostname":"WIN-LK2TQOOAELR","name":"migrations","msg":"[migrations] Body embeddings table ready"}
{"level":50,"time":1787715994074,"pid":45612,"hostname":"WIN-LK2TQOOAELR","name":"migrations","msg":"[migrations] Schema version set to 3 (sync)"}
{"level":50,"time":1787715994080,"pid":45612,"hostname":"WIN-LK2TQOOAELR","name":"migrations","msg":"[migrations] V4: Memory tables dropped and recreated"}
{"level":50,"time":1787715994198,"pid":45612,"hostname":"WIN-LK2TQOOAELR","name":"migrations","msg":"[migrations] Applying v1: Initial schema with FTS5"}
{"level":50,"time":1787715994198,"pid":45612,"hostname":"WIN-LK2TQOOAELR","name":"migrations","msg":"[migrations] v1 applied"}
{"level":50,"time":1787715994198,"pid":45612,"hostname":"WIN-LK2TQOOAELR","name":"migrations","msg":"[migrations] V2: Added 0 pattern columns"}
{"level":50,"time":1787715994198,"pid":45612,"hostname":"WIN-LK2TQOOAELR","name":"migrations","msg":"[migrations] Running graph schema migrations (SQLite sync)..."}
{"level":50,"time":1787715994201,"pid":45612,"hostname":"WIN-LK2TQOOAELR","name":"migrations","msg":"[migrations] Added 9 enhanced symbol columns"}
{"level":50,"time":1787715994201,"pid":45612,"hostname":"WIN-LK2TQOOAELR","name":"migrations","msg":"[migrations] Relationships table ready"}
{"level":50,"time":1787715994201,"pid":45612,"hostname":"WIN-LK2TQOOAELR","name":"migrations","msg":"[migrations] File index table ready"}
{"level":50,"time":1787715994202,"pid":45612,"hostname":"WIN-LK2TQOOAELR","name":"migrations","msg":"[migrations] Graph metadata table ready"}
{"level":50,"time":1787715994202,"pid":45612,"hostname":"WIN-LK2TQOOAELR","name":"migrations","msg":"[migrations] Body embeddings table ready"}
{"level":50,"time":1787715994202,"pid":45612,"hostname":"WIN-LK2TQOOAELR","name":"migrations","msg":"[migrations] Schema version set to 3 (sync)"}
{"level":50,"time":1787715994208,"pid":45612,"hostname":"WIN-LK2TQOOAELR","name":"migrations","msg":"[migrations] V4: Memory tables dropped and recreated"}
{"level":50,"time":1787715994303,"pid":45612,"hostname":"WIN-LK2TQOOAELR","name":"migrations","msg":"[migrations] Applying v1: Initial schema with FTS5"}
{"level":50,"time":1787715994303,"pid":45612,"hostname":"WIN-LK2TQOOAELR","name":"migrations","msg":"[migrations] v1 applied"}
{"level":50,"time":1787715994304,"pid":45612,"hostname":"WIN-LK2TQOOAELR","name":"migrations","msg":"[migrations] V2: Added 0 pattern columns"}
{"level":50,"time":1787715994304,"pid":45612,"hostname":"WIN-LK2TQOOAELR","name":"migrations","msg":"[migrations] Running graph schema migrations (SQLite sync)..."}
{"level":50,"time":1787715994306,"pid":45612,"hostname":"WIN-LK2TQOOAELR","name":"migrations","msg":"[migrations] Added 9 enhanced symbol columns"}
{"level":50,"time":1787715994307,"pid":45612,"hostname":"WIN-LK2TQOOAELR","name":"migrations","msg":"[migrations] Relationships table ready"}
{"level":50,"time":1787715994308,"pid":45612,"hostname":"WIN-LK2TQOOAELR","name":"migrations","msg":"[migrations] File index table ready"}
{"level":50,"time":1787715994308,"pid":45612,"hostname":"WIN-LK2TQOOAELR","name":"migrations","msg":"[migrations] Graph metadata table ready"}
{"level":50,"time":1787715994308,"pid":45612,"hostname":"WIN-LK2TQOOAELR","name":"migrations","msg":"[migrations] Body embeddings table ready"}
{"level":50,"time":1787715994308,"pid":45612,"hostname":"WIN-LK2TQOOAELR","name":"migrations","msg":"[migrations] Schema version set to 3 (sync)"}
{"level":50,"time":1787715994315,"pid":45612,"hostname":"WIN-LK2TQOOAELR","name":"migrations","msg":"[migrations] V4: Memory tables dropped and recreated"}
{"level":50,"time":1787715994408,"pid":45612,"hostname":"WIN-LK2TQOOAELR","name":"migrations","msg":"[migrations] Applying v1: Initial schema with FTS5"}
{"level":50,"time":1787715994409,"pid":45612,"hostname":"WIN-LK2TQOOAELR","name":"migrations","msg":"[migrations] v1 applied"}
{"level":50,"time":1787715994409,"pid":45612,"hostname":"WIN-LK2TQOOAELR","name":"migrations","msg":"[migrations] V2: Added 0 pattern columns"}
{"level":50,"time":1787715994409,"pid":45612,"hostname":"WIN-LK2TQOOAELR","name":"migrations","msg":"[migrations] Running graph schema migrations (SQLite sync)..."}
{"level":50,"time":1787715994412,"pid":45612,"hostname":"WIN-LK2TQOOAELR","name":"migrations","msg":"[migrations] Added 9 enhanced symbol columns"}
{"level":50,"time":1787715994412,"pid":45612,"hostname":"WIN-LK2TQOOAELR","name":"migrations","msg":"[migrations] Relationships table ready"}
{"level":50,"time":1787715994412,"pid":45612,"hostname":"WIN-LK2TQOOAELR","name":"migrations","msg":"[migrations] File index table ready"}
{"level":50,"time":1787715994413,"pid":45612,"hostname":"WIN-LK2TQOOAELR","name":"migrations","msg":"[migrations] Graph metadata table ready"}
{"level":50,"time":1787715994413,"pid":45612,"hostname":"WIN-LK2TQOOAELR","name":"migrations","msg":"[migrations] Body embeddings table ready"}
{"level":50,"time":1787715994413,"pid":45612,"hostname":"WIN-LK2TQOOAELR","name":"migrations","msg":"[migrations] Schema version set to 3 (sync)"}
{"level":50,"time":1787715994419,"pid":45612,"hostname":"WIN-LK2TQOOAELR","name":"migrations","msg":"[migrations] V4: Memory tables dropped and recreated"}
{"level":50,"time":1787715995066,"pid":45612,"hostname":"WIN-LK2TQOOAELR","name":"migrations","msg":"[migrations] Applying v1: Initial schema with FTS5"}
{"level":50,"time":1787715995066,"pid":45612,"hostname":"WIN-LK2TQOOAELR","name":"migrations","msg":"[migrations] v1 applied"}
{"level":50,"time":1787715995066,"pid":45612,"hostname":"WIN-LK2TQOOAELR","name":"migrations","msg":"[migrations] V2: Added 0 pattern columns"}
{"level":50,"time":1787715995066,"pid":45612,"hostname":"WIN-LK2TQOOAELR","name":"migrations","msg":"[migrations] Running graph schema migrations (SQLite sync)..."}
{"level":50,"time":1787715995069,"pid":45612,"hostname":"WIN-LK2TQOOAELR","name":"migrations","msg":"[migrations] Added 9 enhanced symbol columns"}
{"level":50,"time":1787715995069,"pid":45612,"hostname":"WIN-LK2TQOOAELR","name":"migrations","msg":"[migrations] Relationships table ready"}
{"level":50,"time":1787715995069,"pid":45612,"hostname":"WIN-LK2TQOOAELR","name":"migrations","msg":"[migrations] File index table ready"}
{"level":50,"time":1787715995070,"pid":45612,"hostname":"WIN-LK2TQOOAELR","name":"migrations","msg":"[migrations] Graph metadata table ready"}
{"level":50,"time":1787715995070,"pid":45612,"hostname":"WIN-LK2TQOOAELR","name":"migrations","msg":"[migrations] Body embeddings table ready"}
{"level":50,"time":1787715995070,"pid":45612,"hostname":"WIN-LK2TQOOAELR","name":"migrations","msg":"[migrations] Schema version set to 3 (sync)"}
{"level":50,"time":1787715995078,"pid":45612,"hostname":"WIN-LK2TQOOAELR","name":"migrations","msg":"[migrations] V4: Memory tables dropped and recreated"}
{"level":50,"time":1787715995192,"pid":45612,"hostname":"WIN-LK2TQOOAELR","name":"migrations","msg":"[migrations] Applying v1: Initial schema with FTS5"}
{"level":50,"time":1787715995193,"pid":45612,"hostname":"WIN-LK2TQOOAELR","name":"migrations","msg":"[migrations] v1 applied"}
{"level":50,"time":1787715995193,"pid":45612,"hostname":"WIN-LK2TQOOAELR","name":"migrations","msg":"[migrations] V2: Added 0 pattern columns"}
{"level":50,"time":1787715995193,"pid":45612,"hostname":"WIN-LK2TQOOAELR","name":"migrations","msg":"[migrations] Running graph schema migrations (SQLite sync)..."}
{"level":50,"time":1787715995197,"pid":45612,"hostname":"WIN-LK2TQOOAELR","name":"migrations","msg":"[migrations] Added 9 enhanced symbol columns"}
{"level":50,"time":1787715995199,"pid":45612,"hostname":"WIN-LK2TQOOAELR","name":"migrations","msg":"[migrations] Relationships table ready"}
{"level":50,"time":1787715995200,"pid":45612,"hostname":"WIN-LK2TQOOAELR","name":"migrations","msg":"[migrations] File index table ready"}
{"level":50,"time":1787715995200,"pid":45612,"hostname":"WIN-LK2TQOOAELR","name":"migrations","msg":"[migrations] Graph metadata table ready"}
{"level":50,"time":1787715995201,"pid":45612,"hostname":"WIN-LK2TQOOAELR","name":"migrations","msg":"[migrations] Body embeddings table ready"}
{"level":50,"time":1787715995201,"pid":45612,"hostname":"WIN-LK2TQOOAELR","name":"migrations","msg":"[migrations] Schema version set to 3 (sync)"}
{"level":50,"time":1787715995207,"pid":45612,"hostname":"WIN-LK2TQOOAELR","name":"migrations","msg":"[migrations] V4: Memory tables dropped and recreated"}
{"level":30,"time":1787715993850,"pid":45612,"hostname":"WIN-LK2TQOOAELR","name":"migration-v5","msg":"[migrations] V5: multi-tenant project_id applied (legacy=default)"}
{"level":30,"time":1787715993969,"pid":45612,"hostname":"WIN-LK2TQOOAELR","name":"migration-v5","msg":"[migrations] V5: multi-tenant project_id applied (legacy=default)"}
{"level":30,"time":1787715994081,"pid":45612,"hostname":"WIN-LK2TQOOAELR","name":"migration-v5","msg":"[migrations] V5: multi-tenant project_id applied (legacy=default)"}
{"level":30,"time":1787715994209,"pid":45612,"hostname":"WIN-LK2TQOOAELR","name":"migration-v5","msg":"[migrations] V5: multi-tenant project_id applied (legacy=default)"}
{"level":30,"time":1787715994316,"pid":45612,"hostname":"WIN-LK2TQOOAELR","name":"migration-v5","msg":"[migrations] V5: multi-tenant project_id applied (legacy=default)"}
{"level":30,"time":1787715994420,"pid":45612,"hostname":"WIN-LK2TQOOAELR","name":"migration-v5","msg":"[migrations] V5: multi-tenant project_id applied (legacy=default)"}
{"level":30,"time":1787715995079,"pid":45612,"hostname":"WIN-LK2TQOOAELR","name":"migration-v5","msg":"[migrations] V5: multi-tenant project_id applied (legacy=default)"}
{"level":30,"time":1787715995209,"pid":45612,"hostname":"WIN-LK2TQOOAELR","name":"migration-v5","msg":"[migrations] V5: multi-tenant project_id applied (legacy=default)"}
{"level":50,"time":1787715995957,"pid":51072,"hostname":"WIN-LK2TQOOAELR","name":"database-manager","msg":"[db] Using native binding: C:\\Users\\ASUS\\.code-intel\\native-addons\\better-sqlite3\\v12.10.0\\node-v22-win32-x64\\better_sqlite3.node"}
{"level":50,"time":1787715995995,"pid":51072,"hostname":"WIN-LK2TQOOAELR","name":"migrations","msg":"[migrations] Applying v1: Initial schema with FTS5"}
{"level":30,"time":1787715996017,"pid":51072,"hostname":"WIN-LK2TQOOAELR","name":"migration-v5","msg":"[migrations] V5: multi-tenant project_id applied (legacy=default)"}
{"level":50,"time":1787715995981,"pid":51072,"hostname":"WIN-LK2TQOOAELR","name":"database-manager","msg":"[db] Pre-V5 backup written to C:\\Users\\ASUS\\AppData\\Local\\Temp\\sa4e18-QAxuRl\\index.db.pre-v5.bak"}
{"level":50,"time":1787715996017,"pid":51072,"hostname":"WIN-LK2TQOOAELR","name":"database-manager","msg":"[db] Initialized at C:\\Users\\ASUS\\AppData\\Local\\Temp\\sa4e18-QAxuRl\\index.db"}
{"level":50,"time":1787715996084,"pid":51072,"hostname":"WIN-LK2TQOOAELR","name":"database-manager","msg":"[db] Connection closed"}
{"level":50,"time":1787715996087,"pid":51072,"hostname":"WIN-LK2TQOOAELR","name":"database-manager","msg":"[db] Using native binding: C:\\Users\\ASUS\\.code-intel\\native-addons\\better-sqlite3\\v12.10.0\\node-v22-win32-x64\\better_sqlite3.node"}
{"level":50,"time":1787715996124,"pid":51072,"hostname":"WIN-LK2TQOOAELR","name":"database-manager","msg":"[db] Pre-V5 backup written to C:\\Users\\ASUS\\AppData\\Local\\Temp\\sa4e18-I9Bnv4\\index.db.pre-v5.bak"}
{"level":50,"time":1787715996152,"pid":51072,"hostname":"WIN-LK2TQOOAELR","name":"database-manager","msg":"[db] Initialized at C:\\Users\\ASUS\\AppData\\Local\\Temp\\sa4e18-I9Bnv4\\index.db"}
{"level":50,"time":1787715996249,"pid":51072,"hostname":"WIN-LK2TQOOAELR","name":"database-manager","msg":"[db] Connection closed"}
{"level":50,"time":1787715996253,"pid":51072,"hostname":"WIN-LK2TQOOAELR","name":"database-manager","msg":"[db] Using native binding: C:\\Users\\ASUS\\.code-intel\\native-addons\\better-sqlite3\\v12.10.0\\node-v22-win32-x64\\better_sqlite3.node"}
{"level":50,"time":1787715996293,"pid":51072,"hostname":"WIN-LK2TQOOAELR","name":"database-manager","msg":"[db] Pre-V5 backup written to C:\\Users\\ASUS\\AppData\\Local\\Temp\\sa4e18-CWvrYC\\index.db.pre-v5.bak"}
{"level":50,"time":1787715996319,"pid":51072,"hostname":"WIN-LK2TQOOAELR","name":"database-manager","msg":"[db] Initialized at C:\\Users\\ASUS\\AppData\\Local\\Temp\\sa4e18-CWvrYC\\index.db"}
{"level":50,"time":1787715996391,"pid":51072,"hostname":"WIN-LK2TQOOAELR","name":"database-manager","msg":"[db] Connection closed"}
{"level":50,"time":1787715996394,"pid":51072,"hostname":"WIN-LK2TQOOAELR","name":"database-manager","msg":"[db] Using native binding: C:\\Users\\ASUS\\.code-intel\\native-addons\\better-sqlite3\\v12.10.0\\node-v22-win32-x64\\better_sqlite3.node"}
{"level":50,"time":1787715996412,"pid":51072,"hostname":"WIN-LK2TQOOAELR","name":"database-manager","msg":"[db] Pre-V5 backup written to C:\\Users\\ASUS\\AppData\\Local\\Temp\\sa4e18-bvf8st\\index.db.pre-v5.bak"}
{"level":50,"time":1787715996446,"pid":51072,"hostname":"WIN-LK2TQOOAELR","name":"database-manager","msg":"[db] Initialized at C:\\Users\\ASUS\\AppData\\Local\\Temp\\sa4e18-bvf8st\\index.db"}
{"level":50,"time":1787715996531,"pid":51072,"hostname":"WIN-LK2TQOOAELR","name":"database-manager","msg":"[db] Connection closed"}
{"level":50,"time":1787715995996,"pid":51072,"hostname":"WIN-LK2TQOOAELR","name":"migrations","msg":"[migrations] v1 applied"}
{"level":50,"time":1787715995997,"pid":51072,"hostname":"WIN-LK2TQOOAELR","name":"migrations","msg":"[migrations] V2: Added 0 pattern columns"}
{"level":50,"time":1787715995997,"pid":51072,"hostname":"WIN-LK2TQOOAELR","name":"migrations","msg":"[migrations] Running graph schema migrations (SQLite sync)..."}
{"level":50,"time":1787715996002,"pid":51072,"hostname":"WIN-LK2TQOOAELR","name":"migrations","msg":"[migrations] Added 9 enhanced symbol columns"}
{"level":50,"time":1787715996003,"pid":51072,"hostname":"WIN-LK2TQOOAELR","name":"migrations","msg":"[migrations] Relationships table ready"}
{"level":50,"time":1787715996003,"pid":51072,"hostname":"WIN-LK2TQOOAELR","name":"migrations","msg":"[migrations] File index table ready"}
{"level":50,"time":1787715996004,"pid":51072,"hostname":"WIN-LK2TQOOAELR","name":"migrations","msg":"[migrations] Graph metadata table ready"}
{"level":50,"time":1787715996004,"pid":51072,"hostname":"WIN-LK2TQOOAELR","name":"migrations","msg":"[migrations] Body embeddings table ready"}
{"level":50,"time":1787715996005,"pid":51072,"hostname":"WIN-LK2TQOOAELR","name":"migrations","msg":"[migrations] Schema version set to 3 (sync)"}
{"level":50,"time":1787715996013,"pid":51072,"hostname":"WIN-LK2TQOOAELR","name":"migrations","msg":"[migrations] V4: Memory tables dropped and recreated"}
{"level":50,"time":1787715996135,"pid":51072,"hostname":"WIN-LK2TQOOAELR","name":"migrations","msg":"[migrations] Applying v1: Initial schema with FTS5"}
{"level":50,"time":1787715996136,"pid":51072,"hostname":"WIN-LK2TQOOAELR","name":"migrations","msg":"[migrations] v1 applied"}
{"level":50,"time":1787715996136,"pid":51072,"hostname":"WIN-LK2TQOOAELR","name":"migrations","msg":"[migrations] V2: Added 0 pattern columns"}
{"level":50,"time":1787715996136,"pid":51072,"hostname":"WIN-LK2TQOOAELR","name":"migrations","msg":"[migrations] Running graph schema migrations (SQLite sync)..."}
{"level":50,"time":1787715996140,"pid":51072,"hostname":"WIN-LK2TQOOAELR","name":"migrations","msg":"[migrations] Added 9 enhanced symbol columns"}
{"level":50,"time":1787715996141,"pid":51072,"hostname":"WIN-LK2TQOOAELR","name":"migrations","msg":"[migrations] Relationships table ready"}
{"level":50,"time":1787715996141,"pid":51072,"hostname":"WIN-LK2TQOOAELR","name":"migrations","msg":"[migrations] File index table ready"}
{"level":50,"time":1787715996142,"pid":51072,"hostname":"WIN-LK2TQOOAELR","name":"migrations","msg":"[migrations] Graph metadata table ready"}
{"level":50,"time":1787715996142,"pid":51072,"hostname":"WIN-LK2TQOOAELR","name":"migrations","msg":"[migrations] Body embeddings table ready"}
{"level":50,"time":1787715996142,"pid":51072,"hostname":"WIN-LK2TQOOAELR","name":"migrations","msg":"[migrations] Schema version set to 3 (sync)"}
{"level":50,"time":1787715996150,"pid":51072,"hostname":"WIN-LK2TQOOAELR","name":"migrations","msg":"[migrations] V4: Memory tables dropped and recreated"}
{"level":50,"time":1787715996309,"pid":51072,"hostname":"WIN-LK2TQOOAELR","name":"migrations","msg":"[migrations] Applying v1: Initial schema with FTS5"}
{"level":50,"time":1787715996309,"pid":51072,"hostname":"WIN-LK2TQOOAELR","name":"migrations","msg":"[migrations] v1 applied"}
{"level":50,"time":1787715996309,"pid":51072,"hostname":"WIN-LK2TQOOAELR","name":"migrations","msg":"[migrations] V2: Added 0 pattern columns"}
{"level":50,"time":1787715996309,"pid":51072,"hostname":"WIN-LK2TQOOAELR","name":"migrations","msg":"[migrations] Running graph schema migrations (SQLite sync)..."}
{"level":50,"time":1787715996311,"pid":51072,"hostname":"WIN-LK2TQOOAELR","name":"migrations","msg":"[migrations] Added 9 enhanced symbol columns"}
{"level":50,"time":1787715996312,"pid":51072,"hostname":"WIN-LK2TQOOAELR","name":"migrations","msg":"[migrations] Relationships table ready"}
{"level":50,"time":1787715996312,"pid":51072,"hostname":"WIN-LK2TQOOAELR","name":"migrations","msg":"[migrations] File index table ready"}
{"level":50,"time":1787715996312,"pid":51072,"hostname":"WIN-LK2TQOOAELR","name":"migrations","msg":"[migrations] Graph metadata table ready"}
{"level":50,"time":1787715996313,"pid":51072,"hostname":"WIN-LK2TQOOAELR","name":"migrations","msg":"[migrations] Body embeddings table ready"}
{"level":50,"time":1787715996313,"pid":51072,"hostname":"WIN-LK2TQOOAELR","name":"migrations","msg":"[migrations] Schema version set to 3 (sync)"}
{"level":50,"time":1787715996318,"pid":51072,"hostname":"WIN-LK2TQOOAELR","name":"migrations","msg":"[migrations] V4: Memory tables dropped and recreated"}
{"level":50,"time":1787715996432,"pid":51072,"hostname":"WIN-LK2TQOOAELR","name":"migrations","msg":"[migrations] Applying v1: Initial schema with FTS5"}
{"level":50,"time":1787715996432,"pid":51072,"hostname":"WIN-LK2TQOOAELR","name":"migrations","msg":"[migrations] v1 applied"}
{"level":50,"time":1787715996433,"pid":51072,"hostname":"WIN-LK2TQOOAELR","name":"migrations","msg":"[migrations] V2: Added 0 pattern columns"}
{"level":50,"time":1787715996433,"pid":51072,"hostname":"WIN-LK2TQOOAELR","name":"migrations","msg":"[migrations] Running graph schema migrations (SQLite sync)..."}
{"level":50,"time":1787715996436,"pid":51072,"hostname":"WIN-LK2TQOOAELR","name":"migrations","msg":"[migrations] Added 9 enhanced symbol columns"}
{"level":50,"time":1787715996437,"pid":51072,"hostname":"WIN-LK2TQOOAELR","name":"migrations","msg":"[migrations] Relationships table ready"}
{"level":50,"time":1787715996437,"pid":51072,"hostname":"WIN-LK2TQOOAELR","name":"migrations","msg":"[migrations] File index table ready"}
{"level":50,"time":1787715996437,"pid":51072,"hostname":"WIN-LK2TQOOAELR","name":"migrations","msg":"[migrations] Graph metadata table ready"}
{"level":50,"time":1787715996438,"pid":51072,"hostname":"WIN-LK2TQOOAELR","name":"migrations","msg":"[migrations] Body embeddings table ready"}
{"level":50,"time":1787715996438,"pid":51072,"hostname":"WIN-LK2TQOOAELR","name":"migrations","msg":"[migrations] Schema version set to 3 (sync)"}
{"level":50,"time":1787715996445,"pid":51072,"hostname":"WIN-LK2TQOOAELR","name":"migrations","msg":"[migrations] V4: Memory tables dropped and recreated"}
{"level":30,"time":1787715996152,"pid":51072,"hostname":"WIN-LK2TQOOAELR","name":"migration-v5","msg":"[migrations] V5: multi-tenant project_id applied (legacy=default)"}
{"level":30,"time":1787715996319,"pid":51072,"hostname":"WIN-LK2TQOOAELR","name":"migration-v5","msg":"[migrations] V5: multi-tenant project_id applied (legacy=default)"}
{"level":30,"time":1787715996446,"pid":51072,"hostname":"WIN-LK2TQOOAELR","name":"migration-v5","msg":"[migrations] V5: multi-tenant project_id applied (legacy=default)"}
{"level":50,"time":1787715998751,"pid":50332,"hostname":"WIN-LK2TQOOAELR","name":"database-manager","msg":"[db] Using native binding: C:\\Users\\ASUS\\.code-intel\\native-addons\\better-sqlite3\\v12.10.0\\node-v22-win32-x64\\better_sqlite3.node"}
{"level":50,"time":1787715998798,"pid":50332,"hostname":"WIN-LK2TQOOAELR","name":"migrations","msg":"[migrations] Applying v1: Initial schema with FTS5"}
{"level":30,"time":1787715998823,"pid":50332,"hostname":"WIN-LK2TQOOAELR","name":"migration-v5","msg":"[migrations] V5: multi-tenant project_id applied (legacy=default)"}
{"level":50,"time":1787715998777,"pid":50332,"hostname":"WIN-LK2TQOOAELR","name":"database-manager","msg":"[db] Pre-V5 backup written to C:\\Users\\ASUS\\AppData\\Local\\Temp\\sa4e18-VQXHFw\\index.db.pre-v5.bak"}
{"level":50,"time":1787715998823,"pid":50332,"hostname":"WIN-LK2TQOOAELR","name":"database-manager","msg":"[db] Initialized at C:\\Users\\ASUS\\AppData\\Local\\Temp\\sa4e18-VQXHFw\\index.db"}
{"level":50,"time":1787715998890,"pid":50332,"hostname":"WIN-LK2TQOOAELR","name":"database-manager","msg":"[db] Connection closed"}
{"level":50,"time":1787715998893,"pid":50332,"hostname":"WIN-LK2TQOOAELR","name":"database-manager","msg":"[db] Using native binding: C:\\Users\\ASUS\\.code-intel\\native-addons\\better-sqlite3\\v12.10.0\\node-v22-win32-x64\\better_sqlite3.node"}
{"level":50,"time":1787715998913,"pid":50332,"hostname":"WIN-LK2TQOOAELR","name":"database-manager","msg":"[db] Pre-V5 backup written to C:\\Users\\ASUS\\AppData\\Local\\Temp\\sa4e18-u1hKX8\\index.db.pre-v5.bak"}
{"level":50,"time":1787715998929,"pid":50332,"hostname":"WIN-LK2TQOOAELR","name":"database-manager","msg":"[db] Initialized at C:\\Users\\ASUS\\AppData\\Local\\Temp\\sa4e18-u1hKX8\\index.db"}
{"level":50,"time":1787715999005,"pid":50332,"hostname":"WIN-LK2TQOOAELR","name":"database-manager","msg":"[db] Connection closed"}
{"level":50,"time":1787715999026,"pid":50332,"hostname":"WIN-LK2TQOOAELR","name":"database-manager","msg":"[db] Using native binding: C:\\Users\\ASUS\\.code-intel\\native-addons\\better-sqlite3\\v12.10.0\\node-v22-win32-x64\\better_sqlite3.node"}
{"level":50,"time":1787715999056,"pid":50332,"hostname":"WIN-LK2TQOOAELR","name":"database-manager","msg":"[db] Pre-V5 backup written to C:\\Users\\ASUS\\AppData\\Local\\Temp\\sa4e18-qPrXEw\\index.db.pre-v5.bak"}
{"level":50,"time":1787715999083,"pid":50332,"hostname":"WIN-LK2TQOOAELR","name":"database-manager","msg":"[db] Initialized at C:\\Users\\ASUS\\AppData\\Local\\Temp\\sa4e18-qPrXEw\\index.db"}
{"level":50,"time":1787715999172,"pid":50332,"hostname":"WIN-LK2TQOOAELR","name":"database-manager","msg":"[db] Connection closed"}
{"level":50,"time":1787715998800,"pid":50332,"hostname":"WIN-LK2TQOOAELR","name":"migrations","msg":"[migrations] v1 applied"}
{"level":50,"time":1787715998801,"pid":50332,"hostname":"WIN-LK2TQOOAELR","name":"migrations","msg":"[migrations] V2: Added 0 pattern columns"}
{"level":50,"time":1787715998801,"pid":50332,"hostname":"WIN-LK2TQOOAELR","name":"migrations","msg":"[migrations] Running graph schema migrations (SQLite sync)..."}
{"level":50,"time":1787715998806,"pid":50332,"hostname":"WIN-LK2TQOOAELR","name":"migrations","msg":"[migrations] Added 9 enhanced symbol columns"}
{"level":50,"time":1787715998808,"pid":50332,"hostname":"WIN-LK2TQOOAELR","name":"migrations","msg":"[migrations] Relationships table ready"}
{"level":50,"time":1787715998808,"pid":50332,"hostname":"WIN-LK2TQOOAELR","name":"migrations","msg":"[migrations] File index table ready"}
{"level":50,"time":1787715998809,"pid":50332,"hostname":"WIN-LK2TQOOAELR","name":"migrations","msg":"[migrations] Graph metadata table ready"}
{"level":50,"time":1787715998810,"pid":50332,"hostname":"WIN-LK2TQOOAELR","name":"migrations","msg":"[migrations] Body embeddings table ready"}
{"level":50,"time":1787715998810,"pid":50332,"hostname":"WIN-LK2TQOOAELR","name":"migrations","msg":"[migrations] Schema version set to 3 (sync)"}
{"level":50,"time":1787715998819,"pid":50332,"hostname":"WIN-LK2TQOOAELR","name":"migrations","msg":"[migrations] V4: Memory tables dropped and recreated"}
{"level":50,"time":1787715998919,"pid":50332,"hostname":"WIN-LK2TQOOAELR","name":"migrations","msg":"[migrations] Applying v1: Initial schema with FTS5"}
{"level":50,"time":1787715998919,"pid":50332,"hostname":"WIN-LK2TQOOAELR","name":"migrations","msg":"[migrations] v1 applied"}
{"level":50,"time":1787715998919,"pid":50332,"hostname":"WIN-LK2TQOOAELR","name":"migrations","msg":"[migrations] V2: Added 0 pattern columns"}
{"level":50,"time":1787715998919,"pid":50332,"hostname":"WIN-LK2TQOOAELR","name":"migrations","msg":"[migrations] Running graph schema migrations (SQLite sync)..."}
{"level":50,"time":1787715998922,"pid":50332,"hostname":"WIN-LK2TQOOAELR","name":"migrations","msg":"[migrations] Added 9 enhanced symbol columns"}
{"level":50,"time":1787715998922,"pid":50332,"hostname":"WIN-LK2TQOOAELR","name":"migrations","msg":"[migrations] Relationships table ready"}
{"level":50,"time":1787715998922,"pid":50332,"hostname":"WIN-LK2TQOOAELR","name":"migrations","msg":"[migrations] File index table ready"}
{"level":50,"time":1787715998922,"pid":50332,"hostname":"WIN-LK2TQOOAELR","name":"migrations","msg":"[migrations] Graph metadata table ready"}
{"level":50,"time":1787715998923,"pid":50332,"hostname":"WIN-LK2TQOOAELR","name":"migrations","msg":"[migrations] Body embeddings table ready"}
{"level":50,"time":1787715998923,"pid":50332,"hostname":"WIN-LK2TQOOAELR","name":"migrations","msg":"[migrations] Schema version set to 3 (sync)"}
{"level":50,"time":1787715998927,"pid":50332,"hostname":"WIN-LK2TQOOAELR","name":"migrations","msg":"[migrations] V4: Memory tables dropped and recreated"}
{"level":50,"time":1787715999072,"pid":50332,"hostname":"WIN-LK2TQOOAELR","name":"migrations","msg":"[migrations] Applying v1: Initial schema with FTS5"}
{"level":50,"time":1787715999073,"pid":50332,"hostname":"WIN-LK2TQOOAELR","name":"migrations","msg":"[migrations] v1 applied"}
{"level":50,"time":1787715999073,"pid":50332,"hostname":"WIN-LK2TQOOAELR","name":"migrations","msg":"[migrations] V2: Added 0 pattern columns"}
{"level":50,"time":1787715999073,"pid":50332,"hostname":"WIN-LK2TQOOAELR","name":"migrations","msg":"[migrations] Running graph schema migrations (SQLite sync)..."}
{"level":50,"time":1787715999076,"pid":50332,"hostname":"WIN-LK2TQOOAELR","name":"migrations","msg":"[migrations] Added 9 enhanced symbol columns"}
{"level":50,"time":1787715999076,"pid":50332,"hostname":"WIN-LK2TQOOAELR","name":"migrations","msg":"[migrations] Relationships table ready"}
{"level":50,"time":1787715999076,"pid":50332,"hostname":"WIN-LK2TQOOAELR","name":"migrations","msg":"[migrations] File index table ready"}
{"level":50,"time":1787715999077,"pid":50332,"hostname":"WIN-LK2TQOOAELR","name":"migrations","msg":"[migrations] Graph metadata table ready"}
{"level":50,"time":1787715999077,"pid":50332,"hostname":"WIN-LK2TQOOAELR","name":"migrations","msg":"[migrations] Body embeddings table ready"}
{"level":50,"time":1787715999077,"pid":50332,"hostname":"WIN-LK2TQOOAELR","name":"migrations","msg":"[migrations] Schema version set to 3 (sync)"}
{"level":50,"time":1787715999082,"pid":50332,"hostname":"WIN-LK2TQOOAELR","name":"migrations","msg":"[migrations] V4: Memory tables dropped and recreated"}
{"level":30,"time":1787715998929,"pid":50332,"hostname":"WIN-LK2TQOOAELR","name":"migration-v5","msg":"[migrations] V5: multi-tenant project_id applied (legacy=default)"}
{"level":30,"time":1787715999083,"pid":50332,"hostname":"WIN-LK2TQOOAELR","name":"migration-v5","msg":"[migrations] V5: multi-tenant project_id applied (legacy=default)"}
{"level":50,"time":1787715999833,"pid":48724,"hostname":"WIN-LK2TQOOAELR","name":"database-manager","msg":"[db] Using native binding: C:\\Users\\ASUS\\.code-intel\\native-addons\\better-sqlite3\\v12.10.0\\node-v22-win32-x64\\better_sqlite3.node"}
{"level":50,"time":1787715999976,"pid":48724,"hostname":"WIN-LK2TQOOAELR","name":"migrations","msg":"[migrations] Applying v1: Initial schema with FTS5"}
{"level":30,"time":1787715999990,"pid":48724,"hostname":"WIN-LK2TQOOAELR","name":"migration-v5","msg":"[migrations] V5: multi-tenant project_id applied (legacy=default)"}
{"level":50,"time":1787715999924,"pid":48724,"hostname":"WIN-LK2TQOOAELR","name":"database-manager","msg":"[db] Pre-V5 backup written to C:\\Users\\ASUS\\AppData\\Local\\Temp\\sa4e18-68a7B4\\index.db.pre-v5.bak"}
{"level":50,"time":1787715999990,"pid":48724,"hostname":"WIN-LK2TQOOAELR","name":"database-manager","msg":"[db] Initialized at C:\\Users\\ASUS\\AppData\\Local\\Temp\\sa4e18-68a7B4\\index.db"}
{"level":50,"time":1787715999999,"pid":48724,"hostname":"WIN-LK2TQOOAELR","name":"database-manager","msg":"[db] Connection closed"}
{"level":50,"time":1787716000003,"pid":48724,"hostname":"WIN-LK2TQOOAELR","name":"database-manager","msg":"[db] Using native binding: C:\\Users\\ASUS\\.code-intel\\native-addons\\better-sqlite3\\v12.10.0\\node-v22-win32-x64\\better_sqlite3.node"}
{"level":50,"time":1787716000012,"pid":48724,"hostname":"WIN-LK2TQOOAELR","name":"database-manager","msg":"[db] Pre-V5 backup written to C:\\Users\\ASUS\\AppData\\Local\\Temp\\sa4e18-rilJGW\\index.db.pre-v5.bak"}
{"level":50,"time":1787716000031,"pid":48724,"hostname":"WIN-LK2TQOOAELR","name":"database-manager","msg":"[db] Initialized at C:\\Users\\ASUS\\AppData\\Local\\Temp\\sa4e18-rilJGW\\index.db"}
{"level":50,"time":1787716000039,"pid":48724,"hostname":"WIN-LK2TQOOAELR","name":"database-manager","msg":"[db] Connection closed"}
{"level":50,"time":1787716000042,"pid":48724,"hostname":"WIN-LK2TQOOAELR","name":"database-manager","msg":"[db] Using native binding: C:\\Users\\ASUS\\.code-intel\\native-addons\\better-sqlite3\\v12.10.0\\node-v22-win32-x64\\better_sqlite3.node"}
{"level":50,"time":1787716000055,"pid":48724,"hostname":"WIN-LK2TQOOAELR","name":"database-manager","msg":"[db] Pre-V5 backup written to C:\\Users\\ASUS\\AppData\\Local\\Temp\\sa4e18-hngbB8\\index.db.pre-v5.bak"}
{"level":50,"time":1787716000078,"pid":48724,"hostname":"WIN-LK2TQOOAELR","name":"database-manager","msg":"[db] Initialized at C:\\Users\\ASUS\\AppData\\Local\\Temp\\sa4e18-hngbB8\\index.db"}
{"level":50,"time":1787716000088,"pid":48724,"hostname":"WIN-LK2TQOOAELR","name":"database-manager","msg":"[db] Connection closed"}
{"level":50,"time":1787716000091,"pid":48724,"hostname":"WIN-LK2TQOOAELR","name":"database-manager","msg":"[db] Using native binding: C:\\Users\\ASUS\\.code-intel\\native-addons\\better-sqlite3\\v12.10.0\\node-v22-win32-x64\\better_sqlite3.node"}
{"level":50,"time":1787716000102,"pid":48724,"hostname":"WIN-LK2TQOOAELR","name":"database-manager","msg":"[db] Pre-V5 backup written to C:\\Users\\ASUS\\AppData\\Local\\Temp\\sa4e18-jd5jMa\\index.db.pre-v5.bak"}
{"level":50,"time":1787716000120,"pid":48724,"hostname":"WIN-LK2TQOOAELR","name":"database-manager","msg":"[db] Initialized at C:\\Users\\ASUS\\AppData\\Local\\Temp\\sa4e18-jd5jMa\\index.db"}
{"level":50,"time":1787716000128,"pid":48724,"hostname":"WIN-LK2TQOOAELR","name":"database-manager","msg":"[db] Connection closed"}
{"level":50,"time":1787716000130,"pid":48724,"hostname":"WIN-LK2TQOOAELR","name":"database-manager","msg":"[db] Using native binding: C:\\Users\\ASUS\\.code-intel\\native-addons\\better-sqlite3\\v12.10.0\\node-v22-win32-x64\\better_sqlite3.node"}
{"level":50,"time":1787716000140,"pid":48724,"hostname":"WIN-LK2TQOOAELR","name":"database-manager","msg":"[db] Pre-V5 backup written to C:\\Users\\ASUS\\AppData\\Local\\Temp\\sa4e18-ZqIh8V\\index.db.pre-v5.bak"}
{"level":50,"time":1787716000161,"pid":48724,"hostname":"WIN-LK2TQOOAELR","name":"database-manager","msg":"[db] Initialized at C:\\Users\\ASUS\\AppData\\Local\\Temp\\sa4e18-ZqIh8V\\index.db"}
{"level":50,"time":1787716000169,"pid":48724,"hostname":"WIN-LK2TQOOAELR","name":"database-manager","msg":"[db] Connection closed"}
{"level":50,"time":1787715999977,"pid":48724,"hostname":"WIN-LK2TQOOAELR","name":"migrations","msg":"[migrations] v1 applied"}
{"level":50,"time":1787715999977,"pid":48724,"hostname":"WIN-LK2TQOOAELR","name":"migrations","msg":"[migrations] V2: Added 0 pattern columns"}
{"level":50,"time":1787715999977,"pid":48724,"hostname":"WIN-LK2TQOOAELR","name":"migrations","msg":"[migrations] Running graph schema migrations (SQLite sync)..."}
{"level":50,"time":1787715999980,"pid":48724,"hostname":"WIN-LK2TQOOAELR","name":"migrations","msg":"[migrations] Added 9 enhanced symbol columns"}
{"level":50,"time":1787715999981,"pid":48724,"hostname":"WIN-LK2TQOOAELR","name":"migrations","msg":"[migrations] Relationships table ready"}
{"level":50,"time":1787715999981,"pid":48724,"hostname":"WIN-LK2TQOOAELR","name":"migrations","msg":"[migrations] File index table ready"}
{"level":50,"time":1787715999981,"pid":48724,"hostname":"WIN-LK2TQOOAELR","name":"migrations","msg":"[migrations] Graph metadata table ready"}
{"level":50,"time":1787715999982,"pid":48724,"hostname":"WIN-LK2TQOOAELR","name":"migrations","msg":"[migrations] Body embeddings table ready"}
{"level":50,"time":1787715999982,"pid":48724,"hostname":"WIN-LK2TQOOAELR","name":"migrations","msg":"[migrations] Schema version set to 3 (sync)"}
{"level":50,"time":1787715999988,"pid":48724,"hostname":"WIN-LK2TQOOAELR","name":"migrations","msg":"[migrations] V4: Memory tables dropped and recreated"}
{"level":50,"time":1787716000019,"pid":48724,"hostname":"WIN-LK2TQOOAELR","name":"migrations","msg":"[migrations] Applying v1: Initial schema with FTS5"}
{"level":50,"time":1787716000019,"pid":48724,"hostname":"WIN-LK2TQOOAELR","name":"migrations","msg":"[migrations] v1 applied"}
{"level":50,"time":1787716000020,"pid":48724,"hostname":"WIN-LK2TQOOAELR","name":"migrations","msg":"[migrations] V2: Added 0 pattern columns"}
{"level":50,"time":1787716000020,"pid":48724,"hostname":"WIN-LK2TQOOAELR","name":"migrations","msg":"[migrations] Running graph schema migrations (SQLite sync)..."}
{"level":50,"time":1787716000023,"pid":48724,"hostname":"WIN-LK2TQOOAELR","name":"migrations","msg":"[migrations] Added 9 enhanced symbol columns"}
{"level":50,"time":1787716000023,"pid":48724,"hostname":"WIN-LK2TQOOAELR","name":"migrations","msg":"[migrations] Relationships table ready"}
{"level":50,"time":1787716000023,"pid":48724,"hostname":"WIN-LK2TQOOAELR","name":"migrations","msg":"[migrations] File index table ready"}
{"level":50,"time":1787716000024,"pid":48724,"hostname":"WIN-LK2TQOOAELR","name":"migrations","msg":"[migrations] Graph metadata table ready"}
{"level":50,"time":1787716000024,"pid":48724,"hostname":"WIN-LK2TQOOAELR","name":"migrations","msg":"[migrations] Body embeddings table ready"}
{"level":50,"time":1787716000024,"pid":48724,"hostname":"WIN-LK2TQOOAELR","name":"migrations","msg":"[migrations] Schema version set to 3 (sync)"}
{"level":50,"time":1787716000030,"pid":48724,"hostname":"WIN-LK2TQOOAELR","name":"migrations","msg":"[migrations] V4: Memory tables dropped and recreated"}
{"level":50,"time":1787716000062,"pid":48724,"hostname":"WIN-LK2TQOOAELR","name":"migrations","msg":"[migrations] Applying v1: Initial schema with FTS5"}
{"level":50,"time":1787716000063,"pid":48724,"hostname":"WIN-LK2TQOOAELR","name":"migrations","msg":"[migrations] v1 applied"}
{"level":50,"time":1787716000063,"pid":48724,"hostname":"WIN-LK2TQOOAELR","name":"migrations","msg":"[migrations] V2: Added 0 pattern columns"}
{"level":50,"time":1787716000063,"pid":48724,"hostname":"WIN-LK2TQOOAELR","name":"migrations","msg":"[migrations] Running graph schema migrations (SQLite sync)..."}
{"level":50,"time":1787716000067,"pid":48724,"hostname":"WIN-LK2TQOOAELR","name":"migrations","msg":"[migrations] Added 9 enhanced symbol columns"}
{"level":50,"time":1787716000067,"pid":48724,"hostname":"WIN-LK2TQOOAELR","name":"migrations","msg":"[migrations] Relationships table ready"}
{"level":50,"time":1787716000067,"pid":48724,"hostname":"WIN-LK2TQOOAELR","name":"migrations","msg":"[migrations] File index table ready"}
{"level":50,"time":1787716000068,"pid":48724,"hostname":"WIN-LK2TQOOAELR","name":"migrations","msg":"[migrations] Graph metadata table ready"}
{"level":50,"time":1787716000068,"pid":48724,"hostname":"WIN-LK2TQOOAELR","name":"migrations","msg":"[migrations] Body embeddings table ready"}
{"level":50,"time":1787716000068,"pid":48724,"hostname":"WIN-LK2TQOOAELR","name":"migrations","msg":"[migrations] Schema version set to 3 (sync)"}
{"level":50,"time":1787716000076,"pid":48724,"hostname":"WIN-LK2TQOOAELR","name":"migrations","msg":"[migrations] V4: Memory tables dropped and recreated"}
{"level":50,"time":1787716000108,"pid":48724,"hostname":"WIN-LK2TQOOAELR","name":"migrations","msg":"[migrations] Applying v1: Initial schema with FTS5"}
{"level":50,"time":1787716000109,"pid":48724,"hostname":"WIN-LK2TQOOAELR","name":"migrations","msg":"[migrations] v1 applied"}
{"level":50,"time":1787716000109,"pid":48724,"hostname":"WIN-LK2TQOOAELR","name":"migrations","msg":"[migrations] V2: Added 0 pattern columns"}
{"level":50,"time":1787716000109,"pid":48724,"hostname":"WIN-LK2TQOOAELR","name":"migrations","msg":"[migrations] Running graph schema migrations (SQLite sync)..."}
{"level":50,"time":1787716000111,"pid":48724,"hostname":"WIN-LK2TQOOAELR","name":"migrations","msg":"[migrations] Added 9 enhanced symbol columns"}
{"level":50,"time":1787716000112,"pid":48724,"hostname":"WIN-LK2TQOOAELR","name":"migrations","msg":"[migrations] Relationships table ready"}
{"level":50,"time":1787716000112,"pid":48724,"hostname":"WIN-LK2TQOOAELR","name":"migrations","msg":"[migrations] File index table ready"}
{"level":50,"time":1787716000112,"pid":48724,"hostname":"WIN-LK2TQOOAELR","name":"migrations","msg":"[migrations] Graph metadata table ready"}
{"level":50,"time":1787716000113,"pid":48724,"hostname":"WIN-LK2TQOOAELR","name":"migrations","msg":"[migrations] Body embeddings table ready"}
{"level":50,"time":1787716000113,"pid":48724,"hostname":"WIN-LK2TQOOAELR","name":"migrations","msg":"[migrations] Schema version set to 3 (sync)"}
{"level":50,"time":1787716000118,"pid":48724,"hostname":"WIN-LK2TQOOAELR","name":"migrations","msg":"[migrations] V4: Memory tables dropped and recreated"}
{"level":50,"time":1787716000147,"pid":48724,"hostname":"WIN-LK2TQOOAELR","name":"migrations","msg":"[migrations] Applying v1: Initial schema with FTS5"}
{"level":50,"time":1787716000148,"pid":48724,"hostname":"WIN-LK2TQOOAELR","name":"migrations","msg":"[migrations] v1 applied"}
{"level":50,"time":1787716000149,"pid":48724,"hostname":"WIN-LK2TQOOAELR","name":"migrations","msg":"[migrations] V2: Added 0 pattern columns"}
{"level":50,"time":1787716000149,"pid":48724,"hostname":"WIN-LK2TQOOAELR","name":"migrations","msg":"[migrations] Running graph schema migrations (SQLite sync)..."}
{"level":50,"time":1787716000152,"pid":48724,"hostname":"WIN-LK2TQOOAELR","name":"migrations","msg":"[migrations] Added 9 enhanced symbol columns"}
{"level":50,"time":1787716000153,"pid":48724,"hostname":"WIN-LK2TQOOAELR","name":"migrations","msg":"[migrations] Relationships table ready"}
{"level":50,"time":1787716000153,"pid":48724,"hostname":"WIN-LK2TQOOAELR","name":"migrations","msg":"[migrations] File index table ready"}
{"level":50,"time":1787716000153,"pid":48724,"hostname":"WIN-LK2TQOOAELR","name":"migrations","msg":"[migrations] Graph metadata table ready"}
{"level":50,"time":1787716000154,"pid":48724,"hostname":"WIN-LK2TQOOAELR","name":"migrations","msg":"[migrations] Body embeddings table ready"}
{"level":50,"time":1787716000154,"pid":48724,"hostname":"WIN-LK2TQOOAELR","name":"migrations","msg":"[migrations] Schema version set to 3 (sync)"}
{"level":50,"time":1787716000160,"pid":48724,"hostname":"WIN-LK2TQOOAELR","name":"migrations","msg":"[migrations] V4: Memory tables dropped and recreated"}
{"level":30,"time":1787716000031,"pid":48724,"hostname":"WIN-LK2TQOOAELR","name":"migration-v5","msg":"[migrations] V5: multi-tenant project_id applied (legacy=default)"}
{"level":30,"time":1787716000078,"pid":48724,"hostname":"WIN-LK2TQOOAELR","name":"migration-v5","msg":"[migrations] V5: multi-tenant project_id applied (legacy=default)"}
{"level":30,"time":1787716000120,"pid":48724,"hostname":"WIN-LK2TQOOAELR","name":"migration-v5","msg":"[migrations] V5: multi-tenant project_id applied (legacy=default)"}
{"level":30,"time":1787716000161,"pid":48724,"hostname":"WIN-LK2TQOOAELR","name":"migration-v5","msg":"[migrations] V5: multi-tenant project_id applied (legacy=default)"}
fatal: not a git repository (or any of the parent directories): .git
{"level":50,"time":1787716002033,"pid":40836,"hostname":"WIN-LK2TQOOAELR","name":"database-manager","msg":"[db] Using native binding: C:\\Users\\ASUS\\.code-intel\\native-addons\\better-sqlite3\\v12.10.0\\node-v22-win32-x64\\better_sqlite3.node"}
{"level":50,"time":1787716002063,"pid":40836,"hostname":"WIN-LK2TQOOAELR","name":"migrations","msg":"[migrations] Applying v1: Initial schema with FTS5"}
{"level":30,"time":1787716002076,"pid":40836,"hostname":"WIN-LK2TQOOAELR","name":"migration-v5","msg":"[migrations] V5: multi-tenant project_id applied (legacy=default)"}
{"level":50,"time":1787716002053,"pid":40836,"hostname":"WIN-LK2TQOOAELR","name":"database-manager","msg":"[db] Pre-V5 backup written to C:\\Users\\ASUS\\AppData\\Local\\Temp\\sa4e18-7B8DB4\\index.db.pre-v5.bak"}
{"level":50,"time":1787716002076,"pid":40836,"hostname":"WIN-LK2TQOOAELR","name":"database-manager","msg":"[db] Initialized at C:\\Users\\ASUS\\AppData\\Local\\Temp\\sa4e18-7B8DB4\\index.db"}
{"level":50,"time":1787716002064,"pid":40836,"hostname":"WIN-LK2TQOOAELR","name":"migrations","msg":"[migrations] v1 applied"}
{"level":50,"time":1787716002064,"pid":40836,"hostname":"WIN-LK2TQOOAELR","name":"migrations","msg":"[migrations] V2: Added 0 pattern columns"}
{"level":50,"time":1787716002064,"pid":40836,"hostname":"WIN-LK2TQOOAELR","name":"migrations","msg":"[migrations] Running graph schema migrations (SQLite sync)..."}
{"level":50,"time":1787716002067,"pid":40836,"hostname":"WIN-LK2TQOOAELR","name":"migrations","msg":"[migrations] Added 9 enhanced symbol columns"}
{"level":50,"time":1787716002067,"pid":40836,"hostname":"WIN-LK2TQOOAELR","name":"migrations","msg":"[migrations] Relationships table ready"}
{"level":50,"time":1787716002068,"pid":40836,"hostname":"WIN-LK2TQOOAELR","name":"migrations","msg":"[migrations] File index table ready"}
{"level":50,"time":1787716002068,"pid":40836,"hostname":"WIN-LK2TQOOAELR","name":"migrations","msg":"[migrations] Graph metadata table ready"}
{"level":50,"time":1787716002068,"pid":40836,"hostname":"WIN-LK2TQOOAELR","name":"migrations","msg":"[migrations] Body embeddings table ready"}
{"level":50,"time":1787716002068,"pid":40836,"hostname":"WIN-LK2TQOOAELR","name":"migrations","msg":"[migrations] Schema version set to 3 (sync)"}
{"level":50,"time":1787716002074,"pid":40836,"hostname":"WIN-LK2TQOOAELR","name":"migrations","msg":"[migrations] V4: Memory tables dropped and recreated"}
{"level":30,"time":1787716002119,"pid":40836,"hostname":"WIN-LK2TQOOAELR","name":"memory-tool-dispatcher","entryId":1,"type":"CONTEXT","msg":"[graph] Upserted graph node for KB entry"}
{"level":50,"time":1787716002129,"pid":40836,"hostname":"WIN-LK2TQOOAELR","name":"database-manager","msg":"[db] Connection closed"}
{"level":50,"time":1787716002152,"pid":40836,"hostname":"WIN-LK2TQOOAELR","name":"migrations","msg":"[migrations] Applying v1: Initial schema with FTS5"}
{"level":30,"time":1787716002164,"pid":40836,"hostname":"WIN-LK2TQOOAELR","name":"migration-v5","msg":"[migrations] V5: multi-tenant project_id applied (legacy=default)"}
{"level":30,"time":1787716002120,"pid":40836,"hostname":"WIN-LK2TQOOAELR","name":"memory-tool-dispatcher","entryId":2,"type":"CONTEXT","msg":"[graph] Upserted graph node for KB entry"}
{"level":30,"time":1787716002121,"pid":40836,"hostname":"WIN-LK2TQOOAELR","name":"memory-tool-dispatcher","entryId":3,"type":"CONTEXT","msg":"[graph] Upserted graph node for KB entry"}
{"level":50,"time":1787716002134,"pid":40836,"hostname":"WIN-LK2TQOOAELR","name":"database-manager","msg":"[db] Using native binding: C:\\Users\\ASUS\\.code-intel\\native-addons\\better-sqlite3\\v12.10.0\\node-v22-win32-x64\\better_sqlite3.node"}
{"level":50,"time":1787716002145,"pid":40836,"hostname":"WIN-LK2TQOOAELR","name":"database-manager","msg":"[db] Pre-V5 backup written to C:\\Users\\ASUS\\AppData\\Local\\Temp\\sa4e18-XpI9Kk\\index.db.pre-v5.bak"}
{"level":50,"time":1787716002164,"pid":40836,"hostname":"WIN-LK2TQOOAELR","name":"database-manager","msg":"[db] Initialized at C:\\Users\\ASUS\\AppData\\Local\\Temp\\sa4e18-XpI9Kk\\index.db"}
{"level":50,"time":1787716002153,"pid":40836,"hostname":"WIN-LK2TQOOAELR","name":"migrations","msg":"[migrations] v1 applied"}
{"level":50,"time":1787716002153,"pid":40836,"hostname":"WIN-LK2TQOOAELR","name":"migrations","msg":"[migrations] V2: Added 0 pattern columns"}
{"level":50,"time":1787716002153,"pid":40836,"hostname":"WIN-LK2TQOOAELR","name":"migrations","msg":"[migrations] Running graph schema migrations (SQLite sync)..."}
{"level":50,"time":1787716002155,"pid":40836,"hostname":"WIN-LK2TQOOAELR","name":"migrations","msg":"[migrations] Added 9 enhanced symbol columns"}
{"level":50,"time":1787716002156,"pid":40836,"hostname":"WIN-LK2TQOOAELR","name":"migrations","msg":"[migrations] Relationships table ready"}
{"level":50,"time":1787716002156,"pid":40836,"hostname":"WIN-LK2TQOOAELR","name":"migrations","msg":"[migrations] File index table ready"}
{"level":50,"time":1787716002156,"pid":40836,"hostname":"WIN-LK2TQOOAELR","name":"migrations","msg":"[migrations] Graph metadata table ready"}
{"level":50,"time":1787716002156,"pid":40836,"hostname":"WIN-LK2TQOOAELR","name":"migrations","msg":"[migrations] Body embeddings table ready"}
{"level":50,"time":1787716002156,"pid":40836,"hostname":"WIN-LK2TQOOAELR","name":"migrations","msg":"[migrations] Schema version set to 3 (sync)"}
{"level":50,"time":1787716002163,"pid":40836,"hostname":"WIN-LK2TQOOAELR","name":"migrations","msg":"[migrations] V4: Memory tables dropped and recreated"}
{"level":30,"time":1787716002182,"pid":40836,"hostname":"WIN-LK2TQOOAELR","name":"memory-tool-dispatcher","entryId":1,"type":"CONTEXT","msg":"[graph] Upserted graph node for KB entry"}
{"level":50,"time":1787716002191,"pid":40836,"hostname":"WIN-LK2TQOOAELR","name":"database-manager","msg":"[db] Connection closed"}
{"level":50,"time":1787716002220,"pid":40836,"hostname":"WIN-LK2TQOOAELR","name":"migrations","msg":"[migrations] Applying v1: Initial schema with FTS5"}
{"level":30,"time":1787716002233,"pid":40836,"hostname":"WIN-LK2TQOOAELR","name":"migration-v5","msg":"[migrations] V5: multi-tenant project_id applied (legacy=default)"}
{"level":30,"time":1787716002183,"pid":40836,"hostname":"WIN-LK2TQOOAELR","name":"memory-tool-dispatcher","entryId":2,"type":"CONTEXT","msg":"[graph] Upserted graph node for KB entry"}
{"level":50,"time":1787716002198,"pid":40836,"hostname":"WIN-LK2TQOOAELR","name":"database-manager","msg":"[db] Using native binding: C:\\Users\\ASUS\\.code-intel\\native-addons\\better-sqlite3\\v12.10.0\\node-v22-win32-x64\\better_sqlite3.node"}
{"level":50,"time":1787716002211,"pid":40836,"hostname":"WIN-LK2TQOOAELR","name":"database-manager","msg":"[db] Pre-V5 backup written to C:\\Users\\ASUS\\AppData\\Local\\Temp\\sa4e18-q5Z6FG\\index.db.pre-v5.bak"}
{"level":50,"time":1787716002233,"pid":40836,"hostname":"WIN-LK2TQOOAELR","name":"database-manager","msg":"[db] Initialized at C:\\Users\\ASUS\\AppData\\Local\\Temp\\sa4e18-q5Z6FG\\index.db"}
{"level":50,"time":1787716002221,"pid":40836,"hostname":"WIN-LK2TQOOAELR","name":"migrations","msg":"[migrations] v1 applied"}
{"level":50,"time":1787716002221,"pid":40836,"hostname":"WIN-LK2TQOOAELR","name":"migrations","msg":"[migrations] V2: Added 0 pattern columns"}
{"level":50,"time":1787716002221,"pid":40836,"hostname":"WIN-LK2TQOOAELR","name":"migrations","msg":"[migrations] Running graph schema migrations (SQLite sync)..."}
{"level":50,"time":1787716002224,"pid":40836,"hostname":"WIN-LK2TQOOAELR","name":"migrations","msg":"[migrations] Added 9 enhanced symbol columns"}
{"level":50,"time":1787716002225,"pid":40836,"hostname":"WIN-LK2TQOOAELR","name":"migrations","msg":"[migrations] Relationships table ready"}
{"level":50,"time":1787716002225,"pid":40836,"hostname":"WIN-LK2TQOOAELR","name":"migrations","msg":"[migrations] File index table ready"}
{"level":50,"time":1787716002226,"pid":40836,"hostname":"WIN-LK2TQOOAELR","name":"migrations","msg":"[migrations] Graph metadata table ready"}
{"level":50,"time":1787716002226,"pid":40836,"hostname":"WIN-LK2TQOOAELR","name":"migrations","msg":"[migrations] Body embeddings table ready"}
{"level":50,"time":1787716002226,"pid":40836,"hostname":"WIN-LK2TQOOAELR","name":"migrations","msg":"[migrations] Schema version set to 3 (sync)"}
{"level":50,"time":1787716002232,"pid":40836,"hostname":"WIN-LK2TQOOAELR","name":"migrations","msg":"[migrations] V4: Memory tables dropped and recreated"}
{"level":30,"time":1787716002249,"pid":40836,"hostname":"WIN-LK2TQOOAELR","name":"memory-tool-dispatcher","entryId":1,"type":"CONTEXT","msg":"[graph] Upserted graph node for KB entry"}
{"level":50,"time":1787716002256,"pid":40836,"hostname":"WIN-LK2TQOOAELR","name":"database-manager","msg":"[db] Connection closed"}
{"level":50,"time":1787716002280,"pid":40836,"hostname":"WIN-LK2TQOOAELR","name":"migrations","msg":"[migrations] Applying v1: Initial schema with FTS5"}
{"level":30,"time":1787716002290,"pid":40836,"hostname":"WIN-LK2TQOOAELR","name":"migration-v5","msg":"[migrations] V5: multi-tenant project_id applied (legacy=default)"}
{"level":50,"time":1787716002260,"pid":40836,"hostname":"WIN-LK2TQOOAELR","name":"database-manager","msg":"[db] Using native binding: C:\\Users\\ASUS\\.code-intel\\native-addons\\better-sqlite3\\v12.10.0\\node-v22-win32-x64\\better_sqlite3.node"}
{"level":50,"time":1787716002272,"pid":40836,"hostname":"WIN-LK2TQOOAELR","name":"database-manager","msg":"[db] Pre-V5 backup written to C:\\Users\\ASUS\\AppData\\Local\\Temp\\sa4e18-umuh1X\\index.db.pre-v5.bak"}
{"level":50,"time":1787716002290,"pid":40836,"hostname":"WIN-LK2TQOOAELR","name":"database-manager","msg":"[db] Initialized at C:\\Users\\ASUS\\AppData\\Local\\Temp\\sa4e18-umuh1X\\index.db"}
{"level":50,"time":1787716002281,"pid":40836,"hostname":"WIN-LK2TQOOAELR","name":"migrations","msg":"[migrations] v1 applied"}
{"level":50,"time":1787716002281,"pid":40836,"hostname":"WIN-LK2TQOOAELR","name":"migrations","msg":"[migrations] V2: Added 0 pattern columns"}
{"level":50,"time":1787716002281,"pid":40836,"hostname":"WIN-LK2TQOOAELR","name":"migrations","msg":"[migrations] Running graph schema migrations (SQLite sync)..."}
{"level":50,"time":1787716002283,"pid":40836,"hostname":"WIN-LK2TQOOAELR","name":"migrations","msg":"[migrations] Added 9 enhanced symbol columns"}
{"level":50,"time":1787716002284,"pid":40836,"hostname":"WIN-LK2TQOOAELR","name":"migrations","msg":"[migrations] Relationships table ready"}
{"level":50,"time":1787716002284,"pid":40836,"hostname":"WIN-LK2TQOOAELR","name":"migrations","msg":"[migrations] File index table ready"}
{"level":50,"time":1787716002284,"pid":40836,"hostname":"WIN-LK2TQOOAELR","name":"migrations","msg":"[migrations] Graph metadata table ready"}
{"level":50,"time":1787716002284,"pid":40836,"hostname":"WIN-LK2TQOOAELR","name":"migrations","msg":"[migrations] Body embeddings table ready"}
{"level":50,"time":1787716002284,"pid":40836,"hostname":"WIN-LK2TQOOAELR","name":"migrations","msg":"[migrations] Schema version set to 3 (sync)"}
{"level":50,"time":1787716002289,"pid":40836,"hostname":"WIN-LK2TQOOAELR","name":"migrations","msg":"[migrations] V4: Memory tables dropped and recreated"}
{"level":30,"time":1787716002307,"pid":40836,"hostname":"WIN-LK2TQOOAELR","name":"memory-tool-dispatcher","entryId":1,"type":"CONTEXT","msg":"[graph] Upserted graph node for KB entry"}
{"level":50,"time":1787716002315,"pid":40836,"hostname":"WIN-LK2TQOOAELR","name":"database-manager","msg":"[db] Connection closed"}
fatal: not a git repository (or any of the parent directories): .git
fatal: not a git repository (or any of the parent directories): .git
fatal: not a git repository (or any of the parent directories): .git
{"level":50,"time":1787716003924,"pid":26812,"hostname":"WIN-LK2TQOOAELR","name":"database-manager","msg":"[db] Using native binding: C:\\Users\\ASUS\\.code-intel\\native-addons\\better-sqlite3\\v12.10.0\\node-v22-win32-x64\\better_sqlite3.node"}
{"level":50,"time":1787716003973,"pid":26812,"hostname":"WIN-LK2TQOOAELR","name":"migrations","msg":"[migrations] Applying v1: Initial schema with FTS5"}
{"level":30,"time":1787716003987,"pid":26812,"hostname":"WIN-LK2TQOOAELR","name":"migration-v5","msg":"[migrations] V5: multi-tenant project_id applied (legacy=default)"}
{"level":50,"time":1787716003963,"pid":26812,"hostname":"WIN-LK2TQOOAELR","name":"database-manager","msg":"[db] Pre-V5 backup written to C:\\Users\\ASUS\\AppData\\Local\\Temp\\sa4e18-I1LqTJ\\index.db.pre-v5.bak"}
{"level":50,"time":1787716003987,"pid":26812,"hostname":"WIN-LK2TQOOAELR","name":"database-manager","msg":"[db] Initialized at C:\\Users\\ASUS\\AppData\\Local\\Temp\\sa4e18-I1LqTJ\\index.db"}
{"level":50,"time":1787716003974,"pid":26812,"hostname":"WIN-LK2TQOOAELR","name":"migrations","msg":"[migrations] v1 applied"}
{"level":50,"time":1787716003974,"pid":26812,"hostname":"WIN-LK2TQOOAELR","name":"migrations","msg":"[migrations] V2: Added 0 pattern columns"}
{"level":50,"time":1787716003974,"pid":26812,"hostname":"WIN-LK2TQOOAELR","name":"migrations","msg":"[migrations] Running graph schema migrations (SQLite sync)..."}
{"level":50,"time":1787716003977,"pid":26812,"hostname":"WIN-LK2TQOOAELR","name":"migrations","msg":"[migrations] Added 9 enhanced symbol columns"}
{"level":50,"time":1787716003978,"pid":26812,"hostname":"WIN-LK2TQOOAELR","name":"migrations","msg":"[migrations] Relationships table ready"}
{"level":50,"time":1787716003978,"pid":26812,"hostname":"WIN-LK2TQOOAELR","name":"migrations","msg":"[migrations] File index table ready"}
{"level":50,"time":1787716003978,"pid":26812,"hostname":"WIN-LK2TQOOAELR","name":"migrations","msg":"[migrations] Graph metadata table ready"}
{"level":50,"time":1787716003978,"pid":26812,"hostname":"WIN-LK2TQOOAELR","name":"migrations","msg":"[migrations] Body embeddings table ready"}
{"level":50,"time":1787716003978,"pid":26812,"hostname":"WIN-LK2TQOOAELR","name":"migrations","msg":"[migrations] Schema version set to 3 (sync)"}
{"level":50,"time":1787716003985,"pid":26812,"hostname":"WIN-LK2TQOOAELR","name":"migrations","msg":"[migrations] V4: Memory tables dropped and recreated"}
{"level":30,"time":1787716004030,"pid":26812,"hostname":"WIN-LK2TQOOAELR","name":"memory-tool-dispatcher","entryId":1,"type":"CONTEXT","msg":"[graph] Upserted graph node for KB entry"}
{"level":50,"time":1787716004037,"pid":26812,"hostname":"WIN-LK2TQOOAELR","name":"database-manager","msg":"[db] Connection closed"}
{"level":50,"time":1787716004057,"pid":26812,"hostname":"WIN-LK2TQOOAELR","name":"migrations","msg":"[migrations] Applying v1: Initial schema with FTS5"}
{"level":30,"time":1787716004067,"pid":26812,"hostname":"WIN-LK2TQOOAELR","name":"migration-v5","msg":"[migrations] V5: multi-tenant project_id applied (legacy=default)"}
{"level":50,"time":1787716004041,"pid":26812,"hostname":"WIN-LK2TQOOAELR","name":"database-manager","msg":"[db] Using native binding: C:\\Users\\ASUS\\.code-intel\\native-addons\\better-sqlite3\\v12.10.0\\node-v22-win32-x64\\better_sqlite3.node"}
{"level":50,"time":1787716004050,"pid":26812,"hostname":"WIN-LK2TQOOAELR","name":"database-manager","msg":"[db] Pre-V5 backup written to C:\\Users\\ASUS\\AppData\\Local\\Temp\\sa4e18-jKhLwD\\index.db.pre-v5.bak"}
{"level":50,"time":1787716004067,"pid":26812,"hostname":"WIN-LK2TQOOAELR","name":"database-manager","msg":"[db] Initialized at C:\\Users\\ASUS\\AppData\\Local\\Temp\\sa4e18-jKhLwD\\index.db"}
{"level":50,"time":1787716004057,"pid":26812,"hostname":"WIN-LK2TQOOAELR","name":"migrations","msg":"[migrations] v1 applied"}
{"level":50,"time":1787716004057,"pid":26812,"hostname":"WIN-LK2TQOOAELR","name":"migrations","msg":"[migrations] V2: Added 0 pattern columns"}
{"level":50,"time":1787716004057,"pid":26812,"hostname":"WIN-LK2TQOOAELR","name":"migrations","msg":"[migrations] Running graph schema migrations (SQLite sync)..."}
{"level":50,"time":1787716004060,"pid":26812,"hostname":"WIN-LK2TQOOAELR","name":"migrations","msg":"[migrations] Added 9 enhanced symbol columns"}
{"level":50,"time":1787716004060,"pid":26812,"hostname":"WIN-LK2TQOOAELR","name":"migrations","msg":"[migrations] Relationships table ready"}
{"level":50,"time":1787716004060,"pid":26812,"hostname":"WIN-LK2TQOOAELR","name":"migrations","msg":"[migrations] File index table ready"}
{"level":50,"time":1787716004060,"pid":26812,"hostname":"WIN-LK2TQOOAELR","name":"migrations","msg":"[migrations] Graph metadata table ready"}
{"level":50,"time":1787716004060,"pid":26812,"hostname":"WIN-LK2TQOOAELR","name":"migrations","msg":"[migrations] Body embeddings table ready"}
{"level":50,"time":1787716004061,"pid":26812,"hostname":"WIN-LK2TQOOAELR","name":"migrations","msg":"[migrations] Schema version set to 3 (sync)"}
{"level":50,"time":1787716004066,"pid":26812,"hostname":"WIN-LK2TQOOAELR","name":"migrations","msg":"[migrations] V4: Memory tables dropped and recreated"}
{"level":30,"time":1787716004080,"pid":26812,"hostname":"WIN-LK2TQOOAELR","name":"memory-tool-dispatcher","entryId":1,"type":"CONTEXT","msg":"[graph] Upserted graph node for KB entry"}
{"level":50,"time":1787716004087,"pid":26812,"hostname":"WIN-LK2TQOOAELR","name":"database-manager","msg":"[db] Connection closed"}
{"level":50,"time":1787716004107,"pid":26812,"hostname":"WIN-LK2TQOOAELR","name":"migrations","msg":"[migrations] Applying v1: Initial schema with FTS5"}
{"level":30,"time":1787716004122,"pid":26812,"hostname":"WIN-LK2TQOOAELR","name":"migration-v5","msg":"[migrations] V5: multi-tenant project_id applied (legacy=default)"}
{"level":30,"time":1787716004208,"pid":26812,"hostname":"WIN-LK2TQOOAELR","name":"memory-tool-dispatcher","entryId":1,"type":"CONTEXT","msg":"[graph] Upserted graph node for KB entry"}
{"level":30,"time":1787716004285,"pid":26812,"hostname":"WIN-LK2TQOOAELR","name":"memory-tool-dispatcher","entryId":1,"type":"CONTEXT","msg":"[graph] Upserted graph node for KB entry"}
{"level":50,"time":1787716004090,"pid":26812,"hostname":"WIN-LK2TQOOAELR","name":"database-manager","msg":"[db] Using native binding: C:\\Users\\ASUS\\.code-intel\\native-addons\\better-sqlite3\\v12.10.0\\node-v22-win32-x64\\better_sqlite3.node"}
{"level":50,"time":1787716004099,"pid":26812,"hostname":"WIN-LK2TQOOAELR","name":"database-manager","msg":"[db] Pre-V5 backup written to C:\\Users\\ASUS\\AppData\\Local\\Temp\\sa4e18-duvMu4\\index.db.pre-v5.bak"}
{"level":50,"time":1787716004122,"pid":26812,"hostname":"WIN-LK2TQOOAELR","name":"database-manager","msg":"[db] Initialized at C:\\Users\\ASUS\\AppData\\Local\\Temp\\sa4e18-duvMu4\\index.db"}
{"level":50,"time":1787716004131,"pid":26812,"hostname":"WIN-LK2TQOOAELR","name":"database-manager","msg":"[db] Connection closed"}
{"level":50,"time":1787716004134,"pid":26812,"hostname":"WIN-LK2TQOOAELR","name":"database-manager","msg":"[db] Using native binding: C:\\Users\\ASUS\\.code-intel\\native-addons\\better-sqlite3\\v12.10.0\\node-v22-win32-x64\\better_sqlite3.node"}
{"level":50,"time":1787716004143,"pid":26812,"hostname":"WIN-LK2TQOOAELR","name":"database-manager","msg":"[db] Pre-V5 backup written to C:\\Users\\ASUS\\AppData\\Local\\Temp\\sa4e18-G6qJLp\\index.db.pre-v5.bak"}
{"level":50,"time":1787716004164,"pid":26812,"hostname":"WIN-LK2TQOOAELR","name":"database-manager","msg":"[db] Initialized at C:\\Users\\ASUS\\AppData\\Local\\Temp\\sa4e18-G6qJLp\\index.db"}
{"level":50,"time":1787716004172,"pid":26812,"hostname":"WIN-LK2TQOOAELR","name":"database-manager","msg":"[db] Connection closed"}
{"level":50,"time":1787716004177,"pid":26812,"hostname":"WIN-LK2TQOOAELR","name":"database-manager","msg":"[db] Using native binding: C:\\Users\\ASUS\\.code-intel\\native-addons\\better-sqlite3\\v12.10.0\\node-v22-win32-x64\\better_sqlite3.node"}
{"level":50,"time":1787716004187,"pid":26812,"hostname":"WIN-LK2TQOOAELR","name":"database-manager","msg":"[db] Pre-V5 backup written to C:\\Users\\ASUS\\AppData\\Local\\Temp\\sa4e18-lm8d0E\\index.db.pre-v5.bak"}
{"level":50,"time":1787716004205,"pid":26812,"hostname":"WIN-LK2TQOOAELR","name":"database-manager","msg":"[db] Initialized at C:\\Users\\ASUS\\AppData\\Local\\Temp\\sa4e18-lm8d0E\\index.db"}
{"level":50,"time":1787716004215,"pid":26812,"hostname":"WIN-LK2TQOOAELR","name":"database-manager","msg":"[db] Connection closed"}
{"level":50,"time":1787716004218,"pid":26812,"hostname":"WIN-LK2TQOOAELR","name":"database-manager","msg":"[db] Using native binding: C:\\Users\\ASUS\\.code-intel\\native-addons\\better-sqlite3\\v12.10.0\\node-v22-win32-x64\\better_sqlite3.node"}
{"level":50,"time":1787716004227,"pid":26812,"hostname":"WIN-LK2TQOOAELR","name":"database-manager","msg":"[db] Pre-V5 backup written to C:\\Users\\ASUS\\AppData\\Local\\Temp\\sa4e18-rHaPWC\\index.db.pre-v5.bak"}
{"level":50,"time":1787716004245,"pid":26812,"hostname":"WIN-LK2TQOOAELR","name":"database-manager","msg":"[db] Initialized at C:\\Users\\ASUS\\AppData\\Local\\Temp\\sa4e18-rHaPWC\\index.db"}
{"level":50,"time":1787716004255,"pid":26812,"hostname":"WIN-LK2TQOOAELR","name":"database-manager","msg":"[db] Connection closed"}
{"level":50,"time":1787716004258,"pid":26812,"hostname":"WIN-LK2TQOOAELR","name":"database-manager","msg":"[db] Using native binding: C:\\Users\\ASUS\\.code-intel\\native-addons\\better-sqlite3\\v12.10.0\\node-v22-win32-x64\\better_sqlite3.node"}
{"level":50,"time":1787716004267,"pid":26812,"hostname":"WIN-LK2TQOOAELR","name":"database-manager","msg":"[db] Pre-V5 backup written to C:\\Users\\ASUS\\AppData\\Local\\Temp\\sa4e18-tswaoV\\index.db.pre-v5.bak"}
{"level":50,"time":1787716004282,"pid":26812,"hostname":"WIN-LK2TQOOAELR","name":"database-manager","msg":"[db] Initialized at C:\\Users\\ASUS\\AppData\\Local\\Temp\\sa4e18-tswaoV\\index.db"}
{"level":50,"time":1787716004291,"pid":26812,"hostname":"WIN-LK2TQOOAELR","name":"database-manager","msg":"[db] Connection closed"}
{"level":50,"time":1787716004108,"pid":26812,"hostname":"WIN-LK2TQOOAELR","name":"migrations","msg":"[migrations] v1 applied"}
{"level":50,"time":1787716004108,"pid":26812,"hostname":"WIN-LK2TQOOAELR","name":"migrations","msg":"[migrations] V2: Added 0 pattern columns"}
{"level":50,"time":1787716004108,"pid":26812,"hostname":"WIN-LK2TQOOAELR","name":"migrations","msg":"[migrations] Running graph schema migrations (SQLite sync)..."}
{"level":50,"time":1787716004111,"pid":26812,"hostname":"WIN-LK2TQOOAELR","name":"migrations","msg":"[migrations] Added 9 enhanced symbol columns"}
{"level":50,"time":1787716004112,"pid":26812,"hostname":"WIN-LK2TQOOAELR","name":"migrations","msg":"[migrations] Relationships table ready"}
{"level":50,"time":1787716004112,"pid":26812,"hostname":"WIN-LK2TQOOAELR","name":"migrations","msg":"[migrations] File index table ready"}
{"level":50,"time":1787716004112,"pid":26812,"hostname":"WIN-LK2TQOOAELR","name":"migrations","msg":"[migrations] Graph metadata table ready"}
{"level":50,"time":1787716004112,"pid":26812,"hostname":"WIN-LK2TQOOAELR","name":"migrations","msg":"[migrations] Body embeddings table ready"}
{"level":50,"time":1787716004113,"pid":26812,"hostname":"WIN-LK2TQOOAELR","name":"migrations","msg":"[migrations] Schema version set to 3 (sync)"}
{"level":50,"time":1787716004121,"pid":26812,"hostname":"WIN-LK2TQOOAELR","name":"migrations","msg":"[migrations] V4: Memory tables dropped and recreated"}
{"level":50,"time":1787716004152,"pid":26812,"hostname":"WIN-LK2TQOOAELR","name":"migrations","msg":"[migrations] Applying v1: Initial schema with FTS5"}
{"level":50,"time":1787716004152,"pid":26812,"hostname":"WIN-LK2TQOOAELR","name":"migrations","msg":"[migrations] v1 applied"}
{"level":50,"time":1787716004152,"pid":26812,"hostname":"WIN-LK2TQOOAELR","name":"migrations","msg":"[migrations] V2: Added 0 pattern columns"}
{"level":50,"time":1787716004152,"pid":26812,"hostname":"WIN-LK2TQOOAELR","name":"migrations","msg":"[migrations] Running graph schema migrations (SQLite sync)..."}
{"level":50,"time":1787716004155,"pid":26812,"hostname":"WIN-LK2TQOOAELR","name":"migrations","msg":"[migrations] Added 9 enhanced symbol columns"}
{"level":50,"time":1787716004156,"pid":26812,"hostname":"WIN-LK2TQOOAELR","name":"migrations","msg":"[migrations] Relationships table ready"}
{"level":50,"time":1787716004156,"pid":26812,"hostname":"WIN-LK2TQOOAELR","name":"migrations","msg":"[migrations] File index table ready"}
{"level":50,"time":1787716004157,"pid":26812,"hostname":"WIN-LK2TQOOAELR","name":"migrations","msg":"[migrations] Graph metadata table ready"}
{"level":50,"time":1787716004157,"pid":26812,"hostname":"WIN-LK2TQOOAELR","name":"migrations","msg":"[migrations] Body embeddings table ready"}
{"level":50,"time":1787716004157,"pid":26812,"hostname":"WIN-LK2TQOOAELR","name":"migrations","msg":"[migrations] Schema version set to 3 (sync)"}
{"level":50,"time":1787716004163,"pid":26812,"hostname":"WIN-LK2TQOOAELR","name":"migrations","msg":"[migrations] V4: Memory tables dropped and recreated"}
{"level":50,"time":1787716004194,"pid":26812,"hostname":"WIN-LK2TQOOAELR","name":"migrations","msg":"[migrations] Applying v1: Initial schema with FTS5"}
{"level":50,"time":1787716004195,"pid":26812,"hostname":"WIN-LK2TQOOAELR","name":"migrations","msg":"[migrations] v1 applied"}
{"level":50,"time":1787716004195,"pid":26812,"hostname":"WIN-LK2TQOOAELR","name":"migrations","msg":"[migrations] V2: Added 0 pattern columns"}
{"level":50,"time":1787716004195,"pid":26812,"hostname":"WIN-LK2TQOOAELR","name":"migrations","msg":"[migrations] Running graph schema migrations (SQLite sync)..."}
{"level":50,"time":1787716004198,"pid":26812,"hostname":"WIN-LK2TQOOAELR","name":"migrations","msg":"[migrations] Added 9 enhanced symbol columns"}
{"level":50,"time":1787716004198,"pid":26812,"hostname":"WIN-LK2TQOOAELR","name":"migrations","msg":"[migrations] Relationships table ready"}
{"level":50,"time":1787716004198,"pid":26812,"hostname":"WIN-LK2TQOOAELR","name":"migrations","msg":"[migrations] File index table ready"}
{"level":50,"time":1787716004199,"pid":26812,"hostname":"WIN-LK2TQOOAELR","name":"migrations","msg":"[migrations] Graph metadata table ready"}
{"level":50,"time":1787716004199,"pid":26812,"hostname":"WIN-LK2TQOOAELR","name":"migrations","msg":"[migrations] Body embeddings table ready"}
{"level":50,"time":1787716004199,"pid":26812,"hostname":"WIN-LK2TQOOAELR","name":"migrations","msg":"[migrations] Schema version set to 3 (sync)"}
{"level":50,"time":1787716004204,"pid":26812,"hostname":"WIN-LK2TQOOAELR","name":"migrations","msg":"[migrations] V4: Memory tables dropped and recreated"}
{"level":50,"time":1787716004234,"pid":26812,"hostname":"WIN-LK2TQOOAELR","name":"migrations","msg":"[migrations] Applying v1: Initial schema with FTS5"}
{"level":50,"time":1787716004234,"pid":26812,"hostname":"WIN-LK2TQOOAELR","name":"migrations","msg":"[migrations] v1 applied"}
{"level":50,"time":1787716004234,"pid":26812,"hostname":"WIN-LK2TQOOAELR","name":"migrations","msg":"[migrations] V2: Added 0 pattern columns"}
{"level":50,"time":1787716004234,"pid":26812,"hostname":"WIN-LK2TQOOAELR","name":"migrations","msg":"[migrations] Running graph schema migrations (SQLite sync)..."}
{"level":50,"time":1787716004236,"pid":26812,"hostname":"WIN-LK2TQOOAELR","name":"migrations","msg":"[migrations] Added 9 enhanced symbol columns"}
{"level":50,"time":1787716004237,"pid":26812,"hostname":"WIN-LK2TQOOAELR","name":"migrations","msg":"[migrations] Relationships table ready"}
{"level":50,"time":1787716004237,"pid":26812,"hostname":"WIN-LK2TQOOAELR","name":"migrations","msg":"[migrations] File index table ready"}
{"level":50,"time":1787716004237,"pid":26812,"hostname":"WIN-LK2TQOOAELR","name":"migrations","msg":"[migrations] Graph metadata table ready"}
{"level":50,"time":1787716004237,"pid":26812,"hostname":"WIN-LK2TQOOAELR","name":"migrations","msg":"[migrations] Body embeddings table ready"}
{"level":50,"time":1787716004238,"pid":26812,"hostname":"WIN-LK2TQOOAELR","name":"migrations","msg":"[migrations] Schema version set to 3 (sync)"}
{"level":50,"time":1787716004243,"pid":26812,"hostname":"WIN-LK2TQOOAELR","name":"migrations","msg":"[migrations] V4: Memory tables dropped and recreated"}
{"level":50,"time":1787716004273,"pid":26812,"hostname":"WIN-LK2TQOOAELR","name":"migrations","msg":"[migrations] Applying v1: Initial schema with FTS5"}
{"level":50,"time":1787716004273,"pid":26812,"hostname":"WIN-LK2TQOOAELR","name":"migrations","msg":"[migrations] v1 applied"}
{"level":50,"time":1787716004274,"pid":26812,"hostname":"WIN-LK2TQOOAELR","name":"migrations","msg":"[migrations] V2: Added 0 pattern columns"}
{"level":50,"time":1787716004274,"pid":26812,"hostname":"WIN-LK2TQOOAELR","name":"migrations","msg":"[migrations] Running graph schema migrations (SQLite sync)..."}
{"level":50,"time":1787716004275,"pid":26812,"hostname":"WIN-LK2TQOOAELR","name":"migrations","msg":"[migrations] Added 9 enhanced symbol columns"}
{"level":50,"time":1787716004276,"pid":26812,"hostname":"WIN-LK2TQOOAELR","name":"migrations","msg":"[migrations] Relationships table ready"}
{"level":50,"time":1787716004276,"pid":26812,"hostname":"WIN-LK2TQOOAELR","name":"migrations","msg":"[migrations] File index table ready"}
{"level":50,"time":1787716004276,"pid":26812,"hostname":"WIN-LK2TQOOAELR","name":"migrations","msg":"[migrations] Graph metadata table ready"}
{"level":50,"time":1787716004276,"pid":26812,"hostname":"WIN-LK2TQOOAELR","name":"migrations","msg":"[migrations] Body embeddings table ready"}
{"level":50,"time":1787716004277,"pid":26812,"hostname":"WIN-LK2TQOOAELR","name":"migrations","msg":"[migrations] Schema version set to 3 (sync)"}
{"level":50,"time":1787716004281,"pid":26812,"hostname":"WIN-LK2TQOOAELR","name":"migrations","msg":"[migrations] V4: Memory tables dropped and recreated"}
{"level":30,"time":1787716004164,"pid":26812,"hostname":"WIN-LK2TQOOAELR","name":"migration-v5","msg":"[migrations] V5: multi-tenant project_id applied (legacy=default)"}
{"level":30,"time":1787716004205,"pid":26812,"hostname":"WIN-LK2TQOOAELR","name":"migration-v5","msg":"[migrations] V5: multi-tenant project_id applied (legacy=default)"}
{"level":30,"time":1787716004245,"pid":26812,"hostname":"WIN-LK2TQOOAELR","name":"migration-v5","msg":"[migrations] V5: multi-tenant project_id applied (legacy=default)"}
{"level":30,"time":1787716004282,"pid":26812,"hostname":"WIN-LK2TQOOAELR","name":"migration-v5","msg":"[migrations] V5: multi-tenant project_id applied (legacy=default)"}
fatal: not a git repository (or any of the parent directories): .git
{"level":50,"time":1787716006045,"pid":43480,"hostname":"WIN-LK2TQOOAELR","name":"database-manager","msg":"[db] Using native binding: C:\\Users\\ASUS\\.code-intel\\native-addons\\better-sqlite3\\v12.10.0\\node-v22-win32-x64\\better_sqlite3.node"}
{"level":50,"time":1787716006069,"pid":43480,"hostname":"WIN-LK2TQOOAELR","name":"migrations","msg":"[migrations] Applying v1: Initial schema with FTS5"}
{"level":30,"time":1787716006081,"pid":43480,"hostname":"WIN-LK2TQOOAELR","name":"migration-v5","msg":"[migrations] V5: multi-tenant project_id applied (legacy=default)"}
{"level":50,"time":1787716006060,"pid":43480,"hostname":"WIN-LK2TQOOAELR","name":"database-manager","msg":"[db] Pre-V5 backup written to C:\\Users\\ASUS\\AppData\\Local\\Temp\\sa4e18-RjBo0x\\index.db.pre-v5.bak"}
{"level":50,"time":1787716006081,"pid":43480,"hostname":"WIN-LK2TQOOAELR","name":"database-manager","msg":"[db] Initialized at C:\\Users\\ASUS\\AppData\\Local\\Temp\\sa4e18-RjBo0x\\index.db"}
{"level":50,"time":1787716006091,"pid":43480,"hostname":"WIN-LK2TQOOAELR","name":"database-manager","msg":"[db] Connection closed"}
{"level":50,"time":1787716006070,"pid":43480,"hostname":"WIN-LK2TQOOAELR","name":"migrations","msg":"[migrations] v1 applied"}
{"level":50,"time":1787716006070,"pid":43480,"hostname":"WIN-LK2TQOOAELR","name":"migrations","msg":"[migrations] V2: Added 0 pattern columns"}
{"level":50,"time":1787716006070,"pid":43480,"hostname":"WIN-LK2TQOOAELR","name":"migrations","msg":"[migrations] Running graph schema migrations (SQLite sync)..."}
{"level":50,"time":1787716006073,"pid":43480,"hostname":"WIN-LK2TQOOAELR","name":"migrations","msg":"[migrations] Added 9 enhanced symbol columns"}
{"level":50,"time":1787716006073,"pid":43480,"hostname":"WIN-LK2TQOOAELR","name":"migrations","msg":"[migrations] Relationships table ready"}
{"level":50,"time":1787716006074,"pid":43480,"hostname":"WIN-LK2TQOOAELR","name":"migrations","msg":"[migrations] File index table ready"}
{"level":50,"time":1787716006074,"pid":43480,"hostname":"WIN-LK2TQOOAELR","name":"migrations","msg":"[migrations] Graph metadata table ready"}
{"level":50,"time":1787716006074,"pid":43480,"hostname":"WIN-LK2TQOOAELR","name":"migrations","msg":"[migrations] Body embeddings table ready"}
{"level":50,"time":1787716006074,"pid":43480,"hostname":"WIN-LK2TQOOAELR","name":"migrations","msg":"[migrations] Schema version set to 3 (sync)"}
{"level":50,"time":1787716006079,"pid":43480,"hostname":"WIN-LK2TQOOAELR","name":"migrations","msg":"[migrations] V4: Memory tables dropped and recreated"}
{"level":50,"time":1787716006762,"pid":40976,"hostname":"WIN-LK2TQOOAELR","name":"database-manager","msg":"[db] Using native binding: C:\\Users\\ASUS\\.code-intel\\native-addons\\better-sqlite3\\v12.10.0\\node-v22-win32-x64\\better_sqlite3.node"}
{"level":50,"time":1787716006780,"pid":40976,"hostname":"WIN-LK2TQOOAELR","name":"migrations","msg":"[migrations] Applying v1: Initial schema with FTS5"}
{"level":30,"time":1787716006791,"pid":40976,"hostname":"WIN-LK2TQOOAELR","name":"migration-v5","msg":"[migrations] V5: multi-tenant project_id applied (legacy=default)"}
{"level":50,"time":1787716006773,"pid":40976,"hostname":"WIN-LK2TQOOAELR","name":"database-manager","msg":"[db] Pre-V5 backup written to C:\\Users\\ASUS\\AppData\\Local\\Temp\\sa4e18-vEfVHR\\index.db.pre-v5.bak"}
{"level":50,"time":1787716006791,"pid":40976,"hostname":"WIN-LK2TQOOAELR","name":"database-manager","msg":"[db] Initialized at C:\\Users\\ASUS\\AppData\\Local\\Temp\\sa4e18-vEfVHR\\index.db"}
{"level":50,"time":1787716006811,"pid":40976,"hostname":"WIN-LK2TQOOAELR","name":"database-manager","msg":"[db] Connection closed"}
{"level":50,"time":1787716006781,"pid":40976,"hostname":"WIN-LK2TQOOAELR","name":"migrations","msg":"[migrations] v1 applied"}
{"level":50,"time":1787716006781,"pid":40976,"hostname":"WIN-LK2TQOOAELR","name":"migrations","msg":"[migrations] V2: Added 0 pattern columns"}
{"level":50,"time":1787716006781,"pid":40976,"hostname":"WIN-LK2TQOOAELR","name":"migrations","msg":"[migrations] Running graph schema migrations (SQLite sync)..."}
{"level":50,"time":1787716006783,"pid":40976,"hostname":"WIN-LK2TQOOAELR","name":"migrations","msg":"[migrations] Added 9 enhanced symbol columns"}
{"level":50,"time":1787716006784,"pid":40976,"hostname":"WIN-LK2TQOOAELR","name":"migrations","msg":"[migrations] Relationships table ready"}
{"level":50,"time":1787716006784,"pid":40976,"hostname":"WIN-LK2TQOOAELR","name":"migrations","msg":"[migrations] File index table ready"}
{"level":50,"time":1787716006784,"pid":40976,"hostname":"WIN-LK2TQOOAELR","name":"migrations","msg":"[migrations] Graph metadata table ready"}
{"level":50,"time":1787716006784,"pid":40976,"hostname":"WIN-LK2TQOOAELR","name":"migrations","msg":"[migrations] Body embeddings table ready"}
{"level":50,"time":1787716006784,"pid":40976,"hostname":"WIN-LK2TQOOAELR","name":"migrations","msg":"[migrations] Schema version set to 3 (sync)"}
{"level":50,"time":1787716006789,"pid":40976,"hostname":"WIN-LK2TQOOAELR","name":"migrations","msg":"[migrations] V4: Memory tables dropped and recreated"}
{"level":50,"time":1787716007738,"pid":48600,"hostname":"WIN-LK2TQOOAELR","name":"database-manager","msg":"[db] Using native binding: C:\\Users\\ASUS\\.code-intel\\native-addons\\better-sqlite3\\v12.10.0\\node-v22-win32-x64\\better_sqlite3.node"}
{"level":50,"time":1787716007781,"pid":48600,"hostname":"WIN-LK2TQOOAELR","name":"migrations","msg":"[migrations] Applying v1: Initial schema with FTS5"}
{"level":30,"time":1787716007795,"pid":48600,"hostname":"WIN-LK2TQOOAELR","name":"migration-v5","msg":"[migrations] V5: multi-tenant project_id applied (legacy=default)"}
{"level":50,"time":1787716007773,"pid":48600,"hostname":"WIN-LK2TQOOAELR","name":"database-manager","msg":"[db] Pre-V5 backup written to C:\\Users\\ASUS\\AppData\\Local\\Temp\\sa4e18-GZ47MR\\index.db.pre-v5.bak"}
{"level":50,"time":1787716007796,"pid":48600,"hostname":"WIN-LK2TQOOAELR","name":"database-manager","msg":"[db] Initialized at C:\\Users\\ASUS\\AppData\\Local\\Temp\\sa4e18-GZ47MR\\index.db"}
{"level":50,"time":1787716007807,"pid":48600,"hostname":"WIN-LK2TQOOAELR","name":"database-manager","msg":"[db] Connection closed"}
{"level":50,"time":1787716007811,"pid":48600,"hostname":"WIN-LK2TQOOAELR","name":"database-manager","msg":"[db] Using native binding: C:\\Users\\ASUS\\.code-intel\\native-addons\\better-sqlite3\\v12.10.0\\node-v22-win32-x64\\better_sqlite3.node"}
{"level":50,"time":1787716007821,"pid":48600,"hostname":"WIN-LK2TQOOAELR","name":"database-manager","msg":"[db] Pre-V5 backup written to C:\\Users\\ASUS\\AppData\\Local\\Temp\\sa4e18-kmtbC3\\index.db.pre-v5.bak"}
{"level":50,"time":1787716007840,"pid":48600,"hostname":"WIN-LK2TQOOAELR","name":"database-manager","msg":"[db] Initialized at C:\\Users\\ASUS\\AppData\\Local\\Temp\\sa4e18-kmtbC3\\index.db"}
{"level":50,"time":1787716007847,"pid":48600,"hostname":"WIN-LK2TQOOAELR","name":"database-manager","msg":"[db] Connection closed"}
{"level":50,"time":1787716007852,"pid":48600,"hostname":"WIN-LK2TQOOAELR","name":"database-manager","msg":"[db] Using native binding: C:\\Users\\ASUS\\.code-intel\\native-addons\\better-sqlite3\\v12.10.0\\node-v22-win32-x64\\better_sqlite3.node"}
{"level":50,"time":1787716007862,"pid":48600,"hostname":"WIN-LK2TQOOAELR","name":"database-manager","msg":"[db] Pre-V5 backup written to C:\\Users\\ASUS\\AppData\\Local\\Temp\\sa4e18-YdoNwc\\index.db.pre-v5.bak"}
{"level":50,"time":1787716007884,"pid":48600,"hostname":"WIN-LK2TQOOAELR","name":"database-manager","msg":"[db] Initialized at C:\\Users\\ASUS\\AppData\\Local\\Temp\\sa4e18-YdoNwc\\index.db"}
{"level":50,"time":1787716007893,"pid":48600,"hostname":"WIN-LK2TQOOAELR","name":"database-manager","msg":"[db] Connection closed"}
{"level":50,"time":1787716007895,"pid":48600,"hostname":"WIN-LK2TQOOAELR","name":"database-manager","msg":"[db] Using native binding: C:\\Users\\ASUS\\.code-intel\\native-addons\\better-sqlite3\\v12.10.0\\node-v22-win32-x64\\better_sqlite3.node"}
{"level":50,"time":1787716007908,"pid":48600,"hostname":"WIN-LK2TQOOAELR","name":"database-manager","msg":"[db] Pre-V5 backup written to C:\\Users\\ASUS\\AppData\\Local\\Temp\\sa4e18-3ssiLY\\index.db.pre-v5.bak"}
{"level":50,"time":1787716007932,"pid":48600,"hostname":"WIN-LK2TQOOAELR","name":"database-manager","msg":"[db] Initialized at C:\\Users\\ASUS\\AppData\\Local\\Temp\\sa4e18-3ssiLY\\index.db"}
{"level":50,"time":1787716007945,"pid":48600,"hostname":"WIN-LK2TQOOAELR","name":"database-manager","msg":"[db] Connection closed"}
{"level":50,"time":1787716007782,"pid":48600,"hostname":"WIN-LK2TQOOAELR","name":"migrations","msg":"[migrations] v1 applied"}
{"level":50,"time":1787716007782,"pid":48600,"hostname":"WIN-LK2TQOOAELR","name":"migrations","msg":"[migrations] V2: Added 0 pattern columns"}
{"level":50,"time":1787716007782,"pid":48600,"hostname":"WIN-LK2TQOOAELR","name":"migrations","msg":"[migrations] Running graph schema migrations (SQLite sync)..."}
{"level":50,"time":1787716007785,"pid":48600,"hostname":"WIN-LK2TQOOAELR","name":"migrations","msg":"[migrations] Added 9 enhanced symbol columns"}
{"level":50,"time":1787716007785,"pid":48600,"hostname":"WIN-LK2TQOOAELR","name":"migrations","msg":"[migrations] Relationships table ready"}
{"level":50,"time":1787716007786,"pid":48600,"hostname":"WIN-LK2TQOOAELR","name":"migrations","msg":"[migrations] File index table ready"}
{"level":50,"time":1787716007786,"pid":48600,"hostname":"WIN-LK2TQOOAELR","name":"migrations","msg":"[migrations] Graph metadata table ready"}
{"level":50,"time":1787716007787,"pid":48600,"hostname":"WIN-LK2TQOOAELR","name":"migrations","msg":"[migrations] Body embeddings table ready"}
{"level":50,"time":1787716007787,"pid":48600,"hostname":"WIN-LK2TQOOAELR","name":"migrations","msg":"[migrations] Schema version set to 3 (sync)"}
{"level":50,"time":1787716007794,"pid":48600,"hostname":"WIN-LK2TQOOAELR","name":"migrations","msg":"[migrations] V4: Memory tables dropped and recreated"}
{"level":50,"time":1787716007829,"pid":48600,"hostname":"WIN-LK2TQOOAELR","name":"migrations","msg":"[migrations] Applying v1: Initial schema with FTS5"}
{"level":50,"time":1787716007830,"pid":48600,"hostname":"WIN-LK2TQOOAELR","name":"migrations","msg":"[migrations] v1 applied"}
{"level":50,"time":1787716007830,"pid":48600,"hostname":"WIN-LK2TQOOAELR","name":"migrations","msg":"[migrations] V2: Added 0 pattern columns"}
{"level":50,"time":1787716007830,"pid":48600,"hostname":"WIN-LK2TQOOAELR","name":"migrations","msg":"[migrations] Running graph schema migrations (SQLite sync)..."}
{"level":50,"time":1787716007832,"pid":48600,"hostname":"WIN-LK2TQOOAELR","name":"migrations","msg":"[migrations] Added 9 enhanced symbol columns"}
{"level":50,"time":1787716007833,"pid":48600,"hostname":"WIN-LK2TQOOAELR","name":"migrations","msg":"[migrations] Relationships table ready"}
{"level":50,"time":1787716007833,"pid":48600,"hostname":"WIN-LK2TQOOAELR","name":"migrations","msg":"[migrations] File index table ready"}
{"level":50,"time":1787716007833,"pid":48600,"hostname":"WIN-LK2TQOOAELR","name":"migrations","msg":"[migrations] Graph metadata table ready"}
{"level":50,"time":1787716007833,"pid":48600,"hostname":"WIN-LK2TQOOAELR","name":"migrations","msg":"[migrations] Body embeddings table ready"}
{"level":50,"time":1787716007833,"pid":48600,"hostname":"WIN-LK2TQOOAELR","name":"migrations","msg":"[migrations] Schema version set to 3 (sync)"}
{"level":50,"time":1787716007839,"pid":48600,"hostname":"WIN-LK2TQOOAELR","name":"migrations","msg":"[migrations] V4: Memory tables dropped and recreated"}
{"level":50,"time":1787716007869,"pid":48600,"hostname":"WIN-LK2TQOOAELR","name":"migrations","msg":"[migrations] Applying v1: Initial schema with FTS5"}
{"level":50,"time":1787716007870,"pid":48600,"hostname":"WIN-LK2TQOOAELR","name":"migrations","msg":"[migrations] v1 applied"}
{"level":50,"time":1787716007870,"pid":48600,"hostname":"WIN-LK2TQOOAELR","name":"migrations","msg":"[migrations] V2: Added 0 pattern columns"}
{"level":50,"time":1787716007870,"pid":48600,"hostname":"WIN-LK2TQOOAELR","name":"migrations","msg":"[migrations] Running graph schema migrations (SQLite sync)..."}
{"level":50,"time":1787716007873,"pid":48600,"hostname":"WIN-LK2TQOOAELR","name":"migrations","msg":"[migrations] Added 9 enhanced symbol columns"}
{"level":50,"time":1787716007874,"pid":48600,"hostname":"WIN-LK2TQOOAELR","name":"migrations","msg":"[migrations] Relationships table ready"}
{"level":50,"time":1787716007875,"pid":48600,"hostname":"WIN-LK2TQOOAELR","name":"migrations","msg":"[migrations] File index table ready"}
{"level":50,"time":1787716007875,"pid":48600,"hostname":"WIN-LK2TQOOAELR","name":"migrations","msg":"[migrations] Graph metadata table ready"}
{"level":50,"time":1787716007875,"pid":48600,"hostname":"WIN-LK2TQOOAELR","name":"migrations","msg":"[migrations] Body embeddings table ready"}
{"level":50,"time":1787716007875,"pid":48600,"hostname":"WIN-LK2TQOOAELR","name":"migrations","msg":"[migrations] Schema version set to 3 (sync)"}
{"level":50,"time":1787716007882,"pid":48600,"hostname":"WIN-LK2TQOOAELR","name":"migrations","msg":"[migrations] V4: Memory tables dropped and recreated"}
{"level":50,"time":1787716007918,"pid":48600,"hostname":"WIN-LK2TQOOAELR","name":"migrations","msg":"[migrations] Applying v1: Initial schema with FTS5"}
{"level":50,"time":1787716007918,"pid":48600,"hostname":"WIN-LK2TQOOAELR","name":"migrations","msg":"[migrations] v1 applied"}
{"level":50,"time":1787716007918,"pid":48600,"hostname":"WIN-LK2TQOOAELR","name":"migrations","msg":"[migrations] V2: Added 0 pattern columns"}
{"level":50,"time":1787716007918,"pid":48600,"hostname":"WIN-LK2TQOOAELR","name":"migrations","msg":"[migrations] Running graph schema migrations (SQLite sync)..."}
{"level":50,"time":1787716007922,"pid":48600,"hostname":"WIN-LK2TQOOAELR","name":"migrations","msg":"[migrations] Added 9 enhanced symbol columns"}
{"level":50,"time":1787716007922,"pid":48600,"hostname":"WIN-LK2TQOOAELR","name":"migrations","msg":"[migrations] Relationships table ready"}
{"level":50,"time":1787716007923,"pid":48600,"hostname":"WIN-LK2TQOOAELR","name":"migrations","msg":"[migrations] File index table ready"}
{"level":50,"time":1787716007923,"pid":48600,"hostname":"WIN-LK2TQOOAELR","name":"migrations","msg":"[migrations] Graph metadata table ready"}
{"level":50,"time":1787716007923,"pid":48600,"hostname":"WIN-LK2TQOOAELR","name":"migrations","msg":"[migrations] Body embeddings table ready"}
{"level":50,"time":1787716007923,"pid":48600,"hostname":"WIN-LK2TQOOAELR","name":"migrations","msg":"[migrations] Schema version set to 3 (sync)"}
{"level":50,"time":1787716007930,"pid":48600,"hostname":"WIN-LK2TQOOAELR","name":"migrations","msg":"[migrations] V4: Memory tables dropped and recreated"}
{"level":30,"time":1787716007840,"pid":48600,"hostname":"WIN-LK2TQOOAELR","name":"migration-v5","msg":"[migrations] V5: multi-tenant project_id applied (legacy=default)"}
{"level":30,"time":1787716007884,"pid":48600,"hostname":"WIN-LK2TQOOAELR","name":"migration-v5","msg":"[migrations] V5: multi-tenant project_id applied (legacy=default)"}
{"level":30,"time":1787716007932,"pid":48600,"hostname":"WIN-LK2TQOOAELR","name":"migration-v5","msg":"[migrations] V5: multi-tenant project_id applied (legacy=default)"}
fatal: not a git repository (or any of the parent directories): .git
fatal: not a git repository (or any of the parent directories): .git
{"level":50,"time":1787716014440,"pid":45296,"hostname":"WIN-LK2TQOOAELR","name":"database-manager","msg":"[db] Using native binding: C:\\Users\\ASUS\\.code-intel\\native-addons\\better-sqlite3\\v12.10.0\\node-v22-win32-x64\\better_sqlite3.node"}
{"level":50,"time":1787716014468,"pid":45296,"hostname":"WIN-LK2TQOOAELR","name":"migrations","msg":"[migrations] Applying v1: Initial schema with FTS5"}
{"level":30,"time":1787716014483,"pid":45296,"hostname":"WIN-LK2TQOOAELR","name":"migration-v5","msg":"[migrations] V5: multi-tenant project_id applied (legacy=default)"}
{"level":30,"time":1787716014538,"pid":45296,"hostname":"WIN-LK2TQOOAELR","name":"sync-code","service":"epoch","epochId":"epoch-sync-1787716014537","scope":"CODE_SYNC","affected":0,"msg":"Epoch triggered"}
{"level":50,"time":1787716014459,"pid":45296,"hostname":"WIN-LK2TQOOAELR","name":"database-manager","msg":"[db] Pre-V5 backup written to C:\\Users\\ASUS\\AppData\\Local\\Temp\\ksa-mem-test-LvkqNa\\index.db.pre-v5.bak"}
{"level":50,"time":1787716014483,"pid":45296,"hostname":"WIN-LK2TQOOAELR","name":"database-manager","msg":"[db] Initialized at C:\\Users\\ASUS\\AppData\\Local\\Temp\\ksa-mem-test-LvkqNa\\index.db"}
{"level":50,"time":1787716014493,"pid":45296,"hostname":"WIN-LK2TQOOAELR","name":"database-manager","msg":"[db] Connection closed"}
{"level":50,"time":1787716014498,"pid":45296,"hostname":"WIN-LK2TQOOAELR","name":"database-manager","msg":"[db] Using native binding: C:\\Users\\ASUS\\.code-intel\\native-addons\\better-sqlite3\\v12.10.0\\node-v22-win32-x64\\better_sqlite3.node"}
{"level":50,"time":1787716014510,"pid":45296,"hostname":"WIN-LK2TQOOAELR","name":"database-manager","msg":"[db] Pre-V5 backup written to C:\\Users\\ASUS\\AppData\\Local\\Temp\\ksa-mem-test-2ppkOo\\index.db.pre-v5.bak"}
{"level":50,"time":1787716014531,"pid":45296,"hostname":"WIN-LK2TQOOAELR","name":"database-manager","msg":"[db] Initialized at C:\\Users\\ASUS\\AppData\\Local\\Temp\\ksa-mem-test-2ppkOo\\index.db"}
{"level":50,"time":1787716014547,"pid":45296,"hostname":"WIN-LK2TQOOAELR","name":"database-manager","msg":"[db] Connection closed"}
{"level":50,"time":1787716014468,"pid":45296,"hostname":"WIN-LK2TQOOAELR","name":"migrations","msg":"[migrations] v1 applied"}
{"level":50,"time":1787716014468,"pid":45296,"hostname":"WIN-LK2TQOOAELR","name":"migrations","msg":"[migrations] V2: Added 0 pattern columns"}
{"level":50,"time":1787716014468,"pid":45296,"hostname":"WIN-LK2TQOOAELR","name":"migrations","msg":"[migrations] Running graph schema migrations (SQLite sync)..."}
{"level":50,"time":1787716014472,"pid":45296,"hostname":"WIN-LK2TQOOAELR","name":"migrations","msg":"[migrations] Added 9 enhanced symbol columns"}
{"level":50,"time":1787716014473,"pid":45296,"hostname":"WIN-LK2TQOOAELR","name":"migrations","msg":"[migrations] Relationships table ready"}
{"level":50,"time":1787716014473,"pid":45296,"hostname":"WIN-LK2TQOOAELR","name":"migrations","msg":"[migrations] File index table ready"}
{"level":50,"time":1787716014474,"pid":45296,"hostname":"WIN-LK2TQOOAELR","name":"migrations","msg":"[migrations] Graph metadata table ready"}
{"level":50,"time":1787716014474,"pid":45296,"hostname":"WIN-LK2TQOOAELR","name":"migrations","msg":"[migrations] Body embeddings table ready"}
{"level":50,"time":1787716014474,"pid":45296,"hostname":"WIN-LK2TQOOAELR","name":"migrations","msg":"[migrations] Schema version set to 3 (sync)"}
{"level":50,"time":1787716014481,"pid":45296,"hostname":"WIN-LK2TQOOAELR","name":"migrations","msg":"[migrations] V4: Memory tables dropped and recreated"}
{"level":50,"time":1787716014518,"pid":45296,"hostname":"WIN-LK2TQOOAELR","name":"migrations","msg":"[migrations] Applying v1: Initial schema with FTS5"}
{"level":50,"time":1787716014518,"pid":45296,"hostname":"WIN-LK2TQOOAELR","name":"migrations","msg":"[migrations] v1 applied"}
{"level":50,"time":1787716014518,"pid":45296,"hostname":"WIN-LK2TQOOAELR","name":"migrations","msg":"[migrations] V2: Added 0 pattern columns"}
{"level":50,"time":1787716014518,"pid":45296,"hostname":"WIN-LK2TQOOAELR","name":"migrations","msg":"[migrations] Running graph schema migrations (SQLite sync)..."}
{"level":50,"time":1787716014521,"pid":45296,"hostname":"WIN-LK2TQOOAELR","name":"migrations","msg":"[migrations] Added 9 enhanced symbol columns"}
{"level":50,"time":1787716014522,"pid":45296,"hostname":"WIN-LK2TQOOAELR","name":"migrations","msg":"[migrations] Relationships table ready"}
{"level":50,"time":1787716014522,"pid":45296,"hostname":"WIN-LK2TQOOAELR","name":"migrations","msg":"[migrations] File index table ready"}
{"level":50,"time":1787716014522,"pid":45296,"hostname":"WIN-LK2TQOOAELR","name":"migrations","msg":"[migrations] Graph metadata table ready"}
{"level":50,"time":1787716014522,"pid":45296,"hostname":"WIN-LK2TQOOAELR","name":"migrations","msg":"[migrations] Body embeddings table ready"}
{"level":50,"time":1787716014522,"pid":45296,"hostname":"WIN-LK2TQOOAELR","name":"migrations","msg":"[migrations] Schema version set to 3 (sync)"}
{"level":50,"time":1787716014530,"pid":45296,"hostname":"WIN-LK2TQOOAELR","name":"migrations","msg":"[migrations] V4: Memory tables dropped and recreated"}
{"level":30,"time":1787716014531,"pid":45296,"hostname":"WIN-LK2TQOOAELR","name":"migration-v5","msg":"[migrations] V5: multi-tenant project_id applied (legacy=default)"}
{"level":40,"time":1787716017024,"pid":39616,"hostname":"WIN-LK2TQOOAELR","name":"pega-symbol-sync","pxObjClass":"Data-Admin-Operator-ID","pyClassName":"","pyRuleName":"","msg":"Missing required Pega fields"}
{"level":50,"time":1787716017541,"pid":41156,"hostname":"WIN-LK2TQOOAELR","name":"database-manager","msg":"[db] Using native binding: C:\\Users\\ASUS\\.code-intel\\native-addons\\better-sqlite3\\v12.10.0\\node-v22-win32-x64\\better_sqlite3.node"}
{"level":50,"time":1787716017580,"pid":41156,"hostname":"WIN-LK2TQOOAELR","name":"migrations","msg":"[migrations] Applying v1: Initial schema with FTS5"}
{"level":30,"time":1787716017603,"pid":41156,"hostname":"WIN-LK2TQOOAELR","name":"migration-v5","msg":"[migrations] V5: multi-tenant project_id applied (legacy=default)"}
{"level":50,"time":1787716017569,"pid":41156,"hostname":"WIN-LK2TQOOAELR","name":"database-manager","msg":"[db] Pre-V5 backup written to C:\\Users\\ASUS\\AppData\\Local\\Temp\\sa4e18-jkGbcl\\index.db.pre-v5.bak"}
{"level":50,"time":1787716017603,"pid":41156,"hostname":"WIN-LK2TQOOAELR","name":"database-manager","msg":"[db] Initialized at C:\\Users\\ASUS\\AppData\\Local\\Temp\\sa4e18-jkGbcl\\index.db"}
{"level":50,"time":1787716017633,"pid":41156,"hostname":"WIN-LK2TQOOAELR","name":"database-manager","msg":"[db] Connection closed"}
{"level":50,"time":1787716017580,"pid":41156,"hostname":"WIN-LK2TQOOAELR","name":"migrations","msg":"[migrations] v1 applied"}
{"level":50,"time":1787716017581,"pid":41156,"hostname":"WIN-LK2TQOOAELR","name":"migrations","msg":"[migrations] V2: Added 0 pattern columns"}
{"level":50,"time":1787716017581,"pid":41156,"hostname":"WIN-LK2TQOOAELR","name":"migrations","msg":"[migrations] Running graph schema migrations (SQLite sync)..."}
{"level":50,"time":1787716017587,"pid":41156,"hostname":"WIN-LK2TQOOAELR","name":"migrations","msg":"[migrations] Added 9 enhanced symbol columns"}
{"level":50,"time":1787716017588,"pid":41156,"hostname":"WIN-LK2TQOOAELR","name":"migrations","msg":"[migrations] Relationships table ready"}
{"level":50,"time":1787716017588,"pid":41156,"hostname":"WIN-LK2TQOOAELR","name":"migrations","msg":"[migrations] File index table ready"}
{"level":50,"time":1787716017589,"pid":41156,"hostname":"WIN-LK2TQOOAELR","name":"migrations","msg":"[migrations] Graph metadata table ready"}
{"level":50,"time":1787716017590,"pid":41156,"hostname":"WIN-LK2TQOOAELR","name":"migrations","msg":"[migrations] Body embeddings table ready"}
{"level":50,"time":1787716017590,"pid":41156,"hostname":"WIN-LK2TQOOAELR","name":"migrations","msg":"[migrations] Schema version set to 3 (sync)"}
{"level":50,"time":1787716017600,"pid":41156,"hostname":"WIN-LK2TQOOAELR","name":"migrations","msg":"[migrations] V4: Memory tables dropped and recreated"}
{"level":50,"time":1787716019522,"pid":34012,"hostname":"WIN-LK2TQOOAELR","name":"migration-service","err":{"type":"Error","message":"Mismatch app_data: 2 vs 0","stack":"Error: Mismatch app_data: 2 vs 0\n    at MigrationService.migrate (C:/projects/kiro/SDLC-Agents-4-Enterprise/backend/src/database/migration/MigrationService.ts:106:17)\n    at processTicksAndRejections (node:internal/process/task_queues:105:5)\n    at C:/projects/kiro/SDLC-Agents-4-Enterprise/backend/src/database/migration/__tests__/MigrationService.test.ts:116:20\n    at file:///C:/projects/kiro/SDLC-Agents-4-Enterprise/node_modules/@vitest/runner/dist/chunk-artifact.js:1903:20"},"stack":"Error: Mismatch app_data: 2 vs 0\n    at MigrationService.migrate (C:/projects/kiro/SDLC-Agents-4-Enterprise/backend/src/database/migration/MigrationService.ts:106:17)\n    at processTicksAndRejections (node:internal/process/task_queues:105:5)\n    at C:/projects/kiro/SDLC-Agents-4-Enterprise/backend/src/database/migration/__tests__/MigrationService.test.ts:116:20\n    at file:///C:/projects/kiro/SDLC-Agents-4-Enterprise/node_modules/@vitest/runner/dist/chunk-artifact.js:1903:20","msg":"[migration] Failed: Mismatch app_data: 2 vs 0"}
{"level":50,"time":1787716019531,"pid":34012,"hostname":"WIN-LK2TQOOAELR","name":"migration-service","err":{"type":"CancelledError","message":"Cancelled","stack":"Error: Cancelled\n    at MigrationService.migrate (C:/projects/kiro/SDLC-Agents-4-Enterprise/backend/src/database/migration/MigrationService.ts:93:35)\n    at processTicksAndRejections (node:internal/process/task_queues:105:5)\n    at C:/projects/kiro/SDLC-Agents-4-Enterprise/backend/src/database/migration/__tests__/MigrationService.test.ts:125:20\n    at file:///C:/projects/kiro/SDLC-Agents-4-Enterprise/node_modules/@vitest/runner/dist/chunk-artifact.js:1903:20"},"stack":"Error: Cancelled\n    at MigrationService.migrate (C:/projects/kiro/SDLC-Agents-4-Enterprise/backend/src/database/migration/MigrationService.ts:93:35)\n    at processTicksAndRejections (node:internal/process/task_queues:105:5)\n    at C:/projects/kiro/SDLC-Agents-4-Enterprise/backend/src/database/migration/__tests__/MigrationService.test.ts:125:20\n    at file:///C:/projects/kiro/SDLC-Agents-4-Enterprise/node_modules/@vitest/runner/dist/chunk-artifact.js:1903:20","msg":"[migration] Failed: Cancelled"}
{"level":30,"time":1787716020194,"pid":49540,"hostname":"WIN-LK2TQOOAELR","name":"resolve-engine-adapter","msg":"[engine-adapter] Active engine: sqlite — using SqliteAdapter"}
{"level":40,"time":1787716020212,"pid":49540,"hostname":"WIN-LK2TQOOAELR","name":"resolve-engine-adapter","err":{"type":"SyntaxError","message":"Expected property name or '}' in JSON at position 1 (line 1 column 2)","stack":"SyntaxError: Expected property name or '}' in JSON at position 1 (line 1 column 2)\n    at JSON.parse (<anonymous>)\n    at DatabaseConfigService.load (C:/projects/kiro/SDLC-Agents-4-Enterprise/backend/src/database/config/DatabaseConfigService.ts:45:25)\n    at DatabaseConfigService.getActiveConfig (C:/projects/kiro/SDLC-Agents-4-Enterprise/backend/src/database/config/DatabaseConfigService.ts:67:25)\n    at Module.resolveEngineAdapter (C:/projects/kiro/SDLC-Agents-4-Enterprise/backend/src/database/factory/resolveEngineAdapter.ts:28:40)\n    at C:/projects/kiro/SDLC-Agents-4-Enterprise/backend/src/database/factory/__tests__/resolveEngineAdapter.test.ts:62:27\n    at file:///C:/projects/kiro/SDLC-Agents-4-Enterprise/node_modules/@vitest/runner/dist/chunk-artifact.js:302:11\n    at file:///C:/projects/kiro/SDLC-Agents-4-Enterprise/node_modules/@vitest/runner/dist/chunk-artifact.js:1903:26\n    at file:///C:/projects/kiro/SDLC-Agents-4-Enterprise/node_modules/@vitest/runner/dist/chunk-artifact.js:2326:20\n    at new Promise (<anonymous>)\n    at runWithCancel (file:///C:/projects/kiro/SDLC-Agents-4-Enterprise/node_modules/@vitest/runner/dist/chunk-artifact.js:2323:10)"},"msg":"[engine-adapter] Failed to connect target DB — falling back to SQLite"}
{"level":30,"time":1787716020229,"pid":49540,"hostname":"WIN-LK2TQOOAELR","name":"resolve-engine-adapter","msg":"[engine-adapter] Active engine: postgresql — creating adapter"}
{"level":30,"time":1787716020229,"pid":49540,"hostname":"WIN-LK2TQOOAELR","name":"resolve-engine-adapter","msg":"[engine-adapter] postgresql connected successfully"}
{"level":30,"time":1787716020234,"pid":49540,"hostname":"WIN-LK2TQOOAELR","name":"resolve-engine-adapter","msg":"[engine-adapter] Active engine: postgresql — creating adapter"}
{"level":40,"time":1787716020234,"pid":49540,"hostname":"WIN-LK2TQOOAELR","name":"resolve-engine-adapter","err":{"type":"Error","message":"connection refused","stack":"Error: connection refused\n    at C:/projects/kiro/SDLC-Agents-4-Enterprise/backend/src/database/factory/__tests__/resolveEngineAdapter.test.ts:84:42\n    at file:///C:/projects/kiro/SDLC-Agents-4-Enterprise/node_modules/@vitest/runner/dist/chunk-artifact.js:302:11\n    at file:///C:/projects/kiro/SDLC-Agents-4-Enterprise/node_modules/@vitest/runner/dist/chunk-artifact.js:1903:26\n    at file:///C:/projects/kiro/SDLC-Agents-4-Enterprise/node_modules/@vitest/runner/dist/chunk-artifact.js:2326:20\n    at new Promise (<anonymous>)\n    at runWithCancel (file:///C:/projects/kiro/SDLC-Agents-4-Enterprise/node_modules/@vitest/runner/dist/chunk-artifact.js:2323:10)\n    at file:///C:/projects/kiro/SDLC-Agents-4-Enterprise/node_modules/@vitest/runner/dist/chunk-artifact.js:2305:20\n    at new Promise (<anonymous>)\n    at runWithTimeout (file:///C:/projects/kiro/SDLC-Agents-4-Enterprise/node_modules/@vitest/runner/dist/chunk-artifact.js:2272:10)\n    at file:///C:/projects/kiro/SDLC-Agents-4-Enterprise/node_modules/@vitest/runner/dist/chunk-artifact.js:2955:64"},"msg":"[engine-adapter] Failed to connect target DB — falling back to SQLite"}
fatal: not a git repository (or any of the parent directories): .git
fatal: not a git repository (or any of the parent directories): .git
{"level":50,"time":1787716022876,"pid":37128,"hostname":"WIN-LK2TQOOAELR","name":"database-manager","msg":"[db] Using native binding: C:\\Users\\ASUS\\.code-intel\\native-addons\\better-sqlite3\\v12.10.0\\node-v22-win32-x64\\better_sqlite3.node"}
{"level":50,"time":1787716022900,"pid":37128,"hostname":"WIN-LK2TQOOAELR","name":"migrations","msg":"[migrations] Applying v1: Initial schema with FTS5"}
{"level":30,"time":1787716022916,"pid":37128,"hostname":"WIN-LK2TQOOAELR","name":"migration-v5","msg":"[migrations] V5: multi-tenant project_id applied (legacy=default)"}
{"level":50,"time":1787716022892,"pid":37128,"hostname":"WIN-LK2TQOOAELR","name":"database-manager","msg":"[db] Pre-V5 backup written to C:\\Users\\ASUS\\AppData\\Local\\Temp\\sa4e18-9h7aPZ\\index.db.pre-v5.bak"}
{"level":50,"time":1787716022916,"pid":37128,"hostname":"WIN-LK2TQOOAELR","name":"database-manager","msg":"[db] Initialized at C:\\Users\\ASUS\\AppData\\Local\\Temp\\sa4e18-9h7aPZ\\index.db"}
{"level":50,"time":1787716022926,"pid":37128,"hostname":"WIN-LK2TQOOAELR","name":"database-manager","msg":"[db] Connection closed"}
{"level":50,"time":1787716022901,"pid":37128,"hostname":"WIN-LK2TQOOAELR","name":"migrations","msg":"[migrations] v1 applied"}
{"level":50,"time":1787716022901,"pid":37128,"hostname":"WIN-LK2TQOOAELR","name":"migrations","msg":"[migrations] V2: Added 0 pattern columns"}
{"level":50,"time":1787716022901,"pid":37128,"hostname":"WIN-LK2TQOOAELR","name":"migrations","msg":"[migrations] Running graph schema migrations (SQLite sync)..."}
{"level":50,"time":1787716022905,"pid":37128,"hostname":"WIN-LK2TQOOAELR","name":"migrations","msg":"[migrations] Added 9 enhanced symbol columns"}
{"level":50,"time":1787716022905,"pid":37128,"hostname":"WIN-LK2TQOOAELR","name":"migrations","msg":"[migrations] Relationships table ready"}
{"level":50,"time":1787716022906,"pid":37128,"hostname":"WIN-LK2TQOOAELR","name":"migrations","msg":"[migrations] File index table ready"}
{"level":50,"time":1787716022906,"pid":37128,"hostname":"WIN-LK2TQOOAELR","name":"migrations","msg":"[migrations] Graph metadata table ready"}
{"level":50,"time":1787716022906,"pid":37128,"hostname":"WIN-LK2TQOOAELR","name":"migrations","msg":"[migrations] Body embeddings table ready"}
{"level":50,"time":1787716022906,"pid":37128,"hostname":"WIN-LK2TQOOAELR","name":"migrations","msg":"[migrations] Schema version set to 3 (sync)"}
{"level":50,"time":1787716022914,"pid":37128,"hostname":"WIN-LK2TQOOAELR","name":"migrations","msg":"[migrations] V4: Memory tables dropped and recreated"}
fatal: not a git repository (or any of the parent directories): .git
{"level":30,"time":1787716027757,"pid":9376,"hostname":"WIN-LK2TQOOAELR","name":"migration-v5","msg":"[migrations] V5: multi-tenant project_id applied (legacy=legacy12345x)"}
{"level":30,"time":1787716027762,"pid":9376,"hostname":"WIN-LK2TQOOAELR","name":"migration-v5","msg":"[migrations] V5: multi-tenant project_id applied (legacy=legacy12345x)"}
{"level":30,"time":1787716027766,"pid":9376,"hostname":"WIN-LK2TQOOAELR","name":"migration-v5","msg":"[migrations] V5: multi-tenant project_id applied (legacy=legacy12345x)"}
{"level":30,"time":1787716027769,"pid":9376,"hostname":"WIN-LK2TQOOAELR","name":"migration-v5","msg":"[migrations] V5: multi-tenant project_id applied (legacy=legacy12345x)"}
{"level":30,"time":1787716027770,"pid":9376,"hostname":"WIN-LK2TQOOAELR","name":"migration-v5","msg":"[migrations] V5: multi-tenant project_id applied (legacy=legacy12345x)"}
{"level":30,"time":1787716027773,"pid":9376,"hostname":"WIN-LK2TQOOAELR","name":"migration-v5","msg":"[migrations] V5: multi-tenant project_id applied (legacy=legacy12345x)"}
fatal: not a git repository (or any of the parent directories): .git
{"level":40,"time":1787716029672,"pid":41520,"hostname":"WIN-LK2TQOOAELR","name":"pega-symbol-sync","pxObjClass":"","pyClassName":"Work","pyRuleName":"Test","msg":"Missing required Pega fields"}
{"level":40,"time":1787716029673,"pid":41520,"hostname":"WIN-LK2TQOOAELR","name":"pega-symbol-sync","pxObjClass":"Rule-Obj-Activity","pyClassName":"","pyRuleName":"Test","msg":"Missing required Pega fields"}
{"level":40,"time":1787716029673,"pid":41520,"hostname":"WIN-LK2TQOOAELR","name":"pega-symbol-sync","pxObjClass":"Rule-Obj-Activity","pyClassName":"Work","pyRuleName":"","msg":"Missing required Pega fields"}
{"level":40,"time":1787716029683,"pid":41520,"hostname":"WIN-LK2TQOOAELR","name":"pega-symbol-sync","fqn":"Rule-Obj-Activity:Work:BigRule:-:-","size":6291544,"msg":"Rule exceeds 5MB limit — skipped"}
